Oct  8 08:29:42 amitubuntu1804-test rsyslogd: [origin software="rsyslogd" swVersion="8.16.0" x-pid="1643" x-info="http://www.rsyslog.com"] start
Oct  8 08:29:42 amitubuntu1804-test loadkeys[532]: Loading /etc/console-setup/cached.kmap.gz
Oct  8 08:29:42 amitubuntu1804-test kernel: [    0.000000] Linux version 4.15.0-1098-gcp (buildd@lcy01-amd64-018) (gcc version 5.4.0 20160609 (Ubuntu 5.4.0-6ubuntu1~16.04.12)) #111~16.04.1-Ubuntu SMP Tue Apr 13 19:05:08 UTC 2021 (Ubuntu 4.15.0-1098.111~16.04.1-gcp 4.15.18)
Oct  8 08:29:42 amitubuntu1804-test kernel: [    0.000000] Command line: BOOT_IMAGE=/boot/vmlinuz-4.15.0-1098-gcp root=LABEL=cloudimg-rootfs ro scsi_mod.use_blk_mq=Y console=ttyS0
Oct  8 08:29:42 amitubuntu1804-test kernel: [    0.000000] KERNEL supported cpus:
Oct  8 08:29:42 amitubuntu1804-test kernel: [    0.000000]   Intel GenuineIntel
Oct  8 08:29:42 amitubuntu1804-test kernel: [    0.000000]   AMD AuthenticAMD
Oct  8 08:29:42 amitubuntu1804-test systemd-modules-load[545]: Inserted module 'iscsi_tcp'
Oct  8 08:29:42 amitubuntu1804-test kernel: [    0.000000]   Centaur CentaurHauls
Oct  8 08:29:42 amitubuntu1804-test kernel: [    0.000000] x86/fpu: Supporting XSAVE feature 0x001: 'x87 floating point registers'
Oct  8 08:29:42 amitubuntu1804-test kernel: [    0.000000] x86/fpu: Supporting XSAVE feature 0x002: 'SSE registers'
Oct  8 08:29:42 amitubuntu1804-test kernel: [    0.000000] x86/fpu: Supporting XSAVE feature 0x004: 'AVX registers'
Oct  8 08:29:42 amitubuntu1804-test kernel: [    0.000000] x86/fpu: xstate_offset[2]:  576, xstate_sizes[2]:  256
Oct  8 08:29:42 amitubuntu1804-test systemd-modules-load[545]: Inserted module 'ib_iser'
Oct  8 08:29:42 amitubuntu1804-test kernel: [    0.000000] x86/fpu: Enabled xstate features 0x7, context size is 832 bytes, using 'standard' format.
Oct  8 08:29:42 amitubuntu1804-test kernel: [    0.000000] e820: BIOS-provided physical RAM map:
Oct  8 08:29:42 amitubuntu1804-test kernel: [    0.000000] BIOS-e820: [mem 0x0000000000000000-0x0000000000000fff] reserved
Oct  8 08:29:42 amitubuntu1804-test kernel: [    0.000000] BIOS-e820: [mem 0x0000000000001000-0x0000000000054fff] usable
Oct  8 08:29:42 amitubuntu1804-test kernel: [    0.000000] BIOS-e820: [mem 0x0000000000055000-0x000000000005ffff] reserved
Oct  8 08:29:42 amitubuntu1804-test kernel: [    0.000000] BIOS-e820: [mem 0x0000000000060000-0x0000000000097fff] usable
Oct  8 08:29:42 amitubuntu1804-test systemd[1]: Started Create list of required static device nodes for the current kernel.
Oct  8 08:29:42 amitubuntu1804-test kernel: [    0.000000] BIOS-e820: [mem 0x0000000000098000-0x000000000009ffff] reserved
Oct  8 08:29:42 amitubuntu1804-test systemd[1]: Started Set console keymap.
Oct  8 08:29:42 amitubuntu1804-test kernel: [    0.000000] BIOS-e820: [mem 0x0000000000100000-0x00000000be8eefff] usable
Oct  8 08:29:42 amitubuntu1804-test kernel: [    0.000000] BIOS-e820: [mem 0x00000000be8ef000-0x00000000beb6efff] reserved
Oct  8 08:29:42 amitubuntu1804-test kernel: [    0.000000] BIOS-e820: [mem 0x00000000beb6f000-0x00000000beb7efff] ACPI data
Oct  8 08:29:42 amitubuntu1804-test kernel: [    0.000000] BIOS-e820: [mem 0x00000000beb7f000-0x00000000bebfefff] ACPI NVS
Oct  8 08:29:42 amitubuntu1804-test kernel: [    0.000000] BIOS-e820: [mem 0x00000000bebff000-0x00000000bffdffff] usable
Oct  8 08:29:42 amitubuntu1804-test systemd[1]: Started Load Kernel Modules.
Oct  8 08:29:42 amitubuntu1804-test kernel: [    0.000000] BIOS-e820: [mem 0x00000000bffe0000-0x00000000bfffffff] reserved
Oct  8 08:29:42 amitubuntu1804-test kernel: [    0.000000] BIOS-e820: [mem 0x0000000100000000-0x000000103fffffff] usable
Oct  8 08:29:42 amitubuntu1804-test kernel: [    0.000000] NX (Execute Disable) protection: active
Oct  8 08:29:42 amitubuntu1804-test systemd[1]: Started Uncomplicated firewall.
Oct  8 08:29:42 amitubuntu1804-test rsyslogd-2222: command 'KLogPermitNonKernelFacility' is currently not permitted - did you already set it via a RainerScript command (v6+ config)? [v8.16.0 try http://www.rsyslog.com/e/2222 ]
Oct  8 08:29:42 amitubuntu1804-test systemd[1]: Started Remount Root and Kernel File Systems.
Oct  8 08:29:42 amitubuntu1804-test rsyslogd: rsyslogd's groupid changed to 108
Oct  8 08:29:42 amitubuntu1804-test kernel: [    0.000000] efi: EFI v2.70 by EDK II
Oct  8 08:29:42 amitubuntu1804-test systemd[1]: Started Nameserver information manager.
Oct  8 08:29:42 amitubuntu1804-test rsyslogd: rsyslogd's userid changed to 104
Oct  8 08:29:42 amitubuntu1804-test kernel: [    0.000000] efi:  ACPI=0xbeb7e000  ACPI 2.0=0xbeb7e014  SMBIOS=0xbe9cd000  MEMATTR=0xbd5d4018 
Oct  8 08:29:42 amitubuntu1804-test kernel: [    0.000000] secureboot: Secure boot disabled
Oct  8 08:29:42 amitubuntu1804-test systemd[1]: Started LVM2 metadata daemon.
Oct  8 08:29:42 amitubuntu1804-test kernel: [    0.000000] SMBIOS 2.4 present.
Oct  8 08:29:42 amitubuntu1804-test kernel: [    0.000000] DMI: Google Google Compute Engine/Google Compute Engine, BIOS Google 01/01/2011
Oct  8 08:29:42 amitubuntu1804-test kernel: [    0.000000] Hypervisor detected: KVM
Oct  8 08:29:42 amitubuntu1804-test kernel: [    0.000000] e820: update [mem 0x00000000-0x00000fff] usable ==> reserved
Oct  8 08:29:42 amitubuntu1804-test kernel: [    0.000000] e820: remove [mem 0x000a0000-0x000fffff] usable
Oct  8 08:29:42 amitubuntu1804-test systemd[1]: Starting Load/Save Random Seed...
Oct  8 08:29:42 amitubuntu1804-test kernel: [    0.000000] e820: last_pfn = 0x1040000 max_arch_pfn = 0x400000000
Oct  8 08:29:42 amitubuntu1804-test rsyslogd-2039: Could not open output pipe '/dev/xconsole':: No such file or directory [v8.16.0 try http://www.rsyslog.com/e/2039 ]
Oct  8 08:29:42 amitubuntu1804-test kernel: [    0.000000] MTRR default type: write-back
Oct  8 08:29:42 amitubuntu1804-test kernel: [    0.000000] MTRR fixed ranges enabled:
Oct  8 08:29:42 amitubuntu1804-test kernel: [    0.000000]   00000-9FFFF write-back
Oct  8 08:29:42 amitubuntu1804-test kernel: [    0.000000]   A0000-FFFFF uncachable
Oct  8 08:29:42 amitubuntu1804-test systemd[1]: Starting udev Coldplug all Devices...
Oct  8 08:29:42 amitubuntu1804-test kernel: [    0.000000] MTRR variable ranges enabled:
Oct  8 08:29:42 amitubuntu1804-test kernel: [    0.000000]   0 base 0000C0000000 mask 3FFFC0000000 uncachable
Oct  8 08:29:42 amitubuntu1804-test systemd[1]: Starting Apply Kernel Variables...
Oct  8 08:29:42 amitubuntu1804-test systemd[1]: Mounting Configuration File System...
Oct  8 08:29:42 amitubuntu1804-test kernel: [    0.000000]   1 disabled
Oct  8 08:29:42 amitubuntu1804-test kernel: [    0.000000]   2 disabled
Oct  8 08:29:42 amitubuntu1804-test kernel: [    0.000000]   3 disabled
Oct  8 08:29:42 amitubuntu1804-test kernel: [    0.000000]   4 disabled
Oct  8 08:29:42 amitubuntu1804-test kernel: [    0.000000]   5 disabled
Oct  8 08:29:42 amitubuntu1804-test kernel: [    0.000000]   6 disabled
Oct  8 08:29:42 amitubuntu1804-test kernel: [    0.000000]   7 disabled
Oct  8 08:29:42 amitubuntu1804-test kernel: [    0.000000] x86/PAT: Configuration [0-7]: WB  WC  UC- UC  WB  WP  UC- WT  
Oct  8 08:29:42 amitubuntu1804-test kernel: [    0.000000] e820: last_pfn = 0xbffe0 max_arch_pfn = 0x400000000
Oct  8 08:29:42 amitubuntu1804-test rsyslogd-2007: action 'action 11' suspended, next retry is Fri Oct  8 08:30:12 2021 [v8.16.0 try http://www.rsyslog.com/e/2007 ]
Oct  8 08:29:42 amitubuntu1804-test systemd[1]: Mounting FUSE Control File System...
Oct  8 08:29:42 amitubuntu1804-test kernel: [    0.000000] Scanning 1 areas for low memory corruption
Oct  8 08:29:42 amitubuntu1804-test systemd[1]: Starting Create Static Device Nodes in /dev...
Oct  8 08:29:42 amitubuntu1804-test kernel: [    0.000000] Using GB pages for direct mapping
Oct  8 08:29:42 amitubuntu1804-test kernel: [    0.000000] RAMDISK: [mem 0x3d181000-0x3e1adfff]
Oct  8 08:29:42 amitubuntu1804-test systemd[1]: Starting Flush Journal to Persistent Storage...
Oct  8 08:29:42 amitubuntu1804-test kernel: [    0.000000] ACPI: Early table checksum verification disabled
Oct  8 08:29:42 amitubuntu1804-test kernel: [    0.000000] ACPI: RSDP 0x00000000BEB7E014 000024 (v02 Google)
Oct  8 08:29:42 amitubuntu1804-test systemd[1]: Mounted FUSE Control File System.
Oct  8 08:29:42 amitubuntu1804-test kernel: [    0.000000] ACPI: XSDT 0x00000000BEB7D0E8 00005C (v01 Google GOOGFACP 00000001      01000013)
Oct  8 08:29:42 amitubuntu1804-test kernel: [    0.000000] ACPI: FACP 0x00000000BEB78000 0000F4 (v02 Google GOOGFACP 00000001 GOOG 00000001)
Oct  8 08:29:42 amitubuntu1804-test kernel: [    0.000000] ACPI: DSDT 0x00000000BEB79000 0018BA (v01 Google GOOGDSDT 00000001 GOOG 00000001)
Oct  8 08:29:42 amitubuntu1804-test systemd[1]: Mounted Configuration File System.
Oct  8 08:29:42 amitubuntu1804-test kernel: [    0.000000] ACPI: FACS 0x00000000BEBF2000 000040
Oct  8 08:29:42 amitubuntu1804-test kernel: [    0.000000] ACPI: SSDT 0x00000000BEB7C000 000316 (v02 GOOGLE Tpm2Tabl 00001000 INTL 20160527)
Oct  8 08:29:42 amitubuntu1804-test kernel: [    0.000000] ACPI: TPM2 0x00000000BEB7B000 000034 (v04 GOOGLE          00000001 GOOG 00000001)
Oct  8 08:29:42 amitubuntu1804-test systemd[1]: Started Load/Save Random Seed.
Oct  8 08:29:42 amitubuntu1804-test kernel: [    0.000000] ACPI: SRAT 0x00000000BEB77000 0001A8 (v03 Google GOOGSRAT 00000001 GOOG 00000001)
Oct  8 08:29:42 amitubuntu1804-test kernel: [    0.000000] ACPI: APIC 0x00000000BEB76000 0000E6 (v05 Google GOOGAPIC 00000001 GOOG 00000001)
Oct  8 08:29:42 amitubuntu1804-test kernel: [    0.000000] ACPI: SSDT 0x00000000BEB75000 000ECE (v01 Google GOOGSSDT 00000001 GOOG 00000001)
Oct  8 08:29:42 amitubuntu1804-test systemd[1]: Started Apply Kernel Variables.
Oct  8 08:29:42 amitubuntu1804-test kernel: [    0.000000] ACPI: WAET 0x00000000BEB74000 000028 (v01 Google GOOGWAET 00000001 GOOG 00000001)
Oct  8 08:29:42 amitubuntu1804-test kernel: [    0.000000] ACPI: Local APIC address 0xfee00000
Oct  8 08:29:42 amitubuntu1804-test kernel: [    0.000000] SRAT: PXM 0 -> APIC 0x00 -> Node 0
Oct  8 08:29:42 amitubuntu1804-test kernel: [    0.000000] SRAT: PXM 0 -> APIC 0x01 -> Node 0
Oct  8 08:29:42 amitubuntu1804-test kernel: [    0.000000] SRAT: PXM 0 -> APIC 0x02 -> Node 0
Oct  8 08:29:42 amitubuntu1804-test kernel: [    0.000000] SRAT: PXM 0 -> APIC 0x03 -> Node 0
Oct  8 08:29:42 amitubuntu1804-test kernel: [    0.000000] SRAT: PXM 0 -> APIC 0x04 -> Node 0
Oct  8 08:29:42 amitubuntu1804-test systemd[1]: Started Create Static Device Nodes in /dev.
Oct  8 08:29:42 amitubuntu1804-test kernel: [    0.000000] SRAT: PXM 0 -> APIC 0x05 -> Node 0
Oct  8 08:29:42 amitubuntu1804-test kernel: [    0.000000] SRAT: PXM 0 -> APIC 0x06 -> Node 0
Oct  8 08:29:42 amitubuntu1804-test kernel: [    0.000000] SRAT: PXM 0 -> APIC 0x07 -> Node 0
Oct  8 08:29:42 amitubuntu1804-test kernel: [    0.000000] SRAT: PXM 0 -> APIC 0x08 -> Node 0
Oct  8 08:29:42 amitubuntu1804-test systemd[1]: Starting udev Kernel Device Manager...
Oct  8 08:29:42 amitubuntu1804-test kernel: [    0.000000] SRAT: PXM 0 -> APIC 0x09 -> Node 0
Oct  8 08:29:42 amitubuntu1804-test kernel: [    0.000000] SRAT: PXM 0 -> APIC 0x0a -> Node 0
Oct  8 08:29:42 amitubuntu1804-test kernel: [    0.000000] SRAT: PXM 0 -> APIC 0x0b -> Node 0
Oct  8 08:29:42 amitubuntu1804-test kernel: [    0.000000] SRAT: PXM 0 -> APIC 0x0c -> Node 0
Oct  8 08:29:42 amitubuntu1804-test kernel: [    0.000000] SRAT: PXM 0 -> APIC 0x0d -> Node 0
Oct  8 08:29:42 amitubuntu1804-test kernel: [    0.000000] SRAT: PXM 0 -> APIC 0x0e -> Node 0
Oct  8 08:29:42 amitubuntu1804-test systemd[1]: Started udev Coldplug all Devices.
Oct  8 08:29:42 amitubuntu1804-test kernel: [    0.000000] SRAT: PXM 0 -> APIC 0x0f -> Node 0
Oct  8 08:29:42 amitubuntu1804-test kernel: [    0.000000] ACPI: SRAT: Node 0 PXM 0 [mem 0x00000000-0x0009ffff]
Oct  8 08:29:42 amitubuntu1804-test kernel: [    0.000000] ACPI: SRAT: Node 0 PXM 0 [mem 0x00100000-0xbfffffff]
Oct  8 08:29:42 amitubuntu1804-test kernel: [    0.000000] ACPI: SRAT: Node 0 PXM 0 [mem 0x100000000-0x103fffffff]
Oct  8 08:29:42 amitubuntu1804-test systemd[1]: Started Flush Journal to Persistent Storage.
Oct  8 08:29:42 amitubuntu1804-test kernel: [    0.000000] NUMA: Node 0 [mem 0x00000000-0x0009ffff] + [mem 0x00100000-0xbfffffff] -> [mem 0x00000000-0xbfffffff]
Oct  8 08:29:42 amitubuntu1804-test kernel: [    0.000000] NUMA: Node 0 [mem 0x00000000-0xbfffffff] + [mem 0x100000000-0x103fffffff] -> [mem 0x00000000-0x103fffffff]
Oct  8 08:29:42 amitubuntu1804-test systemd[1]: Started udev Kernel Device Manager.
Oct  8 08:29:42 amitubuntu1804-test kernel: [    0.000000] NODE_DATA(0) allocated [mem 0x103ffd5000-0x103fffffff]
Oct  8 08:29:42 amitubuntu1804-test kernel: [    0.000000] kvm-clock: cpu 0, msr 10:3ff54001, primary cpu clock
Oct  8 08:29:42 amitubuntu1804-test kernel: [    0.000000] kvm-clock: Using msrs 4b564d01 and 4b564d00
Oct  8 08:29:42 amitubuntu1804-test kernel: [    0.000000] kvm-clock: using sched offset of 10682525361 cycles
Oct  8 08:29:42 amitubuntu1804-test kernel: [    0.000000] clocksource: kvm-clock: mask: 0xffffffffffffffff max_cycles: 0x1cd42e4dffb, max_idle_ns: 881590591483 ns
Oct  8 08:29:42 amitubuntu1804-test systemd[1]: Started Dispatch Password Requests to Console Directory Watch.
Oct  8 08:29:42 amitubuntu1804-test kernel: [    0.000000] Zone ranges:
Oct  8 08:29:42 amitubuntu1804-test kernel: [    0.000000]   DMA      [mem 0x0000000000001000-0x0000000000ffffff]
Oct  8 08:29:42 amitubuntu1804-test systemd[1]: Found device /dev/ttyS0.
Oct  8 08:29:42 amitubuntu1804-test kernel: [    0.000000]   DMA32    [mem 0x0000000001000000-0x00000000ffffffff]
Oct  8 08:29:42 amitubuntu1804-test kernel: [    0.000000]   Normal   [mem 0x0000000100000000-0x000000103fffffff]
Oct  8 08:29:42 amitubuntu1804-test kernel: [    0.000000]   Device   empty
Oct  8 08:29:42 amitubuntu1804-test kernel: [    0.000000] Movable zone start for each node
Oct  8 08:29:42 amitubuntu1804-test kernel: [    0.000000] Early memory node ranges
Oct  8 08:29:42 amitubuntu1804-test systemd[1]: Listening on Load/Save RF Kill Switch Status /dev/rfkill Watch.
Oct  8 08:29:42 amitubuntu1804-test kernel: [    0.000000]   node   0: [mem 0x0000000000001000-0x0000000000054fff]
Oct  8 08:29:42 amitubuntu1804-test kernel: [    0.000000]   node   0: [mem 0x0000000000060000-0x0000000000097fff]
Oct  8 08:29:42 amitubuntu1804-test kernel: [    0.000000]   node   0: [mem 0x0000000000100000-0x00000000be8eefff]
Oct  8 08:29:42 amitubuntu1804-test kernel: [    0.000000]   node   0: [mem 0x00000000bebff000-0x00000000bffdffff]
Oct  8 08:29:42 amitubuntu1804-test kernel: [    0.000000]   node   0: [mem 0x0000000100000000-0x000000103fffffff]
Oct  8 08:29:42 amitubuntu1804-test systemd[1]: Started Monitoring of LVM2 mirrors, snapshots etc. using dmeventd or progress polling.
Oct  8 08:29:42 amitubuntu1804-test kernel: [    0.000000] Reserved but unavailable: 98 pages
Oct  8 08:29:42 amitubuntu1804-test kernel: [    0.000000] Initmem setup node 0 [mem 0x0000000000001000-0x000000103fffffff]
Oct  8 08:29:42 amitubuntu1804-test kernel: [    0.000000] On node 0 totalpages: 16776284
Oct  8 08:29:42 amitubuntu1804-test kernel: [    0.000000]   DMA zone: 64 pages used for memmap
Oct  8 08:29:42 amitubuntu1804-test kernel: [    0.000000]   DMA zone: 3118 pages reserved
Oct  8 08:29:42 amitubuntu1804-test systemd[1]: Reached target Local File Systems (Pre).
Oct  8 08:29:42 amitubuntu1804-test kernel: [    0.000000]   DMA zone: 3980 pages, LIFO batch:0
Oct  8 08:29:42 amitubuntu1804-test systemd[1]: Found device PersistentDisk UEFI.
Oct  8 08:29:42 amitubuntu1804-test kernel: [    0.000000]   DMA32 zone: 12212 pages used for memmap
Oct  8 08:29:42 amitubuntu1804-test kernel: [    0.000000]   DMA32 zone: 781520 pages, LIFO batch:31
Oct  8 08:29:42 amitubuntu1804-test kernel: [    0.000000]   Normal zone: 249856 pages used for memmap
Oct  8 08:29:42 amitubuntu1804-test kernel: [    0.000000]   Normal zone: 15990784 pages, LIFO batch:31
Oct  8 08:29:42 amitubuntu1804-test kernel: [    0.000000] ACPI: PM-Timer IO Port: 0xb008
Oct  8 08:29:42 amitubuntu1804-test systemd[1]: Starting File System Check on /dev/disk/by-label/UEFI...
Oct  8 08:29:42 amitubuntu1804-test kernel: [    0.000000] ACPI: Local APIC address 0xfee00000
Oct  8 08:29:42 amitubuntu1804-test kernel: [    0.000000] ACPI: LAPIC_NMI (acpi_id[0xff] dfl dfl lint[0x1])
Oct  8 08:29:42 amitubuntu1804-test kernel: [    0.000000] IOAPIC[0]: apic_id 0, version 17, address 0xfec00000, GSI 0-23
Oct  8 08:29:42 amitubuntu1804-test kernel: [    0.000000] ACPI: INT_SRC_OVR (bus 0 bus_irq 5 global_irq 5 high level)
Oct  8 08:29:42 amitubuntu1804-test systemd[1]: Started File System Check Daemon to report status.
Oct  8 08:29:42 amitubuntu1804-test kernel: [    0.000000] ACPI: INT_SRC_OVR (bus 0 bus_irq 9 global_irq 9 high level)
Oct  8 08:29:42 amitubuntu1804-test systemd-fsck[766]: fsck.fat 3.0.28 (2015-05-16)
Oct  8 08:29:42 amitubuntu1804-test systemd-fsck[766]: /dev/sda15: 10 files, 6389/213716 clusters
Oct  8 08:29:42 amitubuntu1804-test systemd[1]: Started File System Check on /dev/disk/by-label/UEFI.
Oct  8 08:29:42 amitubuntu1804-test systemd[1]: Mounting /boot/efi...
Oct  8 08:29:42 amitubuntu1804-test systemd[1]: Mounted /boot/efi.
Oct  8 08:29:42 amitubuntu1804-test systemd[1]: Reached target Local File Systems.
Oct  8 08:29:42 amitubuntu1804-test systemd[1]: Starting Tell Plymouth To Write Out Runtime Data...
Oct  8 08:29:42 amitubuntu1804-test systemd[1]: Starting LSB: AppArmor initialization...
Oct  8 08:29:42 amitubuntu1804-test systemd[1]: Starting Set console font and keymap...
Oct  8 08:29:42 amitubuntu1804-test systemd[1]: Starting Initial cloud-init job (pre-networking)...
Oct  8 08:29:42 amitubuntu1804-test systemd[1]: Starting Commit a transient machine-id on disk...
Oct  8 08:29:42 amitubuntu1804-test systemd[1]: Starting Create Volatile Files and Directories...
Oct  8 08:29:42 amitubuntu1804-test systemd[1]: Started Tell Plymouth To Write Out Runtime Data.
Oct  8 08:29:42 amitubuntu1804-test kernel: [    0.000000] ACPI: INT_SRC_OVR (bus 0 bus_irq 10 global_irq 10 high level)
Oct  8 08:29:42 amitubuntu1804-test systemd-tmpfiles[886]: [/usr/lib/tmpfiles.d/var.conf:14] Duplicate line for path "/var/log", ignoring.
Oct  8 08:29:42 amitubuntu1804-test kernel: [    0.000000] ACPI: INT_SRC_OVR (bus 0 bus_irq 11 global_irq 11 high level)
Oct  8 08:29:42 amitubuntu1804-test kernel: [    0.000000] ACPI: IRQ5 used by override.
Oct  8 08:29:42 amitubuntu1804-test kernel: [    0.000000] ACPI: IRQ9 used by override.
Oct  8 08:29:42 amitubuntu1804-test kernel: [    0.000000] ACPI: IRQ10 used by override.
Oct  8 08:29:42 amitubuntu1804-test systemd[1]: Started Create Volatile Files and Directories.
Oct  8 08:29:42 amitubuntu1804-test kernel: [    0.000000] ACPI: IRQ11 used by override.
Oct  8 08:29:42 amitubuntu1804-test kernel: [    0.000000] Using ACPI (MADT) for SMP configuration information
Oct  8 08:29:42 amitubuntu1804-test systemd[1]: Starting Update UTMP about System Boot/Shutdown...
Oct  8 08:29:42 amitubuntu1804-test kernel: [    0.000000] smpboot: Allowing 16 CPUs, 0 hotplug CPUs
Oct  8 08:29:42 amitubuntu1804-test kernel: [    0.000000] PM: Registered nosave memory: [mem 0x00000000-0x00000fff]
Oct  8 08:29:42 amitubuntu1804-test kernel: [    0.000000] PM: Registered nosave memory: [mem 0x00055000-0x0005ffff]
Oct  8 08:29:42 amitubuntu1804-test systemd[1]: Reached target System Time Synchronized.
Oct  8 08:29:42 amitubuntu1804-test kernel: [    0.000000] PM: Registered nosave memory: [mem 0x00098000-0x0009ffff]
Oct  8 08:29:42 amitubuntu1804-test kernel: [    0.000000] PM: Registered nosave memory: [mem 0x000a0000-0x000fffff]
Oct  8 08:29:42 amitubuntu1804-test kernel: [    0.000000] PM: Registered nosave memory: [mem 0xbe8ef000-0xbeb6efff]
Oct  8 08:29:42 amitubuntu1804-test systemd[1]: Started Set console font and keymap.
Oct  8 08:29:42 amitubuntu1804-test kernel: [    0.000000] PM: Registered nosave memory: [mem 0xbeb6f000-0xbeb7efff]
Oct  8 08:29:42 amitubuntu1804-test kernel: [    0.000000] PM: Registered nosave memory: [mem 0xbeb7f000-0xbebfefff]
Oct  8 08:29:42 amitubuntu1804-test kernel: [    0.000000] PM: Registered nosave memory: [mem 0xbffe0000-0xbfffffff]
Oct  8 08:29:42 amitubuntu1804-test kernel: [    0.000000] PM: Registered nosave memory: [mem 0xc0000000-0xffffffff]
Oct  8 08:29:42 amitubuntu1804-test systemd[1]: Started Commit a transient machine-id on disk.
Oct  8 08:29:42 amitubuntu1804-test kernel: [    0.000000] e820: [mem 0xc0000000-0xffffffff] available for PCI devices
Oct  8 08:29:42 amitubuntu1804-test kernel: [    0.000000] Booting paravirtualized kernel on KVM
Oct  8 08:29:42 amitubuntu1804-test systemd[1]: Created slice system-getty.slice.
Oct  8 08:29:42 amitubuntu1804-test kernel: [    0.000000] clocksource: refined-jiffies: mask: 0xffffffff max_cycles: 0xffffffff, max_idle_ns: 7645519600211568 ns
Oct  8 08:29:42 amitubuntu1804-test kernel: [    0.000000] random: get_random_bytes called from start_kernel+0x9e/0x52d with crng_init=0
Oct  8 08:29:42 amitubuntu1804-test apparmor[820]:  * Starting AppArmor profiles
Oct  8 08:29:42 amitubuntu1804-test kernel: [    0.000000] setup_percpu: NR_CPUS:8192 nr_cpumask_bits:16 nr_cpu_ids:16 nr_node_ids:1
Oct  8 08:29:42 amitubuntu1804-test kernel: [    0.000000] percpu: Embedded 45 pages/cpu s147456 r8192 d28672 u262144
Oct  8 08:29:42 amitubuntu1804-test kernel: [    0.000000] pcpu-alloc: s147456 r8192 d28672 u262144 alloc=1*2097152
Oct  8 08:29:42 amitubuntu1804-test systemd[1]: Started Update UTMP about System Boot/Shutdown.
Oct  8 08:29:42 amitubuntu1804-test kernel: [    0.000000] pcpu-alloc: [0] 00 01 02 03 04 05 06 07 [0] 08 09 10 11 12 13 14 15 
Oct  8 08:29:42 amitubuntu1804-test apparmor[820]: Skipping profile in /etc/apparmor.d/disable: usr.sbin.rsyslogd
Oct  8 08:29:42 amitubuntu1804-test kernel: [    0.000000] kvm-stealtime: cpu 0, msr fff223040
Oct  8 08:29:42 amitubuntu1804-test kernel: [    0.000000] PV qspinlock hash table entries: 256 (order: 0, 4096 bytes)
Oct  8 08:29:42 amitubuntu1804-test kernel: [    0.000000] Built 1 zonelists, mobility grouping on.  Total pages: 16511034
Oct  8 08:29:42 amitubuntu1804-test kernel: [    0.000000] Policy zone: Normal
Oct  8 08:29:42 amitubuntu1804-test kernel: [    0.000000] Kernel command line: BOOT_IMAGE=/boot/vmlinuz-4.15.0-1098-gcp root=LABEL=cloudimg-rootfs ro scsi_mod.use_blk_mq=Y console=ttyS0
Oct  8 08:29:42 amitubuntu1804-test apparmor[820]:    ...done.
Oct  8 08:29:42 amitubuntu1804-test kernel: [    0.000000] Calgary: detecting Calgary via BIOS EBDA area
Oct  8 08:29:42 amitubuntu1804-test kernel: [    0.000000] Calgary: Unable to locate Rio Grande table in EBDA - bailing!
Oct  8 08:29:42 amitubuntu1804-test systemd[1]: Started LSB: AppArmor initialization.
Oct  8 08:29:42 amitubuntu1804-test kernel: [    0.000000] Memory: 65884772K/67105136K available (12300K kernel code, 2486K rwdata, 4180K rodata, 2448K init, 2708K bss, 1220364K reserved, 0K cma-reserved)
Oct  8 08:29:42 amitubuntu1804-test kernel: [    0.000000] SLUB: HWalign=64, Order=0-3, MinObjects=0, CPUs=16, Nodes=1
Oct  8 08:29:42 amitubuntu1804-test kernel: [    0.000000] Kernel/User page tables isolation: enabled
Oct  8 08:29:42 amitubuntu1804-test systemd[1]: Starting Load AppArmor profiles managed internally by snapd...
Oct  8 08:29:42 amitubuntu1804-test kernel: [    0.000000] ftrace: allocating 39600 entries in 155 pages
Oct  8 08:29:42 amitubuntu1804-test kernel: [    0.004000] Hierarchical RCU implementation.
Oct  8 08:29:42 amitubuntu1804-test snapd-apparmor[1000]: find: '/var/lib/snapd/apparmor/profiles/': No such file or directory
Oct  8 08:29:42 amitubuntu1804-test kernel: [    0.004000] 	RCU restricting CPUs from NR_CPUS=8192 to nr_cpu_ids=16.
Oct  8 08:29:42 amitubuntu1804-test kernel: [    0.004000] 	Tasks RCU enabled.
Oct  8 08:29:42 amitubuntu1804-test kernel: [    0.004000] RCU: Adjusting geometry for rcu_fanout_leaf=16, nr_cpu_ids=16
Oct  8 08:29:42 amitubuntu1804-test kernel: [    0.004000] NR_IRQS: 524544, nr_irqs: 552, preallocated irqs: 16
Oct  8 08:29:42 amitubuntu1804-test systemd[1]: Started Load AppArmor profiles managed internally by snapd.
Oct  8 08:29:42 amitubuntu1804-test kernel: [    0.004000] Console: colour dummy device 80x25
Oct  8 08:29:42 amitubuntu1804-test kernel: [    0.004000] console [ttyS0] enabled
Oct  8 08:29:42 amitubuntu1804-test kernel: [    0.004000] ACPI: Core revision 20170831
Oct  8 08:29:42 amitubuntu1804-test kernel: [    0.004000] ACPI: 3 ACPI AML tables successfully acquired and loaded
Oct  8 08:29:42 amitubuntu1804-test kernel: [    0.004010] APIC: Switch to symmetric I/O mode setup
Oct  8 08:29:42 amitubuntu1804-test kernel: [    0.005278] x2apic enabled
Oct  8 08:29:42 amitubuntu1804-test cloud-init[851]: Cloud-init v. 21.1-19-gbad84ad4-0ubuntu1~16.04.2 running 'init-local' at Fri, 08 Oct 2021 08:29:40 +0000. Up 5.87 seconds.
Oct  8 08:29:42 amitubuntu1804-test kernel: [    0.008009] Switched APIC routing to physical x2apic.
Oct  8 08:29:42 amitubuntu1804-test kernel: [    0.012000] ..TIMER: vector=0x30 apic1=0 pin1=0 apic2=-1 pin2=-1
Oct  8 08:29:42 amitubuntu1804-test systemd[1]: Started Initial cloud-init job (pre-networking).
Oct  8 08:29:42 amitubuntu1804-test kernel: [    0.012000] tsc: Detected 2200.168 MHz processor
Oct  8 08:29:42 amitubuntu1804-test kernel: [    0.012015] Calibrating delay loop (skipped) preset value.. 4400.33 BogoMIPS (lpj=8800672)
Oct  8 08:29:42 amitubuntu1804-test kernel: [    0.013414] pid_max: default: 32768 minimum: 301
Oct  8 08:29:42 amitubuntu1804-test kernel: [    0.014776] Security Framework initialized
Oct  8 08:29:42 amitubuntu1804-test systemd[1]: Reached target Network (Pre).
Oct  8 08:29:42 amitubuntu1804-test kernel: [    0.016006] Yama: becoming mindful.
Oct  8 08:29:42 amitubuntu1804-test systemd[1]: Starting Raise network interfaces...
Oct  8 08:29:42 amitubuntu1804-test kernel: [    0.016650] AppArmor: AppArmor initialized
Oct  8 08:29:42 amitubuntu1804-test kernel: [    0.039306] Dentry cache hash table entries: 8388608 (order: 14, 67108864 bytes)
Oct  8 08:29:42 amitubuntu1804-test kernel: [    0.051128] Inode-cache hash table entries: 4194304 (order: 13, 33554432 bytes)
Oct  8 08:29:42 amitubuntu1804-test dhclient[1164]: Internet Systems Consortium DHCP Client 4.3.3
Oct  8 08:29:42 amitubuntu1804-test kernel: [    0.052175] Mount-cache hash table entries: 131072 (order: 8, 1048576 bytes)
Oct  8 08:29:42 amitubuntu1804-test kernel: [    0.053951] Mountpoint-cache hash table entries: 131072 (order: 8, 1048576 bytes)
Oct  8 08:29:42 amitubuntu1804-test kernel: [    0.056661] Last level iTLB entries: 4KB 64, 2MB 8, 4MB 8
Oct  8 08:29:42 amitubuntu1804-test ifup[1064]: Internet Systems Consortium DHCP Client 4.3.3
Oct  8 08:29:42 amitubuntu1804-test kernel: [    0.057796] Last level dTLB entries: 4KB 64, 2MB 0, 4MB 0, 1GB 4
Oct  8 08:29:42 amitubuntu1804-test kernel: [    0.058904] Spectre V1 : Mitigation: usercopy/swapgs barriers and __user pointer sanitization
Oct  8 08:29:42 amitubuntu1804-test kernel: [    0.060006] Spectre V2 : Mitigation: Full generic retpoline
Oct  8 08:29:42 amitubuntu1804-test kernel: [    0.060897] Spectre V2 : Spectre v2 / SpectreRSB mitigation: Filling RSB on context switch
Oct  8 08:29:42 amitubuntu1804-test kernel: [    0.062690] Spectre V2 : Enabling Restricted Speculation for firmware calls
Oct  8 08:29:42 amitubuntu1804-test ifup[1064]: Copyright 2004-2015 Internet Systems Consortium.
Oct  8 08:29:42 amitubuntu1804-test kernel: [    0.064016] Spectre V2 : mitigation: Enabling conditional Indirect Branch Prediction Barrier
Oct  8 08:29:42 amitubuntu1804-test ifup[1064]: All rights reserved.
Oct  8 08:29:42 amitubuntu1804-test kernel: [    0.065557] Spectre V2 : User space: Mitigation: STIBP via seccomp and prctl
Oct  8 08:29:42 amitubuntu1804-test kernel: [    0.066676] Speculative Store Bypass: Mitigation: Speculative Store Bypass disabled via prctl and seccomp
Oct  8 08:29:42 amitubuntu1804-test kernel: [    0.068047] TAA: Mitigation: Clear CPU buffers
Oct  8 08:29:42 amitubuntu1804-test ifup[1064]: For info, please visit https://www.isc.org/software/dhcp/
Oct  8 08:29:42 amitubuntu1804-test kernel: [    0.069415] MDS: Mitigation: Clear CPU buffers
Oct  8 08:29:42 amitubuntu1804-test dhclient[1164]: Copyright 2004-2015 Internet Systems Consortium.
Oct  8 08:29:42 amitubuntu1804-test dhclient[1164]: All rights reserved.
Oct  8 08:29:42 amitubuntu1804-test kernel: [    0.078161] Freeing SMP alternatives memory: 36K
Oct  8 08:29:42 amitubuntu1804-test kernel: [    0.190908] smpboot: CPU0: Intel(R) Xeon(R) CPU @ 2.20GHz (family: 0x6, model: 0x4f, stepping: 0x0)
Oct  8 08:29:42 amitubuntu1804-test kernel: [    0.192000] Performance Events: unsupported p6 CPU model 79 no PMU driver, software events only.
Oct  8 08:29:42 amitubuntu1804-test kernel: [    0.192000] Hierarchical SRCU implementation.
Oct  8 08:29:42 amitubuntu1804-test dhclient[1164]: For info, please visit https://www.isc.org/software/dhcp/
Oct  8 08:29:42 amitubuntu1804-test kernel: [    0.192853] NMI watchdog: Perf event create on CPU 0 failed with -2
Oct  8 08:29:42 amitubuntu1804-test kernel: [    0.193882] NMI watchdog: Perf NMI watchdog permanently disabled
Oct  8 08:29:42 amitubuntu1804-test dhclient[1164]: 
Oct  8 08:29:42 amitubuntu1804-test kernel: [    0.194988] smp: Bringing up secondary CPUs ...
Oct  8 08:29:42 amitubuntu1804-test dhclient[1164]: Listening on LPF/ens4/42:01:0a:80:00:0b
Oct  8 08:29:42 amitubuntu1804-test kernel: [    0.196133] x86: Booting SMP configuration:
Oct  8 08:29:42 amitubuntu1804-test kernel: [    0.196731] .... node  #0, CPUs:        #1
Oct  8 08:29:42 amitubuntu1804-test kernel: [    0.004000] kvm-clock: cpu 1, msr 10:3ff54041, secondary cpu clock
Oct  8 08:29:42 amitubuntu1804-test kernel: [    0.199217] kvm-stealtime: cpu 1, msr fff263040
Oct  8 08:29:42 amitubuntu1804-test ifup[1064]: Listening on LPF/ens4/42:01:0a:80:00:0b
Oct  8 08:29:42 amitubuntu1804-test kernel: [    0.200125]   #2
Oct  8 08:29:42 amitubuntu1804-test ifup[1064]: Sending on   LPF/ens4/42:01:0a:80:00:0b
Oct  8 08:29:42 amitubuntu1804-test kernel: [    0.004000] kvm-clock: cpu 2, msr 10:3ff54081, secondary cpu clock
Oct  8 08:29:42 amitubuntu1804-test ifup[1064]: Sending on   Socket/fallback
Oct  8 08:29:42 amitubuntu1804-test kernel: [    0.202517] kvm-stealtime: cpu 2, msr fff2a3040
Oct  8 08:29:42 amitubuntu1804-test kernel: [    0.204119]   #3
Oct  8 08:29:42 amitubuntu1804-test kernel: [    0.004000] kvm-clock: cpu 3, msr 10:3ff540c1, secondary cpu clock
Oct  8 08:29:42 amitubuntu1804-test kernel: [    0.206075] kvm-stealtime: cpu 3, msr fff2e3040
Oct  8 08:29:42 amitubuntu1804-test ifup[1064]: DHCPDISCOVER on ens4 to 255.255.255.255 port 67 interval 3 (xid=0xf41e796c)
Oct  8 08:29:42 amitubuntu1804-test kernel: [    0.206075]   #4
Oct  8 08:29:42 amitubuntu1804-test dhclient[1164]: Sending on   LPF/ens4/42:01:0a:80:00:0b
Oct  8 08:29:42 amitubuntu1804-test kernel: [    0.004000] kvm-clock: cpu 4, msr 10:3ff54101, secondary cpu clock
Oct  8 08:29:42 amitubuntu1804-test kernel: [    0.209856] kvm-stealtime: cpu 4, msr fff323040
Oct  8 08:29:42 amitubuntu1804-test kernel: [    0.209856]   #5
Oct  8 08:29:42 amitubuntu1804-test dhclient[1164]: Sending on   Socket/fallback
Oct  8 08:29:42 amitubuntu1804-test kernel: [    0.004000] kvm-clock: cpu 5, msr 10:3ff54141, secondary cpu clock
Oct  8 08:29:42 amitubuntu1804-test kernel: [    0.212986] kvm-stealtime: cpu 5, msr fff363040
Oct  8 08:29:42 amitubuntu1804-test dhclient[1164]: DHCPDISCOVER on ens4 to 255.255.255.255 port 67 interval 3 (xid=0xf41e796c)
Oct  8 08:29:42 amitubuntu1804-test kernel: [    0.212986]   #6
Oct  8 08:29:42 amitubuntu1804-test dhclient[1164]: DHCPREQUEST of 10.128.0.11 on ens4 to 255.255.255.255 port 67 (xid=0x6c791ef4)
Oct  8 08:29:42 amitubuntu1804-test kernel: [    0.004000] kvm-clock: cpu 6, msr 10:3ff54181, secondary cpu clock
Oct  8 08:29:42 amitubuntu1804-test kernel: [    0.216997] kvm-stealtime: cpu 6, msr fff3a3040
Oct  8 08:29:42 amitubuntu1804-test kernel: [    0.216997]   #7
Oct  8 08:29:42 amitubuntu1804-test kernel: [    0.004000] kvm-clock: cpu 7, msr 10:3ff541c1, secondary cpu clock
Oct  8 08:29:42 amitubuntu1804-test kernel: [    0.220519] kvm-stealtime: cpu 7, msr fff3e3040
Oct  8 08:29:42 amitubuntu1804-test ifup[1064]: DHCPREQUEST of 10.128.0.11 on ens4 to 255.255.255.255 port 67 (xid=0x6c791ef4)
Oct  8 08:29:42 amitubuntu1804-test ifup[1064]: DHCPOFFER of 10.128.0.11 from 169.254.169.254
Oct  8 08:29:42 amitubuntu1804-test kernel: [    0.221009]   #8
Oct  8 08:29:42 amitubuntu1804-test kernel: [    0.004000] kvm-clock: cpu 8, msr 10:3ff54201, secondary cpu clock
Oct  8 08:29:42 amitubuntu1804-test dhclient[1164]: DHCPOFFER of 10.128.0.11 from 169.254.169.254
Oct  8 08:29:42 amitubuntu1804-test kernel: [    0.222258] kvm-stealtime: cpu 8, msr fff423040
Oct  8 08:29:42 amitubuntu1804-test kernel: [    0.224661] MDS CPU bug present and SMT on, data leak possible. See https://www.kernel.org/doc/html/latest/admin-guide/hw-vuln/mds.html for more details.
Oct  8 08:29:42 amitubuntu1804-test kernel: [    0.228009] TAA CPU bug present and SMT on, data leak possible. See https://www.kernel.org/doc/html/latest/admin-guide/hw-vuln/tsx_async_abort.html for more details.
Oct  8 08:29:42 amitubuntu1804-test ifup[1064]: DHCPACK of 10.128.0.11 from 169.254.169.254
Oct  8 08:29:42 amitubuntu1804-test kernel: [    0.232168]   #9
Oct  8 08:29:42 amitubuntu1804-test kernel: [    0.004000] kvm-clock: cpu 9, msr 10:3ff54241, secondary cpu clock
Oct  8 08:29:42 amitubuntu1804-test dhclient[1164]: DHCPACK of 10.128.0.11 from 169.254.169.254
Oct  8 08:29:42 amitubuntu1804-test kernel: [    0.234239] kvm-stealtime: cpu 9, msr fff463040
Oct  8 08:29:42 amitubuntu1804-test kernel: [    0.236152]  #10
Oct  8 08:29:42 amitubuntu1804-test kernel: [    0.004000] kvm-clock: cpu 10, msr 10:3ff54281, secondary cpu clock
Oct  8 08:29:42 amitubuntu1804-test kernel: [    0.238002] kvm-stealtime: cpu 10, msr fff4a3040
Oct  8 08:29:42 amitubuntu1804-test systemd[1]: Starting Tell Plymouth To Write Out Runtime Data...
Oct  8 08:29:42 amitubuntu1804-test kernel: [    0.238002]  #11
Oct  8 08:29:42 amitubuntu1804-test kernel: [    0.004000] kvm-clock: cpu 11, msr 10:3ff542c1, secondary cpu clock
Oct  8 08:29:42 amitubuntu1804-test systemd[1]: Stopped System Logging Service.
Oct  8 08:29:42 amitubuntu1804-test kernel: [    0.241688] kvm-stealtime: cpu 11, msr fff4e3040
Oct  8 08:29:42 amitubuntu1804-test kernel: [    0.241688]  #12
Oct  8 08:29:42 amitubuntu1804-test kernel: [    0.004000] kvm-clock: cpu 12, msr 10:3ff54301, secondary cpu clock
Oct  8 08:29:42 amitubuntu1804-test kernel: [    0.244658] kvm-stealtime: cpu 12, msr fff523040
Oct  8 08:29:42 amitubuntu1804-test systemd[1]: Started Tell Plymouth To Write Out Runtime Data.
Oct  8 08:29:42 amitubuntu1804-test kernel: [    0.244947]  #13
Oct  8 08:29:42 amitubuntu1804-test kernel: [    0.004000] kvm-clock: cpu 13, msr 10:3ff54341, secondary cpu clock
Oct  8 08:29:42 amitubuntu1804-test ifup[1064]: invoke-rc.d: could not determine current runlevel
Oct  8 08:29:42 amitubuntu1804-test kernel: [    0.246216] kvm-stealtime: cpu 13, msr fff563040
Oct  8 08:29:42 amitubuntu1804-test kernel: [    0.248139]  #14
Oct  8 08:29:42 amitubuntu1804-test kernel: [    0.004000] kvm-clock: cpu 14, msr 10:3ff54381, secondary cpu clock
Oct  8 08:29:42 amitubuntu1804-test dhclient[1164]: bound to 10.128.0.11 -- renewal in 1775 seconds.
Oct  8 08:29:42 amitubuntu1804-test ifup[1064]: bound to 10.128.0.11 -- renewal in 1775 seconds.
Oct  8 08:29:42 amitubuntu1804-test systemd[1]: Started Raise network interfaces.
Oct  8 08:29:42 amitubuntu1804-test systemd[1]: Starting Initial cloud-init job (metadata service crawler)...
Oct  8 08:29:42 amitubuntu1804-test systemd[1]: Reached target Network.
Oct  8 08:29:42 amitubuntu1804-test kernel: [    0.249965] kvm-stealtime: cpu 14, msr fff5a3040
Oct  8 08:29:42 amitubuntu1804-test kernel: [    0.249965]  #15
Oct  8 08:29:42 amitubuntu1804-test kernel: [    0.004000] kvm-clock: cpu 15, msr 10:3ff543c1, secondary cpu clock
Oct  8 08:29:42 amitubuntu1804-test kernel: [    0.253775] kvm-stealtime: cpu 15, msr fff5e3040
Oct  8 08:29:42 amitubuntu1804-test kernel: [    0.253775] smp: Brought up 1 node, 16 CPUs
Oct  8 08:29:42 amitubuntu1804-test kernel: [    0.253775] smpboot: Max logical packages: 1
Oct  8 08:29:42 amitubuntu1804-test kernel: [    0.256006] smpboot: Total of 16 processors activated (70405.37 BogoMIPS)
Oct  8 08:29:42 amitubuntu1804-test kernel: [    0.260794] devtmpfs: initialized
Oct  8 08:29:42 amitubuntu1804-test kernel: [    0.260812] x86/mm: Memory block size: 2048MB
Oct  8 08:29:42 amitubuntu1804-test kernel: [    0.262118] evm: security.selinux
Oct  8 08:29:42 amitubuntu1804-test kernel: [    0.262840] evm: security.SMACK64
Oct  8 08:29:42 amitubuntu1804-test kernel: [    0.264005] evm: security.SMACK64EXEC
Oct  8 08:29:42 amitubuntu1804-test kernel: [    0.264593] evm: security.SMACK64TRANSMUTE
Oct  8 08:29:42 amitubuntu1804-test kernel: [    0.265390] evm: security.SMACK64MMAP
Oct  8 08:29:42 amitubuntu1804-test kernel: [    0.266018] evm: security.apparmor
Oct  8 08:29:42 amitubuntu1804-test kernel: [    0.266601] evm: security.ima
Oct  8 08:29:42 amitubuntu1804-test kernel: [    0.268003] evm: security.capability
Oct  8 08:29:42 amitubuntu1804-test kernel: [    0.268675] PM: Registering ACPI NVS region [mem 0xbeb7f000-0xbebfefff] (524288 bytes)
Oct  8 08:29:42 amitubuntu1804-test kernel: [    0.269571] clocksource: jiffies: mask: 0xffffffff max_cycles: 0xffffffff, max_idle_ns: 7645041785100000 ns
Oct  8 08:29:42 amitubuntu1804-test kernel: [    0.272031] futex hash table entries: 4096 (order: 6, 262144 bytes)
Oct  8 08:29:42 amitubuntu1804-test kernel: [    0.273073] pinctrl core: initialized pinctrl subsystem
Oct  8 08:29:42 amitubuntu1804-test kernel: [    0.273949] RTC time:  8:29:34, date: 10/08/21
Oct  8 08:29:42 amitubuntu1804-test kernel: [    0.276414] NET: Registered protocol family 16
Oct  8 08:29:42 amitubuntu1804-test kernel: [    0.277238] audit: initializing netlink subsys (disabled)
Oct  8 08:29:42 amitubuntu1804-test kernel: [    0.278113] audit: type=2000 audit(1633681774.779:1): state=initialized audit_enabled=0 res=1
Oct  8 08:29:42 amitubuntu1804-test kernel: [    0.280014] cpuidle: using governor ladder
Oct  8 08:29:42 amitubuntu1804-test kernel: [    0.280701] cpuidle: using governor menu
Oct  8 08:29:42 amitubuntu1804-test kernel: [    0.281534] ACPI: bus type PCI registered
Oct  8 08:29:42 amitubuntu1804-test kernel: [    0.281534] acpiphp: ACPI Hot Plug PCI Controller Driver version: 0.5
Oct  8 08:29:42 amitubuntu1804-test kernel: [    0.281534] PCI: Using configuration type 1 for base access
Oct  8 08:29:42 amitubuntu1804-test kernel: [    0.288131] HugeTLB registered 1.00 GiB page size, pre-allocated 0 pages
Oct  8 08:29:42 amitubuntu1804-test kernel: [    0.289439] HugeTLB registered 2.00 MiB page size, pre-allocated 0 pages
Oct  8 08:29:42 amitubuntu1804-test kernel: [    0.292148] ACPI: Added _OSI(Module Device)
Oct  8 08:29:42 amitubuntu1804-test kernel: [    0.292894] ACPI: Added _OSI(Processor Device)
Oct  8 08:29:42 amitubuntu1804-test kernel: [    0.293651] ACPI: Added _OSI(3.0 _SCP Extensions)
Oct  8 08:29:42 amitubuntu1804-test cloud-init[1339]: Cloud-init v. 21.1-19-gbad84ad4-0ubuntu1~16.04.2 running 'init' at Fri, 08 Oct 2021 08:29:40 +0000. Up 6.69 seconds.
Oct  8 08:29:42 amitubuntu1804-test kernel: [    0.294581] ACPI: Added _OSI(Processor Aggregator Device)
Oct  8 08:29:42 amitubuntu1804-test kernel: [    0.294581] ACPI: Added _OSI(Linux-Dell-Video)
Oct  8 08:29:42 amitubuntu1804-test kernel: [    0.294581] ACPI: Added _OSI(Linux-Lenovo-NV-HDMI-Audio)
Oct  8 08:29:42 amitubuntu1804-test cloud-init[1339]: ci-info: ++++++++++++++++++++++++++++++++++++++Net device info++++++++++++++++++++++++++++++++++++++
Oct  8 08:29:42 amitubuntu1804-test kernel: [    0.294581] ACPI: Added _OSI(Linux-HPI-Hybrid-Graphics)
Oct  8 08:29:42 amitubuntu1804-test kernel: [    0.295498] ACPI: Executed 2 blocks of module-level executable AML code
Oct  8 08:29:42 amitubuntu1804-test kernel: [    0.301853] ACPI: Interpreter enabled
Oct  8 08:29:42 amitubuntu1804-test cloud-init[1339]: ci-info: +--------+------+--------------------------+-----------------+--------+-------------------+
Oct  8 08:29:42 amitubuntu1804-test kernel: [    0.302397] ACPI: (supports S0 S3 S4 S5)
Oct  8 08:29:42 amitubuntu1804-test kernel: [    0.304007] ACPI: Using IOAPIC for interrupt routing
Oct  8 08:29:42 amitubuntu1804-test kernel: [    0.305024] PCI: Using host bridge windows from ACPI; if necessary, use "pci=nocrs" and report a bug
Oct  8 08:29:42 amitubuntu1804-test cloud-init[1339]: ci-info: | Device |  Up  |         Address          |       Mask      | Scope  |     Hw-Address    |
Oct  8 08:29:42 amitubuntu1804-test kernel: [    0.306998] ACPI: Enabled 16 GPEs in block 00 to 0F
Oct  8 08:29:42 amitubuntu1804-test kernel: [    0.311104] ACPI: PCI Root Bridge [PCI0] (domain 0000 [bus 00-ff])
Oct  8 08:29:42 amitubuntu1804-test kernel: [    0.312007] acpi PNP0A03:00: _OSC: OS supports [ASPM ClockPM Segments MSI]
Oct  8 08:29:42 amitubuntu1804-test kernel: [    0.312951] acpi PNP0A03:00: _OSC failed (AE_NOT_FOUND); disabling ASPM
Oct  8 08:29:42 amitubuntu1804-test kernel: [    0.313843] acpi PNP0A03:00: fail to add MMCONFIG information, can't access extended PCI configuration space under this bridge.
Oct  8 08:29:42 amitubuntu1804-test cloud-init[1339]: ci-info: +--------+------+--------------------------+-----------------+--------+-------------------+
Oct  8 08:29:42 amitubuntu1804-test kernel: [    0.313843] PCI host bridge to bus 0000:00
Oct  8 08:29:42 amitubuntu1804-test kernel: [    0.313843] pci_bus 0000:00: root bus resource [io  0x0000-0x0cf7 window]
Oct  8 08:29:42 amitubuntu1804-test kernel: [    0.314199] pci_bus 0000:00: root bus resource [io  0x0d00-0xffff window]
Oct  8 08:29:42 amitubuntu1804-test kernel: [    0.315172] pci_bus 0000:00: root bus resource [mem 0x000a0000-0x000bffff window]
Oct  8 08:29:42 amitubuntu1804-test cloud-init[1339]: ci-info: |  ens4  | True |       10.128.0.11        | 255.255.255.255 | global | 42:01:0a:80:00:0b |
Oct  8 08:29:42 amitubuntu1804-test kernel: [    0.316003] pci_bus 0000:00: root bus resource [mem 0xc0000000-0xfebfefff window]
Oct  8 08:29:42 amitubuntu1804-test kernel: [    0.317042] pci_bus 0000:00: root bus resource [bus 00-ff]
Oct  8 08:29:42 amitubuntu1804-test cloud-init[1339]: ci-info: |  ens4  | True | fe80::4001:aff:fe80:b/64 |        .        |  link  | 42:01:0a:80:00:0b |
Oct  8 08:29:42 amitubuntu1804-test kernel: [    0.317822] pci 0000:00:00.0: [8086:1237] type 00 class 0x060000
Oct  8 08:29:42 amitubuntu1804-test kernel: [    0.322238] pci 0000:00:01.0: [8086:7110] type 00 class 0x060100
Oct  8 08:29:42 amitubuntu1804-test kernel: [    0.352280] pci 0000:00:01.3: [8086:7113] type 00 class 0x068000
Oct  8 08:29:42 amitubuntu1804-test kernel: [    0.378101] pci 0000:00:01.3: quirk: [io  0xb000-0xb03f] claimed by PIIX4 ACPI
Oct  8 08:29:42 amitubuntu1804-test cloud-init[1339]: ci-info: |   lo   | True |        127.0.0.1         |    255.0.0.0    |  host  |         .         |
Oct  8 08:29:42 amitubuntu1804-test kernel: [    0.380305] pci 0000:00:03.0: [1af4:1004] type 00 class 0x000000
Oct  8 08:29:42 amitubuntu1804-test kernel: [    0.386772] pci 0000:00:03.0: reg 0x10: [io  0xc040-0xc07f]
Oct  8 08:29:42 amitubuntu1804-test kernel: [    0.397892] pci 0000:00:03.0: reg 0x14: [mem 0xc0001000-0xc000107f]
Oct  8 08:29:42 amitubuntu1804-test kernel: [    0.417882] pci 0000:00:04.0: [1af4:1000] type 00 class 0x020000
Oct  8 08:29:42 amitubuntu1804-test kernel: [    0.428011] pci 0000:00:04.0: reg 0x10: [io  0xc000-0xc03f]
Oct  8 08:29:42 amitubuntu1804-test cloud-init[1339]: ci-info: |   lo   | True |         ::1/128          |        .        |  host  |         .         |
Oct  8 08:29:42 amitubuntu1804-test kernel: [    0.438148] pci 0000:00:04.0: reg 0x14: [mem 0xc0000000-0xc00001ff]
Oct  8 08:29:42 amitubuntu1804-test kernel: [    0.468264] pci 0000:00:05.0: [1af4:1002] type 00 class 0x00ff00
Oct  8 08:29:42 amitubuntu1804-test kernel: [    0.480012] pci 0000:00:05.0: reg 0x10: [io  0xc0a0-0xc0bf]
Oct  8 08:29:42 amitubuntu1804-test kernel: [    0.508225] pci 0000:00:06.0: [1af4:1005] type 00 class 0x00ff00
Oct  8 08:29:42 amitubuntu1804-test kernel: [    0.521750] pci 0000:00:06.0: reg 0x10: [io  0xc080-0xc09f]
Oct  8 08:29:42 amitubuntu1804-test kernel: [    0.524013] pci 0000:00:06.0: reg 0x14: [mem 0xc0002000-0xc000203f]
Oct  8 08:29:42 amitubuntu1804-test cloud-init[1339]: ci-info: +--------+------+--------------------------+-----------------+--------+-------------------+
Oct  8 08:29:42 amitubuntu1804-test kernel: [    0.548831] ACPI: PCI Interrupt Link [LNKA] (IRQs 5 *10 11)
Oct  8 08:29:42 amitubuntu1804-test cloud-init[1339]: ci-info: +++++++++++++++++++++++++++++Route IPv4 info++++++++++++++++++++++++++++++
Oct  8 08:29:42 amitubuntu1804-test kernel: [    0.552112] ACPI: PCI Interrupt Link [LNKB] (IRQs 5 *10 11)
Oct  8 08:29:42 amitubuntu1804-test kernel: [    0.556122] ACPI: PCI Interrupt Link [LNKC] (IRQs 5 10 *11)
Oct  8 08:29:42 amitubuntu1804-test kernel: [    0.564111] ACPI: PCI Interrupt Link [LNKD] (IRQs 5 10 *11)
Oct  8 08:29:42 amitubuntu1804-test kernel: [    0.568043] ACPI: PCI Interrupt Link [LNKS] (IRQs *9)
Oct  8 08:29:42 amitubuntu1804-test kernel: [    0.570837] SCSI subsystem initialized
Oct  8 08:29:42 amitubuntu1804-test cloud-init[1339]: ci-info: +-------+-------------+------------+-----------------+-----------+-------+
Oct  8 08:29:42 amitubuntu1804-test kernel: [    0.572047] libata version 3.00 loaded.
Oct  8 08:29:42 amitubuntu1804-test kernel: [    0.572057] vgaarb: loaded
Oct  8 08:29:42 amitubuntu1804-test cloud-init[1339]: ci-info: | Route | Destination |  Gateway   |     Genmask     | Interface | Flags |
Oct  8 08:29:42 amitubuntu1804-test kernel: [    0.573028] ACPI: bus type USB registered
Oct  8 08:29:42 amitubuntu1804-test kernel: [    0.574098] usbcore: registered new interface driver usbfs
Oct  8 08:29:42 amitubuntu1804-test kernel: [    0.574098] usbcore: registered new interface driver hub
Oct  8 08:29:42 amitubuntu1804-test kernel: [    0.574098] usbcore: registered new device driver usb
Oct  8 08:29:42 amitubuntu1804-test kernel: [    0.576027] EDAC MC: Ver: 3.0.0
Oct  8 08:29:42 amitubuntu1804-test cloud-init[1339]: ci-info: +-------+-------------+------------+-----------------+-----------+-------+
Oct  8 08:29:42 amitubuntu1804-test kernel: [    0.576806] Registered efivars operations
Oct  8 08:29:42 amitubuntu1804-test kernel: [    0.576806] PCI: Using ACPI for IRQ routing
Oct  8 08:29:42 amitubuntu1804-test kernel: [    0.576806] PCI: pci_cache_line_size set to 64 bytes
Oct  8 08:29:42 amitubuntu1804-test kernel: [    0.576880] e820: reserve RAM buffer [mem 0x00055000-0x0005ffff]
Oct  8 08:29:42 amitubuntu1804-test kernel: [    0.576882] e820: reserve RAM buffer [mem 0x00098000-0x0009ffff]
Oct  8 08:29:42 amitubuntu1804-test cloud-init[1339]: ci-info: |   0   |   0.0.0.0   | 10.128.0.1 |     0.0.0.0     |    ens4   |   UG  |
Oct  8 08:29:42 amitubuntu1804-test kernel: [    0.576882] e820: reserve RAM buffer [mem 0xbe8ef000-0xbfffffff]
Oct  8 08:29:42 amitubuntu1804-test kernel: [    0.576883] e820: reserve RAM buffer [mem 0xbffe0000-0xbfffffff]
Oct  8 08:29:42 amitubuntu1804-test kernel: [    0.577000] NetLabel: Initializing
Oct  8 08:29:42 amitubuntu1804-test kernel: [    0.577598] NetLabel:  domain hash size = 128
Oct  8 08:29:42 amitubuntu1804-test cloud-init[1339]: ci-info: |   1   |  10.128.0.1 |  0.0.0.0   | 255.255.255.255 |    ens4   |   UH  |
Oct  8 08:29:42 amitubuntu1804-test kernel: [    0.578340] NetLabel:  protocols = UNLABELED CIPSOv4 CALIPSO
Oct  8 08:29:42 amitubuntu1804-test cloud-init[1339]: ci-info: +-------+-------------+------------+-----------------+-----------+-------+
Oct  8 08:29:42 amitubuntu1804-test kernel: [    0.579297] NetLabel:  unlabeled traffic allowed by default
Oct  8 08:29:42 amitubuntu1804-test kernel: [    0.584150] clocksource: Switched to clocksource kvm-clock
Oct  8 08:29:42 amitubuntu1804-test kernel: [    0.596392] VFS: Disk quotas dquot_6.6.0
Oct  8 08:29:42 amitubuntu1804-test kernel: [    0.597184] VFS: Dquot-cache hash table entries: 512 (order 0, 4096 bytes)
Oct  8 08:29:42 amitubuntu1804-test kernel: [    0.599027] AppArmor: AppArmor Filesystem Enabled
Oct  8 08:29:42 amitubuntu1804-test kernel: [    0.599808] pnp: PnP ACPI init
Oct  8 08:29:42 amitubuntu1804-test cloud-init[1339]: ci-info: +++++++++++++++++++Route IPv6 info+++++++++++++++++++
Oct  8 08:29:42 amitubuntu1804-test kernel: [    0.600394] pnp 00:00: Plug and Play ACPI device, IDs PNP0b00 (active)
Oct  8 08:29:42 amitubuntu1804-test kernel: [    0.600456] pnp 00:01: Plug and Play ACPI device, IDs PNP0303 (active)
Oct  8 08:29:42 amitubuntu1804-test kernel: [    0.600495] pnp 00:02: Plug and Play ACPI device, IDs PNP0f13 (active)
Oct  8 08:29:42 amitubuntu1804-test kernel: [    0.600542] pnp 00:03: Plug and Play ACPI device, IDs PNP0501 (active)
Oct  8 08:29:42 amitubuntu1804-test kernel: [    0.600580] pnp 00:04: Plug and Play ACPI device, IDs PNP0501 (active)
Oct  8 08:29:42 amitubuntu1804-test kernel: [    0.600616] pnp 00:05: Plug and Play ACPI device, IDs PNP0501 (active)
Oct  8 08:29:42 amitubuntu1804-test cloud-init[1339]: ci-info: +-------+-------------+---------+-----------+-------+
Oct  8 08:29:42 amitubuntu1804-test kernel: [    0.600656] pnp 00:06: Plug and Play ACPI device, IDs PNP0501 (active)
Oct  8 08:29:42 amitubuntu1804-test kernel: [    0.600836] pnp: PnP ACPI: found 7 devices
Oct  8 08:29:42 amitubuntu1804-test cloud-init[1339]: ci-info: | Route | Destination | Gateway | Interface | Flags |
Oct  8 08:29:42 amitubuntu1804-test kernel: [    0.609129] clocksource: acpi_pm: mask: 0xffffff max_cycles: 0xffffff, max_idle_ns: 2085701024 ns
Oct  8 08:29:42 amitubuntu1804-test kernel: [    0.610883] pci_bus 0000:00: resource 4 [io  0x0000-0x0cf7 window]
Oct  8 08:29:42 amitubuntu1804-test kernel: [    0.610885] pci_bus 0000:00: resource 5 [io  0x0d00-0xffff window]
Oct  8 08:29:42 amitubuntu1804-test kernel: [    0.610886] pci_bus 0000:00: resource 6 [mem 0x000a0000-0x000bffff window]
Oct  8 08:29:42 amitubuntu1804-test cloud-init[1339]: ci-info: +-------+-------------+---------+-----------+-------+
Oct  8 08:29:42 amitubuntu1804-test kernel: [    0.610887] pci_bus 0000:00: resource 7 [mem 0xc0000000-0xfebfefff window]
Oct  8 08:29:42 amitubuntu1804-test kernel: [    0.610972] NET: Registered protocol family 2
Oct  8 08:29:42 amitubuntu1804-test cloud-init[1339]: ci-info: |   0   |  fe80::/64  |    ::   |    ens4   |   U   |
Oct  8 08:29:42 amitubuntu1804-test kernel: [    0.612775] TCP established hash table entries: 524288 (order: 10, 4194304 bytes)
Oct  8 08:29:42 amitubuntu1804-test kernel: [    0.615008] TCP bind hash table entries: 65536 (order: 8, 1048576 bytes)
Oct  8 08:29:42 amitubuntu1804-test kernel: [    0.616161] TCP: Hash tables configured (established 524288 bind 65536)
Oct  8 08:29:42 amitubuntu1804-test kernel: [    0.617924] UDP hash table entries: 32768 (order: 8, 1048576 bytes)
Oct  8 08:29:42 amitubuntu1804-test cloud-init[1339]: ci-info: |   2   |   ff00::/8  |    ::   |    ens4   |   U   |
Oct  8 08:29:42 amitubuntu1804-test kernel: [    0.619206] UDP-Lite hash table entries: 32768 (order: 8, 1048576 bytes)
Oct  8 08:29:42 amitubuntu1804-test kernel: [    0.620433] NET: Registered protocol family 1
Oct  8 08:29:42 amitubuntu1804-test kernel: [    0.621217] pci 0000:00:00.0: Limiting direct PCI/PCI transfers
Oct  8 08:29:42 amitubuntu1804-test kernel: [    0.622388] PCI: CLS 0 bytes, default 64
Oct  8 08:29:42 amitubuntu1804-test kernel: [    0.622430] Unpacking initramfs...
Oct  8 08:29:42 amitubuntu1804-test systemd[1]: Started Initial cloud-init job (metadata service crawler).
Oct  8 08:29:42 amitubuntu1804-test kernel: [    0.892551] Freeing initrd memory: 16564K
Oct  8 08:29:42 amitubuntu1804-test kernel: [    0.893748] PCI-DMA: Using software bounce buffering for IO (SWIOTLB)
Oct  8 08:29:42 amitubuntu1804-test kernel: [    0.895026] software IO TLB: mapped [mem 0xb6ff7000-0xbaff7000] (64MB)
Oct  8 08:29:42 amitubuntu1804-test iscsid: iSCSI logger with pid=1466 started!
Oct  8 08:29:42 amitubuntu1804-test cloud-init[1339]: ci-info: +-------+-------------+---------+-----------+-------+
Oct  8 08:29:42 amitubuntu1804-test cloud-init[1339]: Generating public/private rsa key pair.
Oct  8 08:29:42 amitubuntu1804-test cloud-init[1339]: Your identification has been saved in /etc/ssh/ssh_host_rsa_key.
Oct  8 08:29:42 amitubuntu1804-test cloud-init[1339]: Your public key has been saved in /etc/ssh/ssh_host_rsa_key.pub.
Oct  8 08:29:42 amitubuntu1804-test cloud-init[1339]: The key fingerprint is:
Oct  8 08:29:42 amitubuntu1804-test cloud-init[1339]: SHA256:pxTFzom50F4rsEmV55yfiZJ+eE9UFNGAgElFFaGkHQM root@amitubuntu1804-test
Oct  8 08:29:42 amitubuntu1804-test cloud-init[1339]: The key's randomart image is:
Oct  8 08:29:42 amitubuntu1804-test cloud-init[1339]: +---[RSA 2048]----+
Oct  8 08:29:42 amitubuntu1804-test cloud-init[1339]: |       .EOOo++== |
Oct  8 08:29:42 amitubuntu1804-test cloud-init[1339]: |        ==o+..  .|
Oct  8 08:29:42 amitubuntu1804-test cloud-init[1339]: |       ooOoo  .  |
Oct  8 08:29:42 amitubuntu1804-test kernel: [    0.896393] clocksource: tsc: mask: 0xffffffffffffffff max_cycles: 0x1fb6d19e116, max_idle_ns: 440795289897 ns
Oct  8 08:29:42 amitubuntu1804-test kernel: [    0.897978] Scanning for low memory corruption every 60 seconds
Oct  8 08:29:42 amitubuntu1804-test kernel: [    0.899751] Initialise system trusted keyrings
Oct  8 08:29:42 amitubuntu1804-test cloud-init[1339]: |      + +.O  .   |
Oct  8 08:29:42 amitubuntu1804-test kernel: [    0.900703] Key type blacklist registered
Oct  8 08:29:42 amitubuntu1804-test kernel: [    0.901591] workingset: timestamp_bits=36 max_order=24 bucket_order=0
Oct  8 08:29:42 amitubuntu1804-test kernel: [    0.904426] zbud: loaded
Oct  8 08:29:42 amitubuntu1804-test kernel: [    0.905679] squashfs: version 4.0 (2009/01/31) Phillip Lougher
Oct  8 08:29:42 amitubuntu1804-test cloud-init[1339]: |     . *S+.+.o   |
Oct  8 08:29:42 amitubuntu1804-test kernel: [    0.906842] fuse init (API version 7.26)
Oct  8 08:29:42 amitubuntu1804-test kernel: [    0.910789] Key type asymmetric registered
Oct  8 08:29:42 amitubuntu1804-test cloud-init[1339]: |      o.*oo.+    |
Oct  8 08:29:42 amitubuntu1804-test kernel: [    0.911511] Asymmetric key parser 'x509' registered
Oct  8 08:29:42 amitubuntu1804-test kernel: [    0.912268] Block layer SCSI generic (bsg) driver version 0.4 loaded (major 246)
Oct  8 08:29:42 amitubuntu1804-test kernel: [    0.913514] io scheduler noop registered
Oct  8 08:29:42 amitubuntu1804-test kernel: [    0.914402] io scheduler deadline registered
Oct  8 08:29:42 amitubuntu1804-test kernel: [    0.915427] io scheduler cfq registered (default)
Oct  8 08:29:42 amitubuntu1804-test kernel: [    0.916975] intel_idle: Please enable MWAIT in BIOS SETUP
Oct  8 08:29:42 amitubuntu1804-test cloud-init[1339]: |       ..+  .    |
Oct  8 08:29:42 amitubuntu1804-test kernel: [    0.917071] input: Power Button as /devices/LNXSYSTM:00/LNXPWRBN:00/input/input0
Oct  8 08:29:42 amitubuntu1804-test kernel: [    0.918315] ACPI: Power Button [PWRF]
Oct  8 08:29:42 amitubuntu1804-test kernel: [    0.919036] input: Sleep Button as /devices/LNXSYSTM:00/LNXSLPBN:00/input/input1
Oct  8 08:29:42 amitubuntu1804-test cloud-init[1339]: |        o o.     |
Oct  8 08:29:42 amitubuntu1804-test kernel: [    0.920133] ACPI: Sleep Button [SLPF]
Oct  8 08:29:42 amitubuntu1804-test kernel: [    0.924536] ACPI: PCI Interrupt Link [LNKC] enabled at IRQ 11
Oct  8 08:29:42 amitubuntu1804-test kernel: [    0.925519] virtio-pci 0000:00:03.0: virtio_pci: leaving for legacy driver
Oct  8 08:29:42 amitubuntu1804-test kernel: [    0.932075] ACPI: PCI Interrupt Link [LNKD] enabled at IRQ 10
Oct  8 08:29:42 amitubuntu1804-test cloud-init[1339]: |         o ..    |
Oct  8 08:29:42 amitubuntu1804-test kernel: [    0.933128] virtio-pci 0000:00:04.0: virtio_pci: leaving for legacy driver
Oct  8 08:29:42 amitubuntu1804-test kernel: [    0.940195] ACPI: PCI Interrupt Link [LNKA] enabled at IRQ 10
Oct  8 08:29:42 amitubuntu1804-test kernel: [    0.941125] virtio-pci 0000:00:05.0: virtio_pci: leaving for legacy driver
Oct  8 08:29:42 amitubuntu1804-test kernel: [    0.947588] ACPI: PCI Interrupt Link [LNKB] enabled at IRQ 11
Oct  8 08:29:42 amitubuntu1804-test cloud-init[1339]: +----[SHA256]-----+
Oct  8 08:29:42 amitubuntu1804-test kernel: [    0.948623] virtio-pci 0000:00:06.0: virtio_pci: leaving for legacy driver
Oct  8 08:29:42 amitubuntu1804-test kernel: [    0.960957] Serial: 8250/16550 driver, 32 ports, IRQ sharing enabled
Oct  8 08:29:42 amitubuntu1804-test kernel: [    0.983862] 00:03: ttyS0 at I/O 0x3f8 (irq = 4, base_baud = 115200) is a 16550A
Oct  8 08:29:42 amitubuntu1804-test cloud-init[1339]: Generating public/private dsa key pair.
Oct  8 08:29:42 amitubuntu1804-test kernel: [    1.007337] 00:04: ttyS1 at I/O 0x2f8 (irq = 3, base_baud = 115200) is a 16550A
Oct  8 08:29:42 amitubuntu1804-test kernel: [    1.033785] 00:05: ttyS2 at I/O 0x3e8 (irq = 6, base_baud = 115200) is a 16550A
Oct  8 08:29:42 amitubuntu1804-test kernel: [    1.057264] 00:06: ttyS3 at I/O 0x2e8 (irq = 7, base_baud = 115200) is a 16550A
Oct  8 08:29:42 amitubuntu1804-test cloud-init[1339]: Your identification has been saved in /etc/ssh/ssh_host_dsa_key.
Oct  8 08:29:42 amitubuntu1804-test kernel: [    1.060646] Linux agpgart interface v0.103
Oct  8 08:29:42 amitubuntu1804-test kernel: [    1.069927] tpm_tis MSFT0101:00: 2.0 TPM (device-id 0x9009, rev-id 0)
Oct  8 08:29:42 amitubuntu1804-test kernel: [    1.101949] loop: module loaded
Oct  8 08:29:42 amitubuntu1804-test kernel: [    1.119827] scsi host0: Virtio SCSI HBA
Oct  8 08:29:42 amitubuntu1804-test kernel: [    1.131370] libphy: Fixed MDIO Bus: probed
Oct  8 08:29:42 amitubuntu1804-test kernel: [    1.132382] tun: Universal TUN/TAP device driver, 1.6
Oct  8 08:29:42 amitubuntu1804-test kernel: [    1.133340] PPP generic driver version 2.4.2
Oct  8 08:29:42 amitubuntu1804-test kernel: [    1.133515] scsi 0:0:1:0: Direct-Access     Google   PersistentDisk   1    PQ: 0 ANSI: 6
Oct  8 08:29:42 amitubuntu1804-test kernel: [    1.134370] ehci_hcd: USB 2.0 'Enhanced' Host Controller (EHCI) Driver
Oct  8 08:29:42 amitubuntu1804-test kernel: [    1.137553] ehci-pci: EHCI PCI platform driver
Oct  8 08:29:42 amitubuntu1804-test kernel: [    1.138524] ehci-platform: EHCI generic platform driver
Oct  8 08:29:42 amitubuntu1804-test kernel: [    1.139914] ohci_hcd: USB 1.1 'Open' Host Controller (OHCI) Driver
Oct  8 08:29:42 amitubuntu1804-test kernel: [    1.140819] ohci-pci: OHCI PCI platform driver
Oct  8 08:29:42 amitubuntu1804-test kernel: [    1.141518] ohci-platform: OHCI generic platform driver
Oct  8 08:29:42 amitubuntu1804-test kernel: [    1.142681] uhci_hcd: USB Universal Host Controller Interface driver
Oct  8 08:29:42 amitubuntu1804-test kernel: [    1.144256] i8042: PNP: PS/2 Controller [PNP0303:KBD,PNP0f13:MOU] at 0x60,0x64 irq 1,12
Oct  8 08:29:42 amitubuntu1804-test kernel: [    1.146307] i8042: Warning: Keylock active
Oct  8 08:29:42 amitubuntu1804-test kernel: [    1.149194] serio: i8042 KBD port at 0x60,0x64 irq 1
Oct  8 08:29:42 amitubuntu1804-test kernel: [    1.150199] serio: i8042 AUX port at 0x60,0x64 irq 12
Oct  8 08:29:42 amitubuntu1804-test kernel: [    1.151506] mousedev: PS/2 mouse device common for all mice
Oct  8 08:29:42 amitubuntu1804-test kernel: [    1.153375] rtc_cmos 00:00: RTC can wake from S4
Oct  8 08:29:42 amitubuntu1804-test kernel: [    1.154843] rtc_cmos 00:00: rtc core: registered rtc_cmos as rtc0
Oct  8 08:29:42 amitubuntu1804-test kernel: [    1.156553] rtc_cmos 00:00: alarms up to one day, 114 bytes nvram
Oct  8 08:29:42 amitubuntu1804-test kernel: [    1.158248] i2c /dev entries driver
Oct  8 08:29:42 amitubuntu1804-test kernel: [    1.159084] device-mapper: uevent: version 1.0.3
Oct  8 08:29:42 amitubuntu1804-test kernel: [    1.160275] device-mapper: ioctl: 4.37.0-ioctl (2017-09-20) initialised: dm-devel@redhat.com
Oct  8 08:29:42 amitubuntu1804-test kernel: [    1.162845] ledtrig-cpu: registered to indicate activity on CPUs
Oct  8 08:29:42 amitubuntu1804-test kernel: [    1.163937] EFI Variables Facility v0.08 2004-May-17
Oct  8 08:29:42 amitubuntu1804-test kernel: [    1.169228] Netfilter messages via NETLINK v0.30.
Oct  8 08:29:42 amitubuntu1804-test kernel: [    1.170481] nf_conntrack version 0.5.0 (65536 buckets, 262144 max)
Oct  8 08:29:42 amitubuntu1804-test kernel: [    1.172362] ctnetlink v0.93: registering with nfnetlink.
Oct  8 08:29:42 amitubuntu1804-test kernel: [    1.174141] NET: Registered protocol family 10
Oct  8 08:29:42 amitubuntu1804-test kernel: [    1.181010] Segment Routing with IPv6
Oct  8 08:29:42 amitubuntu1804-test kernel: [    1.181899] NET: Registered protocol family 17
Oct  8 08:29:42 amitubuntu1804-test kernel: [    1.183421] Key type dns_resolver registered
Oct  8 08:29:42 amitubuntu1804-test kernel: [    1.186562] mce: Using 32 MCE banks
Oct  8 08:29:42 amitubuntu1804-test kernel: [    1.187458] RAS: Correctable Errors collector initialized.
Oct  8 08:29:42 amitubuntu1804-test kernel: [    1.188721] sched_clock: Marking stable (1188693075, 0)->(2141496076, -952803001)
Oct  8 08:29:42 amitubuntu1804-test kernel: [    1.192172] registered taskstats version 1
Oct  8 08:29:42 amitubuntu1804-test kernel: [    1.193860] Loading compiled-in X.509 certificates
Oct  8 08:29:42 amitubuntu1804-test kernel: [    1.198877] Loaded X.509 cert 'Build time autogenerated kernel key: 0dcda9acc79fbb121ce4d2ba707eb94bcf203e46'
Oct  8 08:29:42 amitubuntu1804-test kernel: [    1.202121] Loaded X.509 cert 'Canonical Ltd. Live Patch Signing: 14df34d1a87cf37625abec039ef2bf521249b969'
Oct  8 08:29:42 amitubuntu1804-test kernel: [    1.205184] Loaded X.509 cert 'Canonical Ltd. Kernel Module Signing: 88f752e560a1e0737e31163a466ad7b70a850c19'
Oct  8 08:29:42 amitubuntu1804-test kernel: [    1.208118] Loaded UEFI:db cert 'Microsoft Corporation UEFI CA 2011: 13adbf4309bd82709c8cd54f316ed522988a1bd4' linked to secondary sys keyring
Oct  8 08:29:42 amitubuntu1804-test kernel: [    1.211599] Loaded UEFI:db cert 'Microsoft Windows Production PCA 2011: a92902398e16c49778cd90f99e4f9ae17c55af53' linked to secondary sys keyring
Oct  8 08:29:42 amitubuntu1804-test kernel: [    1.218275] Loaded UEFI:MokListRT cert 'Canonical Ltd. Master Certificate Authority: ad91990bc22ab1f517048c23b6655a268e345a63' linked to secondary sys keyring
Oct  8 08:29:42 amitubuntu1804-test kernel: [    1.222838] zswap: loaded using pool lzo/zbud
Oct  8 08:29:42 amitubuntu1804-test kernel: [    1.227091] random: fast init done
Oct  8 08:29:42 amitubuntu1804-test kernel: [    1.229118] sd 0:0:1:0: Attached scsi generic sg0 type 0
Oct  8 08:29:42 amitubuntu1804-test kernel: [    1.229350] sd 0:0:1:0: [sda] 314572800 512-byte logical blocks: (161 GB/150 GiB)
Oct  8 08:29:42 amitubuntu1804-test kernel: [    1.230733] Key type big_key registered
Oct  8 08:29:42 amitubuntu1804-test kernel: [    1.231777] sd 0:0:1:0: [sda] 4096-byte physical blocks
Oct  8 08:29:42 amitubuntu1804-test kernel: [    1.232647] Key type trusted registered
Oct  8 08:29:42 amitubuntu1804-test kernel: [    1.235196] sd 0:0:1:0: [sda] Write Protect is off
Oct  8 08:29:42 amitubuntu1804-test kernel: [    1.235272] Key type encrypted registered
Oct  8 08:29:42 amitubuntu1804-test kernel: [    1.236546] sd 0:0:1:0: [sda] Mode Sense: 1f 00 00 08
Oct  8 08:29:42 amitubuntu1804-test kernel: [    1.237457] AppArmor: AppArmor sha1 policy hashing enabled
Oct  8 08:29:42 amitubuntu1804-test kernel: [    1.237573] sd 0:0:1:0: [sda] Write cache: enabled, read cache: enabled, doesn't support DPO or FUA
Oct  8 08:29:42 amitubuntu1804-test kernel: [    1.244373] ima: Allocated hash algorithm: sha1
Oct  8 08:29:42 amitubuntu1804-test kernel: [    1.246463] GPT:Primary header thinks Alt. header is not at the end of the disk.
Oct  8 08:29:42 amitubuntu1804-test kernel: [    1.247758] GPT:4612095 != 314572799
Oct  8 08:29:42 amitubuntu1804-test kernel: [    1.248559] GPT:Alternate GPT header not at the end of the disk.
Oct  8 08:29:42 amitubuntu1804-test kernel: [    1.249741] GPT:4612095 != 314572799
Oct  8 08:29:42 amitubuntu1804-test kernel: [    1.250192] GPT: Use GNU Parted to correct GPT errors.
Oct  8 08:29:42 amitubuntu1804-test kernel: [    1.250917]  sda: sda1 sda14 sda15
Oct  8 08:29:42 amitubuntu1804-test kernel: [    1.252497] sd 0:0:1:0: [sda] Attached SCSI disk
Oct  8 08:29:42 amitubuntu1804-test kernel: [    1.308475] evm: HMAC attrs: 0x1
Oct  8 08:29:42 amitubuntu1804-test kernel: [    1.309665]   Magic number: 9:398:472
Oct  8 08:29:42 amitubuntu1804-test kernel: [    1.310651] acpi LNXSYSTM:00: hash matches
Oct  8 08:29:42 amitubuntu1804-test kernel: [    1.312031] rtc_cmos 00:00: setting system clock to 2021-10-08 08:29:35 UTC (1633681775)
Oct  8 08:29:42 amitubuntu1804-test kernel: [    1.314290] BIOS EDD facility v0.16 2004-Jun-25, 0 devices found
Oct  8 08:29:42 amitubuntu1804-test kernel: [    1.315641] EDD information not available.
Oct  8 08:29:42 amitubuntu1804-test kernel: [    1.791338] Freeing unused kernel image memory: 2448K
Oct  8 08:29:42 amitubuntu1804-test kernel: [    1.792833] input: AT Translated Set 2 keyboard as /devices/platform/i8042/serio0/input/input2
Oct  8 08:29:42 amitubuntu1804-test kernel: [    1.804094] Write protecting the kernel read-only data: 20480k
Oct  8 08:29:42 amitubuntu1804-test kernel: [    1.807234] Freeing unused kernel image memory: 2008K
Oct  8 08:29:42 amitubuntu1804-test kernel: [    1.808787] Freeing unused kernel image memory: 1964K
Oct  8 08:29:42 amitubuntu1804-test kernel: [    1.818752] x86/mm: Checked W+X mappings: passed, no W+X pages found.
Oct  8 08:29:42 amitubuntu1804-test kernel: [    1.820004] x86/mm: Checking user space page tables
Oct  8 08:29:42 amitubuntu1804-test kernel: [    1.829414] x86/mm: Checked W+X mappings: passed, no W+X pages found.
Oct  8 08:29:42 amitubuntu1804-test kernel: [    1.846788] random: systemd-udevd: uninitialized urandom read (16 bytes read)
Oct  8 08:29:42 amitubuntu1804-test kernel: [    1.847673] random: udevadm: uninitialized urandom read (16 bytes read)
Oct  8 08:29:42 amitubuntu1804-test kernel: [    1.847903] random: systemd-udevd: uninitialized urandom read (16 bytes read)
Oct  8 08:29:42 amitubuntu1804-test kernel: [    2.040788] AVX2 version of gcm_enc/dec engaged.
Oct  8 08:29:42 amitubuntu1804-test kernel: [    2.041610] AES CTR mode by8 optimization enabled
Oct  8 08:29:42 amitubuntu1804-test kernel: [    2.057974] virtio_net virtio1 ens4: renamed from eth0
Oct  8 08:29:42 amitubuntu1804-test kernel: [    2.781614] input: ImExPS/2 Generic Explorer Mouse as /devices/platform/i8042/serio1/input/input4
Oct  8 08:29:42 amitubuntu1804-test kernel: [    3.207360] raid6: using default algorithm avx2x4 gen() without performace tests.
Oct  8 08:29:42 amitubuntu1804-test kernel: [    3.209307] raid6: using avx2x2 recovery algorithm
Oct  8 08:29:42 amitubuntu1804-test kernel: [    3.211877] xor: automatically using best checksumming function   avx       
Oct  8 08:29:42 amitubuntu1804-test kernel: [    3.215048] async_tx: api initialized (async)
Oct  8 08:29:42 amitubuntu1804-test kernel: [    3.266025] Btrfs loaded, crc32c=crc32c-intel
Oct  8 08:29:42 amitubuntu1804-test kernel: [    3.344607] EXT4-fs (sda1): mounted filesystem with ordered data mode. Opts: (null)
Oct  8 08:29:42 amitubuntu1804-test kernel: [    4.153779] Loading iSCSI transport class v2.0-870.
Oct  8 08:29:42 amitubuntu1804-test kernel: [    4.166646] iscsi: registered transport (tcp)
Oct  8 08:29:42 amitubuntu1804-test kernel: [    4.183404] EXT4-fs (sda1): re-mounted. Opts: (null)
Oct  8 08:29:42 amitubuntu1804-test kernel: [    4.194905] iscsi: registered transport (iser)
Oct  8 08:29:42 amitubuntu1804-test kernel: [    4.876425] random: crng init done
Oct  8 08:29:42 amitubuntu1804-test kernel: [    4.876427] random: 7 urandom warning(s) missed due to ratelimiting
Oct  8 08:29:42 amitubuntu1804-test kernel: [    5.315492] audit: type=1400 audit(1633681779.500:2): apparmor="STATUS" operation="profile_load" profile="unconfined" name="/usr/bin/lxc-start" pid=987 comm="apparmor_parser"
Oct  8 08:29:42 amitubuntu1804-test kernel: [    5.372314] audit: type=1400 audit(1633681779.560:3): apparmor="STATUS" operation="profile_load" profile="unconfined" name="/usr/lib/lxd/lxd-bridge-proxy" pid=979 comm="apparmor_parser"
Oct  8 08:29:42 amitubuntu1804-test kernel: [    5.383567] audit: type=1400 audit(1633681779.568:4): apparmor="STATUS" operation="profile_load" profile="unconfined" name="/usr/sbin/ntpd" pid=980 comm="apparmor_parser"
Oct  8 08:29:42 amitubuntu1804-test kernel: [    5.393237] audit: type=1400 audit(1633681779.580:5): apparmor="STATUS" operation="profile_load" profile="unconfined" name="/usr/sbin/tcpdump" pid=986 comm="apparmor_parser"
Oct  8 08:29:42 amitubuntu1804-test kernel: [    5.462703] audit: type=1400 audit(1633681779.648:6): apparmor="STATUS" operation="profile_load" profile="unconfined" name="/sbin/dhclient" pid=981 comm="apparmor_parser"
Oct  8 08:29:42 amitubuntu1804-test kernel: [    5.463016] audit: type=1400 audit(1633681779.648:7): apparmor="STATUS" operation="profile_load" profile="unconfined" name="/usr/lib/NetworkManager/nm-dhcp-client.action" pid=981 comm="apparmor_parser"
Oct  8 08:29:42 amitubuntu1804-test kernel: [    5.463336] audit: type=1400 audit(1633681779.648:8): apparmor="STATUS" operation="profile_load" profile="unconfined" name="/usr/lib/NetworkManager/nm-dhcp-helper" pid=981 comm="apparmor_parser"
Oct  8 08:29:42 amitubuntu1804-test kernel: [    5.463658] audit: type=1400 audit(1633681779.648:9): apparmor="STATUS" operation="profile_load" profile="unconfined" name="/usr/lib/connman/scripts/dhclient-script" pid=981 comm="apparmor_parser"
Oct  8 08:29:42 amitubuntu1804-test kernel: [    5.535214] audit: type=1400 audit(1633681779.720:10): apparmor="STATUS" operation="profile_load" profile="unconfined" name="/usr/lib/snapd/snap-confine" pid=985 comm="apparmor_parser"
Oct  8 08:29:42 amitubuntu1804-test kernel: [    5.535383] audit: type=1400 audit(1633681779.720:11): apparmor="STATUS" operation="profile_load" profile="unconfined" name="/usr/lib/snapd/snap-confine//mount-namespace-capture-helper" pid=985 comm="apparmor_parser"
Oct  8 08:29:42 amitubuntu1804-test kernel: [    7.063595] EXT4-fs (sda1): resizing filesystem from 548091 to 39293179 blocks
Oct  8 08:29:42 amitubuntu1804-test kernel: [    7.106254] EXT4-fs (sda1): resized filesystem to 39293179
Oct  8 08:29:42 amitubuntu1804-test kernel: [    8.251762] ip_tables: (C) 2000-2006 Netfilter Core Team
Oct  8 08:29:42 amitubuntu1804-test kernel: [    8.326016] ip6_tables: (C) 2000-2006 Netfilter Core Team
Oct  8 08:29:42 amitubuntu1804-test kernel: [    8.410678] new mount options do not match the existing superblock, will be ignored
Oct  8 08:29:42 amitubuntu1804-test cloud-init[1339]: Your public key has been saved in /etc/ssh/ssh_host_dsa_key.pub.
Oct  8 08:29:42 amitubuntu1804-test cloud-init[1339]: The key fingerprint is:
Oct  8 08:29:42 amitubuntu1804-test cloud-init[1339]: SHA256:RxxlolJ6vaaJnBJkRG9RF24YA5y+SRE5I+zZj8eD/xE root@amitubuntu1804-test
Oct  8 08:29:42 amitubuntu1804-test cloud-init[1339]: The key's randomart image is:
Oct  8 08:29:42 amitubuntu1804-test cloud-init[1339]: +---[DSA 1024]----+
Oct  8 08:29:42 amitubuntu1804-test cloud-init[1339]: |   oo.+*= =oo    |
Oct  8 08:29:42 amitubuntu1804-test cloud-init[1339]: |   .o.B+ X +     |
Oct  8 08:29:42 amitubuntu1804-test cloud-init[1339]: |   .o==++ *      |
Oct  8 08:29:42 amitubuntu1804-test cloud-init[1339]: |   oo.+o o .     |
Oct  8 08:29:42 amitubuntu1804-test cloud-init[1339]: |    .. BS E      |
Oct  8 08:29:42 amitubuntu1804-test cloud-init[1339]: |     o=o== .     |
Oct  8 08:29:42 amitubuntu1804-test cloud-init[1339]: |    . +oo..      |
Oct  8 08:29:42 amitubuntu1804-test cloud-init[1339]: |     .  .  .     |
Oct  8 08:29:42 amitubuntu1804-test cloud-init[1339]: |         ..      |
Oct  8 08:29:42 amitubuntu1804-test cloud-init[1339]: +----[SHA256]-----+
Oct  8 08:29:44 amitubuntu1804-test cloud-init[1339]: Generating public/private ecdsa key pair.
Oct  8 08:29:45 amitubuntu1804-test cloud-init[1339]: Your identification has been saved in /etc/ssh/ssh_host_ecdsa_key.
Oct  8 08:29:45 amitubuntu1804-test cloud-init[1339]: Your public key has been saved in /etc/ssh/ssh_host_ecdsa_key.pub.
Oct  8 08:29:45 amitubuntu1804-test cloud-init[1339]: The key fingerprint is:
Oct  8 08:29:45 amitubuntu1804-test cloud-init[1339]: SHA256:+qxMzGtIAYHuWM8mr0QJrE+gM3pf+kKk09NoziHxceo root@amitubuntu1804-test
Oct  8 08:29:45 amitubuntu1804-test cloud-init[1339]: The key's randomart image is:
Oct  8 08:29:45 amitubuntu1804-test cloud-init[1339]: +---[ECDSA 256]---+
Oct  8 08:29:45 amitubuntu1804-test cloud-init[1339]: | ...             |
Oct  8 08:29:45 amitubuntu1804-test cloud-init[1339]: |o .              |
Oct  8 08:29:45 amitubuntu1804-test cloud-init[1339]: |+. .             |
Oct  8 08:29:45 amitubuntu1804-test cloud-init[1339]: |o+o.+ .          |
Oct  8 08:29:45 amitubuntu1804-test cloud-init[1339]: |B.+O B  S        |
Oct  8 08:29:45 amitubuntu1804-test cloud-init[1339]: |oB= #o..         |
Oct  8 08:29:45 amitubuntu1804-test cloud-init[1339]: |. +& +*          |
Oct  8 08:29:46 amitubuntu1804-test cloud-init[1339]: | o .E=.+         |
Oct  8 08:29:46 amitubuntu1804-test cloud-init[1339]: |  ..o+=.o        |
Oct  8 08:29:47 amitubuntu1804-test cloud-init[1339]: +----[SHA256]-----+
Oct  8 08:29:47 amitubuntu1804-test cloud-init[1339]: Generating public/private ed25519 key pair.
Oct  8 08:29:47 amitubuntu1804-test cloud-init[1339]: Your identification has been saved in /etc/ssh/ssh_host_ed25519_key.
Oct  8 08:29:47 amitubuntu1804-test cloud-init[1339]: Your public key has been saved in /etc/ssh/ssh_host_ed25519_key.pub.
Oct  8 08:29:48 amitubuntu1804-test cloud-init[1339]: The key fingerprint is:
Oct  8 08:29:48 amitubuntu1804-test cloud-init[1339]: SHA256:zpMR0tt9NHp1jXac9lvz05d9B9UcoNRacgliJdvOyQI root@amitubuntu1804-test
Oct  8 08:29:49 amitubuntu1804-test cloud-init[1339]: The key's randomart image is:
Oct  8 08:29:49 amitubuntu1804-test cloud-init[1339]: +--[ED25519 256]--+
Oct  8 08:29:49 amitubuntu1804-test cloud-init[1339]: |         +.+o.o. |
Oct  8 08:29:49 amitubuntu1804-test cloud-init[1339]: |       .. *..= +=|
Oct  8 08:29:49 amitubuntu1804-test cloud-init[1339]: |      .Eo. o= =oX|
Oct  8 08:29:49 amitubuntu1804-test cloud-init[1339]: |       ..++o.+.=o|
Oct  8 08:29:49 amitubuntu1804-test systemd[1]: Reached target Network is Online.
Oct  8 08:29:49 amitubuntu1804-test dbus[1530]: [system] AppArmor D-Bus mediation is enabled
Oct  8 08:29:49 amitubuntu1804-test cloud-init[1339]: |        S..=o +.o|
Oct  8 08:29:49 amitubuntu1804-test cloud-init[1339]: |       o o.  o .O|
Oct  8 08:29:49 amitubuntu1804-test cloud-init[1339]: |        =      +B|
Oct  8 08:29:49 amitubuntu1804-test cloud-init[1339]: |         .      =|
Oct  8 08:29:49 amitubuntu1804-test cloud-init[1339]: |                 |
Oct  8 08:29:49 amitubuntu1804-test cloud-init[1339]: +----[SHA256]-----+
Oct  8 08:29:49 amitubuntu1804-test systemd[1]: Starting iSCSI initiator daemon (iscsid)...
Oct  8 08:29:49 amitubuntu1804-test dbus[1530]: [system] Activating via systemd: service name='org.freedesktop.PolicyKit1' unit='polkitd.service'
Oct  8 08:29:49 amitubuntu1804-test systemd[1]: Reached target Cloud-config availability.
Oct  8 08:29:49 amitubuntu1804-test cron[1581]: (CRON) INFO (pidfile fd = 3)
Oct  8 08:29:49 amitubuntu1804-test systemd[1]: Reached target System Initialization.
Oct  8 08:29:49 amitubuntu1804-test cron[1581]: (CRON) INFO (Running @reboot jobs)
Oct  8 08:29:49 amitubuntu1804-test systemd[1]: Started Daily Cleanup of Temporary Directories.
Oct  8 08:29:49 amitubuntu1804-test OSConfigAgent[1545]: 2021-10-08T08:29:42.6125Z OSConfigAgent Info: OSConfig Agent (version 20210219.00-0ubuntu1~16.04.0) started.
Oct  8 08:29:49 amitubuntu1804-test systemd[1]: Started Daily apt download activities.
Oct  8 08:29:49 amitubuntu1804-test acpid: starting up with netlink and the input layer
Oct  8 08:29:49 amitubuntu1804-test systemd[1]: Listening on UUID daemon activation socket.
Oct  8 08:29:49 amitubuntu1804-test acpid: 1 rule loaded
Oct  8 08:29:49 amitubuntu1804-test systemd[1]: Started ACPI Events Check.
Oct  8 08:29:49 amitubuntu1804-test acpid: waiting for events: event logging is off
Oct  8 08:29:49 amitubuntu1804-test systemd[1]: Reached target Paths.
Oct  8 08:29:49 amitubuntu1804-test oslogin_cache_refresh[1629]: Refreshing passwd entry cache
Oct  8 08:29:49 amitubuntu1804-test systemd[1]: Starting LXD - unix socket.
Oct  8 08:29:49 amitubuntu1804-test oslogin_cache_refresh[1629]: Refreshing group entry cache
Oct  8 08:29:49 amitubuntu1804-test systemd[1]: Starting Socket activation for snappy daemon.
Oct  8 08:29:49 amitubuntu1804-test iscsid: iSCSI daemon with pid=1468 started!
Oct  8 08:29:49 amitubuntu1804-test systemd[1]: Listening on D-Bus System Message Bus Socket.
Oct  8 08:29:49 amitubuntu1804-test pollinate[1775]: client sent challenge to [https://entropy.ubuntu.com/]
Oct  8 08:29:49 amitubuntu1804-test lxcfs[1593]: hierarchies:
Oct  8 08:29:49 amitubuntu1804-test lxcfs[1593]:   0: fd:   5: cpuset
Oct  8 08:29:49 amitubuntu1804-test lxcfs[1593]:   1: fd:   6: perf_event
Oct  8 08:29:49 amitubuntu1804-test lxcfs[1593]:   2: fd:   7: blkio
Oct  8 08:29:49 amitubuntu1804-test lxcfs[1593]:   3: fd:   8: freezer
Oct  8 08:29:49 amitubuntu1804-test lxcfs[1593]:   4: fd:   9: rdma
Oct  8 08:29:49 amitubuntu1804-test lxcfs[1593]:   5: fd:  10: cpu,cpuacct
Oct  8 08:29:49 amitubuntu1804-test lxcfs[1593]:   6: fd:  11: hugetlb
Oct  8 08:29:49 amitubuntu1804-test lxcfs[1593]:   7: fd:  12: net_cls,net_prio
Oct  8 08:29:49 amitubuntu1804-test lxcfs[1593]:   8: fd:  13: memory
Oct  8 08:29:49 amitubuntu1804-test lxcfs[1593]:   9: fd:  14: pids
Oct  8 08:29:49 amitubuntu1804-test lxcfs[1593]:  10: fd:  15: devices
Oct  8 08:29:49 amitubuntu1804-test lxcfs[1593]:  11: fd:  16: name=systemd
Oct  8 08:29:49 amitubuntu1804-test systemd[1]: Started Daily apt upgrade and clean activities.
Oct  8 08:29:49 amitubuntu1804-test pollinate[1775]: client verified challenge/response with [https://entropy.ubuntu.com/]
Oct  8 08:29:49 amitubuntu1804-test google_oslogin_nss_cache[1629]: oslogin_cache_refresh[1629]: Refreshing passwd entry cache
Oct  8 08:29:49 amitubuntu1804-test google_oslogin_nss_cache[1629]: oslogin_cache_refresh[1629]: Refreshing group entry cache
Oct  8 08:29:49 amitubuntu1804-test systemd[1]: Started Message of the Day.
Oct  8 08:29:49 amitubuntu1804-test pollinate[1775]: client hashed response from [https://entropy.ubuntu.com/]
Oct  8 08:29:49 amitubuntu1804-test systemd[1]: Started Ubuntu Advantage update messaging.
Oct  8 08:29:49 amitubuntu1804-test pollinate[1775]: client successfully seeded [/dev/urandom]
Oct  8 08:29:49 amitubuntu1804-test systemd[1]: Started NSS cache refresh timer.
Oct  8 08:29:49 amitubuntu1804-test snapd[1700]: AppArmor status: apparmor is enabled and all features are available
Oct  8 08:29:49 amitubuntu1804-test snapd[1700]: daemon.go:347: started snapd/2.48.3 (series 16; classic) ubuntu/16.04 (amd64) linux/4.15.0-1098-gcp.
Oct  8 08:29:49 amitubuntu1804-test snapd[1700]: daemon.go:440: adjusting startup timeout by 30s (pessimistic estimate of 30s plus 5s per snap)
Oct  8 08:29:49 amitubuntu1804-test snapd[1700]: helpers.go:105: error trying to compare the snap system key: system-key missing on disk
Oct  8 08:29:49 amitubuntu1804-test systemd[1]: Reached target Timers.
Oct  8 08:29:49 amitubuntu1804-test systemd[1]: Listening on ACPID Listen Socket.
Oct  8 08:29:49 amitubuntu1804-test systemd[1]: Listening on LXD - unix socket.
Oct  8 08:29:49 amitubuntu1804-test systemd[1]: Listening on Socket activation for snappy daemon.
Oct  8 08:29:49 amitubuntu1804-test sshguard[1851]: Chain INPUT (policy ACCEPT)
Oct  8 08:29:49 amitubuntu1804-test sshguard[1851]: target     prot opt source               destination
Oct  8 08:29:49 amitubuntu1804-test sshguard[1851]: sshguard   all  --  0.0.0.0/0            0.0.0.0/0
Oct  8 08:29:49 amitubuntu1804-test sshguard[1851]: Chain FORWARD (policy ACCEPT)
Oct  8 08:29:49 amitubuntu1804-test sshguard[1851]: target     prot opt source               destination
Oct  8 08:29:49 amitubuntu1804-test sshguard[1851]: Chain OUTPUT (policy ACCEPT)
Oct  8 08:29:49 amitubuntu1804-test sshguard[1851]: target     prot opt source               destination
Oct  8 08:29:49 amitubuntu1804-test sshguard[1851]: Chain sshguard (1 references)
Oct  8 08:29:49 amitubuntu1804-test sshguard[1851]: target     prot opt source               destination
Oct  8 08:29:49 amitubuntu1804-test systemd[1]: Started iSCSI initiator daemon (iscsid).
Oct  8 08:29:49 amitubuntu1804-test systemd[1]: Starting Login to default iSCSI targets...
Oct  8 08:29:49 amitubuntu1804-test systemd[1]: Reached target Sockets.
Oct  8 08:29:49 amitubuntu1804-test systemd[1]: Reached target Basic System.
Oct  8 08:29:49 amitubuntu1804-test systemd[1]: Started Deferred execution scheduler.
Oct  8 08:29:49 amitubuntu1804-test systemd[1]: Starting /etc/rc.local Compatibility...
Oct  8 08:29:49 amitubuntu1804-test systemd[1]: Starting Accounts Service...
Oct  8 08:29:49 amitubuntu1804-test systemd[1]: Starting SSHGuard...
Oct  8 08:29:49 amitubuntu1804-test systemd[1]: Started D-Bus System Message Bus.
Oct  8 08:29:49 amitubuntu1804-test systemd[1]: Started Google OSConfig Agent.
Oct  8 08:29:49 amitubuntu1804-test systemd[1]: Starting LSB: Record successful boot for GRUB...
Oct  8 08:29:49 amitubuntu1804-test systemd[1]: Started Regular background program processing daemon.
Oct  8 08:29:49 amitubuntu1804-test systemd[1]: Started FUSE filesystem for LXC.
Oct  8 08:29:49 amitubuntu1804-test systemd[1]: Started ACPI event daemon.
Oct  8 08:29:49 amitubuntu1804-test systemd[1]: Starting NSS cache refresh...
Oct  8 08:29:49 amitubuntu1804-test systemd[1]: Starting System Logging Service...
Oct  8 08:29:49 amitubuntu1804-test systemd[1]: Starting LSB: MD monitoring daemon...
Oct  8 08:29:49 amitubuntu1804-test systemd[1]: Starting Login Service...
Oct  8 08:29:49 amitubuntu1804-test systemd[1]: Starting Snap Daemon...
Oct  8 08:29:49 amitubuntu1804-test systemd[1]: Starting Pollinate to seed the pseudo random number generator...
Oct  8 08:29:49 amitubuntu1804-test systemd[1]: Starting LXD - container startup/shutdown...
Oct  8 08:29:49 amitubuntu1804-test mdadm[1662]:  * Starting MD monitoring service mdadm --monitor
Oct  8 08:29:49 amitubuntu1804-test systemd[1]: Started System Logging Service.
Oct  8 08:29:49 amitubuntu1804-test systemd[1]: Started Snap Daemon.
Oct  8 08:29:49 amitubuntu1804-test systemd[1]: Started /etc/rc.local Compatibility.
Oct  8 08:29:49 amitubuntu1804-test systemd[1]: Started SSHGuard.
Oct  8 08:29:49 amitubuntu1804-test systemd[1]: Started NSS cache refresh.
Oct  8 08:29:49 amitubuntu1804-test systemd[1]: Started Pollinate to seed the pseudo random number generator.
Oct  8 08:29:49 amitubuntu1804-test systemd[1]: Started LXD - container startup/shutdown.
Oct  8 08:29:49 amitubuntu1804-test systemd[1]: Starting Authenticate and Authorize Users to Run Privileged Tasks...
Oct  8 08:29:49 amitubuntu1804-test iscsiadm[1871]: iscsiadm: No records found
Oct  8 08:29:49 amitubuntu1804-test mdadm[1662]:    ...done.
Oct  8 08:29:49 amitubuntu1804-test polkitd[1885]: started daemon version 0.105 using authority implementation `local' version `0.105'
Oct  8 08:29:49 amitubuntu1804-test dbus[1530]: [system] Successfully activated service 'org.freedesktop.PolicyKit1'
Oct  8 08:29:49 amitubuntu1804-test accounts-daemon[1497]: started daemon version 0.6.40
Oct  8 08:29:49 amitubuntu1804-test snapd[1700]: daemon.go:589: gracefully waiting for running hooks
Oct  8 08:29:49 amitubuntu1804-test snapd[1700]: daemon.go:591: done waiting for running hooks
Oct  8 08:29:49 amitubuntu1804-test snapd[1700]: daemon stop requested to wait for socket activation
Oct  8 08:29:49 amitubuntu1804-test systemd[1]: Starting Wait until snapd is fully seeded...
Oct  8 08:29:50 amitubuntu1804-test systemd[1]: Started Google Compute Engine Guest Agent.
Oct  8 08:29:50 amitubuntu1804-test systemd[1]: Starting OpenBSD Secure Shell server...
Oct  8 08:29:50 amitubuntu1804-test systemd[1]: Starting Google Compute Engine Shutdown Scripts...
Oct  8 08:29:50 amitubuntu1804-test systemd[1]: Started LSB: Record successful boot for GRUB.
Oct  8 08:29:50 amitubuntu1804-test systemd[1]: Started LSB: MD monitoring daemon.
Oct  8 08:29:50 amitubuntu1804-test GCEGuestAgent[1931]: 2021-10-08T08:29:50.2721Z GCEGuestAgent Info: GCE Agent Started (version 20201217.02-0ubuntu1~16.04.0)
Oct  8 08:29:50 amitubuntu1804-test GCEGuestAgent[1931]: 2021-10-08T08:29:50.4291Z GCEGuestAgent Info: Instance ID changed, running first-boot actions
Oct  8 08:29:50 amitubuntu1804-test dhclient[2106]: Internet Systems Consortium DHCP Client 4.3.3
Oct  8 08:29:50 amitubuntu1804-test dhclient[2106]: Copyright 2004-2015 Internet Systems Consortium.
Oct  8 08:29:50 amitubuntu1804-test dhclient[2106]: All rights reserved.
Oct  8 08:29:50 amitubuntu1804-test dhclient[2106]: For info, please visit https://www.isc.org/software/dhcp/
Oct  8 08:29:50 amitubuntu1804-test dhclient[2106]: 
Oct  8 08:29:50 amitubuntu1804-test dhclient[2106]: Listening on Socket/ens4
Oct  8 08:29:50 amitubuntu1804-test dhclient[2106]: Sending on   Socket/ens4
Oct  8 08:29:50 amitubuntu1804-test dhclient[2106]: Created duid \000\001\000\001(\362\275\376B\001\012\200\000\013.
Oct  8 08:29:50 amitubuntu1804-test GCEGuestAgent[1931]: 2021-10-08T08:29:50.4479Z GCEGuestAgent Info: Created google sudoers file
Oct  8 08:29:50 amitubuntu1804-test GCEGuestAgent[1931]: 2021-10-08T08:29:50.4482Z GCEGuestAgent Info: Creating user test.
Oct  8 08:29:50 amitubuntu1804-test systemd[1]: Started Google Compute Engine Shutdown Scripts.
Oct  8 08:29:50 amitubuntu1804-test systemd[1]: Started Login to default iSCSI targets.
Oct  8 08:29:50 amitubuntu1804-test systemd[1]: Started Login Service.
Oct  8 08:29:50 amitubuntu1804-test systemd[1]: Started Authenticate and Authorize Users to Run Privileged Tasks.
Oct  8 08:29:50 amitubuntu1804-test systemd[1]: Started Accounts Service.
Oct  8 08:29:50 amitubuntu1804-test systemd[1]: Starting Snap Daemon...
Oct  8 08:29:50 amitubuntu1804-test systemd[1]: Started Unattended Upgrades Shutdown.
Oct  8 08:29:50 amitubuntu1804-test systemd[1]: Reached target Remote File Systems (Pre).
Oct  8 08:29:50 amitubuntu1804-test systemd[1]: Reached target Remote File Systems.
Oct  8 08:29:50 amitubuntu1804-test systemd[1]: Starting LSB: Set the CPU Frequency Scaling governor to "ondemand"...
Oct  8 08:29:50 amitubuntu1804-test systemd[1]: Starting LSB: Start NTP daemon...
Oct  8 08:29:50 amitubuntu1804-test systemd[1]: Starting Permit User Sessions...
Oct  8 08:29:50 amitubuntu1804-test systemd[1]: Starting LSB: automatic crash report generation...
Oct  8 08:29:50 amitubuntu1804-test systemd[1]: Started OpenBSD Secure Shell server.
Oct  8 08:29:50 amitubuntu1804-test systemd[1]: Started Permit User Sessions.
Oct  8 08:29:50 amitubuntu1804-test snapd[2135]: AppArmor status: apparmor is enabled and all features are available
Oct  8 08:29:50 amitubuntu1804-test systemd[1]: Started LSB: Set the CPU Frequency Scaling governor to "ondemand".
Oct  8 08:29:50 amitubuntu1804-test ntp[2146]:  * Starting NTP server ntpd
Oct  8 08:29:50 amitubuntu1804-test systemd[1]: Stopping OpenBSD Secure Shell server...
Oct  8 08:29:50 amitubuntu1804-test systemd[1]: Starting Terminate Plymouth Boot Screen...
Oct  8 08:29:50 amitubuntu1804-test systemd[1]: Starting Hold until boot process finishes up...
Oct  8 08:29:50 amitubuntu1804-test apport[2156]:  * Starting automatic crash report generation: apport
Oct  8 08:29:50 amitubuntu1804-test apport[2156]:    ...done.
Oct  8 08:29:50 amitubuntu1804-test snapd[2135]: patch.go:64: Patching system state level 6 to sublevel 1...
Oct  8 08:29:50 amitubuntu1804-test ntpd[2204]: ntpd 4.2.8p4@1.3265-o Tue Jan  7 15:08:23 UTC 2020 (1): Starting
Oct  8 08:29:50 amitubuntu1804-test ntpd[2204]: Command line: /usr/sbin/ntpd -p /var/run/ntpd.pid -g -c /var/lib/ntp/ntp.conf.dhcp -u 112:116
Oct  8 08:29:50 amitubuntu1804-test ntp[2146]:    ...done.
Oct  8 08:29:50 amitubuntu1804-test snapd[2135]: patch.go:64: Patching system state level 6 to sublevel 2...
Oct  8 08:29:50 amitubuntu1804-test ntpd[2239]: proto: precision = 0.064 usec (-24)
Oct  8 08:29:50 amitubuntu1804-test ntpd[2239]: Listen and drop on 0 v6wildcard [::]:123
Oct  8 08:29:50 amitubuntu1804-test ntpd[2239]: Listen and drop on 1 v4wildcard 0.0.0.0:123
Oct  8 08:29:50 amitubuntu1804-test ntpd[2239]: Listen normally on 2 lo 127.0.0.1:123
Oct  8 08:29:50 amitubuntu1804-test ntpd[2239]: Listen normally on 3 ens4 10.128.0.11:123
Oct  8 08:29:50 amitubuntu1804-test ntpd[2239]: Listen normally on 4 lo [::1]:123
Oct  8 08:29:50 amitubuntu1804-test ntpd[2239]: Listen normally on 5 ens4 [fe80::4001:aff:fe80:b%2]:123
Oct  8 08:29:50 amitubuntu1804-test ntpd[2239]: Listening on routing socket on fd #22 for interface updates
Oct  8 08:29:50 amitubuntu1804-test snapd[2135]: patch.go:64: Patching system state level 6 to sublevel 3...
Oct  8 08:29:50 amitubuntu1804-test snapd[2135]: daemon.go:347: started snapd/2.48.3 (series 16; classic) ubuntu/16.04 (amd64) linux/4.15.0-1098-gcp.
Oct  8 08:29:50 amitubuntu1804-test GCEGuestAgent[1931]: 2021-10-08T08:29:50.6635Z GCEGuestAgent Info: Updating keys for user test.
Oct  8 08:29:50 amitubuntu1804-test GCEGuestAgent[1931]: 2021-10-08T08:29:50.6639Z GCEGuestAgent Info: Adding existing user root to google-sudoers group.
Oct  8 08:29:50 amitubuntu1804-test snapd[2135]: daemon.go:440: adjusting startup timeout by 30s (pessimistic estimate of 30s plus 5s per snap)
Oct  8 08:29:50 amitubuntu1804-test GCEGuestAgent[1931]: 2021-10-08T08:29:50.6768Z GCEGuestAgent Info: Updating keys for user root.
Oct  8 08:29:50 amitubuntu1804-test GCEGuestAgent[1931]: 2021-10-08T08:29:50.6772Z GCEGuestAgent Info: Creating user pravin.
Oct  8 08:29:50 amitubuntu1804-test GCEGuestAgent[1931]: 2021-10-08T08:29:50.8668Z GCEGuestAgent Info: Updating keys for user pravin.
Oct  8 08:29:50 amitubuntu1804-test GCEGuestAgent[1931]: 2021-10-08T08:29:50.8671Z GCEGuestAgent Info: Creating user demo.
Oct  8 08:29:50 amitubuntu1804-test systemd[1]: Started Snap Daemon.
Oct  8 08:29:50 amitubuntu1804-test systemd[1]: Started Wait until snapd is fully seeded.
Oct  8 08:29:50 amitubuntu1804-test systemd[1]: Stopped OpenBSD Secure Shell server.
Oct  8 08:29:50 amitubuntu1804-test systemd[1]: Started LSB: Start NTP daemon.
Oct  8 08:29:50 amitubuntu1804-test systemd[1]: Started LSB: automatic crash report generation.
Oct  8 08:29:50 amitubuntu1804-test systemd[1]: Started Terminate Plymouth Boot Screen.
Oct  8 08:29:50 amitubuntu1804-test systemd[1]: Started Hold until boot process finishes up.
Oct  8 08:29:50 amitubuntu1804-test systemd[1]: Starting Set console scheme...
Oct  8 08:29:50 amitubuntu1804-test systemd[1]: Started Getty on tty1.
Oct  8 08:29:50 amitubuntu1804-test systemd[1]: Started Serial Getty on ttyS0.
Oct  8 08:29:51 amitubuntu1804-test GCEGuestAgent[1931]: 2021-10-08T08:29:51.0690Z GCEGuestAgent Info: Updating keys for user demo.
Oct  8 08:29:51 amitubuntu1804-test GCEGuestAgent[1931]: 2021-10-08T08:29:51.0693Z GCEGuestAgent Info: Creating user c2c_gce.
Oct  8 08:29:51 amitubuntu1804-test systemd[1]: Reached target Login Prompts.
Oct  8 08:29:51 amitubuntu1804-test systemd[1]: Starting OpenBSD Secure Shell server...
Oct  8 08:29:51 amitubuntu1804-test systemd[1]: Starting Apply the settings specified in cloud-config...
Oct  8 08:29:51 amitubuntu1804-test systemd[1]: Started Set console scheme.
Oct  8 08:29:51 amitubuntu1804-test systemd[1]: Started OpenBSD Secure Shell server.
Oct  8 08:29:51 amitubuntu1804-test systemd[1]: Reached target Multi-User System.
Oct  8 08:29:51 amitubuntu1804-test systemd[1]: Reached target Graphical Interface.
Oct  8 08:29:51 amitubuntu1804-test systemd[1]: Starting Update UTMP about System Runlevel Changes...
Oct  8 08:29:51 amitubuntu1804-test GCEGuestAgent[1931]: 2021-10-08T08:29:51.2672Z GCEGuestAgent Info: Updating keys for user c2c_gce.
Oct  8 08:29:51 amitubuntu1804-test systemd[1]: Started Update UTMP about System Runlevel Changes.
Oct  8 08:29:51 amitubuntu1804-test systemd[1]: Stopping Login Service...
Oct  8 08:29:51 amitubuntu1804-test systemd[1]: Stopped Login Service.
Oct  8 08:29:51 amitubuntu1804-test systemd[1]: Starting Login Service...
Oct  8 08:29:51 amitubuntu1804-test systemd[1]: Started Login Service.
Oct  8 08:29:51 amitubuntu1804-test systemd[1]: Stopping Regular background program processing daemon...
Oct  8 08:29:51 amitubuntu1804-test systemd[1]: Stopped Regular background program processing daemon.
Oct  8 08:29:51 amitubuntu1804-test systemd[1]: Started Regular background program processing daemon.
Oct  8 08:29:51 amitubuntu1804-test cron[2577]: (CRON) INFO (pidfile fd = 3)
Oct  8 08:29:51 amitubuntu1804-test cron[2577]: (CRON) INFO (Skipping @reboot jobs -- not system startup)
Oct  8 08:29:51 amitubuntu1804-test cloud-init[2522]: Generating locales (this might take a while)...
Oct  8 08:29:52 amitubuntu1804-test cloud-init[2522]:   en_US.UTF-8... done
Oct  8 08:29:52 amitubuntu1804-test cloud-init[2522]: Generation complete.
Oct  8 08:29:52 amitubuntu1804-test cloud-init[2522]: Cloud-init v. 21.1-19-gbad84ad4-0ubuntu1~16.04.2 running 'modules:config' at Fri, 08 Oct 2021 08:29:51 +0000. Up 17.34 seconds.
Oct  8 08:29:52 amitubuntu1804-test systemd[1]: Started Apply the settings specified in cloud-config.
Oct  8 08:29:52 amitubuntu1804-test systemd[1]: Starting Execute cloud user/final scripts...
Oct  8 08:29:53 amitubuntu1804-test ec2: 
Oct  8 08:29:53 amitubuntu1804-test ec2: #############################################################
Oct  8 08:29:53 amitubuntu1804-test ec2: -----BEGIN SSH HOST KEY FINGERPRINTS-----
Oct  8 08:29:53 amitubuntu1804-test ec2: 1024 SHA256:RxxlolJ6vaaJnBJkRG9RF24YA5y+SRE5I+zZj8eD/xE root@amitubuntu1804-test (DSA)
Oct  8 08:29:53 amitubuntu1804-test ec2: 256 SHA256:+qxMzGtIAYHuWM8mr0QJrE+gM3pf+kKk09NoziHxceo root@amitubuntu1804-test (ECDSA)
Oct  8 08:29:53 amitubuntu1804-test ec2: 256 SHA256:zpMR0tt9NHp1jXac9lvz05d9B9UcoNRacgliJdvOyQI root@amitubuntu1804-test (ED25519)
Oct  8 08:29:53 amitubuntu1804-test ec2: 2048 SHA256:pxTFzom50F4rsEmV55yfiZJ+eE9UFNGAgElFFaGkHQM root@amitubuntu1804-test (RSA)
Oct  8 08:29:53 amitubuntu1804-test ec2: -----END SSH HOST KEY FINGERPRINTS-----
Oct  8 08:29:53 amitubuntu1804-test ec2: #############################################################
Oct  8 08:29:53 amitubuntu1804-test cloud-init[2644]: Cloud-init v. 21.1-19-gbad84ad4-0ubuntu1~16.04.2 running 'modules:final' at Fri, 08 Oct 2021 08:29:53 +0000. Up 18.90 seconds.
Oct  8 08:29:53 amitubuntu1804-test cloud-init[2644]: ci-info: no authorized SSH keys fingerprints found for user ubuntu.
Oct  8 08:29:53 amitubuntu1804-test cloud-init[2644]: Cloud-init v. 21.1-19-gbad84ad4-0ubuntu1~16.04.2 finished at Fri, 08 Oct 2021 08:29:53 +0000. Datasource DataSourceGCE.  Up 19.04 seconds
Oct  8 08:29:53 amitubuntu1804-test systemd[1]: Started Execute cloud user/final scripts.
Oct  8 08:29:53 amitubuntu1804-test systemd[1]: Reached target Cloud-init target.
Oct  8 08:29:53 amitubuntu1804-test systemd[1]: Starting Google Compute Engine Startup Scripts...
Oct  8 08:29:53 amitubuntu1804-test GCEMetadataScripts[2679]: 2021/10/08 08:29:53 GCEMetadataScripts: Starting startup scripts (version 20201217.02-0ubuntu1~16.04.0).
Oct  8 08:29:53 amitubuntu1804-test GCEMetadataScripts[2679]: 2021/10/08 08:29:53 GCEMetadataScripts: No startup scripts to run.
Oct  8 08:29:53 amitubuntu1804-test systemd[1]: Started Google Compute Engine Startup Scripts.
Oct  8 08:29:53 amitubuntu1804-test systemd[1]: Startup finished in 3.492s (kernel) + 15.697s (userspace) = 19.189s.
Oct  8 08:29:55 amitubuntu1804-test snapd[2135]: daemon.go:589: gracefully waiting for running hooks
Oct  8 08:29:55 amitubuntu1804-test snapd[2135]: daemon.go:591: done waiting for running hooks
Oct  8 08:29:55 amitubuntu1804-test snapd[2135]: daemon stop requested to wait for socket activation
Oct  8 08:29:58 amitubuntu1804-test systemd[1]: Time has been changed
Oct  8 08:30:06 amitubuntu1804-test systemd[1]: Created slice User Slice of root.
Oct  8 08:30:06 amitubuntu1804-test systemd[1]: Starting User Manager for UID 0...
Oct  8 08:30:06 amitubuntu1804-test systemd[1]: Started Session 1 of user root.
Oct  8 08:30:06 amitubuntu1804-test systemd[2740]: Reached target Timers.
Oct  8 08:30:06 amitubuntu1804-test systemd[2740]: Listening on REST API socket for snapd user session agent.
Oct  8 08:30:06 amitubuntu1804-test systemd[2740]: Reached target Sockets.
Oct  8 08:30:06 amitubuntu1804-test systemd[2740]: Reached target Paths.
Oct  8 08:30:06 amitubuntu1804-test systemd[2740]: Reached target Basic System.
Oct  8 08:30:06 amitubuntu1804-test systemd[2740]: Reached target Default.
Oct  8 08:30:06 amitubuntu1804-test systemd[2740]: Startup finished in 20ms.
Oct  8 08:30:06 amitubuntu1804-test systemd[1]: Started User Manager for UID 0.
Oct  8 08:30:08 amitubuntu1804-test systemd[1]: Started Session 2 of user root.
Oct  8 08:34:59 amitubuntu1804-test ntpd[2239]: kernel reports TIME_ERROR: 0x41: Clock Unsynchronized
Oct  8 08:36:42 amitubuntu1804-test systemd[1]: Reloading.
Oct  8 08:36:42 amitubuntu1804-test systemd[1]: Started ACPI event daemon.
Oct  8 08:36:43 amitubuntu1804-test systemd[1]: Reloading.
Oct  8 08:36:43 amitubuntu1804-test systemd[1]: Started ACPI event daemon.
Oct  8 08:36:43 amitubuntu1804-test systemd[1]: Reloading.
Oct  8 08:36:43 amitubuntu1804-test systemd[1]: Started ACPI event daemon.
Oct  8 08:36:43 amitubuntu1804-test systemd[1]: Starting containerd container runtime...
Oct  8 08:36:43 amitubuntu1804-test containerd[19146]: time="2021-10-08T08:36:43.536676913Z" level=info msg="starting containerd" revision=d71fcd7d8303cbf684402823e425e9dd2e99285d version=1.4.6
Oct  8 08:36:43 amitubuntu1804-test containerd[19146]: time="2021-10-08T08:36:43.562636463Z" level=info msg="loading plugin \"io.containerd.content.v1.content\"..." type=io.containerd.content.v1
Oct  8 08:36:43 amitubuntu1804-test containerd[19146]: time="2021-10-08T08:36:43.562919016Z" level=info msg="loading plugin \"io.containerd.snapshotter.v1.aufs\"..." type=io.containerd.snapshotter.v1
Oct  8 08:36:43 amitubuntu1804-test containerd[19146]: time="2021-10-08T08:36:43.573791911Z" level=info msg="loading plugin \"io.containerd.snapshotter.v1.btrfs\"..." type=io.containerd.snapshotter.v1
Oct  8 08:36:43 amitubuntu1804-test containerd[19146]: time="2021-10-08T08:36:43.574218800Z" level=info msg="skip loading plugin \"io.containerd.snapshotter.v1.btrfs\"..." error="path /var/lib/containerd/io.containerd.snapshotter.v1.btrfs (ext4) must be a btrfs filesystem to be used with the btrfs snapshotter: skip plugin" type=io.containerd.snapshotter.v1
