Oct 23 13:39:58 ip-172-31-28-71 keyboard-setup.sh[465]: cannot open file /run/tmpkbd.1f9MVw
Oct 23 13:39:58 ip-172-31-28-71 systemd[1]: Starting Flush Journal to Persistent Storage...
Oct 23 13:39:58 ip-172-31-28-71 systemd[1]: Started Create Static Device Nodes in /dev.
Oct 23 13:39:58 ip-172-31-28-71 systemd-modules-load[463]: Inserted module 'iscsi_tcp'
Oct 23 13:39:58 ip-172-31-28-71 kernel: [    0.000000] Linux version 5.4.0-1045-aws (buildd@lgw01-amd64-003) (gcc version 7.5.0 (Ubuntu 7.5.0-3ubuntu1~18.04)) #47~18.04.1-Ubuntu SMP Tue Apr 13 15:58:14 UTC 2021 (Ubuntu 5.4.0-1045.47~18.04.1-aws 5.4.101)
Oct 23 13:39:58 ip-172-31-28-71 systemd[1]: Started LVM2 metadata daemon.
Oct 23 13:39:58 ip-172-31-28-71 kernel: [    0.000000] Command line: BOOT_IMAGE=/boot/vmlinuz-5.4.0-1045-aws root=LABEL=cloudimg-rootfs ro console=tty1 console=ttyS0 nvme_core.io_timeout=4294967295
Oct 23 13:39:58 ip-172-31-28-71 kernel: [    0.000000] KERNEL supported cpus:
Oct 23 13:39:58 ip-172-31-28-71 kernel: [    0.000000]   Intel GenuineIntel
Oct 23 13:39:58 ip-172-31-28-71 systemd[1]: Starting udev Kernel Device Manager...
Oct 23 13:39:58 ip-172-31-28-71 kernel: [    0.000000]   AMD AuthenticAMD
Oct 23 13:39:58 ip-172-31-28-71 systemd[1]: Started udev Coldplug all Devices.
Oct 23 13:39:58 ip-172-31-28-71 kernel: [    0.000000]   Hygon HygonGenuine
Oct 23 13:39:58 ip-172-31-28-71 kernel: [    0.000000]   Centaur CentaurHauls
Oct 23 13:39:58 ip-172-31-28-71 kernel: [    0.000000]   zhaoxin   Shanghai  
Oct 23 13:39:58 ip-172-31-28-71 kernel: [    0.000000] x86/fpu: Supporting XSAVE feature 0x001: 'x87 floating point registers'
Oct 23 13:39:58 ip-172-31-28-71 systemd[1]: Started Monitoring of LVM2 mirrors, snapshots etc. using dmeventd or progress polling.
Oct 23 13:39:58 ip-172-31-28-71 kernel: [    0.000000] x86/fpu: Supporting XSAVE feature 0x002: 'SSE registers'
Oct 23 13:39:58 ip-172-31-28-71 kernel: [    0.000000] x86/fpu: Supporting XSAVE feature 0x004: 'AVX registers'
Oct 23 13:39:58 ip-172-31-28-71 systemd-modules-load[463]: Inserted module 'ib_iser'
Oct 23 13:39:58 ip-172-31-28-71 kernel: [    0.000000] x86/fpu: xstate_offset[2]:  576, xstate_sizes[2]:  256
Oct 23 13:39:58 ip-172-31-28-71 kernel: [    0.000000] x86/fpu: Enabled xstate features 0x7, context size is 832 bytes, using 'standard' format.
Oct 23 13:39:58 ip-172-31-28-71 systemd[1]: Started Load Kernel Modules.
Oct 23 13:39:58 ip-172-31-28-71 kernel: [    0.000000] BIOS-provided physical RAM map:
Oct 23 13:39:58 ip-172-31-28-71 kernel: [    0.000000] BIOS-e820: [mem 0x0000000000000000-0x000000000009dfff] usable
Oct 23 13:39:58 ip-172-31-28-71 kernel: [    0.000000] BIOS-e820: [mem 0x000000000009e000-0x000000000009ffff] reserved
Oct 23 13:39:58 ip-172-31-28-71 systemd[1]: Starting Apply Kernel Variables...
Oct 23 13:39:58 ip-172-31-28-71 kernel: [    0.000000] BIOS-e820: [mem 0x00000000000e0000-0x00000000000fffff] reserved
Oct 23 13:39:58 ip-172-31-28-71 kernel: [    0.000000] BIOS-e820: [mem 0x0000000000100000-0x00000000efffffff] usable
Oct 23 13:39:58 ip-172-31-28-71 kernel: [    0.000000] BIOS-e820: [mem 0x00000000fc000000-0x00000000ffffffff] reserved
Oct 23 13:39:58 ip-172-31-28-71 systemd[1]: Mounting FUSE Control File System...
Oct 23 13:39:58 ip-172-31-28-71 kernel: [    0.000000] BIOS-e820: [mem 0x0000000100000000-0x000000080fffffff] usable
Oct 23 13:39:58 ip-172-31-28-71 kernel: [    0.000000] NX (Execute Disable) protection: active
Oct 23 13:39:58 ip-172-31-28-71 kernel: [    0.000000] SMBIOS 2.7 present.
Oct 23 13:39:58 ip-172-31-28-71 systemd[1]: Mounting Kernel Configuration File System...
Oct 23 13:39:58 ip-172-31-28-71 kernel: [    0.000000] DMI: Xen HVM domU, BIOS 4.2.amazon 08/24/2006
Oct 23 13:39:58 ip-172-31-28-71 kernel: [    0.000000] Hypervisor detected: Xen HVM
Oct 23 13:39:58 ip-172-31-28-71 systemd[1]: Mounted FUSE Control File System.
Oct 23 13:39:58 ip-172-31-28-71 kernel: [    0.000000] Xen version 4.2.
Oct 23 13:39:58 ip-172-31-28-71 systemd[1]: Mounted Kernel Configuration File System.
Oct 23 13:39:58 ip-172-31-28-71 kernel: [    0.000000] Xen Platform PCI: I/O protocol version 1
Oct 23 13:39:58 ip-172-31-28-71 kernel: [    0.000000] Netfront and the Xen platform PCI driver have been compiled for this kernel: unplug emulated NICs.
Oct 23 13:39:58 ip-172-31-28-71 kernel: [    0.000000] Blkfront and the Xen platform PCI driver have been compiled for this kernel: unplug emulated disks.
Oct 23 13:39:58 ip-172-31-28-71 systemd[1]: Started Flush Journal to Persistent Storage.
Oct 23 13:39:58 ip-172-31-28-71 kernel: [    0.000000] You might have to change the root device
Oct 23 13:39:58 ip-172-31-28-71 kernel: [    0.000000] from /dev/hd[a-d] to /dev/xvd[a-d]
Oct 23 13:39:58 ip-172-31-28-71 systemd[1]: Started udev Kernel Device Manager.
Oct 23 13:39:58 ip-172-31-28-71 kernel: [    0.000000] in your root= kernel command line option
Oct 23 13:39:58 ip-172-31-28-71 kernel: [    0.000002] HVMOP_pagetable_dying not supported
Oct 23 13:39:58 ip-172-31-28-71 kernel: [    0.015245] tsc: Fast TSC calibration using PIT
Oct 23 13:39:58 ip-172-31-28-71 systemd[1]: Started Apply Kernel Variables.
Oct 23 13:39:58 ip-172-31-28-71 kernel: [    0.015247] tsc: Detected 2300.054 MHz processor
Oct 23 13:39:58 ip-172-31-28-71 kernel: [    0.015248] tsc: Detected 2300.066 MHz TSC
Oct 23 13:39:58 ip-172-31-28-71 kernel: [    0.016264] e820: update [mem 0x00000000-0x00000fff] usable ==> reserved
Oct 23 13:39:58 ip-172-31-28-71 systemd[1]: Found device /dev/ttyS0.
Oct 23 13:39:58 ip-172-31-28-71 kernel: [    0.016266] e820: remove [mem 0x000a0000-0x000fffff] usable
Oct 23 13:39:58 ip-172-31-28-71 systemd-udevd[521]: link_config: autonegotiation is unset or enabled, the speed and duplex are not writable.
Oct 23 13:39:58 ip-172-31-28-71 kernel: [    0.016269] last_pfn = 0x810000 max_arch_pfn = 0x400000000
Oct 23 13:39:58 ip-172-31-28-71 kernel: [    0.016292] MTRR default type: write-back
Oct 23 13:39:58 ip-172-31-28-71 kernel: [    0.016292] MTRR fixed ranges enabled:
Oct 23 13:39:58 ip-172-31-28-71 systemd[1]: Listening on Load/Save RF Kill Switch Status /dev/rfkill Watch.
Oct 23 13:39:58 ip-172-31-28-71 kernel: [    0.016293]   00000-9FFFF write-back
Oct 23 13:39:58 ip-172-31-28-71 systemd-udevd[515]: link_config: autonegotiation is unset or enabled, the speed and duplex are not writable.
Oct 23 13:39:58 ip-172-31-28-71 kernel: [    0.016294]   A0000-BFFFF write-combining
Oct 23 13:39:58 ip-172-31-28-71 systemd[1]: Started Set the console keyboard layout.
Oct 23 13:39:58 ip-172-31-28-71 kernel: [    0.016295]   C0000-FFFFF write-back
Oct 23 13:39:58 ip-172-31-28-71 systemd[1]: Started Dispatch Password Requests to Console Directory Watch.
Oct 23 13:39:58 ip-172-31-28-71 kernel: [    0.016295] MTRR variable ranges enabled:
Oct 23 13:39:58 ip-172-31-28-71 kernel: [    0.016297]   0 base 0000F0000000 mask 3FFFF8000000 uncachable
Oct 23 13:39:58 ip-172-31-28-71 kernel: [    0.016298]   1 base 0000F8000000 mask 3FFFFC000000 uncachable
Oct 23 13:39:58 ip-172-31-28-71 kernel: [    0.016298]   2 disabled
Oct 23 13:39:58 ip-172-31-28-71 kernel: [    0.016299]   3 disabled
Oct 23 13:39:58 ip-172-31-28-71 kernel: [    0.016299]   4 disabled
Oct 23 13:39:58 ip-172-31-28-71 kernel: [    0.016299]   5 disabled
Oct 23 13:39:58 ip-172-31-28-71 systemd[1]: Reached target Local Encrypted Volumes.
Oct 23 13:39:58 ip-172-31-28-71 kernel: [    0.016300]   6 disabled
Oct 23 13:39:58 ip-172-31-28-71 systemd[1]: Reached target Local File Systems (Pre).
Oct 23 13:39:58 ip-172-31-28-71 systemd[1]: Reached target Local File Systems.
Oct 23 13:39:58 ip-172-31-28-71 kernel: [    0.016300]   7 disabled
Oct 23 13:39:58 ip-172-31-28-71 systemd[1]: Starting Tell Plymouth To Write Out Runtime Data...
Oct 23 13:39:58 ip-172-31-28-71 kernel: [    0.016307] x86/PAT: Configuration [0-7]: WB  WC  UC- UC  WB  WP  UC- WT  
Oct 23 13:39:58 ip-172-31-28-71 kernel: [    0.016314] last_pfn = 0xf0000 max_arch_pfn = 0x400000000
Oct 23 13:39:58 ip-172-31-28-71 systemd[1]: Starting AppArmor initialization...
Oct 23 13:39:58 ip-172-31-28-71 kernel: [    0.023325] found SMP MP-table at [mem 0x000fbc50-0x000fbc5f]
Oct 23 13:39:58 ip-172-31-28-71 kernel: [    0.023406] check: Scanning 1 areas for low memory corruption
Oct 23 13:39:58 ip-172-31-28-71 systemd[1]: Starting Create Volatile Files and Directories...
Oct 23 13:39:58 ip-172-31-28-71 kernel: [    0.023483] Using GB pages for direct mapping
Oct 23 13:39:58 ip-172-31-28-71 kernel: [    0.023685] RAMDISK: [mem 0x356c9000-0x36b5bfff]
Oct 23 13:39:58 ip-172-31-28-71 kernel: [    0.023743] ACPI: Early table checksum verification disabled
Oct 23 13:39:58 ip-172-31-28-71 systemd[1]: Starting Set console font and keymap...
Oct 23 13:39:58 ip-172-31-28-71 kernel: [    0.023746] ACPI: RSDP 0x00000000000EA020 000024 (v02 Xen   )
Oct 23 13:39:58 ip-172-31-28-71 kernel: [    0.023750] ACPI: XSDT 0x00000000FC00E2A0 000054 (v01 Xen    HVM      00000000 HVML 00000000)
Oct 23 13:39:58 ip-172-31-28-71 kernel: [    0.023755] ACPI: FACP 0x00000000FC00DF60 0000F4 (v04 Xen    HVM      00000000 HVML 00000000)
Oct 23 13:39:58 ip-172-31-28-71 systemd[1]: Starting Commit a transient machine-id on disk...
Oct 23 13:39:58 ip-172-31-28-71 kernel: [    0.023759] ACPI: DSDT 0x00000000FC0021C0 00BD19 (v02 Xen    HVM      00000000 INTL 20090123)
Oct 23 13:39:58 ip-172-31-28-71 systemd[1]: Starting ebtables ruleset management...
Oct 23 13:39:58 ip-172-31-28-71 kernel: [    0.023762] ACPI: FACS 0x00000000FC002180 000040
Oct 23 13:39:58 ip-172-31-28-71 kernel: [    0.023764] ACPI: FACS 0x00000000FC002180 000040
Oct 23 13:39:58 ip-172-31-28-71 kernel: [    0.023766] ACPI: APIC 0x00000000FC00E060 0000D8 (v02 Xen    HVM      00000000 HVML 00000000)
Oct 23 13:39:58 ip-172-31-28-71 systemd[1]: Started Set console font and keymap.
Oct 23 13:39:58 ip-172-31-28-71 kernel: [    0.023769] ACPI: HPET 0x00000000FC00E1B0 000038 (v01 Xen    HVM      00000000 HVML 00000000)
Oct 23 13:39:58 ip-172-31-28-71 kernel: [    0.023771] ACPI: WAET 0x00000000FC00E1F0 000028 (v01 Xen    HVM      00000000 HVML 00000000)
Oct 23 13:39:58 ip-172-31-28-71 kernel: [    0.023774] ACPI: SSDT 0x00000000FC00E220 000031 (v02 Xen    HVM      00000000 INTL 20090123)
Oct 23 13:39:58 ip-172-31-28-71 systemd[1]: Started Create Volatile Files and Directories.
Oct 23 13:39:58 ip-172-31-28-71 kernel: [    0.023776] ACPI: SSDT 0x00000000FC00E260 000033 (v02 Xen    HVM      00000000 INTL 20090123)
Oct 23 13:39:58 ip-172-31-28-71 kernel: [    0.023782] ACPI: Local APIC address 0xfee00000
Oct 23 13:39:58 ip-172-31-28-71 kernel: [    0.025570] No NUMA configuration found
Oct 23 13:39:58 ip-172-31-28-71 kernel: [    0.025572] Faking a node at [mem 0x0000000000000000-0x000000080fffffff]
Oct 23 13:39:58 ip-172-31-28-71 systemd[1]: Starting Update UTMP about System Boot/Shutdown...
Oct 23 13:39:58 ip-172-31-28-71 kernel: [    0.025581] NODE_DATA(0) allocated [mem 0x80ffd5000-0x80fffffff]
Oct 23 13:39:58 ip-172-31-28-71 systemd[1]: Starting Network Time Synchronization...
Oct 23 13:39:58 ip-172-31-28-71 systemd[1]: Started Tell Plymouth To Write Out Runtime Data.
Oct 23 13:39:58 ip-172-31-28-71 systemd[1]: Started Commit a transient machine-id on disk.
Oct 23 13:39:58 ip-172-31-28-71 kernel: [    0.025849] Zone ranges:
Oct 23 13:39:58 ip-172-31-28-71 apparmor[588]:  * Starting AppArmor profiles
Oct 23 13:39:58 ip-172-31-28-71 systemd[1]: Started Update UTMP about System Boot/Shutdown.
Oct 23 13:39:58 ip-172-31-28-71 systemd[1]: Started ebtables ruleset management.
Oct 23 13:39:58 ip-172-31-28-71 systemd[1]: Started Network Time Synchronization.
Oct 23 13:39:58 ip-172-31-28-71 systemd[1]: Reached target System Time Synchronized.
Oct 23 13:39:58 ip-172-31-28-71 kernel: [    0.025850]   DMA      [mem 0x0000000000001000-0x0000000000ffffff]
Oct 23 13:39:58 ip-172-31-28-71 kernel: [    0.025851]   DMA32    [mem 0x0000000001000000-0x00000000ffffffff]
Oct 23 13:39:58 ip-172-31-28-71 kernel: [    0.025853]   Normal   [mem 0x0000000100000000-0x000000080fffffff]
Oct 23 13:39:58 ip-172-31-28-71 kernel: [    0.025854]   Device   empty
Oct 23 13:39:58 ip-172-31-28-71 kernel: [    0.025855] Movable zone start for each node
Oct 23 13:39:58 ip-172-31-28-71 kernel: [    0.025858] Early memory node ranges
Oct 23 13:39:58 ip-172-31-28-71 kernel: [    0.025859]   node   0: [mem 0x0000000000001000-0x000000000009dfff]
Oct 23 13:39:58 ip-172-31-28-71 kernel: [    0.025860]   node   0: [mem 0x0000000000100000-0x00000000efffffff]
Oct 23 13:39:58 ip-172-31-28-71 kernel: [    0.025861]   node   0: [mem 0x0000000100000000-0x000000080fffffff]
Oct 23 13:39:58 ip-172-31-28-71 kernel: [    0.025870] Zeroed struct page in unavailable ranges: 99 pages
Oct 23 13:39:58 ip-172-31-28-71 kernel: [    0.025871] Initmem setup node 0 [mem 0x0000000000001000-0x000000080fffffff]
Oct 23 13:39:58 ip-172-31-28-71 kernel: [    0.025872] On node 0 totalpages: 8388509
Oct 23 13:39:58 ip-172-31-28-71 kernel: [    0.025873]   DMA zone: 64 pages used for memmap
Oct 23 13:39:58 ip-172-31-28-71 kernel: [    0.025874]   DMA zone: 21 pages reserved
Oct 23 13:39:58 ip-172-31-28-71 kernel: [    0.025875]   DMA zone: 3997 pages, LIFO batch:0
Oct 23 13:39:58 ip-172-31-28-71 kernel: [    0.025978]   DMA32 zone: 15296 pages used for memmap
Oct 23 13:39:58 ip-172-31-28-71 kernel: [    0.025979]   DMA32 zone: 978944 pages, LIFO batch:63
Oct 23 13:39:58 ip-172-31-28-71 kernel: [    0.040115]   Normal zone: 115712 pages used for memmap
Oct 23 13:39:58 ip-172-31-28-71 kernel: [    0.040117]   Normal zone: 7405568 pages, LIFO batch:63
Oct 23 13:39:58 ip-172-31-28-71 apparmor[588]: Skipping profile in /etc/apparmor.d/disable: usr.sbin.rsyslogd
Oct 23 13:39:58 ip-172-31-28-71 kernel: [    0.149226] ACPI: PM-Timer IO Port: 0xb008
Oct 23 13:39:58 ip-172-31-28-71 apparmor[588]:    ...done.
Oct 23 13:39:58 ip-172-31-28-71 systemd[1]: Started AppArmor initialization.
Oct 23 13:39:58 ip-172-31-28-71 systemd[1]: Starting Load AppArmor profiles managed internally by snapd...
Oct 23 13:39:58 ip-172-31-28-71 kernel: [    0.149231] ACPI: Local APIC address 0xfee00000
Oct 23 13:39:58 ip-172-31-28-71 systemd[1]: Starting Initial cloud-init job (pre-networking)...
Oct 23 13:39:58 ip-172-31-28-71 kernel: [    0.149288] IOAPIC[0]: apic_id 1, version 17, address 0xfec00000, GSI 0-47
Oct 23 13:39:58 ip-172-31-28-71 kernel: [    0.149290] ACPI: INT_SRC_OVR (bus 0 bus_irq 0 global_irq 2 dfl dfl)
Oct 23 13:39:58 ip-172-31-28-71 kernel: [    0.149292] ACPI: INT_SRC_OVR (bus 0 bus_irq 5 global_irq 5 low level)
Oct 23 13:39:58 ip-172-31-28-71 kernel: [    0.149293] ACPI: INT_SRC_OVR (bus 0 bus_irq 10 global_irq 10 low level)
Oct 23 13:39:58 ip-172-31-28-71 snapd-apparmor[748]: find: ‘/var/lib/snapd/apparmor/profiles/’: No such file or directory
Oct 23 13:39:58 ip-172-31-28-71 kernel: [    0.149294] ACPI: INT_SRC_OVR (bus 0 bus_irq 11 global_irq 11 low level)
Oct 23 13:39:58 ip-172-31-28-71 kernel: [    0.149296] ACPI: IRQ0 used by override.
Oct 23 13:39:58 ip-172-31-28-71 systemd[1]: Started Load AppArmor profiles managed internally by snapd.
Oct 23 13:39:58 ip-172-31-28-71 dhclient[816]: Internet Systems Consortium DHCP Client 4.3.5
Oct 23 13:39:58 ip-172-31-28-71 kernel: [    0.149296] ACPI: IRQ5 used by override.
Oct 23 13:39:58 ip-172-31-28-71 dhclient[816]: Copyright 2004-2016 Internet Systems Consortium.
Oct 23 13:39:58 ip-172-31-28-71 dhclient[816]: All rights reserved.
Oct 23 13:39:58 ip-172-31-28-71 dhclient[816]: For info, please visit https://www.isc.org/software/dhcp/
Oct 23 13:39:58 ip-172-31-28-71 dhclient[816]: 
Oct 23 13:39:58 ip-172-31-28-71 dhclient[816]: Listening on LPF/eth0/02:dc:9d:3f:25:9b
Oct 23 13:39:58 ip-172-31-28-71 dhclient[816]: Sending on   LPF/eth0/02:dc:9d:3f:25:9b
Oct 23 13:39:58 ip-172-31-28-71 dhclient[816]: Sending on   Socket/fallback
Oct 23 13:39:58 ip-172-31-28-71 dhclient[816]: DHCPDISCOVER on eth0 to 255.255.255.255 port 67 interval 3 (xid=0x97ea8304)
Oct 23 13:39:58 ip-172-31-28-71 dhclient[816]: DHCPREQUEST of 172.31.28.71 on eth0 to 255.255.255.255 port 67 (xid=0x483ea97)
Oct 23 13:39:58 ip-172-31-28-71 kernel: [    0.149297] ACPI: IRQ9 used by override.
Oct 23 13:39:58 ip-172-31-28-71 kernel: [    0.149298] ACPI: IRQ10 used by override.
Oct 23 13:39:58 ip-172-31-28-71 kernel: [    0.149298] ACPI: IRQ11 used by override.
Oct 23 13:39:58 ip-172-31-28-71 kernel: [    0.149300] Using ACPI (MADT) for SMP configuration information
Oct 23 13:39:58 ip-172-31-28-71 kernel: [    0.149301] ACPI: HPET id: 0x8086a201 base: 0xfed00000
Oct 23 13:39:58 ip-172-31-28-71 kernel: [    0.149306] TSC deadline timer available
Oct 23 13:39:58 ip-172-31-28-71 kernel: [    0.149312] smpboot: Allowing 15 CPUs, 7 hotplug CPUs
Oct 23 13:39:58 ip-172-31-28-71 dhclient[816]: DHCPOFFER of 172.31.28.71 from 172.31.16.1
Oct 23 13:39:58 ip-172-31-28-71 dhclient[816]: DHCPACK of 172.31.28.71 from 172.31.16.1
Oct 23 13:39:58 ip-172-31-28-71 dhclient[816]: bound to 172.31.28.71 -- renewal in 1656 seconds.
Oct 23 13:39:58 ip-172-31-28-71 cloud-init[755]: Cloud-init v. 21.1-19-gbad84ad4-0ubuntu1~18.04.1 running 'init-local' at Sat, 23 Oct 2021 13:39:53 +0000. Up 9.58 seconds.
Oct 23 13:39:58 ip-172-31-28-71 systemd[1]: Started Initial cloud-init job (pre-networking).
Oct 23 13:39:58 ip-172-31-28-71 systemd[1]: Reached target Network (Pre).
Oct 23 13:39:58 ip-172-31-28-71 systemd[1]: Starting Network Service...
Oct 23 13:39:58 ip-172-31-28-71 systemd-networkd[840]: Enumeration completed
Oct 23 13:39:58 ip-172-31-28-71 systemd[1]: Started Network Service.
Oct 23 13:39:58 ip-172-31-28-71 systemd-networkd[840]: eth0: Link UP
Oct 23 13:39:58 ip-172-31-28-71 systemd-networkd[840]: eth0: Gained carrier
Oct 23 13:39:58 ip-172-31-28-71 systemd-networkd[840]: eth0: Link DOWN
Oct 23 13:39:58 ip-172-31-28-71 systemd-networkd[840]: eth0: Lost carrier
Oct 23 13:39:58 ip-172-31-28-71 systemd-networkd[840]: eth0: Removing non-existent address: fe80::dc:9dff:fe3f:259b/64 (valid forever), ignoring
Oct 23 13:39:58 ip-172-31-28-71 systemd-networkd[840]: eth0: IPv6 successfully enabled
Oct 23 13:39:58 ip-172-31-28-71 systemd-networkd[840]: lo: Link is not managed by us
Oct 23 13:39:58 ip-172-31-28-71 systemd-networkd[840]: eth0: Link UP
Oct 23 13:39:58 ip-172-31-28-71 systemd[1]: Starting Wait for Network to be Configured...
Oct 23 13:39:58 ip-172-31-28-71 systemd[1]: Starting Network Name Resolution...
Oct 23 13:39:58 ip-172-31-28-71 systemd-networkd-wait-online[865]: ignoring: lo
Oct 23 13:39:58 ip-172-31-28-71 systemd-networkd[840]: eth0: Gained carrier
Oct 23 13:39:58 ip-172-31-28-71 systemd-networkd-wait-online[865]: ignoring: lo
Oct 23 13:39:58 ip-172-31-28-71 systemd-networkd[840]: eth0: DHCPv4 address 172.31.28.71/20 via 172.31.16.1
Oct 23 13:39:58 ip-172-31-28-71 systemd-networkd[840]: Not connected to system bus, not setting hostname.
Oct 23 13:39:58 ip-172-31-28-71 systemd-networkd-wait-online[865]: ignoring: lo
Oct 23 13:39:58 ip-172-31-28-71 systemd-networkd-wait-online[865]: ignoring: lo
Oct 23 13:39:58 ip-172-31-28-71 systemd-timesyncd[639]: Network configuration changed, trying to establish connection.
Oct 23 13:39:58 ip-172-31-28-71 systemd-networkd-wait-online[865]: ignoring: lo
Oct 23 13:39:58 ip-172-31-28-71 systemd-resolved[873]: Positive Trust Anchors:
Oct 23 13:39:58 ip-172-31-28-71 systemd-resolved[873]: . IN DS 19036 8 2 49aac11d7b6f6446702e54a1607371607a1a41855200fd2ce1cdde32f24e8fb5
Oct 23 13:39:58 ip-172-31-28-71 systemd-resolved[873]: . IN DS 20326 8 2 e06d44b80b8f1d39a95c0b0d7c65d08458e880409bbc683457104237c7f8ec8d
Oct 23 13:39:58 ip-172-31-28-71 systemd-resolved[873]: Negative trust anchors: 10.in-addr.arpa 16.172.in-addr.arpa 17.172.in-addr.arpa 18.172.in-addr.arpa 19.172.in-addr.arpa 20.172.in-addr.arpa 21.172.in-addr.arpa 22.172.in-addr.arpa 23.172.in-addr.arpa 24.172.in-addr.arpa 25.172.in-addr.arpa 26.172.in-addr.arpa 27.172.in-addr.arpa 28.172.in-addr.arpa 29.172.in-addr.arpa 30.172.in-addr.arpa 31.172.in-addr.arpa 168.192.in-addr.arpa d.f.ip6.arpa corp home internal intranet lan local private test
Oct 23 13:39:58 ip-172-31-28-71 systemd-resolved[873]: Using system hostname 'ip-172-31-28-71'.
Oct 23 13:39:58 ip-172-31-28-71 systemd[1]: Started Network Name Resolution.
Oct 23 13:39:58 ip-172-31-28-71 systemd[1]: Reached target Network.
Oct 23 13:39:58 ip-172-31-28-71 systemd[1]: Reached target Host and Network Name Lookups.
Oct 23 13:39:58 ip-172-31-28-71 systemd-networkd[840]: eth0: Gained IPv6LL
Oct 23 13:39:58 ip-172-31-28-71 systemd-networkd[840]: eth0: Configured
Oct 23 13:39:58 ip-172-31-28-71 systemd-timesyncd[639]: Network configuration changed, trying to establish connection.
Oct 23 13:39:58 ip-172-31-28-71 systemd-networkd-wait-online[865]: ignoring: lo
Oct 23 13:39:58 ip-172-31-28-71 systemd-networkd-wait-online[865]: managing: eth0
Oct 23 13:39:58 ip-172-31-28-71 systemd[1]: Started Wait for Network to be Configured.
Oct 23 13:39:58 ip-172-31-28-71 systemd[1]: Starting Initial cloud-init job (metadata service crawler)...
Oct 23 13:39:58 ip-172-31-28-71 cloud-init[896]: Cloud-init v. 21.1-19-gbad84ad4-0ubuntu1~18.04.1 running 'init' at Sat, 23 Oct 2021 13:39:56 +0000. Up 12.65 seconds.
Oct 23 13:39:58 ip-172-31-28-71 cloud-init[896]: ci-info: ++++++++++++++++++++++++++++++++++++++Net device info++++++++++++++++++++++++++++++++++++++
Oct 23 13:39:58 ip-172-31-28-71 cloud-init[896]: ci-info: +--------+------+----------------------------+---------------+--------+-------------------+
Oct 23 13:39:58 ip-172-31-28-71 cloud-init[896]: ci-info: | Device |  Up  |          Address           |      Mask     | Scope  |     Hw-Address    |
Oct 23 13:39:58 ip-172-31-28-71 cloud-init[896]: ci-info: +--------+------+----------------------------+---------------+--------+-------------------+
Oct 23 13:39:58 ip-172-31-28-71 cloud-init[896]: ci-info: |  eth0  | True |        172.31.28.71        | 255.255.240.0 | global | 02:dc:9d:3f:25:9b |
Oct 23 13:39:58 ip-172-31-28-71 cloud-init[896]: ci-info: |  eth0  | True | fe80::dc:9dff:fe3f:259b/64 |       .       |  link  | 02:dc:9d:3f:25:9b |
Oct 23 13:39:58 ip-172-31-28-71 cloud-init[896]: ci-info: |   lo   | True |         127.0.0.1          |   255.0.0.0   |  host  |         .         |
Oct 23 13:39:58 ip-172-31-28-71 cloud-init[896]: ci-info: |   lo   | True |          ::1/128           |       .       |  host  |         .         |
Oct 23 13:39:58 ip-172-31-28-71 cloud-init[896]: ci-info: +--------+------+----------------------------+---------------+--------+-------------------+
Oct 23 13:39:58 ip-172-31-28-71 cloud-init[896]: ci-info: ++++++++++++++++++++++++++++++Route IPv4 info++++++++++++++++++++++++++++++
Oct 23 13:39:58 ip-172-31-28-71 cloud-init[896]: ci-info: +-------+-------------+-------------+-----------------+-----------+-------+
Oct 23 13:39:58 ip-172-31-28-71 cloud-init[896]: ci-info: | Route | Destination |   Gateway   |     Genmask     | Interface | Flags |
Oct 23 13:39:58 ip-172-31-28-71 cloud-init[896]: ci-info: +-------+-------------+-------------+-----------------+-----------+-------+
Oct 23 13:39:58 ip-172-31-28-71 cloud-init[896]: ci-info: |   0   |   0.0.0.0   | 172.31.16.1 |     0.0.0.0     |    eth0   |   UG  |
Oct 23 13:39:58 ip-172-31-28-71 cloud-init[896]: ci-info: |   1   | 172.31.16.0 |   0.0.0.0   |  255.255.240.0  |    eth0   |   U   |
Oct 23 13:39:58 ip-172-31-28-71 cloud-init[896]: ci-info: |   2   | 172.31.16.1 |   0.0.0.0   | 255.255.255.255 |    eth0   |   UH  |
Oct 23 13:39:58 ip-172-31-28-71 cloud-init[896]: ci-info: +-------+-------------+-------------+-----------------+-----------+-------+
Oct 23 13:39:58 ip-172-31-28-71 cloud-init[896]: ci-info: +++++++++++++++++++Route IPv6 info+++++++++++++++++++
Oct 23 13:39:58 ip-172-31-28-71 cloud-init[896]: ci-info: +-------+-------------+---------+-----------+-------+
Oct 23 13:39:58 ip-172-31-28-71 cloud-init[896]: ci-info: | Route | Destination | Gateway | Interface | Flags |
Oct 23 13:39:58 ip-172-31-28-71 cloud-init[896]: ci-info: +-------+-------------+---------+-----------+-------+
Oct 23 13:39:58 ip-172-31-28-71 cloud-init[896]: ci-info: |   1   |  fe80::/64  |    ::   |    eth0   |   U   |
Oct 23 13:39:58 ip-172-31-28-71 cloud-init[896]: ci-info: |   3   |    local    |    ::   |    eth0   |   U   |
Oct 23 13:39:58 ip-172-31-28-71 cloud-init[896]: ci-info: |   4   |  multicast  |    ::   |    eth0   |   U   |
Oct 23 13:39:58 ip-172-31-28-71 cloud-init[896]: ci-info: +-------+-------------+---------+-----------+-------+
Oct 23 13:39:58 ip-172-31-28-71 cloud-init[896]: Generating public/private rsa key pair.
Oct 23 13:39:58 ip-172-31-28-71 cloud-init[896]: Your identification has been saved in /etc/ssh/ssh_host_rsa_key.
Oct 23 13:39:58 ip-172-31-28-71 cloud-init[896]: Your public key has been saved in /etc/ssh/ssh_host_rsa_key.pub.
Oct 23 13:39:58 ip-172-31-28-71 cloud-init[896]: The key fingerprint is:
Oct 23 13:39:58 ip-172-31-28-71 cloud-init[896]: SHA256:YZtOzzXFyTQIZgwI4dG3MZusC5z80RGuVwGdtabio7I root@ip-172-31-28-71
Oct 23 13:39:58 ip-172-31-28-71 cloud-init[896]: The key's randomart image is:
Oct 23 13:39:58 ip-172-31-28-71 cloud-init[896]: +---[RSA 2048]----+
Oct 23 13:39:58 ip-172-31-28-71 cloud-init[896]: |    ++ .o=++..o  |
Oct 23 13:39:58 ip-172-31-28-71 cloud-init[896]: |   . .o =o= .= o |
Oct 23 13:39:58 ip-172-31-28-71 cloud-init[896]: |    .  +oB .o =  |
Oct 23 13:39:58 ip-172-31-28-71 cloud-init[896]: |       .B+.o .   |
Oct 23 13:39:58 ip-172-31-28-71 cloud-init[896]: |   o . +So. o    |
Oct 23 13:39:58 ip-172-31-28-71 cloud-init[896]: |    = ++o+ . .   |
Oct 23 13:39:58 ip-172-31-28-71 cloud-init[896]: |     o ++ o      |
Oct 23 13:39:58 ip-172-31-28-71 cloud-init[896]: |    . o. .       |
Oct 23 13:39:58 ip-172-31-28-71 cloud-init[896]: |    Eo.          |
Oct 23 13:39:58 ip-172-31-28-71 cloud-init[896]: +----[SHA256]-----+
Oct 23 13:39:58 ip-172-31-28-71 cloud-init[896]: Generating public/private dsa key pair.
Oct 23 13:39:58 ip-172-31-28-71 cloud-init[896]: Your identification has been saved in /etc/ssh/ssh_host_dsa_key.
Oct 23 13:39:58 ip-172-31-28-71 cloud-init[896]: Your public key has been saved in /etc/ssh/ssh_host_dsa_key.pub.
Oct 23 13:39:58 ip-172-31-28-71 cloud-init[896]: The key fingerprint is:
Oct 23 13:39:58 ip-172-31-28-71 cloud-init[896]: SHA256:43bxuZNWVQ6ErB2POx5lhHnWL5ZatjlDageoCz7M06g root@ip-172-31-28-71
Oct 23 13:39:58 ip-172-31-28-71 cloud-init[896]: The key's randomart image is:
Oct 23 13:39:58 ip-172-31-28-71 cloud-init[896]: +---[DSA 1024]----+
Oct 23 13:39:58 ip-172-31-28-71 cloud-init[896]: |           . =.. |
Oct 23 13:39:58 ip-172-31-28-71 cloud-init[896]: |            * = o|
Oct 23 13:39:58 ip-172-31-28-71 cloud-init[896]: |           + B +o|
Oct 23 13:39:58 ip-172-31-28-71 cloud-init[896]: |          o + @ +|
Oct 23 13:39:58 ip-172-31-28-71 cloud-init[896]: |        S..  % = |
Oct 23 13:39:58 ip-172-31-28-71 cloud-init[896]: |      .... oB.B  |
Oct 23 13:39:58 ip-172-31-28-71 cloud-init[896]: |     + +o..oo* o |
Oct 23 13:39:58 ip-172-31-28-71 cloud-init[896]: |      B.o.  =.   |
Oct 23 13:39:58 ip-172-31-28-71 cloud-init[896]: |    E. o   ...   |
Oct 23 13:39:58 ip-172-31-28-71 cloud-init[896]: +----[SHA256]-----+
Oct 23 13:39:58 ip-172-31-28-71 cloud-init[896]: Generating public/private ecdsa key pair.
Oct 23 13:39:58 ip-172-31-28-71 cloud-init[896]: Your identification has been saved in /etc/ssh/ssh_host_ecdsa_key.
Oct 23 13:39:58 ip-172-31-28-71 cloud-init[896]: Your public key has been saved in /etc/ssh/ssh_host_ecdsa_key.pub.
Oct 23 13:39:58 ip-172-31-28-71 cloud-init[896]: The key fingerprint is:
Oct 23 13:39:58 ip-172-31-28-71 cloud-init[896]: SHA256:ZiqDSFHEVY4yC9RfY9Jq7otuQVS7veTNxLBrMhBdYeM root@ip-172-31-28-71
Oct 23 13:39:58 ip-172-31-28-71 cloud-init[896]: The key's randomart image is:
Oct 23 13:39:58 ip-172-31-28-71 cloud-init[896]: +---[ECDSA 256]---+
Oct 23 13:39:58 ip-172-31-28-71 cloud-init[896]: | .+oooo*.        |
Oct 23 13:39:58 ip-172-31-28-71 cloud-init[896]: |. .+..B=.        |
Oct 23 13:39:58 ip-172-31-28-71 cloud-init[896]: | o.+.+=E.        |
Oct 23 13:39:58 ip-172-31-28-71 cloud-init[896]: |  o.=+o +        |
Oct 23 13:39:58 ip-172-31-28-71 cloud-init[896]: | ..oo. +So       |
Oct 23 13:39:58 ip-172-31-28-71 cloud-init[896]: |.. o..o+*        |
Oct 23 13:39:58 ip-172-31-28-71 cloud-init[896]: |. . =o.= o       |
Oct 23 13:39:58 ip-172-31-28-71 cloud-init[896]: |   ..++          |
Oct 23 13:39:58 ip-172-31-28-71 cloud-init[896]: |  oo ..          |
Oct 23 13:39:58 ip-172-31-28-71 cloud-init[896]: +----[SHA256]-----+
Oct 23 13:39:58 ip-172-31-28-71 cloud-init[896]: Generating public/private ed25519 key pair.
Oct 23 13:39:58 ip-172-31-28-71 cloud-init[896]: Your identification has been saved in /etc/ssh/ssh_host_ed25519_key.
Oct 23 13:39:58 ip-172-31-28-71 cloud-init[896]: Your public key has been saved in /etc/ssh/ssh_host_ed25519_key.pub.
Oct 23 13:39:58 ip-172-31-28-71 cloud-init[896]: The key fingerprint is:
Oct 23 13:39:58 ip-172-31-28-71 cloud-init[896]: SHA256:+4JwE7bxeS77VeCE2RrNlAHD9IBCZ2xc2MGBdgHHm5s root@ip-172-31-28-71
Oct 23 13:39:58 ip-172-31-28-71 cloud-init[896]: The key's randomart image is:
Oct 23 13:39:58 ip-172-31-28-71 cloud-init[896]: +--[ED25519 256]--+
Oct 23 13:39:58 ip-172-31-28-71 cloud-init[896]: |     ..o+%@=oo   |
Oct 23 13:39:58 ip-172-31-28-71 cloud-init[896]: |      .oO.*@.    |
Oct 23 13:39:58 ip-172-31-28-71 cloud-init[896]: |       + .+oB    |
Oct 23 13:39:58 ip-172-31-28-71 cloud-init[896]: |      +   o= .   |
Oct 23 13:39:58 ip-172-31-28-71 cloud-init[896]: |     . =S..o. .  |
Oct 23 13:39:58 ip-172-31-28-71 cloud-init[896]: |    . + o.E  .   |
Oct 23 13:39:58 ip-172-31-28-71 cloud-init[896]: |     o o.o  .    |
Oct 23 13:39:58 ip-172-31-28-71 cloud-init[896]: |      . o...     |
Oct 23 13:39:58 ip-172-31-28-71 cloud-init[896]: |        .=o      |
Oct 23 13:39:58 ip-172-31-28-71 cloud-init[896]: +----[SHA256]-----+
Oct 23 13:39:58 ip-172-31-28-71 systemd[1]: Started Initial cloud-init job (metadata service crawler).
Oct 23 13:39:58 ip-172-31-28-71 systemd[1]: Reached target Network is Online.
Oct 23 13:39:58 ip-172-31-28-71 systemd[1]: Reached target Remote File Systems (Pre).
Oct 23 13:39:58 ip-172-31-28-71 systemd[1]: Reached target Remote File Systems.
Oct 23 13:39:58 ip-172-31-28-71 systemd[1]: Starting Availability of block devices...
Oct 23 13:39:58 ip-172-31-28-71 systemd[1]: Reached target System Initialization.
Oct 23 13:39:58 ip-172-31-28-71 systemd[1]: Started Message of the Day.
Oct 23 13:39:58 ip-172-31-28-71 systemd[1]: Started Discard unused blocks once a week.
Oct 23 13:39:58 ip-172-31-28-71 systemd[1]: Listening on UUID daemon activation socket.
Oct 23 13:39:58 ip-172-31-28-71 systemd[1]: Listening on D-Bus System Message Bus Socket.
Oct 23 13:39:58 ip-172-31-28-71 systemd[1]: Started Daily apt download activities.
Oct 23 13:39:58 ip-172-31-28-71 systemd[1]: Starting Socket activation for snappy daemon.
Oct 23 13:39:58 ip-172-31-28-71 systemd[1]: Listening on ACPID Listen Socket.
Oct 23 13:39:58 ip-172-31-28-71 systemd[1]: Listening on Open-iSCSI iscsid Socket.
Oct 23 13:39:58 ip-172-31-28-71 systemd[1]: Started Daily Cleanup of Temporary Directories.
Oct 23 13:39:58 ip-172-31-28-71 systemd[1]: Started Daily apt upgrade and clean activities.
Oct 23 13:39:58 ip-172-31-28-71 systemd[1]: Reached target Timers.
Oct 23 13:39:58 ip-172-31-28-71 systemd[1]: Starting LXD - unix socket.
Oct 23 13:39:58 ip-172-31-28-71 systemd[1]: Started ACPI Events Check.
Oct 23 13:39:58 ip-172-31-28-71 systemd[1]: Reached target Paths.
Oct 23 13:39:58 ip-172-31-28-71 systemd[1]: Reached target Cloud-config availability.
Oct 23 13:39:58 ip-172-31-28-71 systemd[1]: Started Availability of block devices.
Oct 23 13:39:58 ip-172-31-28-71 systemd[1]: Listening on Socket activation for snappy daemon.
Oct 23 13:39:58 ip-172-31-28-71 systemd[1]: Listening on LXD - unix socket.
Oct 23 13:39:58 ip-172-31-28-71 systemd[1]: Reached target Sockets.
Oct 23 13:39:58 ip-172-31-28-71 systemd[1]: Reached target Basic System.
Oct 23 13:39:58 ip-172-31-28-71 systemd[1]: Started ACPI event daemon.
Oct 23 13:39:58 ip-172-31-28-71 systemd[1]: Starting LXD - container startup/shutdown...
Oct 23 13:39:58 ip-172-31-28-71 systemd[1]: Starting Accounts Service...
Oct 23 13:39:58 ip-172-31-28-71 systemd[1]: Starting Login Service...
Oct 23 13:39:58 ip-172-31-28-71 systemd[1]: Started FUSE filesystem for LXC.
Oct 23 13:39:58 ip-172-31-28-71 acpid: starting up with netlink and the input layer
Oct 23 13:39:58 ip-172-31-28-71 acpid: 2 rules loaded
Oct 23 13:39:58 ip-172-31-28-71 acpid: waiting for events: event logging is off
Oct 23 13:39:58 ip-172-31-28-71 systemd[1]: Started irqbalance daemon.
Oct 23 13:39:58 ip-172-31-28-71 systemd[1]: Starting LSB: Record successful boot for GRUB...
Oct 23 13:39:58 ip-172-31-28-71 systemd[1]: Starting LSB: automatic crash report generation...
Oct 23 13:39:58 ip-172-31-28-71 systemd[1]: Started D-Bus System Message Bus.
Oct 23 13:39:58 ip-172-31-28-71 lxcfs[1039]: mount namespace: 5
Oct 23 13:39:58 ip-172-31-28-71 lxcfs[1039]: hierarchies:
Oct 23 13:39:58 ip-172-31-28-71 lxcfs[1039]:   0: fd:   6: perf_event
Oct 23 13:39:58 ip-172-31-28-71 lxcfs[1039]:   1: fd:   7: memory
Oct 23 13:39:58 ip-172-31-28-71 lxcfs[1039]:   2: fd:   8: pids
Oct 23 13:39:58 ip-172-31-28-71 lxcfs[1039]:   3: fd:   9: freezer
Oct 23 13:39:58 ip-172-31-28-71 lxcfs[1039]:   4: fd:  10: cpu,cpuacct
Oct 23 13:39:58 ip-172-31-28-71 kernel: [    0.149321] PM: Registered nosave memory: [mem 0x00000000-0x00000fff]
Oct 23 13:39:58 ip-172-31-28-71 kernel: [    0.149323] PM: Registered nosave memory: [mem 0x0009e000-0x0009ffff]
Oct 23 13:39:58 ip-172-31-28-71 kernel: [    0.149324] PM: Registered nosave memory: [mem 0x000a0000-0x000dffff]
Oct 23 13:39:58 ip-172-31-28-71 kernel: [    0.149324] PM: Registered nosave memory: [mem 0x000e0000-0x000fffff]
Oct 23 13:39:58 ip-172-31-28-71 kernel: [    0.149326] PM: Registered nosave memory: [mem 0xf0000000-0xfbffffff]
Oct 23 13:39:58 ip-172-31-28-71 kernel: [    0.149327] PM: Registered nosave memory: [mem 0xfc000000-0xffffffff]
Oct 23 13:39:58 ip-172-31-28-71 kernel: [    0.149329] [mem 0xf0000000-0xfbffffff] available for PCI devices
Oct 23 13:39:58 ip-172-31-28-71 kernel: [    0.149330] Booting paravirtualized kernel on Xen HVM
Oct 23 13:39:58 ip-172-31-28-71 kernel: [    0.149333] clocksource: refined-jiffies: mask: 0xffffffff max_cycles: 0xffffffff, max_idle_ns: 7645519600211568 ns
Oct 23 13:39:58 ip-172-31-28-71 kernel: [    0.149338] setup_percpu: NR_CPUS:8192 nr_cpumask_bits:15 nr_cpu_ids:15 nr_node_ids:1
Oct 23 13:39:58 ip-172-31-28-71 kernel: [    0.150306] percpu: Embedded 54 pages/cpu s184320 r8192 d28672 u262144
Oct 23 13:39:58 ip-172-31-28-71 kernel: [    0.150311] pcpu-alloc: s184320 r8192 d28672 u262144 alloc=1*2097152
Oct 23 13:39:58 ip-172-31-28-71 kernel: [    0.150312] pcpu-alloc: [0] 00 01 02 03 04 05 06 07 [0] 08 09 10 11 12 13 14 -- 
Oct 23 13:39:58 ip-172-31-28-71 kernel: [    0.150337] xen: PV spinlocks enabled
Oct 23 13:39:58 ip-172-31-28-71 kernel: [    0.150340] PV qspinlock hash table entries: 256 (order: 0, 4096 bytes, linear)
Oct 23 13:39:58 ip-172-31-28-71 kernel: [    0.150345] Built 1 zonelists, mobility grouping on.  Total pages: 8257416
Oct 23 13:39:58 ip-172-31-28-71 kernel: [    0.150346] Policy zone: Normal
Oct 23 13:39:58 ip-172-31-28-71 kernel: [    0.150348] Kernel command line: BOOT_IMAGE=/boot/vmlinuz-5.4.0-1045-aws root=LABEL=cloudimg-rootfs ro console=tty1 console=ttyS0 nvme_core.io_timeout=4294967295
Oct 23 13:39:58 ip-172-31-28-71 kernel: [    0.156505] Dentry cache hash table entries: 4194304 (order: 13, 33554432 bytes, linear)
Oct 23 13:39:58 ip-172-31-28-71 kernel: [    0.159583] Inode-cache hash table entries: 2097152 (order: 12, 16777216 bytes, linear)
Oct 23 13:39:58 ip-172-31-28-71 kernel: [    0.159771] mem auto-init: stack:off, heap alloc:on, heap free:off
Oct 23 13:39:58 ip-172-31-28-71 kernel: [    0.172154] Calgary: detecting Calgary via BIOS EBDA area
Oct 23 13:39:58 ip-172-31-28-71 kernel: [    0.172156] Calgary: Unable to locate Rio Grande table in EBDA - bailing!
Oct 23 13:39:58 ip-172-31-28-71 kernel: [    0.265047] Memory: 32857220K/33554036K available (14339K kernel code, 2313K rwdata, 4656K rodata, 2656K init, 5136K bss, 696816K reserved, 0K cma-reserved)
Oct 23 13:39:58 ip-172-31-28-71 kernel: [    0.265055] random: get_random_u64 called from __kmem_cache_create+0x41/0x550 with crng_init=0
Oct 23 13:39:58 ip-172-31-28-71 kernel: [    0.265228] SLUB: HWalign=64, Order=0-3, MinObjects=0, CPUs=15, Nodes=1
Oct 23 13:39:58 ip-172-31-28-71 kernel: [    0.265242] Kernel/User page tables isolation: enabled
Oct 23 13:39:58 ip-172-31-28-71 kernel: [    0.265259] ftrace: allocating 42787 entries in 168 pages
Oct 23 13:39:58 ip-172-31-28-71 kernel: [    0.281605] rcu: Hierarchical RCU implementation.
Oct 23 13:39:58 ip-172-31-28-71 kernel: [    0.281606] rcu: 	RCU restricting CPUs from NR_CPUS=8192 to nr_cpu_ids=15.
Oct 23 13:39:58 ip-172-31-28-71 kernel: [    0.281608] 	Tasks RCU enabled.
Oct 23 13:39:58 ip-172-31-28-71 kernel: [    0.281609] rcu: RCU calculated value of scheduler-enlistment delay is 25 jiffies.
Oct 23 13:39:58 ip-172-31-28-71 kernel: [    0.281610] rcu: Adjusting geometry for rcu_fanout_leaf=16, nr_cpu_ids=15
Oct 23 13:39:58 ip-172-31-28-71 kernel: [    0.284306] NR_IRQS: 524544, nr_irqs: 952, preallocated irqs: 16
Oct 23 13:39:58 ip-172-31-28-71 kernel: [    0.284342] xen:events: Using 2-level ABI
Oct 23 13:39:58 ip-172-31-28-71 kernel: [    0.284389] xen:events: Xen HVM callback vector for event delivery is enabled
Oct 23 13:39:58 ip-172-31-28-71 kernel: [    0.284552] random: crng done (trusting CPU's manufacturer)
Oct 23 13:39:58 ip-172-31-28-71 kernel: [    0.300821] Console: colour VGA+ 80x25
Oct 23 13:39:58 ip-172-31-28-71 kernel: [    0.459837] printk: console [tty1] enabled
Oct 23 13:39:58 ip-172-31-28-71 kernel: [    0.460729] Cannot get hvm parameter CONSOLE_EVTCHN (18): -22!
Oct 23 13:39:58 ip-172-31-28-71 kernel: [    0.878534] printk: console [ttyS0] enabled
Oct 23 13:39:58 ip-172-31-28-71 kernel: [    0.881583] ACPI: Core revision 20190816
Oct 23 13:39:58 ip-172-31-28-71 kernel: [    0.884738] clocksource: hpet: mask: 0xffffffff max_cycles: 0xffffffff, max_idle_ns: 30580167144 ns
Oct 23 13:39:58 ip-172-31-28-71 kernel: [    0.895229] APIC: Switch to symmetric I/O mode setup
Oct 23 13:39:58 ip-172-31-28-71 kernel: [    0.902246] x2apic: IRQ remapping doesn't support X2APIC mode
Oct 23 13:39:58 ip-172-31-28-71 kernel: [    0.910043] Switched APIC routing to physical flat.
Oct 23 13:39:58 ip-172-31-28-71 kernel: [    0.919047] ..TIMER: vector=0x30 apic1=0 pin1=2 apic2=0 pin2=0
Oct 23 13:39:58 ip-172-31-28-71 kernel: [    0.926359] clocksource: tsc-early: mask: 0xffffffffffffffff max_cycles: 0x212773a8cbd, max_idle_ns: 440795265743 ns
Oct 23 13:39:58 ip-172-31-28-71 kernel: [    0.939272] Calibrating delay loop (skipped), value calculated using timer frequency.. 4600.13 BogoMIPS (lpj=9200264)
Oct 23 13:39:58 ip-172-31-28-71 kernel: [    0.951272] pid_max: default: 32768 minimum: 301
Oct 23 13:39:58 ip-172-31-28-71 kernel: [    0.955338] LSM: Security Framework initializing
Oct 23 13:39:58 ip-172-31-28-71 kernel: [    0.963286] Yama: becoming mindful.
Oct 23 13:39:58 ip-172-31-28-71 kernel: [    0.967367] AppArmor: AppArmor initialized
Oct 23 13:39:58 ip-172-31-28-71 kernel: [    0.975397] Mount-cache hash table entries: 65536 (order: 7, 524288 bytes, linear)
Oct 23 13:39:58 ip-172-31-28-71 kernel: [    0.983356] Mountpoint-cache hash table entries: 65536 (order: 7, 524288 bytes, linear)
Oct 23 13:39:58 ip-172-31-28-71 kernel: [    0.995292] *** VALIDATE tmpfs ***
Oct 23 13:39:58 ip-172-31-28-71 kernel: [    0.999448] *** VALIDATE proc ***
Oct 23 13:39:58 ip-172-31-28-71 kernel: [    1.003336] *** VALIDATE cgroup1 ***
Oct 23 13:39:58 ip-172-31-28-71 kernel: [    1.007273] *** VALIDATE cgroup2 ***
Oct 23 13:39:58 ip-172-31-28-71 kernel: [    1.015390] Last level iTLB entries: 4KB 64, 2MB 8, 4MB 8
Oct 23 13:39:58 ip-172-31-28-71 kernel: [    1.019272] Last level dTLB entries: 4KB 64, 2MB 0, 4MB 0, 1GB 4
Oct 23 13:39:58 ip-172-31-28-71 kernel: [    1.027274] Spectre V1 : Mitigation: usercopy/swapgs barriers and __user pointer sanitization
Oct 23 13:39:58 ip-172-31-28-71 kernel: [    1.035272] Spectre V2 : Mitigation: Full generic retpoline
Oct 23 13:39:58 ip-172-31-28-71 kernel: [    1.043271] Spectre V2 : Spectre v2 / SpectreRSB mitigation: Filling RSB on context switch
Oct 23 13:39:58 ip-172-31-28-71 kernel: [    1.051272] Speculative Store Bypass: Vulnerable
Oct 23 13:39:58 ip-172-31-28-71 kernel: [    1.059274] MDS: Vulnerable: Clear CPU buffers attempted, no microcode
Oct 23 13:39:58 ip-172-31-28-71 kernel: [    1.063464] Freeing SMP alternatives memory: 40K
Oct 23 13:39:58 ip-172-31-28-71 kernel: [    1.073185] clocksource: xen: mask: 0xffffffffffffffff max_cycles: 0x1cd42e4dffb, max_idle_ns: 881590591483 ns
Oct 23 13:39:58 ip-172-31-28-71 kernel: [    1.083287] Xen: using vcpuop timer interface
Oct 23 13:39:58 ip-172-31-28-71 kernel: [    1.083294] installing Xen timer for CPU 0
Oct 23 13:39:58 ip-172-31-28-71 kernel: [    1.087346] smpboot: CPU0: Intel(R) Xeon(R) CPU E5-2686 v4 @ 2.30GHz (family: 0x6, model: 0x4f, stepping: 0x1)
Oct 23 13:39:58 ip-172-31-28-71 kernel: [    1.091310] cpu 0 spinlock event irq 53
Oct 23 13:39:58 ip-172-31-28-71 kernel: [    1.095435] Performance Events: unsupported p6 CPU model 79 no PMU driver, software events only.
Oct 23 13:39:58 ip-172-31-28-71 kernel: [    1.099328] rcu: Hierarchical SRCU implementation.
Oct 23 13:39:58 ip-172-31-28-71 kernel: [    1.103969] NMI watchdog: Perf NMI watchdog permanently disabled
Oct 23 13:39:58 ip-172-31-28-71 kernel: [    1.107503] smp: Bringing up secondary CPUs ...
Oct 23 13:39:58 ip-172-31-28-71 kernel: [    1.111412] installing Xen timer for CPU 1
Oct 23 13:39:58 ip-172-31-28-71 kernel: [    1.115352] x86: Booting SMP configuration:
Oct 23 13:39:58 ip-172-31-28-71 kernel: [    1.119279] .... node  #0, CPUs:        #1
Oct 23 13:39:58 ip-172-31-28-71 kernel: [    1.119840] cpu 1 spinlock event irq 59
Oct 23 13:39:58 ip-172-31-28-71 kernel: [    1.127385] installing Xen timer for CPU 2
Oct 23 13:39:58 ip-172-31-28-71 kernel: [    1.131344]   #2
Oct 23 13:39:58 ip-172-31-28-71 kernel: [    1.131879] cpu 2 spinlock event irq 65
Oct 23 13:39:58 ip-172-31-28-71 kernel: [    1.139374] installing Xen timer for CPU 3
Oct 23 13:39:58 ip-172-31-28-71 kernel: [    1.143353]   #3
Oct 23 13:39:58 ip-172-31-28-71 kernel: [    1.143900] cpu 3 spinlock event irq 71
Oct 23 13:39:58 ip-172-31-28-71 kernel: [    1.151426] installing Xen timer for CPU 4
Oct 23 13:39:58 ip-172-31-28-71 kernel: [    1.154579]   #4
Oct 23 13:39:58 ip-172-31-28-71 kernel: [    1.155397] cpu 4 spinlock event irq 77
Oct 23 13:39:58 ip-172-31-28-71 kernel: [    1.159393] installing Xen timer for CPU 5
Oct 23 13:39:58 ip-172-31-28-71 kernel: [    1.162495]   #5
Oct 23 13:39:58 ip-172-31-28-71 kernel: [    1.163708] cpu 5 spinlock event irq 83
Oct 23 13:39:58 ip-172-31-28-71 kernel: [    1.167391] installing Xen timer for CPU 6
Oct 23 13:39:58 ip-172-31-28-71 kernel: [    1.171350]   #6
Oct 23 13:39:58 ip-172-31-28-71 kernel: [    1.171826] cpu 6 spinlock event irq 89
Oct 23 13:39:58 ip-172-31-28-71 kernel: [    1.175398] installing Xen timer for CPU 7
Oct 23 13:39:58 ip-172-31-28-71 kernel: [    1.179346]   #7
Oct 23 13:39:58 ip-172-31-28-71 kernel: [    1.179824] cpu 7 spinlock event irq 95
Oct 23 13:39:58 ip-172-31-28-71 kernel: [    1.183362] smp: Brought up 1 node, 8 CPUs
Oct 23 13:39:58 ip-172-31-28-71 kernel: [    1.187277] smpboot: Max logical packages: 2
Oct 23 13:39:58 ip-172-31-28-71 kernel: [    1.190324] smpboot: Total of 8 processors activated (36801.05 BogoMIPS)
Oct 23 13:39:58 ip-172-31-28-71 kernel: [    1.192398] devtmpfs: initialized
Oct 23 13:39:58 ip-172-31-28-71 lxcfs[1039]:   5: fd:  11: blkio
Oct 23 13:39:58 ip-172-31-28-71 lxcfs[1039]:   6: fd:  12: rdma
Oct 23 13:39:58 ip-172-31-28-71 lxcfs[1039]:   7: fd:  13: devices
Oct 23 13:39:58 ip-172-31-28-71 lxcfs[1039]:   8: fd:  14: hugetlb
Oct 23 13:39:58 ip-172-31-28-71 lxcfs[1039]:   9: fd:  15: cpuset
Oct 23 13:39:58 ip-172-31-28-71 lxcfs[1039]:  10: fd:  16: net_cls,net_prio
Oct 23 13:39:58 ip-172-31-28-71 lxcfs[1039]:  11: fd:  17: name=systemd
Oct 23 13:39:58 ip-172-31-28-71 lxcfs[1039]:  12: fd:  18: unified
Oct 23 13:39:58 ip-172-31-28-71 dbus-daemon[1057]: [system] AppArmor D-Bus mediation is enabled
Oct 23 13:39:58 ip-172-31-28-71 dbus-daemon[1057]: [system] Activating via systemd: service name='org.freedesktop.hostname1' unit='dbus-org.freedesktop.hostname1.service' requested by ':1.2' (uid=100 pid=840 comm="/lib/systemd/systemd-networkd " label="unconfined")
Oct 23 13:39:58 ip-172-31-28-71 kernel: [    1.195329] x86/mm: Memory block size: 128MB
Oct 23 13:39:58 ip-172-31-28-71 systemd[1]: Starting Dispatcher daemon for systemd-networkd...
Oct 23 13:39:58 ip-172-31-28-71 kernel: [    1.203019] clocksource: jiffies: mask: 0xffffffff max_cycles: 0xffffffff, max_idle_ns: 7645041785100000 ns
Oct 23 13:39:58 ip-172-31-28-71 systemd[1]: Started Regular background program processing daemon.
Oct 23 13:39:58 ip-172-31-28-71 kernel: [    1.203342] futex hash table entries: 4096 (order: 6, 262144 bytes, linear)
Oct 23 13:39:58 ip-172-31-28-71 kernel: [    1.207372] pinctrl core: initialized pinctrl subsystem
Oct 23 13:39:58 ip-172-31-28-71 dbus-daemon[1057]: [system] Activating via systemd: service name='org.freedesktop.PolicyKit1' unit='polkit.service' requested by ':1.4' (uid=0 pid=1030 comm="/usr/lib/accountsservice/accounts-daemon " label="unconfined")
Oct 23 13:39:58 ip-172-31-28-71 kernel: [    1.211054] PM: RTC time: 13:39:44, date: 2021-10-23
Oct 23 13:39:58 ip-172-31-28-71 kernel: [    1.211551] NET: Registered protocol family 16
Oct 23 13:39:58 ip-172-31-28-71 systemd[1]: Starting Permit User Sessions...
Oct 23 13:39:58 ip-172-31-28-71 kernel: [    1.215192] audit: initializing netlink subsys (disabled)
Oct 23 13:39:58 ip-172-31-28-71 kernel: [    1.215297] audit: type=2000 audit(1634996384.937:1): state=initialized audit_enabled=0 res=1
Oct 23 13:39:58 ip-172-31-28-71 kernel: [    1.215431] EISA bus registered
Oct 23 13:39:58 ip-172-31-28-71 systemd[1]: Starting System Logging Service...
Oct 23 13:39:58 ip-172-31-28-71 kernel: [    1.222504] cpuidle: using governor ladder
Oct 23 13:39:58 ip-172-31-28-71 kernel: [    1.223284] cpuidle: using governor menu
Oct 23 13:39:58 ip-172-31-28-71 systemd[1]: Started Deferred execution scheduler.
Oct 23 13:39:58 ip-172-31-28-71 cron[1105]: (CRON) INFO (pidfile fd = 3)
Oct 23 13:39:58 ip-172-31-28-71 systemd[1]: Starting Pollinate to seed the pseudo random number generator...
Oct 23 13:39:58 ip-172-31-28-71 kernel: [    1.226535] ACPI: bus type PCI registered
Oct 23 13:39:58 ip-172-31-28-71 cron[1105]: (CRON) INFO (Running @reboot jobs)
Oct 23 13:39:58 ip-172-31-28-71 kernel: [    1.227278] acpiphp: ACPI Hot Plug PCI Controller Driver version: 0.5
Oct 23 13:39:58 ip-172-31-28-71 kernel: [    1.231868] PCI: Using configuration type 1 for base access
Oct 23 13:39:58 ip-172-31-28-71 kernel: [    1.239321] HugeTLB registered 1.00 GiB page size, pre-allocated 0 pages
Oct 23 13:39:58 ip-172-31-28-71 kernel: [    1.243278] HugeTLB registered 2.00 MiB page size, pre-allocated 0 pages
Oct 23 13:39:58 ip-172-31-28-71 kernel: [    1.247383] ACPI: Added _OSI(Module Device)
Oct 23 13:39:58 ip-172-31-28-71 systemd[1]: Starting Snap Daemon...
Oct 23 13:39:58 ip-172-31-28-71 kernel: [    1.255276] ACPI: Added _OSI(Processor Device)
Oct 23 13:39:58 ip-172-31-28-71 kernel: [    1.259275] ACPI: Added _OSI(3.0 _SCP Extensions)
Oct 23 13:39:58 ip-172-31-28-71 kernel: [    1.263276] ACPI: Added _OSI(Processor Aggregator Device)
Oct 23 13:39:58 ip-172-31-28-71 systemd[1]: Started Permit User Sessions.
Oct 23 13:39:58 ip-172-31-28-71 systemd[1]: Started Login Service.
Oct 23 13:39:58 ip-172-31-28-71 grub-common[1041]:  * Recording successful boot for GRUB
Oct 23 13:39:58 ip-172-31-28-71 apport[1047]:  * Starting automatic crash report generation: apport
Oct 23 13:39:58 ip-172-31-28-71 systemd[1]: Starting Authorization Manager...
Oct 23 13:39:58 ip-172-31-28-71 systemd[1]: Starting Hostname Service...
Oct 23 13:39:58 ip-172-31-28-71 kernel: [    1.271274] ACPI: Added _OSI(Linux-Dell-Video)
Oct 23 13:39:58 ip-172-31-28-71 kernel: [    1.275275] ACPI: Added _OSI(Linux-Lenovo-NV-HDMI-Audio)
Oct 23 13:39:58 ip-172-31-28-71 systemd[1]: Started Unattended Upgrades Shutdown.
Oct 23 13:39:58 ip-172-31-28-71 kernel: [    1.279277] ACPI: Added _OSI(Linux-HPI-Hybrid-Graphics)
Oct 23 13:39:58 ip-172-31-28-71 kernel: [    1.287435] ACPI: 3 ACPI AML tables successfully acquired and loaded
Oct 23 13:39:58 ip-172-31-28-71 kernel: [    1.296104] xen: --> pirq=16 -> irq=9 (gsi=9)
Oct 23 13:39:58 ip-172-31-28-71 systemd[1]: Starting Hold until boot process finishes up...
Oct 23 13:39:58 ip-172-31-28-71 apport[1047]:    ...done.
Oct 23 13:39:58 ip-172-31-28-71 kernel: [    1.297131] ACPI: Interpreter enabled
Oct 23 13:39:58 ip-172-31-28-71 systemd[1]: Starting Terminate Plymouth Boot Screen...
Oct 23 13:39:58 ip-172-31-28-71 kernel: [    1.303289] ACPI: (supports S0 S4 S5)
Oct 23 13:39:58 ip-172-31-28-71 kernel: [    1.307274] ACPI: Using IOAPIC for interrupt routing
Oct 23 13:39:58 ip-172-31-28-71 systemd[1]: Started LSB: automatic crash report generation.
Oct 23 13:39:58 ip-172-31-28-71 kernel: [    1.311314] PCI: Using host bridge windows from ACPI; if necessary, use "pci=nocrs" and report a bug
Oct 23 13:39:58 ip-172-31-28-71 kernel: [    1.323680] ACPI: Enabled 2 GPEs in block 00 to 0F
Oct 23 13:39:58 ip-172-31-28-71 dbus-daemon[1057]: [system] Successfully activated service 'org.freedesktop.hostname1'
Oct 23 13:39:58 ip-172-31-28-71 kernel: [    1.372437] ACPI: PCI Root Bridge [PCI0] (domain 0000 [bus 00-ff])
Oct 23 13:39:58 ip-172-31-28-71 kernel: [    1.379285] acpi PNP0A03:00: _OSC: OS supports [ASPM ClockPM Segments MSI HPX-Type3]
Oct 23 13:39:58 ip-172-31-28-71 systemd[1]: Started Hold until boot process finishes up.
Oct 23 13:39:58 ip-172-31-28-71 kernel: [    1.387295] acpi PNP0A03:00: fail to add MMCONFIG information, can't access extended PCI configuration space under this bridge.
Oct 23 13:39:58 ip-172-31-28-71 systemd[1]: Started Terminate Plymouth Boot Screen.
Oct 23 13:39:58 ip-172-31-28-71 polkitd[1155]: started daemon version 0.105 using authority implementation `local' version `0.105'
Oct 23 13:39:58 ip-172-31-28-71 dbus-daemon[1057]: [system] Successfully activated service 'org.freedesktop.PolicyKit1'
Oct 23 13:39:58 ip-172-31-28-71 systemd[1]: Started Hostname Service.
Oct 23 13:39:58 ip-172-31-28-71 pollinate[1119]: client sent challenge to [https://entropy.ubuntu.com/]
Oct 23 13:39:58 ip-172-31-28-71 accounts-daemon[1030]: started daemon version 0.6.45
Oct 23 13:39:58 ip-172-31-28-71 grub-common[1041]:    ...done.
Oct 23 13:39:58 ip-172-31-28-71 kernel: [    1.400466] acpiphp: Slot [0] registered
Oct 23 13:39:58 ip-172-31-28-71 kernel: [    1.404671] acpiphp: Slot [3] registered
Oct 23 13:39:58 ip-172-31-28-71 kernel: [    1.407751] acpiphp: Slot [4] registered
Oct 23 13:39:58 ip-172-31-28-71 kernel: [    1.411752] acpiphp: Slot [5] registered
Oct 23 13:39:58 ip-172-31-28-71 kernel: [    1.419828] acpiphp: Slot [6] registered
Oct 23 13:39:58 ip-172-31-28-71 kernel: [    1.423848] acpiphp: Slot [7] registered
Oct 23 13:39:58 ip-172-31-28-71 kernel: [    1.427590] acpiphp: Slot [8] registered
Oct 23 13:39:58 ip-172-31-28-71 kernel: [    1.430813] acpiphp: Slot [9] registered
Oct 23 13:39:58 ip-172-31-28-71 systemd[1]: Started LSB: Record successful boot for GRUB.
Oct 23 13:39:58 ip-172-31-28-71 kernel: [    1.435604] acpiphp: Slot [10] registered
Oct 23 13:39:58 ip-172-31-28-71 kernel: [    1.439029] acpiphp: Slot [11] registered
Oct 23 13:39:58 ip-172-31-28-71 kernel: [    1.443607] acpiphp: Slot [12] registered
Oct 23 13:39:58 ip-172-31-28-71 kernel: [    1.447244] acpiphp: Slot [13] registered
Oct 23 13:39:58 ip-172-31-28-71 systemd[1]: Started Authorization Manager.
Oct 23 13:39:58 ip-172-31-28-71 systemd[1]: Started Accounts Service.
Oct 23 13:39:58 ip-172-31-28-71 kernel: [    1.451738] acpiphp: Slot [14] registered
Oct 23 13:39:58 ip-172-31-28-71 kernel: [    1.455741] acpiphp: Slot [15] registered
Oct 23 13:39:58 ip-172-31-28-71 kernel: [    1.459742] acpiphp: Slot [16] registered
Oct 23 13:39:58 ip-172-31-28-71 kernel: [    1.463732] acpiphp: Slot [17] registered
Oct 23 13:39:58 ip-172-31-28-71 kernel: [    1.467752] acpiphp: Slot [18] registered
Oct 23 13:39:58 ip-172-31-28-71 kernel: [    1.471763] acpiphp: Slot [19] registered
Oct 23 13:39:58 ip-172-31-28-71 kernel: [    1.479837] acpiphp: Slot [20] registered
Oct 23 13:39:58 ip-172-31-28-71 kernel: [    1.483768] acpiphp: Slot [21] registered
Oct 23 13:39:58 ip-172-31-28-71 kernel: [    1.487735] acpiphp: Slot [22] registered
Oct 23 13:39:58 ip-172-31-28-71 kernel: [    1.491790] acpiphp: Slot [23] registered
Oct 23 13:39:58 ip-172-31-28-71 kernel: [    1.495753] acpiphp: Slot [24] registered
Oct 23 13:39:58 ip-172-31-28-71 kernel: [    1.499758] acpiphp: Slot [25] registered
Oct 23 13:39:58 ip-172-31-28-71 kernel: [    1.507750] acpiphp: Slot [26] registered
Oct 23 13:39:58 ip-172-31-28-71 kernel: [    1.511737] acpiphp: Slot [27] registered
Oct 23 13:39:58 ip-172-31-28-71 kernel: [    1.515776] acpiphp: Slot [28] registered
Oct 23 13:39:58 ip-172-31-28-71 kernel: [    1.519770] acpiphp: Slot [29] registered
Oct 23 13:39:58 ip-172-31-28-71 kernel: [    1.523767] acpiphp: Slot [30] registered
Oct 23 13:39:58 ip-172-31-28-71 kernel: [    1.531757] acpiphp: Slot [31] registered
Oct 23 13:39:58 ip-172-31-28-71 kernel: [    1.535756] PCI host bridge to bus 0000:00
Oct 23 13:39:58 ip-172-31-28-71 kernel: [    1.539278] pci_bus 0000:00: root bus resource [io  0x0000-0x0cf7 window]
Oct 23 13:39:58 ip-172-31-28-71 kernel: [    1.547276] pci_bus 0000:00: root bus resource [io  0x0d00-0xffff window]
Oct 23 13:39:58 ip-172-31-28-71 kernel: [    1.551285] pci_bus 0000:00: root bus resource [mem 0x000a0000-0x000bffff window]
Oct 23 13:39:58 ip-172-31-28-71 kernel: [    1.559278] pci_bus 0000:00: root bus resource [mem 0xf0000000-0xfbffffff window]
Oct 23 13:39:58 ip-172-31-28-71 kernel: [    1.567276] pci_bus 0000:00: root bus resource [bus 00-ff]
Oct 23 13:39:58 ip-172-31-28-71 kernel: [    1.571561] pci 0000:00:00.0: [8086:1237] type 00 class 0x060000
Oct 23 13:39:58 ip-172-31-28-71 kernel: [    1.582449] pci 0000:00:01.0: [8086:7000] type 00 class 0x060100
Oct 23 13:39:58 ip-172-31-28-71 kernel: [    1.591764] pci 0000:00:01.1: [8086:7010] type 00 class 0x010180
Oct 23 13:39:58 ip-172-31-28-71 kernel: [    1.601668] pci 0000:00:01.1: reg 0x20: [io  0xc100-0xc10f]
Oct 23 13:39:58 ip-172-31-28-71 kernel: [    1.608221] pci 0000:00:01.1: legacy IDE quirk: reg 0x10: [io  0x01f0-0x01f7]
Oct 23 13:39:58 ip-172-31-28-71 kernel: [    1.615277] pci 0000:00:01.1: legacy IDE quirk: reg 0x14: [io  0x03f6]
Oct 23 13:39:58 ip-172-31-28-71 kernel: [    1.619277] pci 0000:00:01.1: legacy IDE quirk: reg 0x18: [io  0x0170-0x0177]
Oct 23 13:39:58 ip-172-31-28-71 kernel: [    1.627276] pci 0000:00:01.1: legacy IDE quirk: reg 0x1c: [io  0x0376]
Oct 23 13:39:58 ip-172-31-28-71 kernel: [    1.632422] pci 0000:00:01.3: [8086:7113] type 00 class 0x068000
Oct 23 13:39:58 ip-172-31-28-71 kernel: [    1.639339] * Found PM-Timer Bug on the chipset. Due to workarounds for a bug,
Oct 23 13:39:58 ip-172-31-28-71 kernel: [    1.639339] * this clock source is slow. Consider trying other clock sources
Oct 23 13:39:58 ip-172-31-28-71 kernel: [    1.655284] pci 0000:00:01.3: acpi_pm_check_blacklist+0x0/0x40 took 15625 usecs
Oct 23 13:39:58 ip-172-31-28-71 kernel: [    1.665815] pci 0000:00:01.3: quirk: [io  0xb000-0xb03f] claimed by PIIX4 ACPI
Oct 23 13:39:58 ip-172-31-28-71 kernel: [    1.673037] pci 0000:00:02.0: [1013:00b8] type 00 class 0x030000
Oct 23 13:39:58 ip-172-31-28-71 kernel: [    1.679994] pci 0000:00:02.0: reg 0x10: [mem 0xf0000000-0xf1ffffff pref]
Oct 23 13:39:58 ip-172-31-28-71 kernel: [    1.687665] pci 0000:00:02.0: reg 0x14: [mem 0xf3000000-0xf3000fff]
Oct 23 13:39:58 ip-172-31-28-71 kernel: [    1.694658] pci 0000:00:03.0: [5853:0001] type 00 class 0xff8000
Oct 23 13:39:58 ip-172-31-28-71 kernel: [    1.704062] pci 0000:00:03.0: reg 0x10: [io  0xc000-0xc0ff]
Oct 23 13:39:58 ip-172-31-28-71 kernel: [    1.707700] pci 0000:00:03.0: reg 0x14: [mem 0xf2000000-0xf2ffffff pref]
Oct 23 13:39:58 ip-172-31-28-71 kernel: [    1.723938] ACPI: PCI Interrupt Link [LNKA] (IRQs *5 10 11)
Oct 23 13:39:58 ip-172-31-28-71 kernel: [    1.727544] ACPI: PCI Interrupt Link [LNKB] (IRQs 5 *10 11)
Oct 23 13:39:58 ip-172-31-28-71 kernel: [    1.735566] ACPI: PCI Interrupt Link [LNKC] (IRQs 5 10 *11)
Oct 23 13:39:58 ip-172-31-28-71 kernel: [    1.739571] ACPI: PCI Interrupt Link [LNKD] (IRQs *5 10 11)
Oct 23 13:39:58 ip-172-31-28-71 kernel: [    1.773306] xen:balloon: Initialising balloon driver
Oct 23 13:39:58 ip-172-31-28-71 kernel: [    1.779327] iommu: Default domain type: Translated 
Oct 23 13:39:58 ip-172-31-28-71 kernel: [    1.783449] SCSI subsystem initialized
Oct 23 13:39:58 ip-172-31-28-71 kernel: [    1.791294] libata version 3.00 loaded.
Oct 23 13:39:58 ip-172-31-28-71 kernel: [    1.791354] pci 0000:00:02.0: vgaarb: setting as boot VGA device
Oct 23 13:39:58 ip-172-31-28-71 kernel: [    1.795268] pci 0000:00:02.0: vgaarb: VGA device added: decodes=io+mem,owns=io+mem,locks=none
Oct 23 13:39:58 ip-172-31-28-71 kernel: [    1.807279] pci 0000:00:02.0: vgaarb: bridge control possible
Oct 23 13:39:58 ip-172-31-28-71 kernel: [    1.815276] vgaarb: loaded
Oct 23 13:39:58 ip-172-31-28-71 kernel: [    1.819310] ACPI: bus type USB registered
Oct 23 13:39:58 ip-172-31-28-71 kernel: [    1.827302] usbcore: registered new interface driver usbfs
Oct 23 13:39:58 ip-172-31-28-71 kernel: [    1.831288] usbcore: registered new interface driver hub
Oct 23 13:39:58 ip-172-31-28-71 kernel: [    1.834890] usbcore: registered new device driver usb
Oct 23 13:39:58 ip-172-31-28-71 kernel: [    1.839313] pps_core: LinuxPPS API ver. 1 registered
Oct 23 13:39:58 ip-172-31-28-71 kernel: [    1.843273] pps_core: Software ver. 5.3.6 - Copyright 2005-2007 Rodolfo Giometti <giometti@linux.it>
Oct 23 13:39:58 ip-172-31-28-71 kernel: [    1.851286] PTP clock support registered
Oct 23 13:39:58 ip-172-31-28-71 kernel: [    1.855313] EDAC MC: Ver: 3.0.0
Oct 23 13:39:58 ip-172-31-28-71 kernel: [    1.859656] PCI: Using ACPI for IRQ routing
Oct 23 13:39:58 ip-172-31-28-71 kernel: [    1.863277] PCI: pci_cache_line_size set to 64 bytes
Oct 23 13:39:58 ip-172-31-28-71 kernel: [    1.863953] e820: reserve RAM buffer [mem 0x0009e000-0x0009ffff]
Oct 23 13:39:58 ip-172-31-28-71 kernel: [    1.864089] NetLabel: Initializing
Oct 23 13:39:58 ip-172-31-28-71 kernel: [    1.867276] NetLabel:  domain hash size = 128
Oct 23 13:39:58 ip-172-31-28-71 kernel: [    1.875275] NetLabel:  protocols = UNLABELED CIPSOv4 CALIPSO
Oct 23 13:39:58 ip-172-31-28-71 kernel: [    1.879308] NetLabel:  unlabeled traffic allowed by default
Oct 23 13:39:58 ip-172-31-28-71 kernel: [    1.887330] hpet: 3 channels of 0 reserved for per-cpu timers
Oct 23 13:39:58 ip-172-31-28-71 kernel: [    1.895283] hpet0: at MMIO 0xfed00000, IRQs 2, 8, 0
Oct 23 13:39:58 ip-172-31-28-71 kernel: [    1.903274] hpet0: 3 comparators, 64-bit 62.500000 MHz counter
Oct 23 13:39:58 ip-172-31-28-71 kernel: [    1.913399] clocksource: Switched to clocksource xen
Oct 23 13:39:58 ip-172-31-28-71 kernel: [    1.931949] *** VALIDATE bpf ***
Oct 23 13:39:58 ip-172-31-28-71 kernel: [    1.936699] VFS: Disk quotas dquot_6.6.0
Oct 23 13:39:58 ip-172-31-28-71 kernel: [    1.942084] VFS: Dquot-cache hash table entries: 512 (order 0, 4096 bytes)
Oct 23 13:39:58 ip-172-31-28-71 kernel: [    1.950589] *** VALIDATE ramfs ***
Oct 23 13:39:58 ip-172-31-28-71 kernel: [    1.955391] *** VALIDATE hugetlbfs ***
Oct 23 13:39:58 ip-172-31-28-71 kernel: [    1.958722] AppArmor: AppArmor Filesystem Enabled
Oct 23 13:39:58 ip-172-31-28-71 kernel: [    1.962244] pnp: PnP ACPI init
Oct 23 13:39:58 ip-172-31-28-71 kernel: [    1.964832] system 00:00: [mem 0x00000000-0x0009ffff] could not be reserved
Oct 23 13:39:58 ip-172-31-28-71 kernel: [    1.969470] system 00:00: Plug and Play ACPI device, IDs PNP0c02 (active)
Oct 23 13:39:58 ip-172-31-28-71 kernel: [    1.969577] system 00:01: [io  0x08a0-0x08a3] has been reserved
Oct 23 13:39:58 ip-172-31-28-71 kernel: [    1.973581] system 00:01: [io  0x0cc0-0x0ccf] has been reserved
Oct 23 13:39:58 ip-172-31-28-71 kernel: [    1.977743] system 00:01: [io  0x04d0-0x04d1] has been reserved
Oct 23 13:39:58 ip-172-31-28-71 kernel: [    1.981618] system 00:01: Plug and Play ACPI device, IDs PNP0c02 (active)
Oct 23 13:39:58 ip-172-31-28-71 kernel: [    1.981652] xen: --> pirq=17 -> irq=8 (gsi=8)
Oct 23 13:39:58 ip-172-31-28-71 kernel: [    1.981670] pnp 00:02: Plug and Play ACPI device, IDs PNP0b00 (active)
Oct 23 13:39:58 ip-172-31-28-71 kernel: [    1.981695] xen: --> pirq=18 -> irq=12 (gsi=12)
Oct 23 13:39:58 ip-172-31-28-71 kernel: [    1.981712] pnp 00:03: Plug and Play ACPI device, IDs PNP0f13 (active)
Oct 23 13:39:58 ip-172-31-28-71 kernel: [    1.981731] xen: --> pirq=19 -> irq=1 (gsi=1)
Oct 23 13:39:58 ip-172-31-28-71 kernel: [    1.981742] pnp 00:04: Plug and Play ACPI device, IDs PNP0303 PNP030b (active)
Oct 23 13:39:58 ip-172-31-28-71 kernel: [    1.981760] xen: --> pirq=20 -> irq=6 (gsi=6)
Oct 23 13:39:58 ip-172-31-28-71 kernel: [    1.981761] pnp 00:05: [dma 2]
Oct 23 13:39:58 ip-172-31-28-71 kernel: [    1.981774] pnp 00:05: Plug and Play ACPI device, IDs PNP0700 (active)
Oct 23 13:39:58 ip-172-31-28-71 kernel: [    1.981799] xen: --> pirq=21 -> irq=4 (gsi=4)
Oct 23 13:39:58 ip-172-31-28-71 kernel: [    1.981813] pnp 00:06: Plug and Play ACPI device, IDs PNP0501 (active)
Oct 23 13:39:58 ip-172-31-28-71 kernel: [    1.981853] system 00:07: [io  0x10c0-0x1141] has been reserved
Oct 23 13:39:58 ip-172-31-28-71 kernel: [    1.986050] system 00:07: [io  0xb044-0xb047] has been reserved
Oct 23 13:39:58 ip-172-31-28-71 kernel: [    1.993973] system 00:07: Plug and Play ACPI device, IDs PNP0c02 (active)
Oct 23 13:39:58 ip-172-31-28-71 kernel: [    2.024154] pnp: PnP ACPI: found 8 devices
Oct 23 13:39:58 ip-172-31-28-71 kernel: [    2.032424] thermal_sys: Registered thermal governor 'fair_share'
Oct 23 13:39:58 ip-172-31-28-71 kernel: [    2.032425] thermal_sys: Registered thermal governor 'bang_bang'
Oct 23 13:39:58 ip-172-31-28-71 kernel: [    2.039906] thermal_sys: Registered thermal governor 'step_wise'
Oct 23 13:39:58 ip-172-31-28-71 kernel: [    2.047148] thermal_sys: Registered thermal governor 'user_space'
Oct 23 13:39:58 ip-172-31-28-71 kernel: [    2.054117] thermal_sys: Registered thermal governor 'power_allocator'
Oct 23 13:39:58 ip-172-31-28-71 kernel: [    2.066157] clocksource: acpi_pm: mask: 0xffffff max_cycles: 0xffffff, max_idle_ns: 2085701024 ns
Oct 23 13:39:58 ip-172-31-28-71 kernel: [    2.083560] pci_bus 0000:00: resource 4 [io  0x0000-0x0cf7 window]
Oct 23 13:39:58 ip-172-31-28-71 kernel: [    2.090738] pci_bus 0000:00: resource 5 [io  0x0d00-0xffff window]
Oct 23 13:39:58 ip-172-31-28-71 kernel: [    2.097866] pci_bus 0000:00: resource 6 [mem 0x000a0000-0x000bffff window]
Oct 23 13:39:58 ip-172-31-28-71 kernel: [    2.105550] pci_bus 0000:00: resource 7 [mem 0xf0000000-0xfbffffff window]
Oct 23 13:39:58 ip-172-31-28-71 kernel: [    2.113683] NET: Registered protocol family 2
Oct 23 13:39:58 ip-172-31-28-71 kernel: [    2.119252] tcp_listen_portaddr_hash hash table entries: 16384 (order: 6, 262144 bytes, linear)
Oct 23 13:39:58 ip-172-31-28-71 kernel: [    2.130668] TCP established hash table entries: 262144 (order: 9, 2097152 bytes, linear)
Oct 23 13:39:58 ip-172-31-28-71 kernel: [    2.142445] TCP bind hash table entries: 65536 (order: 8, 1048576 bytes, linear)
Oct 23 13:39:58 ip-172-31-28-71 kernel: [    2.151857] TCP: Hash tables configured (established 262144 bind 65536)
Oct 23 13:39:58 ip-172-31-28-71 kernel: [    2.160305] UDP hash table entries: 16384 (order: 7, 524288 bytes, linear)
Oct 23 13:39:58 ip-172-31-28-71 kernel: [    2.168936] UDP-Lite hash table entries: 16384 (order: 7, 524288 bytes, linear)
Oct 23 13:39:58 ip-172-31-28-71 kernel: [    2.178625] NET: Registered protocol family 1
Oct 23 13:39:58 ip-172-31-28-71 kernel: [    2.184484] NET: Registered protocol family 44
Oct 23 13:39:58 ip-172-31-28-71 kernel: [    2.190241] pci 0000:00:01.0: PIIX3: Enabling Passive Release
Oct 23 13:39:58 ip-172-31-28-71 kernel: [    2.196439] pci 0000:00:00.0: Limiting direct PCI/PCI transfers
Oct 23 13:39:58 ip-172-31-28-71 kernel: [    2.202580] pci 0000:00:01.0: Activating ISA DMA hang workarounds
Oct 23 13:39:58 ip-172-31-28-71 kernel: [    2.210575] pci 0000:00:02.0: Video device with shadowed ROM at [mem 0x000c0000-0x000dffff]
Oct 23 13:39:58 ip-172-31-28-71 kernel: [    2.220769] pci 0000:00:02.0: pci_fixup_video+0x0/0x110 took 10164 usecs
Oct 23 13:39:58 ip-172-31-28-71 kernel: [    2.229037] PCI: CLS 0 bytes, default 64
Oct 23 13:39:58 ip-172-31-28-71 kernel: [    2.234377] Trying to unpack rootfs image as initramfs...
Oct 23 13:39:58 ip-172-31-28-71 kernel: [    2.540486] Freeing initrd memory: 21068K
Oct 23 13:39:58 ip-172-31-28-71 kernel: [    2.545585] PCI-DMA: Using software bounce buffering for IO (SWIOTLB)
Oct 23 13:39:58 ip-172-31-28-71 kernel: [    2.552851] software IO TLB: mapped [mem 0xec000000-0xf0000000] (64MB)
Oct 23 13:39:58 ip-172-31-28-71 kernel: [    2.560337] check: Scanning for low memory corruption every 60 seconds
Oct 23 13:39:58 ip-172-31-28-71 kernel: [    2.568159] Initialise system trusted keyrings
Oct 23 13:39:58 ip-172-31-28-71 kernel: [    2.573355] Key type blacklist registered
Oct 23 13:39:58 ip-172-31-28-71 kernel: [    2.578380] workingset: timestamp_bits=36 max_order=23 bucket_order=0
Oct 23 13:39:58 ip-172-31-28-71 rsyslogd: imuxsock: Acquired UNIX socket '/run/systemd/journal/syslog' (fd 3) from systemd.  [v8.32.0]
Oct 23 13:39:58 ip-172-31-28-71 kernel: [    2.586418] zbud: loaded
Oct 23 13:39:58 ip-172-31-28-71 kernel: [    2.588922] squashfs: version 4.0 (2009/01/31) Phillip Lougher
Oct 23 13:39:58 ip-172-31-28-71 kernel: [    2.593023] fuse: init (API version 7.31)
Oct 23 13:39:58 ip-172-31-28-71 kernel: [    2.596052] *** VALIDATE fuse ***
Oct 23 13:39:58 ip-172-31-28-71 kernel: [    2.598591] *** VALIDATE fuse ***
Oct 23 13:39:58 ip-172-31-28-71 kernel: [    2.601315] Platform Keyring initialized
Oct 23 13:39:58 ip-172-31-28-71 rsyslogd: rsyslogd's groupid changed to 106
Oct 23 13:39:58 ip-172-31-28-71 rsyslogd: rsyslogd's userid changed to 102
Oct 23 13:39:58 ip-172-31-28-71 rsyslogd:  [origin software="rsyslogd" swVersion="8.32.0" x-pid="1112" x-info="http://www.rsyslog.com"] start
Oct 23 13:39:58 ip-172-31-28-71 systemd[1]: Started System Logging Service.
Oct 23 13:39:58 ip-172-31-28-71 kernel: [    2.607975] Key type asymmetric registered
Oct 23 13:39:58 ip-172-31-28-71 kernel: [    2.611070] Asymmetric key parser 'x509' registered
Oct 23 13:39:58 ip-172-31-28-71 kernel: [    2.614737] Block layer SCSI generic (bsg) driver version 0.4 loaded (major 244)
Oct 23 13:39:58 ip-172-31-28-71 kernel: [    2.621177] io scheduler mq-deadline registered
Oct 23 13:39:58 ip-172-31-28-71 kernel: [    2.626256] shpchp: Standard Hot Plug PCI Controller Driver version: 0.4
Oct 23 13:39:58 ip-172-31-28-71 kernel: [    2.632849] intel_idle: Please enable MWAIT in BIOS SETUP
Oct 23 13:39:58 ip-172-31-28-71 kernel: [    2.632969] input: Power Button as /devices/LNXSYSTM:00/LNXPWRBN:00/input/input0
Oct 23 13:39:58 ip-172-31-28-71 kernel: [    2.640515] ACPI: Power Button [PWRF]
Oct 23 13:39:58 ip-172-31-28-71 kernel: [    2.644728] input: Sleep Button as /devices/LNXSYSTM:00/LNXSLPBN:00/input/input1
Oct 23 13:39:58 ip-172-31-28-71 kernel: [    2.651676] ACPI: Sleep Button [SLPF]
Oct 23 13:39:58 ip-172-31-28-71 kernel: [    2.659642] xen: --> pirq=22 -> irq=28 (gsi=28)
Oct 23 13:39:58 ip-172-31-28-71 kernel: [    2.659819] xen:grant_table: Grant tables using version 1 layout
Oct 23 13:39:58 ip-172-31-28-71 kernel: [    2.667199] Grant table initialized
Oct 23 13:39:58 ip-172-31-28-71 kernel: [    2.672016] Cannot get hvm parameter CONSOLE_EVTCHN (18): -22!
Oct 23 13:39:58 ip-172-31-28-71 kernel: [    2.679415] Serial: 8250/16550 driver, 4 ports, IRQ sharing enabled
Oct 23 13:39:58 ip-172-31-28-71 kernel: [    2.724052] 00:06: ttyS0 at I/O 0x3f8 (irq = 4, base_baud = 115200) is a 16550A
Oct 23 13:39:58 ip-172-31-28-71 kernel: [    2.734775] Linux agpgart interface v0.103
Oct 23 13:39:58 ip-172-31-28-71 kernel: [    2.744411] loop: module loaded
Oct 23 13:39:58 ip-172-31-28-71 kernel: [    2.750142] ata_piix 0000:00:01.1: version 2.13
Oct 23 13:39:58 ip-172-31-28-71 kernel: [    2.751593] scsi host0: ata_piix
Oct 23 13:39:58 ip-172-31-28-71 kernel: [    2.756550] scsi host1: ata_piix
Oct 23 13:39:58 ip-172-31-28-71 kernel: [    2.757033] blkfront: xvda: barrier or flush: disabled; persistent grants: disabled; indirect descriptors: enabled;
Oct 23 13:39:58 ip-172-31-28-71 kernel: [    2.760515] ata1: PATA max MWDMA2 cmd 0x1f0 ctl 0x3f6 bmdma 0xc100 irq 14
Oct 23 13:39:58 ip-172-31-28-71 kernel: [    2.777339] ata2: PATA max MWDMA2 cmd 0x170 ctl 0x376 bmdma 0xc108 irq 15
Oct 23 13:39:58 ip-172-31-28-71 kernel: [    2.783902] libphy: Fixed MDIO Bus: probed
Oct 23 13:39:58 ip-172-31-28-71 kernel: [    2.784550]  xvda: xvda1
Oct 23 13:39:58 ip-172-31-28-71 kernel: [    2.787647] tun: Universal TUN/TAP device driver, 1.6
Oct 23 13:39:58 ip-172-31-28-71 kernel: [    2.796159] PPP generic driver version 2.4.2
Oct 23 13:39:58 ip-172-31-28-71 kernel: [    2.800703] ehci_hcd: USB 2.0 'Enhanced' Host Controller (EHCI) Driver
Oct 23 13:39:58 ip-172-31-28-71 kernel: [    2.807033] ehci-pci: EHCI PCI platform driver
Oct 23 13:39:58 ip-172-31-28-71 kernel: [    2.811678] ehci-platform: EHCI generic platform driver
Oct 23 13:39:58 ip-172-31-28-71 kernel: [    2.816932] ohci_hcd: USB 1.1 'Open' Host Controller (OHCI) Driver
Oct 23 13:39:58 ip-172-31-28-71 kernel: [    2.822902] ohci-pci: OHCI PCI platform driver
Oct 23 13:39:58 ip-172-31-28-71 kernel: [    2.827550] ohci-platform: OHCI generic platform driver
Oct 23 13:39:58 ip-172-31-28-71 kernel: [    2.832831] uhci_hcd: USB Universal Host Controller Interface driver
Oct 23 13:39:58 ip-172-31-28-71 kernel: [    2.839106] i8042: PNP: PS/2 Controller [PNP0303:PS2K,PNP0f13:PS2M] at 0x60,0x64 irq 1,12
Oct 23 13:39:58 ip-172-31-28-71 kernel: [    2.849867] serio: i8042 KBD port at 0x60,0x64 irq 1
Oct 23 13:39:58 ip-172-31-28-71 kernel: [    2.855257] serio: i8042 AUX port at 0x60,0x64 irq 12
Oct 23 13:39:58 ip-172-31-28-71 kernel: [    2.861920] mousedev: PS/2 mouse device common for all mice
Oct 23 13:39:58 ip-172-31-28-71 kernel: [    2.869488] rtc_cmos 00:02: registered as rtc0
Oct 23 13:39:58 ip-172-31-28-71 kernel: [    2.875219] rtc_cmos 00:02: alarms up to one day, 114 bytes nvram, hpet irqs
Oct 23 13:39:58 ip-172-31-28-71 kernel: [    2.884105] device-mapper: uevent: version 1.0.3
Oct 23 13:39:58 ip-172-31-28-71 kernel: [    2.891074] device-mapper: ioctl: 4.41.0-ioctl (2019-09-16) initialised: dm-devel@redhat.com
Oct 23 13:39:58 ip-172-31-28-71 kernel: [    2.891455] input: AT Translated Set 2 keyboard as /devices/platform/i8042/serio0/input/input2
Oct 23 13:39:58 ip-172-31-28-71 kernel: [    2.901337] platform eisa.0: Probing EISA bus 0
Oct 23 13:39:58 ip-172-31-28-71 kernel: [    2.917612] platform eisa.0: EISA: Cannot allocate resource for mainboard
Oct 23 13:39:58 ip-172-31-28-71 kernel: [    2.925604] platform eisa.0: Cannot allocate resource for EISA slot 1
Oct 23 13:39:58 ip-172-31-28-71 kernel: [    2.929783] platform eisa.0: Cannot allocate resource for EISA slot 2
Oct 23 13:39:58 ip-172-31-28-71 kernel: [    2.934015] platform eisa.0: Cannot allocate resource for EISA slot 3
Oct 23 13:39:58 ip-172-31-28-71 kernel: [    2.938310] platform eisa.0: Cannot allocate resource for EISA slot 4
Oct 23 13:39:58 ip-172-31-28-71 kernel: [    2.942529] platform eisa.0: Cannot allocate resource for EISA slot 5
Oct 23 13:39:58 ip-172-31-28-71 kernel: [    2.947239] platform eisa.0: Cannot allocate resource for EISA slot 6
Oct 23 13:39:58 ip-172-31-28-71 kernel: [    2.951530] platform eisa.0: Cannot allocate resource for EISA slot 7
Oct 23 13:39:58 ip-172-31-28-71 kernel: [    2.956040] platform eisa.0: Cannot allocate resource for EISA slot 8
Oct 23 13:39:58 ip-172-31-28-71 kernel: [    2.960415] platform eisa.0: EISA: Detected 0 cards
Oct 23 13:39:58 ip-172-31-28-71 kernel: [    2.963835] intel_pstate: CPU model not supported
Oct 23 13:39:58 ip-172-31-28-71 kernel: [    2.967307] drop_monitor: Initializing network drop monitor service
Oct 23 13:39:58 ip-172-31-28-71 kernel: [    2.971693] NET: Registered protocol family 10
Oct 23 13:39:58 ip-172-31-28-71 kernel: [    2.979137] Segment Routing with IPv6
Oct 23 13:39:58 ip-172-31-28-71 kernel: [    2.982062] NET: Registered protocol family 17
Oct 23 13:39:58 ip-172-31-28-71 kernel: [    2.985398] Key type dns_resolver registered
Oct 23 13:39:58 ip-172-31-28-71 kernel: [    2.989178] RAS: Correctable Errors collector initialized.
Oct 23 13:39:58 ip-172-31-28-71 kernel: [    2.993098] IPI shorthand broadcast: enabled
Oct 23 13:39:58 ip-172-31-28-71 kernel: [    2.997649] sched_clock: Marking stable (2390878552, 606754795)->(3092312387, -94679040)
Oct 23 13:39:58 ip-172-31-28-71 kernel: [    3.007954] registered taskstats version 1
Oct 23 13:39:58 ip-172-31-28-71 kernel: [    3.013418] Loading compiled-in X.509 certificates
Oct 23 13:39:58 ip-172-31-28-71 kernel: [    3.020432] Loaded X.509 cert 'Build time autogenerated kernel key: 8286cd69e9f8b235cc87c05595d9618d16929256'
Oct 23 13:39:58 ip-172-31-28-71 kernel: [    3.033380] Loaded X.509 cert 'Canonical Ltd. Live Patch Signing: 14df34d1a87cf37625abec039ef2bf521249b969'
Oct 23 13:39:58 ip-172-31-28-71 kernel: [    3.044678] Loaded X.509 cert 'Canonical Ltd. Kernel Module Signing: 88f752e560a1e0737e31163a466ad7b70a850c19'
Oct 23 13:39:58 ip-172-31-28-71 kernel: [    3.055811] zswap: loaded using pool lzo/zbud
Oct 23 13:39:58 ip-172-31-28-71 kernel: [    3.061330] Key type ._fscrypt registered
Oct 23 13:39:58 ip-172-31-28-71 kernel: [    3.066391] Key type .fscrypt registered
Oct 23 13:39:58 ip-172-31-28-71 kernel: [    3.074768] Key type big_key registered
Oct 23 13:39:58 ip-172-31-28-71 kernel: [    3.081106] Key type encrypted registered
Oct 23 13:39:58 ip-172-31-28-71 kernel: [    3.085955] AppArmor: AppArmor sha1 policy hashing enabled
Oct 23 13:39:58 ip-172-31-28-71 kernel: [    3.092399] ima: No TPM chip found, activating TPM-bypass!
Oct 23 13:39:58 ip-172-31-28-71 kernel: [    3.098781] ima: Allocated hash algorithm: sha1
Oct 23 13:39:58 ip-172-31-28-71 kernel: [    3.104334] ima: No architecture policies found
Oct 23 13:39:58 ip-172-31-28-71 kernel: [    3.110380] evm: Initialising EVM extended attributes:
Oct 23 13:39:58 ip-172-31-28-71 kernel: [    3.116457] evm: security.selinux
Oct 23 13:39:58 ip-172-31-28-71 kernel: [    3.120723] evm: security.SMACK64
Oct 23 13:39:58 ip-172-31-28-71 kernel: [    3.124945] evm: security.SMACK64EXEC
Oct 23 13:39:58 ip-172-31-28-71 kernel: [    3.129561] evm: security.SMACK64TRANSMUTE
Oct 23 13:39:58 ip-172-31-28-71 kernel: [    3.134650] evm: security.SMACK64MMAP
Oct 23 13:39:58 ip-172-31-28-71 kernel: [    3.138863] evm: security.apparmor
Oct 23 13:39:58 ip-172-31-28-71 kernel: [    3.143818] evm: security.ima
Oct 23 13:39:58 ip-172-31-28-71 kernel: [    3.148296] evm: security.capability
Oct 23 13:39:58 ip-172-31-28-71 kernel: [    3.152228] evm: HMAC attrs: 0x1
Oct 23 13:39:58 ip-172-31-28-71 kernel: [    3.156085] xenbus_probe_frontend: Device with no driver: device/vif/0
Oct 23 13:39:58 ip-172-31-28-71 kernel: [    3.162699] PM:   Magic number: 9:265:686
Oct 23 13:39:58 ip-172-31-28-71 kernel: [    3.167933] rtc_cmos 00:02: setting system clock to 2021-10-23T13:39:46 UTC (1634996386)
Oct 23 13:39:58 ip-172-31-28-71 kernel: [    3.180296] Freeing unused decrypted memory: 2036K
Oct 23 13:39:58 ip-172-31-28-71 kernel: [    3.186929] Freeing unused kernel image memory: 2656K
Oct 23 13:39:58 ip-172-31-28-71 kernel: [    3.207360] Write protecting the kernel read-only data: 22528k
Oct 23 13:39:58 ip-172-31-28-71 kernel: [    3.215427] Freeing unused kernel image memory: 2008K
Oct 23 13:39:58 ip-172-31-28-71 kernel: [    3.222470] Freeing unused kernel image memory: 1488K
Oct 23 13:39:58 ip-172-31-28-71 kernel: [    3.237802] x86/mm: Checked W+X mappings: passed, no W+X pages found.
Oct 23 13:39:58 ip-172-31-28-71 kernel: [    3.245478] x86/mm: Checking user space page tables
Oct 23 13:39:58 ip-172-31-28-71 kernel: [    3.260656] x86/mm: Checked W+X mappings: passed, no W+X pages found.
Oct 23 13:39:58 ip-172-31-28-71 kernel: [    3.267921] Run /init as init process
Oct 23 13:39:58 ip-172-31-28-71 kernel: [    3.373289] cryptd: max_cpu_qlen set to 1000
Oct 23 13:39:58 ip-172-31-28-71 kernel: [    3.384067] AVX2 version of gcm_enc/dec engaged.
Oct 23 13:39:58 ip-172-31-28-71 kernel: [    3.389890] AES CTR mode by8 optimization enabled
Oct 23 13:39:58 ip-172-31-28-71 kernel: [    3.396017] xen_netfront: Initialising Xen virtual ethernet driver
Oct 23 13:39:58 ip-172-31-28-71 kernel: [    3.575354] tsc: Refined TSC clocksource calibration: 2300.000 MHz
Oct 23 13:39:58 ip-172-31-28-71 kernel: [    3.581760] clocksource: tsc: mask: 0xffffffffffffffff max_cycles: 0x212735223b2, max_idle_ns: 440795277976 ns
Oct 23 13:39:58 ip-172-31-28-71 kernel: [    5.159345] raid6: avx2x4   gen() 23473 MB/s
Oct 23 13:39:58 ip-172-31-28-71 kernel: [    5.207335] raid6: avx2x4   xor() 14984 MB/s
Oct 23 13:39:58 ip-172-31-28-71 kernel: [    5.259333] raid6: avx2x2   gen() 20929 MB/s
Oct 23 13:39:58 ip-172-31-28-71 kernel: [    5.311336] raid6: avx2x2   xor() 12309 MB/s
Oct 23 13:39:58 ip-172-31-28-71 kernel: [    5.363339] raid6: avx2x1   gen() 17839 MB/s
Oct 23 13:39:58 ip-172-31-28-71 kernel: [    5.415307] raid6: avx2x1   xor() 11685 MB/s
Oct 23 13:39:58 ip-172-31-28-71 kernel: [    5.467334] raid6: sse2x4   gen() 12921 MB/s
Oct 23 13:39:58 ip-172-31-28-71 kernel: [    5.519289] raid6: sse2x4   xor()  8246 MB/s
Oct 23 13:39:58 ip-172-31-28-71 kernel: [    5.571336] raid6: sse2x2   gen() 11206 MB/s
Oct 23 13:39:58 ip-172-31-28-71 kernel: [    5.623343] raid6: sse2x2   xor()  6968 MB/s
Oct 23 13:39:58 ip-172-31-28-71 kernel: [    5.675335] raid6: sse2x1   gen()  9279 MB/s
Oct 23 13:39:58 ip-172-31-28-71 kernel: [    5.727333] raid6: sse2x1   xor()  6411 MB/s
Oct 23 13:39:58 ip-172-31-28-71 kernel: [    5.733118] raid6: using algorithm avx2x4 gen() 23473 MB/s
Oct 23 13:39:58 ip-172-31-28-71 kernel: [    5.740092] raid6: .... xor() 14984 MB/s, rmw enabled
Oct 23 13:39:58 ip-172-31-28-71 kernel: [    5.746208] raid6: using avx2x2 recovery algorithm
Oct 23 13:39:58 ip-172-31-28-71 kernel: [    5.750667] xor: automatically using best checksumming function   avx       
Oct 23 13:39:58 ip-172-31-28-71 kernel: [    5.756352] async_tx: api initialized (async)
Oct 23 13:39:58 ip-172-31-28-71 kernel: [    5.818848] Btrfs loaded, crc32c=crc32c-intel
Oct 23 13:39:58 ip-172-31-28-71 kernel: [    5.894428] EXT4-fs (xvda1): mounted filesystem with ordered data mode. Opts: (null)
Oct 23 13:39:58 ip-172-31-28-71 kernel: [    6.615244] systemd[1]: systemd 237 running in system mode. (+PAM +AUDIT +SELINUX +IMA +APPARMOR +SMACK +SYSVINIT +UTMP +LIBCRYPTSETUP +GCRYPT +GNUTLS +ACL +XZ +LZ4 +SECCOMP +BLKID +ELFUTILS +KMOD -IDN2 +IDN -PCRE2 default-hierarchy=hybrid)
Oct 23 13:39:58 ip-172-31-28-71 kernel: [    6.634802] systemd[1]: Detected virtualization xen.
Oct 23 13:39:58 ip-172-31-28-71 kernel: [    6.639928] systemd[1]: Detected architecture x86-64.
Oct 23 13:39:58 ip-172-31-28-71 kernel: [    6.672273] systemd[1]: Set hostname to <ubuntu>.
Oct 23 13:39:58 ip-172-31-28-71 kernel: [    6.694701] systemd[1]: Initializing machine ID from random generator.
Oct 23 13:39:58 ip-172-31-28-71 kernel: [    6.701024] systemd[1]: Installed transient /etc/machine-id file.
Oct 23 13:39:58 ip-172-31-28-71 kernel: [    7.076930] systemd[1]: Set up automount Arbitrary Executable File Formats File System Automount Point.
Oct 23 13:39:58 ip-172-31-28-71 kernel: [    7.091793] systemd[1]: Created slice System Slice.
Oct 23 13:39:58 ip-172-31-28-71 kernel: [    7.102980] systemd[1]: Listening on fsck to fsckd communication Socket.
Oct 23 13:39:58 ip-172-31-28-71 kernel: [    7.118519] systemd[1]: Listening on /dev/initctl Compatibility Named Pipe.
Oct 23 13:39:58 ip-172-31-28-71 kernel: [    7.226879] EXT4-fs (xvda1): re-mounted. Opts: discard
Oct 23 13:39:58 ip-172-31-28-71 kernel: [    7.286815] Loading iSCSI transport class v2.0-870.
Oct 23 13:39:58 ip-172-31-28-71 kernel: [    7.356405] iscsi: registered transport (tcp)
Oct 23 13:39:58 ip-172-31-28-71 kernel: [    7.366180] systemd-journald[464]: Received request to flush runtime journal from PID 1
Oct 23 13:39:58 ip-172-31-28-71 kernel: [    7.460952] iscsi: registered transport (iser)
Oct 23 13:39:58 ip-172-31-28-71 kernel: [    8.326432] audit: type=1400 audit(1634996391.652:2): apparmor="STATUS" operation="profile_load" profile="unconfined" name="/usr/bin/lxc-start" pid=746 comm="apparmor_parser"
Oct 23 13:39:58 ip-172-31-28-71 kernel: [    8.383601] audit: type=1400 audit(1634996391.712:3): apparmor="STATUS" operation="profile_load" profile="unconfined" name="/usr/bin/man" pid=745 comm="apparmor_parser"
Oct 23 13:39:58 ip-172-31-28-71 kernel: [    8.383949] audit: type=1400 audit(1634996391.712:4): apparmor="STATUS" operation="profile_load" profile="unconfined" name="man_filter" pid=745 comm="apparmor_parser"
Oct 23 13:39:58 ip-172-31-28-71 kernel: [    8.384319] audit: type=1400 audit(1634996391.712:5): apparmor="STATUS" operation="profile_load" profile="unconfined" name="man_groff" pid=745 comm="apparmor_parser"
Oct 23 13:39:58 ip-172-31-28-71 kernel: [    8.402440] audit: type=1400 audit(1634996391.728:6): apparmor="STATUS" operation="profile_load" profile="unconfined" name="/usr/sbin/tcpdump" pid=740 comm="apparmor_parser"
Oct 23 13:39:58 ip-172-31-28-71 kernel: [    8.475329] audit: type=1400 audit(1634996391.800:7): apparmor="STATUS" operation="profile_load" profile="unconfined" name="/sbin/dhclient" pid=743 comm="apparmor_parser"
Oct 23 13:39:58 ip-172-31-28-71 kernel: [    8.475776] audit: type=1400 audit(1634996391.804:8): apparmor="STATUS" operation="profile_load" profile="unconfined" name="/usr/lib/NetworkManager/nm-dhcp-client.action" pid=743 comm="apparmor_parser"
Oct 23 13:39:58 ip-172-31-28-71 kernel: [    8.476192] audit: type=1400 audit(1634996391.804:9): apparmor="STATUS" operation="profile_load" profile="unconfined" name="/usr/lib/NetworkManager/nm-dhcp-helper" pid=743 comm="apparmor_parser"
Oct 23 13:39:58 ip-172-31-28-71 kernel: [    8.476583] audit: type=1400 audit(1634996391.804:10): apparmor="STATUS" operation="profile_load" profile="unconfined" name="/usr/lib/connman/scripts/dhclient-script" pid=743 comm="apparmor_parser"
Oct 23 13:39:58 ip-172-31-28-71 kernel: [    8.544478] audit: type=1400 audit(1634996391.872:11): apparmor="STATUS" operation="profile_load" profile="unconfined" name="lxc-container-default" pid=741 comm="apparmor_parser"
Oct 23 13:39:58 ip-172-31-28-71 kernel: [   13.760526] EXT4-fs (xvda1): resizing filesystem from 2096891 to 33554171 blocks
Oct 23 13:39:58 ip-172-31-28-71 kernel: [   14.401390] EXT4-fs (xvda1): resized filesystem to 33554171
Oct 23 13:39:58 ip-172-31-28-71 kernel: [   15.307548] new mount options do not match the existing superblock, will be ignored
Oct 23 13:39:58 ip-172-31-28-71 systemd[1]: Starting Set console scheme...
Oct 23 13:39:58 ip-172-31-28-71 systemd[1]: Started Serial Getty on ttyS0.
Oct 23 13:39:58 ip-172-31-28-71 systemd[1]: Started Set console scheme.
Oct 23 13:39:58 ip-172-31-28-71 systemd[1]: Created slice system-getty.slice.
Oct 23 13:39:58 ip-172-31-28-71 systemd[1]: Started Getty on tty1.
Oct 23 13:39:58 ip-172-31-28-71 systemd[1]: Reached target Login Prompts.
Oct 23 13:39:58 ip-172-31-28-71 networkd-dispatcher[1098]: No valid path found for iwconfig
Oct 23 13:39:58 ip-172-31-28-71 networkd-dispatcher[1098]: No valid path found for iw
Oct 23 13:39:58 ip-172-31-28-71 systemd[1]: Started Dispatcher daemon for systemd-networkd.
Oct 23 13:39:59 ip-172-31-28-71 snapd[1122]: AppArmor status: apparmor is enabled and all features are available
Oct 23 13:39:59 ip-172-31-28-71 systemd[1]: Started LXD - container startup/shutdown.
Oct 23 13:39:59 ip-172-31-28-71 snapd[1122]: daemon.go:347: started snapd/2.48.3+18.04 (series 16; classic) ubuntu/18.04 (amd64) linux/5.4.0-1045-aws.
Oct 23 13:39:59 ip-172-31-28-71 snapd[1122]: daemon.go:440: adjusting startup timeout by 30s (pessimistic estimate of 30s plus 5s per snap)
Oct 23 13:39:59 ip-172-31-28-71 snapd[1122]: helpers.go:105: error trying to compare the snap system key: system-key missing on disk
Oct 23 13:39:59 ip-172-31-28-71 systemd[1]: Started Snap Daemon.
Oct 23 13:39:59 ip-172-31-28-71 systemd[1]: Starting Wait until snapd is fully seeded...
Oct 23 13:39:59 ip-172-31-28-71 pollinate[1119]: client verified challenge/response with [https://entropy.ubuntu.com/]
Oct 23 13:39:59 ip-172-31-28-71 pollinate[1119]: client hashed response from [https://entropy.ubuntu.com/]
Oct 23 13:39:59 ip-172-31-28-71 pollinate[1119]: client successfully seeded [/dev/urandom]
Oct 23 13:39:59 ip-172-31-28-71 systemd[1]: Started Pollinate to seed the pseudo random number generator.
Oct 23 13:39:59 ip-172-31-28-71 systemd[1]: Starting OpenBSD Secure Shell server...
Oct 23 13:39:59 ip-172-31-28-71 systemd[1]: Started OpenBSD Secure Shell server.
Oct 23 13:40:02 ip-172-31-28-71 systemd[1]: Reloading.
Oct 23 13:40:02 ip-172-31-28-71 systemd[1]: Reloading.
Oct 23 13:40:02 ip-172-31-28-71 systemd[1]: Mounting Mount unit for snapd, revision 11588...
Oct 23 13:40:02 ip-172-31-28-71 systemd[1]: Mounted Mount unit for snapd, revision 11588.
Oct 23 13:40:03 ip-172-31-28-71 kernel: [   19.995097] kauditd_printk_skb: 5 callbacks suppressed
Oct 23 13:40:03 ip-172-31-28-71 kernel: [   19.995098] audit: type=1400 audit(1634996403.320:17): apparmor="STATUS" operation="profile_load" profile="unconfined" name="/snap/snapd/11588/usr/lib/snapd/snap-confine" pid=1737 comm="apparmor_parser"
Oct 23 13:40:03 ip-172-31-28-71 kernel: [   19.995314] audit: type=1400 audit(1634996403.320:18): apparmor="STATUS" operation="profile_load" profile="unconfined" name="/snap/snapd/11588/usr/lib/snapd/snap-confine//mount-namespace-capture-helper" pid=1737 comm="apparmor_parser"
Oct 23 13:40:03 ip-172-31-28-71 snapd[1122]: daemon.go:589: gracefully waiting for running hooks
Oct 23 13:40:03 ip-172-31-28-71 snapd[1122]: daemon.go:591: done waiting for running hooks
Oct 23 13:40:05 ip-172-31-28-71 systemd[1]: snapd.service: Service hold-off time over, scheduling restart.
Oct 23 13:40:05 ip-172-31-28-71 systemd[1]: snapd.service: Scheduled restart job, restart counter is at 1.
Oct 23 13:40:05 ip-172-31-28-71 systemd[1]: Stopped Snap Daemon.
Oct 23 13:40:05 ip-172-31-28-71 systemd[1]: Starting Snap Daemon...
Oct 23 13:40:05 ip-172-31-28-71 snapd[1774]: AppArmor status: apparmor is enabled and all features are available
Oct 23 13:40:05 ip-172-31-28-71 snapd[1774]: AppArmor status: apparmor is enabled and all features are available
Oct 23 13:40:05 ip-172-31-28-71 snapd[1774]: patch.go:64: Patching system state level 6 to sublevel 1...
Oct 23 13:40:05 ip-172-31-28-71 snapd[1774]: patch.go:64: Patching system state level 6 to sublevel 2...
Oct 23 13:40:05 ip-172-31-28-71 snapd[1774]: patch.go:64: Patching system state level 6 to sublevel 3...
Oct 23 13:40:05 ip-172-31-28-71 snapd[1774]: daemon.go:347: started snapd/2.49.2 (series 16; classic) ubuntu/18.04 (amd64) linux/5.4.0-1045-aws.
Oct 23 13:40:05 ip-172-31-28-71 snapd[1774]: daemon.go:440: adjusting startup timeout by 35s (pessimistic estimate of 30s plus 5s per snap)
Oct 23 13:40:05 ip-172-31-28-71 kernel: [   22.618153] audit: type=1400 audit(1634996405.944:19): apparmor="STATUS" operation="profile_replace" profile="unconfined" name="/snap/snapd/11588/usr/lib/snapd/snap-confine" pid=1845 comm="apparmor_parser"
Oct 23 13:40:05 ip-172-31-28-71 kernel: [   22.635381] audit: type=1400 audit(1634996405.964:20): apparmor="STATUS" operation="profile_replace" profile="unconfined" name="/snap/snapd/11588/usr/lib/snapd/snap-confine//mount-namespace-capture-helper" pid=1845 comm="apparmor_parser"
Oct 23 13:40:05 ip-172-31-28-71 systemd[1]: Started Snap Daemon.
Oct 23 13:40:06 ip-172-31-28-71 systemd[1]: Reloading.
Oct 23 13:40:06 ip-172-31-28-71 systemd[1]: Reloading.
Oct 23 13:40:06 ip-172-31-28-71 systemd[1]: Mounting Mount unit for core18, revision 1997...
Oct 23 13:40:06 ip-172-31-28-71 systemd[1]: Mounted Mount unit for core18, revision 1997.
Oct 23 13:40:07 ip-172-31-28-71 systemd[1]: Reloading.
Oct 23 13:40:07 ip-172-31-28-71 systemd[1]: Reloading.
Oct 23 13:40:07 ip-172-31-28-71 systemd[1]: Mounting Mount unit for amazon-ssm-agent, revision 3552...
Oct 23 13:40:07 ip-172-31-28-71 systemd[1]: Mounted Mount unit for amazon-ssm-agent, revision 3552.
Oct 23 13:40:07 ip-172-31-28-71 kernel: [   24.156350] audit: type=1400 audit(1634996407.484:21): apparmor="STATUS" operation="profile_load" profile="unconfined" name="snap.amazon-ssm-agent.amazon-ssm-agent" pid=2160 comm="apparmor_parser"
Oct 23 13:40:07 ip-172-31-28-71 kernel: [   24.156407] audit: type=1400 audit(1634996407.484:22): apparmor="STATUS" operation="profile_load" profile="unconfined" name="snap.amazon-ssm-agent.ssm-cli" pid=2161 comm="apparmor_parser"
Oct 23 13:40:07 ip-172-31-28-71 kernel: [   24.163466] audit: type=1400 audit(1634996407.492:23): apparmor="STATUS" operation="profile_load" profile="unconfined" name="snap-update-ns.amazon-ssm-agent" pid=2159 comm="apparmor_parser"
Oct 23 13:40:07 ip-172-31-28-71 systemd[1]: Reloading.
Oct 23 13:40:07 ip-172-31-28-71 systemd[1]: Reloading.
Oct 23 13:40:07 ip-172-31-28-71 systemd[1]: Started Service for snap application amazon-ssm-agent.amazon-ssm-agent.
Oct 23 13:40:08 ip-172-31-28-71 amazon-ssm-agent.amazon-ssm-agent[2221]: Error occurred fetching the seelog config file path:  open /etc/amazon/ssm/seelog.xml: no such file or directory
Oct 23 13:40:08 ip-172-31-28-71 amazon-ssm-agent.amazon-ssm-agent[2221]: Initializing new seelog logger
Oct 23 13:40:08 ip-172-31-28-71 amazon-ssm-agent.amazon-ssm-agent[2221]: New Seelog Logger Creation Complete
Oct 23 13:40:08 ip-172-31-28-71 amazon-ssm-agent.amazon-ssm-agent[2221]: 2021-10-23 13:40:08 WARN Error adding the directory '/etc/amazon/ssm' to watcher: no such file or directory
Oct 23 13:40:09 ip-172-31-28-71 amazon-ssm-agent.amazon-ssm-agent[2221]: 2021-10-23 13:40:08 INFO [amazon-ssm-agent] amazon-ssm-agent - v3.0.529.0
Oct 23 13:40:09 ip-172-31-28-71 amazon-ssm-agent.amazon-ssm-agent[2221]: 2021-10-23 13:40:08 INFO [amazon-ssm-agent] OS: linux, Arch: amd64
Oct 23 13:40:09 ip-172-31-28-71 amazon-ssm-agent.amazon-ssm-agent[2221]: 2021-10-23 13:40:09 INFO [amazon-ssm-agent] [LongRunningWorkerContainer] [WorkerProvider] Worker ssm-agent-worker is not running, starting worker process
Oct 23 13:40:09 ip-172-31-28-71 amazon-ssm-agent.amazon-ssm-agent[2221]: 2021-10-23 13:40:09 INFO [amazon-ssm-agent] [LongRunningWorkerContainer] [WorkerProvider] Worker ssm-agent-worker (pid:2276) started
Oct 23 13:40:10 ip-172-31-28-71 amazon-ssm-agent.amazon-ssm-agent[2221]: 2021-10-23 13:40:09 INFO [amazon-ssm-agent] [LongRunningWorkerContainer] Monitor long running worker health every 60 seconds
Oct 23 13:40:10 ip-172-31-28-71 systemd[1]: Started Wait until snapd is fully seeded.
Oct 23 13:40:10 ip-172-31-28-71 systemd[1]: Starting Apply the settings specified in cloud-config...
Oct 23 13:40:11 ip-172-31-28-71 cloud-init[2282]: Cloud-init v. 21.1-19-gbad84ad4-0ubuntu1~18.04.1 running 'modules:config' at Sat, 23 Oct 2021 13:40:11 +0000. Up 27.12 seconds.
Oct 23 13:40:11 ip-172-31-28-71 systemd[1]: Started Apply the settings specified in cloud-config.
Oct 23 13:40:11 ip-172-31-28-71 systemd[1]: Starting EC2 instance hibernation setup agent...
Oct 23 13:40:11 ip-172-31-28-71 /hibinit-agent: Instance Launch has not enabled Hibernation Configured Flag. hibinit-agent exiting!!
Oct 23 13:40:11 ip-172-31-28-71 hibinit-agent[2341]: Instance Launch has not enabled Hibernation Configured Flag. hibinit-agent exiting!!
Oct 23 13:40:11 ip-172-31-28-71 systemd[1]: Started EC2 instance hibernation setup agent.
Oct 23 13:40:11 ip-172-31-28-71 systemd[1]: Reached target Multi-User System.
Oct 23 13:40:11 ip-172-31-28-71 systemd[1]: Reached target Graphical Interface.
Oct 23 13:40:11 ip-172-31-28-71 systemd[1]: Starting Update UTMP about System Runlevel Changes...
Oct 23 13:40:11 ip-172-31-28-71 systemd[1]: Starting Execute cloud user/final scripts...
Oct 23 13:40:11 ip-172-31-28-71 systemd[1]: Started Update UTMP about System Runlevel Changes.
Oct 23 13:40:12 ip-172-31-28-71 ec2: 
Oct 23 13:40:12 ip-172-31-28-71 ec2: #############################################################
Oct 23 13:40:12 ip-172-31-28-71 ec2: -----BEGIN SSH HOST KEY FINGERPRINTS-----
Oct 23 13:40:12 ip-172-31-28-71 ec2: 1024 SHA256:43bxuZNWVQ6ErB2POx5lhHnWL5ZatjlDageoCz7M06g root@ip-172-31-28-71 (DSA)
Oct 23 13:40:12 ip-172-31-28-71 ec2: 256 SHA256:ZiqDSFHEVY4yC9RfY9Jq7otuQVS7veTNxLBrMhBdYeM root@ip-172-31-28-71 (ECDSA)
Oct 23 13:40:12 ip-172-31-28-71 ec2: 256 SHA256:+4JwE7bxeS77VeCE2RrNlAHD9IBCZ2xc2MGBdgHHm5s root@ip-172-31-28-71 (ED25519)
Oct 23 13:40:12 ip-172-31-28-71 ec2: 2048 SHA256:YZtOzzXFyTQIZgwI4dG3MZusC5z80RGuVwGdtabio7I root@ip-172-31-28-71 (RSA)
Oct 23 13:40:12 ip-172-31-28-71 ec2: -----END SSH HOST KEY FINGERPRINTS-----
Oct 23 13:40:12 ip-172-31-28-71 ec2: #############################################################
Oct 23 13:40:12 ip-172-31-28-71 cloud-init[2373]: Cloud-init v. 21.1-19-gbad84ad4-0ubuntu1~18.04.1 running 'modules:final' at Sat, 23 Oct 2021 13:40:12 +0000. Up 28.35 seconds.
Oct 23 13:40:12 ip-172-31-28-71 cloud-init[2373]: Cloud-init v. 21.1-19-gbad84ad4-0ubuntu1~18.04.1 finished at Sat, 23 Oct 2021 13:40:12 +0000. Datasource DataSourceEc2Local.  Up 28.58 seconds
Oct 23 13:40:12 ip-172-31-28-71 systemd[1]: Started Execute cloud user/final scripts.
Oct 23 13:40:12 ip-172-31-28-71 systemd[1]: Reached target Cloud-init target.
Oct 23 13:40:12 ip-172-31-28-71 systemd[1]: Startup finished in 5.837s (kernel) + 22.820s (userspace) = 28.657s.
Oct 23 13:40:26 ip-172-31-28-71 systemd-timesyncd[639]: Synchronized to time server 91.189.89.198:123 (ntp.ubuntu.com).
Oct 23 13:41:23 ip-172-31-28-71 systemd[1]: Created slice User Slice of ubuntu.
Oct 23 13:41:23 ip-172-31-28-71 systemd[1]: Starting User Manager for UID 1000...
Oct 23 13:41:23 ip-172-31-28-71 systemd[1]: Started Session 1 of user ubuntu.
Oct 23 13:41:24 ip-172-31-28-71 systemd[2455]: Listening on GnuPG cryptographic agent and passphrase cache (restricted).
Oct 23 13:41:24 ip-172-31-28-71 systemd[2455]: Reached target Timers.
Oct 23 13:41:24 ip-172-31-28-71 systemd[2455]: Reached target Paths.
Oct 23 13:41:24 ip-172-31-28-71 systemd[2455]: Listening on GnuPG network certificate management daemon.
Oct 23 13:41:24 ip-172-31-28-71 systemd[2455]: Listening on GnuPG cryptographic agent (ssh-agent emulation).
Oct 23 13:41:24 ip-172-31-28-71 systemd[2455]: Listening on GnuPG cryptographic agent and passphrase cache.
Oct 23 13:41:24 ip-172-31-28-71 systemd[2455]: Listening on GnuPG cryptographic agent and passphrase cache (access for web browsers).
Oct 23 13:41:24 ip-172-31-28-71 systemd[2455]: Listening on REST API socket for snapd user session agent.
Oct 23 13:41:24 ip-172-31-28-71 systemd[2455]: Reached target Sockets.
Oct 23 13:41:24 ip-172-31-28-71 systemd[2455]: Reached target Basic System.
Oct 23 13:41:24 ip-172-31-28-71 systemd[2455]: Reached target Default.
Oct 23 13:41:24 ip-172-31-28-71 systemd[2455]: Startup finished in 82ms.
Oct 23 13:41:24 ip-172-31-28-71 systemd[1]: Started User Manager for UID 1000.
Oct 23 13:41:26 ip-172-31-28-71 systemd[1]: Started Session 3 of user ubuntu.
Oct 23 13:54:59 ip-172-31-28-71 systemd[1]: Starting Cleanup of Temporary Directories...
Oct 23 13:54:59 ip-172-31-28-71 systemd[1]: Started Cleanup of Temporary Directories.
Oct 23 13:59:20 ip-172-31-28-71 kernel: [ 1176.829122] SGI XFS with ACLs, security attributes, realtime, no debug enabled
Oct 23 14:00:59 ip-172-31-28-71 systemd[1]: Stopping Session 3 of user ubuntu.
Oct 23 14:00:59 ip-172-31-28-71 systemd[1]: Closed Load/Save RF Kill Switch Status /dev/rfkill Watch.
Oct 23 14:00:59 ip-172-31-28-71 systemd[1]: Stopping Authorization Manager...
Oct 23 14:00:59 ip-172-31-28-71 systemd[1]: Stopping Session 1 of user ubuntu.
Oct 23 14:00:59 ip-172-31-28-71 systemd[1]: Stopped target Timers.
Oct 23 14:00:59 ip-172-31-28-71 systemd[1]: Stopped Daily apt upgrade and clean activities.
Oct 23 14:00:59 ip-172-31-28-71 systemd[1]: Stopped Daily apt download activities.
Oct 23 14:00:59 ip-172-31-28-71 systemd[1]: Stopped Message of the Day.
Oct 23 14:00:59 ip-172-31-28-71 systemd[1]: Stopping User Manager for UID 1000...
Oct 23 14:00:59 ip-172-31-28-71 systemd[1]: Stopped target Graphical Interface.
Oct 23 14:00:59 ip-172-31-28-71 systemd[1]: Stopped target Host and Network Name Lookups.
Oct 23 14:00:59 ip-172-31-28-71 systemd[1]: Stopped Discard unused blocks once a week.
Oct 23 14:00:59 ip-172-31-28-71 systemd[1]: Stopped target System Time Synchronized.
Oct 23 14:00:59 ip-172-31-28-71 systemd[1]: Stopped Daily Cleanup of Temporary Directories.
Oct 23 14:00:59 ip-172-31-28-71 systemd[1]: Stopping Availability of block devices...
Oct 23 14:00:59 ip-172-31-28-71 systemd[1]: Stopping ACPI event daemon...
Oct 23 14:00:59 ip-172-31-28-71 systemd[1]: Stopping Accounts Service...
Oct 23 14:00:59 ip-172-31-28-71 systemd[1]: Stopped target Cloud-init target.
Oct 23 14:00:59 ip-172-31-28-71 blkdeactivate[18565]: Deactivating block devices:
Oct 23 14:01:38 ip-172-31-28-71 systemd-modules-load[550]: Inserted module 'iscsi_tcp'
Oct 23 14:01:38 ip-172-31-28-71 keyboard-setup.sh[546]: cannot open file /run/tmpkbd.1f9MVw
Oct 23 14:01:38 ip-172-31-28-71 systemd[1]: Starting Flush Journal to Persistent Storage...
Oct 23 14:01:38 ip-172-31-28-71 systemd[1]: Starting Load/Save Random Seed...
Oct 23 14:01:38 ip-172-31-28-71 systemd[1]: Starting Create Static Device Nodes in /dev...
Oct 23 14:01:38 ip-172-31-28-71 systemd[1]: Started Load/Save Random Seed.
Oct 23 14:01:38 ip-172-31-28-71 systemd[1]: Started LVM2 metadata daemon.
Oct 23 14:01:38 ip-172-31-28-71 systemd-modules-load[550]: Inserted module 'ib_iser'
Oct 23 14:01:38 ip-172-31-28-71 systemd[1]: Started Load Kernel Modules.
Oct 23 14:01:38 ip-172-31-28-71 systemd[1]: Starting Apply Kernel Variables...
Oct 23 14:01:38 ip-172-31-28-71 systemd[1]: Mounting Kernel Configuration File System...
Oct 23 14:01:38 ip-172-31-28-71 systemd[1]: Mounting FUSE Control File System...
Oct 23 14:01:38 ip-172-31-28-71 systemd[1]: Started Monitoring of LVM2 mirrors, snapshots etc. using dmeventd or progress polling.
Oct 23 14:01:38 ip-172-31-28-71 systemd[1]: Mounted Kernel Configuration File System.
Oct 23 14:01:38 ip-172-31-28-71 systemd[1]: Mounted FUSE Control File System.
Oct 23 14:01:38 ip-172-31-28-71 systemd[1]: Started Create Static Device Nodes in /dev.
Oct 23 14:01:38 ip-172-31-28-71 systemd[1]: Starting udev Kernel Device Manager...
Oct 23 14:01:38 ip-172-31-28-71 systemd[1]: Started udev Coldplug all Devices.
Oct 23 14:01:38 ip-172-31-28-71 systemd[1]: Started Apply Kernel Variables.
