Oct 19 12:02:18 ip-172-31-31-176 keyboard-setup.sh[457]: cannot open file /run/tmpkbd.1f9MVw
Oct 19 12:02:18 ip-172-31-31-176 kernel: [    0.000000] Linux version 5.4.0-1045-aws (buildd@lgw01-amd64-003) (gcc version 7.5.0 (Ubuntu 7.5.0-3ubuntu1~18.04)) #47~18.04.1-Ubuntu SMP Tue Apr 13 15:58:14 UTC 2021 (Ubuntu 5.4.0-1045.47~18.04.1-aws 5.4.101)
Oct 19 12:02:18 ip-172-31-31-176 systemd[1]: Starting Flush Journal to Persistent Storage...
Oct 19 12:02:18 ip-172-31-31-176 kernel: [    0.000000] Command line: BOOT_IMAGE=/boot/vmlinuz-5.4.0-1045-aws root=LABEL=cloudimg-rootfs ro console=tty1 console=ttyS0 nvme_core.io_timeout=4294967295
Oct 19 12:02:18 ip-172-31-31-176 systemd[1]: Started Create Static Device Nodes in /dev.
Oct 19 12:02:18 ip-172-31-31-176 kernel: [    0.000000] KERNEL supported cpus:
Oct 19 12:02:18 ip-172-31-31-176 kernel: [    0.000000]   Intel GenuineIntel
Oct 19 12:02:18 ip-172-31-31-176 systemd[1]: Starting udev Kernel Device Manager...
Oct 19 12:02:18 ip-172-31-31-176 kernel: [    0.000000]   AMD AuthenticAMD
Oct 19 12:02:18 ip-172-31-31-176 kernel: [    0.000000]   Hygon HygonGenuine
Oct 19 12:02:18 ip-172-31-31-176 kernel: [    0.000000]   Centaur CentaurHauls
Oct 19 12:02:18 ip-172-31-31-176 kernel: [    0.000000]   zhaoxin   Shanghai  
Oct 19 12:02:18 ip-172-31-31-176 kernel: [    0.000000] x86/fpu: Supporting XSAVE feature 0x001: 'x87 floating point registers'
Oct 19 12:02:18 ip-172-31-31-176 kernel: [    0.000000] x86/fpu: Supporting XSAVE feature 0x002: 'SSE registers'
Oct 19 12:02:18 ip-172-31-31-176 kernel: [    0.000000] x86/fpu: Supporting XSAVE feature 0x004: 'AVX registers'
Oct 19 12:02:18 ip-172-31-31-176 systemd-modules-load[465]: Inserted module 'iscsi_tcp'
Oct 19 12:02:18 ip-172-31-31-176 kernel: [    0.000000] x86/fpu: xstate_offset[2]:  576, xstate_sizes[2]:  256
Oct 19 12:02:18 ip-172-31-31-176 kernel: [    0.000000] x86/fpu: Enabled xstate features 0x7, context size is 832 bytes, using 'standard' format.
Oct 19 12:02:18 ip-172-31-31-176 systemd[1]: Started LVM2 metadata daemon.
Oct 19 12:02:18 ip-172-31-31-176 kernel: [    0.000000] BIOS-provided physical RAM map:
Oct 19 12:02:18 ip-172-31-31-176 kernel: [    0.000000] BIOS-e820: [mem 0x0000000000000000-0x000000000009dfff] usable
Oct 19 12:02:18 ip-172-31-31-176 kernel: [    0.000000] BIOS-e820: [mem 0x000000000009e000-0x000000000009ffff] reserved
Oct 19 12:02:18 ip-172-31-31-176 kernel: [    0.000000] BIOS-e820: [mem 0x00000000000e0000-0x00000000000fffff] reserved
Oct 19 12:02:18 ip-172-31-31-176 systemd[1]: Started Monitoring of LVM2 mirrors, snapshots etc. using dmeventd or progress polling.
Oct 19 12:02:18 ip-172-31-31-176 kernel: [    0.000000] BIOS-e820: [mem 0x0000000000100000-0x00000000efffffff] usable
Oct 19 12:02:18 ip-172-31-31-176 systemd[1]: Started udev Coldplug all Devices.
Oct 19 12:02:18 ip-172-31-31-176 kernel: [    0.000000] BIOS-e820: [mem 0x00000000fc000000-0x00000000ffffffff] reserved
Oct 19 12:02:18 ip-172-31-31-176 kernel: [    0.000000] BIOS-e820: [mem 0x0000000100000000-0x000000080fffffff] usable
Oct 19 12:02:18 ip-172-31-31-176 kernel: [    0.000000] NX (Execute Disable) protection: active
Oct 19 12:02:18 ip-172-31-31-176 systemd-modules-load[465]: Inserted module 'ib_iser'
Oct 19 12:02:18 ip-172-31-31-176 kernel: [    0.000000] SMBIOS 2.7 present.
Oct 19 12:02:18 ip-172-31-31-176 kernel: [    0.000000] DMI: Xen HVM domU, BIOS 4.2.amazon 08/24/2006
Oct 19 12:02:18 ip-172-31-31-176 kernel: [    0.000000] Hypervisor detected: Xen HVM
Oct 19 12:02:18 ip-172-31-31-176 systemd[1]: Started Load Kernel Modules.
Oct 19 12:02:18 ip-172-31-31-176 kernel: [    0.000000] Xen version 4.2.
Oct 19 12:02:18 ip-172-31-31-176 systemd[1]: Started Flush Journal to Persistent Storage.
Oct 19 12:02:18 ip-172-31-31-176 kernel: [    0.000000] Xen Platform PCI: I/O protocol version 1
Oct 19 12:02:18 ip-172-31-31-176 kernel: [    0.000000] Netfront and the Xen platform PCI driver have been compiled for this kernel: unplug emulated NICs.
Oct 19 12:02:18 ip-172-31-31-176 kernel: [    0.000000] Blkfront and the Xen platform PCI driver have been compiled for this kernel: unplug emulated disks.
Oct 19 12:02:18 ip-172-31-31-176 kernel: [    0.000000] You might have to change the root device
Oct 19 12:02:18 ip-172-31-31-176 kernel: [    0.000000] from /dev/hd[a-d] to /dev/xvd[a-d]
Oct 19 12:02:18 ip-172-31-31-176 systemd[1]: Mounting Kernel Configuration File System...
Oct 19 12:02:18 ip-172-31-31-176 kernel: [    0.000000] in your root= kernel command line option
Oct 19 12:02:18 ip-172-31-31-176 kernel: [    0.000002] HVMOP_pagetable_dying not supported
Oct 19 12:02:18 ip-172-31-31-176 systemd[1]: Starting Apply Kernel Variables...
Oct 19 12:02:18 ip-172-31-31-176 kernel: [    0.015245] tsc: Fast TSC calibration using PIT
Oct 19 12:02:18 ip-172-31-31-176 kernel: [    0.015249] tsc: Detected 2294.767 MHz processor
Oct 19 12:02:18 ip-172-31-31-176 kernel: [    0.015250] tsc: Detected 2294.728 MHz TSC
Oct 19 12:02:18 ip-172-31-31-176 systemd[1]: Mounting FUSE Control File System...
Oct 19 12:02:18 ip-172-31-31-176 kernel: [    0.016270] e820: update [mem 0x00000000-0x00000fff] usable ==> reserved
Oct 19 12:02:18 ip-172-31-31-176 systemd[1]: Mounted Kernel Configuration File System.
Oct 19 12:02:18 ip-172-31-31-176 kernel: [    0.016272] e820: remove [mem 0x000a0000-0x000fffff] usable
Oct 19 12:02:18 ip-172-31-31-176 kernel: [    0.016276] last_pfn = 0x810000 max_arch_pfn = 0x400000000
Oct 19 12:02:18 ip-172-31-31-176 kernel: [    0.016302] MTRR default type: write-back
Oct 19 12:02:18 ip-172-31-31-176 kernel: [    0.016302] MTRR fixed ranges enabled:
Oct 19 12:02:18 ip-172-31-31-176 systemd[1]: Mounted FUSE Control File System.
Oct 19 12:02:18 ip-172-31-31-176 kernel: [    0.016303]   00000-9FFFF write-back
Oct 19 12:02:18 ip-172-31-31-176 kernel: [    0.016304]   A0000-BFFFF write-combining
Oct 19 12:02:18 ip-172-31-31-176 systemd[1]: Started udev Kernel Device Manager.
Oct 19 12:02:18 ip-172-31-31-176 kernel: [    0.016305]   C0000-FFFFF write-back
Oct 19 12:02:18 ip-172-31-31-176 kernel: [    0.016306] MTRR variable ranges enabled:
Oct 19 12:02:18 ip-172-31-31-176 systemd[1]: Started Apply Kernel Variables.
Oct 19 12:02:18 ip-172-31-31-176 kernel: [    0.016307]   0 base 0000F0000000 mask 3FFFF8000000 uncachable
Oct 19 12:02:18 ip-172-31-31-176 kernel: [    0.016308]   1 base 0000F8000000 mask 3FFFFC000000 uncachable
Oct 19 12:02:18 ip-172-31-31-176 kernel: [    0.016309]   2 disabled
Oct 19 12:02:18 ip-172-31-31-176 systemd[1]: Found device /dev/ttyS0.
Oct 19 12:02:18 ip-172-31-31-176 kernel: [    0.016309]   3 disabled
Oct 19 12:02:18 ip-172-31-31-176 systemd-udevd[530]: link_config: autonegotiation is unset or enabled, the speed and duplex are not writable.
Oct 19 12:02:18 ip-172-31-31-176 systemd[1]: Listening on Load/Save RF Kill Switch Status /dev/rfkill Watch.
Oct 19 12:02:18 ip-172-31-31-176 systemd-udevd[522]: link_config: autonegotiation is unset or enabled, the speed and duplex are not writable.
Oct 19 12:02:18 ip-172-31-31-176 systemd[1]: Started Set the console keyboard layout.
Oct 19 12:02:18 ip-172-31-31-176 systemd[1]: Reached target Local File Systems (Pre).
Oct 19 12:02:18 ip-172-31-31-176 kernel: [    0.016310]   4 disabled
Oct 19 12:02:18 ip-172-31-31-176 kernel: [    0.016310]   5 disabled
Oct 19 12:02:18 ip-172-31-31-176 systemd[1]: Reached target Local File Systems.
Oct 19 12:02:18 ip-172-31-31-176 kernel: [    0.016311]   6 disabled
Oct 19 12:02:18 ip-172-31-31-176 systemd[1]: Starting Set console font and keymap...
Oct 19 12:02:18 ip-172-31-31-176 kernel: [    0.016311]   7 disabled
Oct 19 12:02:18 ip-172-31-31-176 kernel: [    0.016320] x86/PAT: Configuration [0-7]: WB  WC  UC- UC  WB  WP  UC- WT  
Oct 19 12:02:18 ip-172-31-31-176 kernel: [    0.016328] last_pfn = 0xf0000 max_arch_pfn = 0x400000000
Oct 19 12:02:18 ip-172-31-31-176 systemd[1]: Starting AppArmor initialization...
Oct 19 12:02:18 ip-172-31-31-176 kernel: [    0.023391] found SMP MP-table at [mem 0x000fbc50-0x000fbc5f]
Oct 19 12:02:18 ip-172-31-31-176 kernel: [    0.023472] check: Scanning 1 areas for low memory corruption
Oct 19 12:02:18 ip-172-31-31-176 systemd[1]: Starting ebtables ruleset management...
Oct 19 12:02:18 ip-172-31-31-176 kernel: [    0.023536] Using GB pages for direct mapping
Oct 19 12:02:18 ip-172-31-31-176 kernel: [    0.023766] RAMDISK: [mem 0x356c9000-0x36b5bfff]
Oct 19 12:02:18 ip-172-31-31-176 systemd[1]: Starting Create Volatile Files and Directories...
Oct 19 12:02:18 ip-172-31-31-176 kernel: [    0.023813] ACPI: Early table checksum verification disabled
Oct 19 12:02:18 ip-172-31-31-176 kernel: [    0.023816] ACPI: RSDP 0x00000000000EA020 000024 (v02 Xen   )
Oct 19 12:02:18 ip-172-31-31-176 kernel: [    0.023820] ACPI: XSDT 0x00000000FC00E2A0 000054 (v01 Xen    HVM      00000000 HVML 00000000)
Oct 19 12:02:18 ip-172-31-31-176 systemd[1]: Starting Tell Plymouth To Write Out Runtime Data...
Oct 19 12:02:18 ip-172-31-31-176 kernel: [    0.023824] ACPI: FACP 0x00000000FC00DF60 0000F4 (v04 Xen    HVM      00000000 HVML 00000000)
Oct 19 12:02:18 ip-172-31-31-176 kernel: [    0.023830] ACPI: DSDT 0x00000000FC0021C0 00BD19 (v02 Xen    HVM      00000000 INTL 20090123)
Oct 19 12:02:18 ip-172-31-31-176 kernel: [    0.023832] ACPI: FACS 0x00000000FC002180 000040
Oct 19 12:02:18 ip-172-31-31-176 systemd[1]: Starting Commit a transient machine-id on disk...
Oct 19 12:02:18 ip-172-31-31-176 kernel: [    0.023834] ACPI: FACS 0x00000000FC002180 000040
Oct 19 12:02:18 ip-172-31-31-176 kernel: [    0.023836] ACPI: APIC 0x00000000FC00E060 0000D8 (v02 Xen    HVM      00000000 HVML 00000000)
Oct 19 12:02:18 ip-172-31-31-176 kernel: [    0.023839] ACPI: HPET 0x00000000FC00E1B0 000038 (v01 Xen    HVM      00000000 HVML 00000000)
Oct 19 12:02:18 ip-172-31-31-176 systemd[1]: Started Dispatch Password Requests to Console Directory Watch.
Oct 19 12:02:18 ip-172-31-31-176 kernel: [    0.023842] ACPI: WAET 0x00000000FC00E1F0 000028 (v01 Xen    HVM      00000000 HVML 00000000)
Oct 19 12:02:18 ip-172-31-31-176 kernel: [    0.023844] ACPI: SSDT 0x00000000FC00E220 000031 (v02 Xen    HVM      00000000 INTL 20090123)
Oct 19 12:02:18 ip-172-31-31-176 systemd[1]: Reached target Local Encrypted Volumes.
Oct 19 12:02:18 ip-172-31-31-176 kernel: [    0.023846] ACPI: SSDT 0x00000000FC00E260 000033 (v02 Xen    HVM      00000000 INTL 20090123)
Oct 19 12:02:18 ip-172-31-31-176 kernel: [    0.023853] ACPI: Local APIC address 0xfee00000
Oct 19 12:02:18 ip-172-31-31-176 systemd[1]: Started Set console font and keymap.
Oct 19 12:02:18 ip-172-31-31-176 kernel: [    0.025301] No NUMA configuration found
Oct 19 12:02:18 ip-172-31-31-176 kernel: [    0.025303] Faking a node at [mem 0x0000000000000000-0x000000080fffffff]
Oct 19 12:02:18 ip-172-31-31-176 systemd[1]: Started Create Volatile Files and Directories.
Oct 19 12:02:18 ip-172-31-31-176 kernel: [    0.025313] NODE_DATA(0) allocated [mem 0x80ffd5000-0x80fffffff]
Oct 19 12:02:18 ip-172-31-31-176 kernel: [    0.025574] Zone ranges:
Oct 19 12:02:18 ip-172-31-31-176 kernel: [    0.025575]   DMA      [mem 0x0000000000001000-0x0000000000ffffff]
Oct 19 12:02:18 ip-172-31-31-176 systemd[1]: Starting Network Time Synchronization...
Oct 19 12:02:18 ip-172-31-31-176 kernel: [    0.025576]   DMA32    [mem 0x0000000001000000-0x00000000ffffffff]
Oct 19 12:02:18 ip-172-31-31-176 systemd[1]: Starting Update UTMP about System Boot/Shutdown...
Oct 19 12:02:18 ip-172-31-31-176 kernel: [    0.025577]   Normal   [mem 0x0000000100000000-0x000000080fffffff]
Oct 19 12:02:18 ip-172-31-31-176 kernel: [    0.025578]   Device   empty
Oct 19 12:02:18 ip-172-31-31-176 kernel: [    0.025579] Movable zone start for each node
Oct 19 12:02:18 ip-172-31-31-176 kernel: [    0.025583] Early memory node ranges
Oct 19 12:02:18 ip-172-31-31-176 kernel: [    0.025584]   node   0: [mem 0x0000000000001000-0x000000000009dfff]
Oct 19 12:02:18 ip-172-31-31-176 systemd[1]: Started ebtables ruleset management.
Oct 19 12:02:18 ip-172-31-31-176 kernel: [    0.025585]   node   0: [mem 0x0000000000100000-0x00000000efffffff]
Oct 19 12:02:18 ip-172-31-31-176 systemd[1]: Started Tell Plymouth To Write Out Runtime Data.
Oct 19 12:02:18 ip-172-31-31-176 kernel: [    0.025586]   node   0: [mem 0x0000000100000000-0x000000080fffffff]
Oct 19 12:02:18 ip-172-31-31-176 kernel: [    0.025592] Zeroed struct page in unavailable ranges: 99 pages
Oct 19 12:02:18 ip-172-31-31-176 kernel: [    0.025593] Initmem setup node 0 [mem 0x0000000000001000-0x000000080fffffff]
Oct 19 12:02:18 ip-172-31-31-176 apparmor[592]:  * Starting AppArmor profiles
Oct 19 12:02:18 ip-172-31-31-176 kernel: [    0.025595] On node 0 totalpages: 8388509
Oct 19 12:02:18 ip-172-31-31-176 kernel: [    0.025596]   DMA zone: 64 pages used for memmap
Oct 19 12:02:18 ip-172-31-31-176 kernel: [    0.025596]   DMA zone: 21 pages reserved
Oct 19 12:02:18 ip-172-31-31-176 systemd[1]: Started Commit a transient machine-id on disk.
Oct 19 12:02:18 ip-172-31-31-176 kernel: [    0.025597]   DMA zone: 3997 pages, LIFO batch:0
Oct 19 12:02:18 ip-172-31-31-176 kernel: [    0.025678]   DMA32 zone: 15296 pages used for memmap
Oct 19 12:02:18 ip-172-31-31-176 kernel: [    0.025679]   DMA32 zone: 978944 pages, LIFO batch:63
Oct 19 12:02:18 ip-172-31-31-176 systemd[1]: Started Update UTMP about System Boot/Shutdown.
Oct 19 12:02:18 ip-172-31-31-176 kernel: [    0.039731]   Normal zone: 115712 pages used for memmap
Oct 19 12:02:18 ip-172-31-31-176 kernel: [    0.039732]   Normal zone: 7405568 pages, LIFO batch:63
Oct 19 12:02:18 ip-172-31-31-176 kernel: [    0.144960] ACPI: PM-Timer IO Port: 0xb008
Oct 19 12:02:18 ip-172-31-31-176 systemd[1]: Started Network Time Synchronization.
Oct 19 12:02:18 ip-172-31-31-176 kernel: [    0.144965] ACPI: Local APIC address 0xfee00000
Oct 19 12:02:18 ip-172-31-31-176 kernel: [    0.145021] IOAPIC[0]: apic_id 1, version 17, address 0xfec00000, GSI 0-47
Oct 19 12:02:18 ip-172-31-31-176 kernel: [    0.145024] ACPI: INT_SRC_OVR (bus 0 bus_irq 0 global_irq 2 dfl dfl)
Oct 19 12:02:18 ip-172-31-31-176 kernel: [    0.145026] ACPI: INT_SRC_OVR (bus 0 bus_irq 5 global_irq 5 low level)
Oct 19 12:02:18 ip-172-31-31-176 kernel: [    0.145027] ACPI: INT_SRC_OVR (bus 0 bus_irq 10 global_irq 10 low level)
Oct 19 12:02:18 ip-172-31-31-176 kernel: [    0.145028] ACPI: INT_SRC_OVR (bus 0 bus_irq 11 global_irq 11 low level)
Oct 19 12:02:18 ip-172-31-31-176 kernel: [    0.145030] ACPI: IRQ0 used by override.
Oct 19 12:02:18 ip-172-31-31-176 kernel: [    0.145030] ACPI: IRQ5 used by override.
Oct 19 12:02:18 ip-172-31-31-176 systemd[1]: Reached target System Time Synchronized.
Oct 19 12:02:18 ip-172-31-31-176 kernel: [    0.145031] ACPI: IRQ9 used by override.
Oct 19 12:02:18 ip-172-31-31-176 kernel: [    0.145031] ACPI: IRQ10 used by override.
Oct 19 12:02:18 ip-172-31-31-176 kernel: [    0.145032] ACPI: IRQ11 used by override.
Oct 19 12:02:18 ip-172-31-31-176 kernel: [    0.145033] Using ACPI (MADT) for SMP configuration information
Oct 19 12:02:18 ip-172-31-31-176 kernel: [    0.145035] ACPI: HPET id: 0x8086a201 base: 0xfed00000
Oct 19 12:02:18 ip-172-31-31-176 apparmor[592]: Skipping profile in /etc/apparmor.d/disable: usr.sbin.rsyslogd
Oct 19 12:02:18 ip-172-31-31-176 kernel: [    0.145039] TSC deadline timer available
Oct 19 12:02:18 ip-172-31-31-176 kernel: [    0.145045] smpboot: Allowing 15 CPUs, 7 hotplug CPUs
Oct 19 12:02:18 ip-172-31-31-176 kernel: [    0.145055] PM: Registered nosave memory: [mem 0x00000000-0x00000fff]
Oct 19 12:02:18 ip-172-31-31-176 kernel: [    0.145056] PM: Registered nosave memory: [mem 0x0009e000-0x0009ffff]
Oct 19 12:02:18 ip-172-31-31-176 apparmor[592]:    ...done.
Oct 19 12:02:18 ip-172-31-31-176 kernel: [    0.145057] PM: Registered nosave memory: [mem 0x000a0000-0x000dffff]
Oct 19 12:02:18 ip-172-31-31-176 kernel: [    0.145058] PM: Registered nosave memory: [mem 0x000e0000-0x000fffff]
Oct 19 12:02:18 ip-172-31-31-176 systemd[1]: Started AppArmor initialization.
Oct 19 12:02:18 ip-172-31-31-176 kernel: [    0.145059] PM: Registered nosave memory: [mem 0xf0000000-0xfbffffff]
Oct 19 12:02:18 ip-172-31-31-176 kernel: [    0.145060] PM: Registered nosave memory: [mem 0xfc000000-0xffffffff]
Oct 19 12:02:18 ip-172-31-31-176 systemd[1]: Starting Initial cloud-init job (pre-networking)...
Oct 19 12:02:18 ip-172-31-31-176 kernel: [    0.145062] [mem 0xf0000000-0xfbffffff] available for PCI devices
Oct 19 12:02:18 ip-172-31-31-176 kernel: [    0.145063] Booting paravirtualized kernel on Xen HVM
Oct 19 12:02:18 ip-172-31-31-176 systemd[1]: Starting Load AppArmor profiles managed internally by snapd...
Oct 19 12:02:18 ip-172-31-31-176 kernel: [    0.145067] clocksource: refined-jiffies: mask: 0xffffffff max_cycles: 0xffffffff, max_idle_ns: 7645519600211568 ns
Oct 19 12:02:18 ip-172-31-31-176 kernel: [    0.145072] setup_percpu: NR_CPUS:8192 nr_cpumask_bits:15 nr_cpu_ids:15 nr_node_ids:1
Oct 19 12:02:18 ip-172-31-31-176 kernel: [    0.146047] percpu: Embedded 54 pages/cpu s184320 r8192 d28672 u262144
Oct 19 12:02:18 ip-172-31-31-176 snapd-apparmor[723]: find: ‘/var/lib/snapd/apparmor/profiles/’: No such file or directory
Oct 19 12:02:18 ip-172-31-31-176 systemd[1]: Started Load AppArmor profiles managed internally by snapd.
Oct 19 12:02:18 ip-172-31-31-176 dhclient[782]: Internet Systems Consortium DHCP Client 4.3.5
Oct 19 12:02:18 ip-172-31-31-176 dhclient[782]: Copyright 2004-2016 Internet Systems Consortium.
Oct 19 12:02:18 ip-172-31-31-176 dhclient[782]: All rights reserved.
Oct 19 12:02:18 ip-172-31-31-176 dhclient[782]: For info, please visit https://www.isc.org/software/dhcp/
Oct 19 12:02:18 ip-172-31-31-176 dhclient[782]: 
Oct 19 12:02:18 ip-172-31-31-176 dhclient[782]: Listening on LPF/eth0/02:53:c0:d0:78:d5
Oct 19 12:02:18 ip-172-31-31-176 kernel: [    0.146052] pcpu-alloc: s184320 r8192 d28672 u262144 alloc=1*2097152
Oct 19 12:02:18 ip-172-31-31-176 kernel: [    0.146053] pcpu-alloc: [0] 00 01 02 03 04 05 06 07 [0] 08 09 10 11 12 13 14 -- 
Oct 19 12:02:18 ip-172-31-31-176 dhclient[782]: Sending on   LPF/eth0/02:53:c0:d0:78:d5
Oct 19 12:02:18 ip-172-31-31-176 kernel: [    0.146079] xen: PV spinlocks enabled
Oct 19 12:02:18 ip-172-31-31-176 kernel: [    0.146082] PV qspinlock hash table entries: 256 (order: 0, 4096 bytes, linear)
Oct 19 12:02:18 ip-172-31-31-176 kernel: [    0.146087] Built 1 zonelists, mobility grouping on.  Total pages: 8257416
Oct 19 12:02:18 ip-172-31-31-176 kernel: [    0.146089] Policy zone: Normal
Oct 19 12:02:18 ip-172-31-31-176 dhclient[782]: Sending on   Socket/fallback
Oct 19 12:02:18 ip-172-31-31-176 kernel: [    0.146090] Kernel command line: BOOT_IMAGE=/boot/vmlinuz-5.4.0-1045-aws root=LABEL=cloudimg-rootfs ro console=tty1 console=ttyS0 nvme_core.io_timeout=4294967295
Oct 19 12:02:18 ip-172-31-31-176 kernel: [    0.152303] Dentry cache hash table entries: 4194304 (order: 13, 33554432 bytes, linear)
Oct 19 12:02:18 ip-172-31-31-176 kernel: [    0.155391] Inode-cache hash table entries: 2097152 (order: 12, 16777216 bytes, linear)
Oct 19 12:02:18 ip-172-31-31-176 kernel: [    0.155580] mem auto-init: stack:off, heap alloc:on, heap free:off
Oct 19 12:02:18 ip-172-31-31-176 kernel: [    0.168082] Calgary: detecting Calgary via BIOS EBDA area
Oct 19 12:02:18 ip-172-31-31-176 kernel: [    0.168084] Calgary: Unable to locate Rio Grande table in EBDA - bailing!
Oct 19 12:02:18 ip-172-31-31-176 dhclient[782]: DHCPDISCOVER on eth0 to 255.255.255.255 port 67 interval 3 (xid=0x1513cc3f)
Oct 19 12:02:18 ip-172-31-31-176 dhclient[782]: DHCPREQUEST of 172.31.31.176 on eth0 to 255.255.255.255 port 67 (xid=0x3fcc1315)
Oct 19 12:02:18 ip-172-31-31-176 dhclient[782]: DHCPOFFER of 172.31.31.176 from 172.31.16.1
Oct 19 12:02:18 ip-172-31-31-176 dhclient[782]: DHCPACK of 172.31.31.176 from 172.31.16.1
Oct 19 12:02:18 ip-172-31-31-176 kernel: [    0.261917] Memory: 32857220K/33554036K available (14339K kernel code, 2313K rwdata, 4656K rodata, 2656K init, 5136K bss, 696816K reserved, 0K cma-reserved)
Oct 19 12:02:18 ip-172-31-31-176 kernel: [    0.261924] random: get_random_u64 called from __kmem_cache_create+0x41/0x550 with crng_init=0
Oct 19 12:02:18 ip-172-31-31-176 kernel: [    0.262094] SLUB: HWalign=64, Order=0-3, MinObjects=0, CPUs=15, Nodes=1
Oct 19 12:02:18 ip-172-31-31-176 kernel: [    0.262109] Kernel/User page tables isolation: enabled
Oct 19 12:02:18 ip-172-31-31-176 kernel: [    0.262126] ftrace: allocating 42787 entries in 168 pages
Oct 19 12:02:18 ip-172-31-31-176 kernel: [    0.278398] rcu: Hierarchical RCU implementation.
Oct 19 12:02:18 ip-172-31-31-176 kernel: [    0.278400] rcu: 	RCU restricting CPUs from NR_CPUS=8192 to nr_cpu_ids=15.
Oct 19 12:02:18 ip-172-31-31-176 kernel: [    0.278401] 	Tasks RCU enabled.
Oct 19 12:02:18 ip-172-31-31-176 kernel: [    0.278402] rcu: RCU calculated value of scheduler-enlistment delay is 25 jiffies.
Oct 19 12:02:18 ip-172-31-31-176 kernel: [    0.278403] rcu: Adjusting geometry for rcu_fanout_leaf=16, nr_cpu_ids=15
Oct 19 12:02:18 ip-172-31-31-176 kernel: [    0.281091] NR_IRQS: 524544, nr_irqs: 952, preallocated irqs: 16
Oct 19 12:02:18 ip-172-31-31-176 kernel: [    0.281131] xen:events: Using 2-level ABI
Oct 19 12:02:18 ip-172-31-31-176 kernel: [    0.281179] xen:events: Xen HVM callback vector for event delivery is enabled
Oct 19 12:02:18 ip-172-31-31-176 kernel: [    0.281339] random: crng done (trusting CPU's manufacturer)
Oct 19 12:02:18 ip-172-31-31-176 kernel: [    0.294781] Console: colour VGA+ 80x25
Oct 19 12:02:18 ip-172-31-31-176 kernel: [    0.438787] printk: console [tty1] enabled
Oct 19 12:02:18 ip-172-31-31-176 kernel: [    0.439816] Cannot get hvm parameter CONSOLE_EVTCHN (18): -22!
Oct 19 12:02:18 ip-172-31-31-176 kernel: [    0.878609] printk: console [ttyS0] enabled
Oct 19 12:02:18 ip-172-31-31-176 kernel: [    0.881935] ACPI: Core revision 20190816
Oct 19 12:02:18 ip-172-31-31-176 kernel: [    0.885278] clocksource: hpet: mask: 0xffffffff max_cycles: 0xffffffff, max_idle_ns: 30580167144 ns
Oct 19 12:02:18 ip-172-31-31-176 dhclient[782]: bound to 172.31.31.176 -- renewal in 1589 seconds.
Oct 19 12:02:18 ip-172-31-31-176 cloud-init[720]: Cloud-init v. 21.1-19-gbad84ad4-0ubuntu1~18.04.1 running 'init-local' at Tue, 19 Oct 2021 12:02:14 +0000. Up 9.88 seconds.
Oct 19 12:02:18 ip-172-31-31-176 kernel: [    0.891904] APIC: Switch to symmetric I/O mode setup
Oct 19 12:02:18 ip-172-31-31-176 kernel: [    0.896608] x2apic: IRQ remapping doesn't support X2APIC mode
Oct 19 12:02:18 ip-172-31-31-176 kernel: [    0.901799] Switched APIC routing to physical flat.
Oct 19 12:02:18 ip-172-31-31-176 systemd[1]: Started Initial cloud-init job (pre-networking).
Oct 19 12:02:18 ip-172-31-31-176 systemd[1]: Reached target Network (Pre).
Oct 19 12:02:18 ip-172-31-31-176 systemd[1]: Starting Network Service...
Oct 19 12:02:18 ip-172-31-31-176 systemd-networkd[806]: Enumeration completed
Oct 19 12:02:18 ip-172-31-31-176 systemd[1]: Started Network Service.
Oct 19 12:02:18 ip-172-31-31-176 systemd-networkd[806]: eth0: Link UP
Oct 19 12:02:18 ip-172-31-31-176 systemd-networkd[806]: eth0: Gained carrier
Oct 19 12:02:18 ip-172-31-31-176 systemd-timesyncd[630]: Network configuration changed, trying to establish connection.
Oct 19 12:02:18 ip-172-31-31-176 systemd-networkd[806]: eth0: Link DOWN
Oct 19 12:02:18 ip-172-31-31-176 systemd-networkd[806]: eth0: Lost carrier
Oct 19 12:02:18 ip-172-31-31-176 systemd-networkd[806]: eth0: Removing non-existent address: fe80::53:c0ff:fed0:78d5/64 (valid forever), ignoring
Oct 19 12:02:18 ip-172-31-31-176 systemd-networkd[806]: eth0: IPv6 successfully enabled
Oct 19 12:02:18 ip-172-31-31-176 systemd-networkd[806]: lo: Link is not managed by us
Oct 19 12:02:18 ip-172-31-31-176 systemd-networkd[806]: eth0: Link UP
Oct 19 12:02:18 ip-172-31-31-176 systemd[1]: Starting Wait for Network to be Configured...
Oct 19 12:02:18 ip-172-31-31-176 systemd[1]: Starting Network Name Resolution...
Oct 19 12:02:18 ip-172-31-31-176 systemd-networkd[806]: eth0: Gained carrier
Oct 19 12:02:18 ip-172-31-31-176 systemd-networkd[806]: eth0: DHCPv4 address 172.31.31.176/20 via 172.31.16.1
Oct 19 12:02:18 ip-172-31-31-176 systemd-networkd[806]: Not connected to system bus, not setting hostname.
Oct 19 12:02:18 ip-172-31-31-176 systemd-timesyncd[630]: Network configuration changed, trying to establish connection.
Oct 19 12:02:18 ip-172-31-31-176 systemd-resolved[843]: Positive Trust Anchors:
Oct 19 12:02:18 ip-172-31-31-176 systemd-resolved[843]: . IN DS 19036 8 2 49aac11d7b6f6446702e54a1607371607a1a41855200fd2ce1cdde32f24e8fb5
Oct 19 12:02:18 ip-172-31-31-176 systemd-resolved[843]: . IN DS 20326 8 2 e06d44b80b8f1d39a95c0b0d7c65d08458e880409bbc683457104237c7f8ec8d
Oct 19 12:02:18 ip-172-31-31-176 systemd-resolved[843]: Negative trust anchors: 10.in-addr.arpa 16.172.in-addr.arpa 17.172.in-addr.arpa 18.172.in-addr.arpa 19.172.in-addr.arpa 20.172.in-addr.arpa 21.172.in-addr.arpa 22.172.in-addr.arpa 23.172.in-addr.arpa 24.172.in-addr.arpa 25.172.in-addr.arpa 26.172.in-addr.arpa 27.172.in-addr.arpa 28.172.in-addr.arpa 29.172.in-addr.arpa 30.172.in-addr.arpa 31.172.in-addr.arpa 168.192.in-addr.arpa d.f.ip6.arpa corp home internal intranet lan local private test
Oct 19 12:02:18 ip-172-31-31-176 systemd-resolved[843]: Using system hostname 'ip-172-31-31-176'.
Oct 19 12:02:18 ip-172-31-31-176 systemd[1]: Started Network Name Resolution.
Oct 19 12:02:18 ip-172-31-31-176 systemd[1]: Reached target Network.
Oct 19 12:02:18 ip-172-31-31-176 systemd[1]: Reached target Host and Network Name Lookups.
Oct 19 12:02:18 ip-172-31-31-176 systemd-networkd[806]: eth0: Gained IPv6LL
Oct 19 12:02:18 ip-172-31-31-176 systemd-networkd[806]: eth0: Configured
Oct 19 12:02:18 ip-172-31-31-176 systemd-timesyncd[630]: Network configuration changed, trying to establish connection.
Oct 19 12:02:18 ip-172-31-31-176 kernel: [    0.910018] ..TIMER: vector=0x30 apic1=0 pin1=2 apic2=0 pin2=0
Oct 19 12:02:18 ip-172-31-31-176 kernel: [    0.914083] clocksource: tsc-early: mask: 0xffffffffffffffff max_cycles: 0x2113c0dd69d, max_idle_ns: 440795202126 ns
Oct 19 12:02:18 ip-172-31-31-176 kernel: [    0.921785] Calibrating delay loop (skipped), value calculated using timer frequency.. 4589.45 BogoMIPS (lpj=9178912)
Oct 19 12:02:18 ip-172-31-31-176 kernel: [    0.933786] pid_max: default: 32768 minimum: 301
Oct 19 12:02:18 ip-172-31-31-176 kernel: [    0.937837] LSM: Security Framework initializing
Oct 19 12:02:18 ip-172-31-31-176 kernel: [    0.941801] Yama: becoming mindful.
Oct 19 12:02:18 ip-172-31-31-176 kernel: [    0.949870] AppArmor: AppArmor initialized
Oct 19 12:02:18 ip-172-31-31-176 kernel: [    0.953904] Mount-cache hash table entries: 65536 (order: 7, 524288 bytes, linear)
Oct 19 12:02:18 ip-172-31-31-176 kernel: [    0.965870] Mountpoint-cache hash table entries: 65536 (order: 7, 524288 bytes, linear)
Oct 19 12:02:18 ip-172-31-31-176 kernel: [    0.973807] *** VALIDATE tmpfs ***
Oct 19 12:02:18 ip-172-31-31-176 kernel: [    0.977953] *** VALIDATE proc ***
Oct 19 12:02:18 ip-172-31-31-176 kernel: [    0.985861] *** VALIDATE cgroup1 ***
Oct 19 12:02:18 ip-172-31-31-176 systemd-networkd-wait-online[834]: managing: eth0
Oct 19 12:02:18 ip-172-31-31-176 systemd-networkd-wait-online[834]: ignoring: lo
Oct 19 12:02:18 ip-172-31-31-176 systemd[1]: Started Wait for Network to be Configured.
Oct 19 12:02:18 ip-172-31-31-176 systemd[1]: Starting Initial cloud-init job (metadata service crawler)...
Oct 19 12:02:18 ip-172-31-31-176 cloud-init[868]: Cloud-init v. 21.1-19-gbad84ad4-0ubuntu1~18.04.1 running 'init' at Tue, 19 Oct 2021 12:02:16 +0000. Up 12.11 seconds.
Oct 19 12:02:18 ip-172-31-31-176 cloud-init[868]: ci-info: ++++++++++++++++++++++++++++++++++++++Net device info++++++++++++++++++++++++++++++++++++++
Oct 19 12:02:18 ip-172-31-31-176 cloud-init[868]: ci-info: +--------+------+----------------------------+---------------+--------+-------------------+
Oct 19 12:02:18 ip-172-31-31-176 cloud-init[868]: ci-info: | Device |  Up  |          Address           |      Mask     | Scope  |     Hw-Address    |
Oct 19 12:02:18 ip-172-31-31-176 cloud-init[868]: ci-info: +--------+------+----------------------------+---------------+--------+-------------------+
Oct 19 12:02:18 ip-172-31-31-176 kernel: [    0.989786] *** VALIDATE cgroup2 ***
Oct 19 12:02:18 ip-172-31-31-176 kernel: [    0.993904] Last level iTLB entries: 4KB 64, 2MB 8, 4MB 8
Oct 19 12:02:18 ip-172-31-31-176 kernel: [    1.001785] Last level dTLB entries: 4KB 64, 2MB 0, 4MB 0, 1GB 4
Oct 19 12:02:18 ip-172-31-31-176 kernel: [    1.005789] Spectre V1 : Mitigation: usercopy/swapgs barriers and __user pointer sanitization
Oct 19 12:02:18 ip-172-31-31-176 kernel: [    1.013786] Spectre V2 : Mitigation: Full generic retpoline
Oct 19 12:02:18 ip-172-31-31-176 kernel: [    1.017785] Spectre V2 : Spectre v2 / SpectreRSB mitigation: Filling RSB on context switch
Oct 19 12:02:18 ip-172-31-31-176 kernel: [    1.025784] Speculative Store Bypass: Vulnerable
Oct 19 12:02:18 ip-172-31-31-176 kernel: [    1.029789] MDS: Vulnerable: Clear CPU buffers attempted, no microcode
Oct 19 12:02:18 ip-172-31-31-176 kernel: [    1.033974] Freeing SMP alternatives memory: 40K
Oct 19 12:02:18 ip-172-31-31-176 kernel: [    1.039680] clocksource: xen: mask: 0xffffffffffffffff max_cycles: 0x1cd42e4dffb, max_idle_ns: 881590591483 ns
Oct 19 12:02:18 ip-172-31-31-176 kernel: [    1.045798] Xen: using vcpuop timer interface
Oct 19 12:02:18 ip-172-31-31-176 cloud-init[868]: ci-info: |  eth0  | True |       172.31.31.176        | 255.255.240.0 | global | 02:53:c0:d0:78:d5 |
Oct 19 12:02:18 ip-172-31-31-176 kernel: [    1.045804] installing Xen timer for CPU 0
Oct 19 12:02:18 ip-172-31-31-176 kernel: [    1.049873] smpboot: CPU0: Intel(R) Xeon(R) CPU E5-2686 v4 @ 2.30GHz (family: 0x6, model: 0x4f, stepping: 0x1)
Oct 19 12:02:18 ip-172-31-31-176 kernel: [    1.053825] cpu 0 spinlock event irq 53
Oct 19 12:02:18 ip-172-31-31-176 kernel: [    1.057259] Performance Events: unsupported p6 CPU model 79 no PMU driver, software events only.
Oct 19 12:02:18 ip-172-31-31-176 kernel: [    1.057837] rcu: Hierarchical SRCU implementation.
Oct 19 12:02:18 ip-172-31-31-176 kernel: [    1.062465] NMI watchdog: Perf NMI watchdog permanently disabled
Oct 19 12:02:18 ip-172-31-31-176 kernel: [    1.066013] smp: Bringing up secondary CPUs ...
Oct 19 12:02:18 ip-172-31-31-176 cloud-init[868]: ci-info: |  eth0  | True | fe80::53:c0ff:fed0:78d5/64 |       .       |  link  | 02:53:c0:d0:78:d5 |
Oct 19 12:02:18 ip-172-31-31-176 cloud-init[868]: ci-info: |   lo   | True |         127.0.0.1          |   255.0.0.0   |  host  |         .         |
Oct 19 12:02:18 ip-172-31-31-176 kernel: [    1.069912] installing Xen timer for CPU 1
Oct 19 12:02:18 ip-172-31-31-176 cloud-init[868]: ci-info: |   lo   | True |          ::1/128           |       .       |  host  |         .         |
Oct 19 12:02:18 ip-172-31-31-176 kernel: [    1.073533] x86: Booting SMP configuration:
Oct 19 12:02:18 ip-172-31-31-176 kernel: [    1.073792] .... node  #0, CPUs:        #1
Oct 19 12:02:18 ip-172-31-31-176 cloud-init[868]: ci-info: +--------+------+----------------------------+---------------+--------+-------------------+
Oct 19 12:02:18 ip-172-31-31-176 kernel: [    1.074307] cpu 1 spinlock event irq 59
Oct 19 12:02:18 ip-172-31-31-176 kernel: [    1.077892] installing Xen timer for CPU 2
Oct 19 12:02:18 ip-172-31-31-176 cloud-init[868]: ci-info: ++++++++++++++++++++++++++++++Route IPv4 info++++++++++++++++++++++++++++++
Oct 19 12:02:18 ip-172-31-31-176 cloud-init[868]: ci-info: +-------+-------------+-------------+-----------------+-----------+-------+
Oct 19 12:02:18 ip-172-31-31-176 kernel: [    1.081863]   #2
Oct 19 12:02:18 ip-172-31-31-176 cloud-init[868]: ci-info: | Route | Destination |   Gateway   |     Genmask     | Interface | Flags |
Oct 19 12:02:18 ip-172-31-31-176 cloud-init[868]: ci-info: +-------+-------------+-------------+-----------------+-----------+-------+
Oct 19 12:02:18 ip-172-31-31-176 kernel: [    1.082404] cpu 2 spinlock event irq 65
Oct 19 12:02:18 ip-172-31-31-176 cloud-init[868]: ci-info: |   0   |   0.0.0.0   | 172.31.16.1 |     0.0.0.0     |    eth0   |   UG  |
Oct 19 12:02:18 ip-172-31-31-176 kernel: [    1.085892] installing Xen timer for CPU 3
Oct 19 12:02:18 ip-172-31-31-176 kernel: [    1.089859]   #3
Oct 19 12:02:18 ip-172-31-31-176 cloud-init[868]: ci-info: |   1   | 172.31.16.0 |   0.0.0.0   |  255.255.240.0  |    eth0   |   U   |
Oct 19 12:02:18 ip-172-31-31-176 cloud-init[868]: ci-info: |   2   | 172.31.16.1 |   0.0.0.0   | 255.255.255.255 |    eth0   |   UH  |
Oct 19 12:02:18 ip-172-31-31-176 cloud-init[868]: ci-info: +-------+-------------+-------------+-----------------+-----------+-------+
Oct 19 12:02:18 ip-172-31-31-176 cloud-init[868]: ci-info: +++++++++++++++++++Route IPv6 info+++++++++++++++++++
Oct 19 12:02:18 ip-172-31-31-176 kernel: [    1.090362] cpu 3 spinlock event irq 71
Oct 19 12:02:18 ip-172-31-31-176 cloud-init[868]: ci-info: +-------+-------------+---------+-----------+-------+
Oct 19 12:02:18 ip-172-31-31-176 kernel: [    1.093906] installing Xen timer for CPU 4
Oct 19 12:02:18 ip-172-31-31-176 kernel: [    1.097868]   #4
Oct 19 12:02:18 ip-172-31-31-176 kernel: [    1.098370] cpu 4 spinlock event irq 77
Oct 19 12:02:18 ip-172-31-31-176 kernel: [    1.101904] installing Xen timer for CPU 5
Oct 19 12:02:18 ip-172-31-31-176 cloud-init[868]: ci-info: | Route | Destination | Gateway | Interface | Flags |
Oct 19 12:02:18 ip-172-31-31-176 cloud-init[868]: ci-info: +-------+-------------+---------+-----------+-------+
Oct 19 12:02:18 ip-172-31-31-176 cloud-init[868]: ci-info: |   1   |  fe80::/64  |    ::   |    eth0   |   U   |
Oct 19 12:02:18 ip-172-31-31-176 kernel: [    1.105862]   #5
Oct 19 12:02:18 ip-172-31-31-176 cloud-init[868]: ci-info: |   3   |    local    |    ::   |    eth0   |   U   |
Oct 19 12:02:18 ip-172-31-31-176 cloud-init[868]: ci-info: |   4   |  multicast  |    ::   |    eth0   |   U   |
Oct 19 12:02:18 ip-172-31-31-176 cloud-init[868]: ci-info: +-------+-------------+---------+-----------+-------+
Oct 19 12:02:18 ip-172-31-31-176 kernel: [    1.106381] cpu 5 spinlock event irq 83
Oct 19 12:02:18 ip-172-31-31-176 kernel: [    1.109903] installing Xen timer for CPU 6
Oct 19 12:02:18 ip-172-31-31-176 kernel: [    1.113858]   #6
Oct 19 12:02:18 ip-172-31-31-176 kernel: [    1.114358] cpu 6 spinlock event irq 89
Oct 19 12:02:18 ip-172-31-31-176 kernel: [    1.117893] installing Xen timer for CPU 7
Oct 19 12:02:18 ip-172-31-31-176 kernel: [    1.121856]   #7
Oct 19 12:02:18 ip-172-31-31-176 kernel: [    1.122348] cpu 7 spinlock event irq 95
Oct 19 12:02:18 ip-172-31-31-176 kernel: [    1.125900] smp: Brought up 1 node, 8 CPUs
Oct 19 12:02:18 ip-172-31-31-176 kernel: [    1.129789] smpboot: Max logical packages: 2
Oct 19 12:02:18 ip-172-31-31-176 kernel: [    1.133747] smpboot: Total of 8 processors activated (36715.64 BogoMIPS)
Oct 19 12:02:18 ip-172-31-31-176 kernel: [    1.135219] devtmpfs: initialized
Oct 19 12:02:18 ip-172-31-31-176 kernel: [    1.137838] x86/mm: Memory block size: 128MB
Oct 19 12:02:18 ip-172-31-31-176 kernel: [    1.145873] clocksource: jiffies: mask: 0xffffffff max_cycles: 0xffffffff, max_idle_ns: 7645041785100000 ns
Oct 19 12:02:18 ip-172-31-31-176 kernel: [    1.149859] futex hash table entries: 4096 (order: 6, 262144 bytes, linear)
Oct 19 12:02:18 ip-172-31-31-176 kernel: [    1.153886] pinctrl core: initialized pinctrl subsystem
Oct 19 12:02:18 ip-172-31-31-176 kernel: [    1.157916] PM: RTC time: 12:02:05, date: 2021-10-19
Oct 19 12:02:18 ip-172-31-31-176 kernel: [    1.162067] NET: Registered protocol family 16
Oct 19 12:02:18 ip-172-31-31-176 kernel: [    1.166006] audit: initializing netlink subsys (disabled)
Oct 19 12:02:18 ip-172-31-31-176 kernel: [    1.169807] audit: type=2000 audit(1634644925.130:1): state=initialized audit_enabled=0 res=1
Oct 19 12:02:18 ip-172-31-31-176 kernel: [    1.169938] EISA bus registered
Oct 19 12:02:18 ip-172-31-31-176 kernel: [    1.176643] cpuidle: using governor ladder
Oct 19 12:02:18 ip-172-31-31-176 kernel: [    1.177798] cpuidle: using governor menu
Oct 19 12:02:18 ip-172-31-31-176 kernel: [    1.181127] ACPI: bus type PCI registered
Oct 19 12:02:18 ip-172-31-31-176 kernel: [    1.181789] acpiphp: ACPI Hot Plug PCI Controller Driver version: 0.5
Oct 19 12:02:18 ip-172-31-31-176 kernel: [    1.186158] PCI: Using configuration type 1 for base access
Oct 19 12:02:18 ip-172-31-31-176 kernel: [    1.193836] HugeTLB registered 1.00 GiB page size, pre-allocated 0 pages
Oct 19 12:02:18 ip-172-31-31-176 kernel: [    1.197790] HugeTLB registered 2.00 MiB page size, pre-allocated 0 pages
Oct 19 12:02:18 ip-172-31-31-176 kernel: [    1.201857] ACPI: Added _OSI(Module Device)
Oct 19 12:02:18 ip-172-31-31-176 kernel: [    1.205799] ACPI: Added _OSI(Processor Device)
Oct 19 12:02:18 ip-172-31-31-176 kernel: [    1.209504] ACPI: Added _OSI(3.0 _SCP Extensions)
Oct 19 12:02:18 ip-172-31-31-176 kernel: [    1.209787] ACPI: Added _OSI(Processor Aggregator Device)
Oct 19 12:02:18 ip-172-31-31-176 kernel: [    1.213791] ACPI: Added _OSI(Linux-Dell-Video)
Oct 19 12:02:18 ip-172-31-31-176 kernel: [    1.217699] ACPI: Added _OSI(Linux-Lenovo-NV-HDMI-Audio)
Oct 19 12:02:18 ip-172-31-31-176 kernel: [    1.217788] ACPI: Added _OSI(Linux-HPI-Hybrid-Graphics)
Oct 19 12:02:18 ip-172-31-31-176 kernel: [    1.225952] ACPI: 3 ACPI AML tables successfully acquired and loaded
Oct 19 12:02:18 ip-172-31-31-176 kernel: [    1.230476] xen: --> pirq=16 -> irq=9 (gsi=9)
Oct 19 12:02:18 ip-172-31-31-176 kernel: [    1.231488] ACPI: Interpreter enabled
Oct 19 12:02:18 ip-172-31-31-176 kernel: [    1.233798] ACPI: (supports S0 S4 S5)
Oct 19 12:02:18 ip-172-31-31-176 kernel: [    1.236947] ACPI: Using IOAPIC for interrupt routing
Oct 19 12:02:18 ip-172-31-31-176 kernel: [    1.237815] PCI: Using host bridge windows from ACPI; if necessary, use "pci=nocrs" and report a bug
Oct 19 12:02:18 ip-172-31-31-176 kernel: [    1.242127] ACPI: Enabled 2 GPEs in block 00 to 0F
Oct 19 12:02:18 ip-172-31-31-176 kernel: [    1.281496] ACPI: PCI Root Bridge [PCI0] (domain 0000 [bus 00-ff])
Oct 19 12:02:18 ip-172-31-31-176 kernel: [    1.281800] acpi PNP0A03:00: _OSC: OS supports [ASPM ClockPM Segments MSI HPX-Type3]
Oct 19 12:02:18 ip-172-31-31-176 kernel: [    1.285808] acpi PNP0A03:00: fail to add MMCONFIG information, can't access extended PCI configuration space under this bridge.
Oct 19 12:02:18 ip-172-31-31-176 cloud-init[868]: Generating public/private rsa key pair.
Oct 19 12:02:18 ip-172-31-31-176 cloud-init[868]: Your identification has been saved in /etc/ssh/ssh_host_rsa_key.
Oct 19 12:02:18 ip-172-31-31-176 cloud-init[868]: Your public key has been saved in /etc/ssh/ssh_host_rsa_key.pub.
Oct 19 12:02:18 ip-172-31-31-176 cloud-init[868]: The key fingerprint is:
Oct 19 12:02:18 ip-172-31-31-176 cloud-init[868]: SHA256:09k9xNB6rVWCgvg6w6jID1NEwyTdBbt2sAZBgaCiC/E root@ip-172-31-31-176
Oct 19 12:02:18 ip-172-31-31-176 cloud-init[868]: The key's randomart image is:
Oct 19 12:02:18 ip-172-31-31-176 cloud-init[868]: +---[RSA 2048]----+
Oct 19 12:02:18 ip-172-31-31-176 kernel: [    1.290953] acpiphp: Slot [0] registered
Oct 19 12:02:18 ip-172-31-31-176 kernel: [    1.294892] acpiphp: Slot [3] registered
Oct 19 12:02:18 ip-172-31-31-176 kernel: [    1.298180] acpiphp: Slot [4] registered
Oct 19 12:02:18 ip-172-31-31-176 kernel: [    1.301967] acpiphp: Slot [5] registered
Oct 19 12:02:18 ip-172-31-31-176 kernel: [    1.305207] acpiphp: Slot [6] registered
Oct 19 12:02:18 ip-172-31-31-176 kernel: [    1.306179] acpiphp: Slot [7] registered
Oct 19 12:02:18 ip-172-31-31-176 cloud-init[868]: |o.*Bo.oo .  .o   |
Oct 19 12:02:18 ip-172-31-31-176 kernel: [    1.310101] acpiphp: Slot [8] registered
Oct 19 12:02:18 ip-172-31-31-176 kernel: [    1.314115] acpiphp: Slot [9] registered
Oct 19 12:02:18 ip-172-31-31-176 kernel: [    1.318008] acpiphp: Slot [10] registered
Oct 19 12:02:18 ip-172-31-31-176 cloud-init[868]: |..ooo.o . . .oo .|
Oct 19 12:02:18 ip-172-31-31-176 kernel: [    1.322201] acpiphp: Slot [11] registered
Oct 19 12:02:18 ip-172-31-31-176 kernel: [    1.326212] acpiphp: Slot [12] registered
Oct 19 12:02:18 ip-172-31-31-176 kernel: [    1.330284] acpiphp: Slot [13] registered
Oct 19 12:02:18 ip-172-31-31-176 kernel: [    1.334232] acpiphp: Slot [14] registered
Oct 19 12:02:18 ip-172-31-31-176 kernel: [    1.338185] acpiphp: Slot [15] registered
Oct 19 12:02:18 ip-172-31-31-176 kernel: [    1.342079] acpiphp: Slot [16] registered
Oct 19 12:02:18 ip-172-31-31-176 kernel: [    1.346053] acpiphp: Slot [17] registered
Oct 19 12:02:18 ip-172-31-31-176 kernel: [    1.349977] acpiphp: Slot [18] registered
Oct 19 12:02:18 ip-172-31-31-176 kernel: [    1.353998] acpiphp: Slot [19] registered
Oct 19 12:02:18 ip-172-31-31-176 kernel: [    1.357907] acpiphp: Slot [20] registered
Oct 19 12:02:18 ip-172-31-31-176 kernel: [    1.361895] acpiphp: Slot [21] registered
Oct 19 12:02:18 ip-172-31-31-176 kernel: [    1.365894] acpiphp: Slot [22] registered
Oct 19 12:02:18 ip-172-31-31-176 kernel: [    1.369797] acpiphp: Slot [23] registered
Oct 19 12:02:18 ip-172-31-31-176 kernel: [    1.373782] acpiphp: Slot [24] registered
Oct 19 12:02:18 ip-172-31-31-176 kernel: [    1.374191] acpiphp: Slot [25] registered
Oct 19 12:02:18 ip-172-31-31-176 kernel: [    1.378058] acpiphp: Slot [26] registered
Oct 19 12:02:18 ip-172-31-31-176 kernel: [    1.382081] acpiphp: Slot [27] registered
Oct 19 12:02:18 ip-172-31-31-176 kernel: [    1.386201] acpiphp: Slot [28] registered
Oct 19 12:02:18 ip-172-31-31-176 cloud-init[868]: |+  o o .   . .oo.|
Oct 19 12:02:18 ip-172-31-31-176 kernel: [    1.390170] acpiphp: Slot [29] registered
Oct 19 12:02:18 ip-172-31-31-176 kernel: [    1.394176] acpiphp: Slot [30] registered
Oct 19 12:02:18 ip-172-31-31-176 kernel: [    1.398187] acpiphp: Slot [31] registered
Oct 19 12:02:18 ip-172-31-31-176 kernel: [    1.402190] PCI host bridge to bus 0000:00
Oct 19 12:02:18 ip-172-31-31-176 kernel: [    1.405791] pci_bus 0000:00: root bus resource [io  0x0000-0x0cf7 window]
Oct 19 12:02:18 ip-172-31-31-176 kernel: [    1.409789] pci_bus 0000:00: root bus resource [io  0x0d00-0xffff window]
Oct 19 12:02:18 ip-172-31-31-176 kernel: [    1.413789] pci_bus 0000:00: root bus resource [mem 0x000a0000-0x000bffff window]
Oct 19 12:02:18 ip-172-31-31-176 cloud-init[868]: |oo. . + .. o.o. o|
Oct 19 12:02:18 ip-172-31-31-176 kernel: [    1.417791] pci_bus 0000:00: root bus resource [mem 0xf0000000-0xfbffffff window]
Oct 19 12:02:18 ip-172-31-31-176 kernel: [    1.421791] pci_bus 0000:00: root bus resource [bus 00-ff]
Oct 19 12:02:18 ip-172-31-31-176 kernel: [    1.425990] pci 0000:00:00.0: [8086:1237] type 00 class 0x060000
Oct 19 12:02:18 ip-172-31-31-176 kernel: [    1.432364] pci 0000:00:01.0: [8086:7000] type 00 class 0x060100
Oct 19 12:02:18 ip-172-31-31-176 kernel: [    1.436931] pci 0000:00:01.1: [8086:7010] type 00 class 0x010180
Oct 19 12:02:18 ip-172-31-31-176 cloud-init[868]: |o E. B oS o ..oo |
Oct 19 12:02:18 ip-172-31-31-176 cloud-init[868]: |... + *  .    .. |
Oct 19 12:02:18 ip-172-31-31-176 cloud-init[868]: |o+ .   o         |
Oct 19 12:02:18 ip-172-31-31-176 cloud-init[868]: |..+              |
Oct 19 12:02:18 ip-172-31-31-176 cloud-init[868]: |  ..             |
Oct 19 12:02:18 ip-172-31-31-176 cloud-init[868]: +----[SHA256]-----+
Oct 19 12:02:18 ip-172-31-31-176 cloud-init[868]: Generating public/private dsa key pair.
Oct 19 12:02:18 ip-172-31-31-176 cloud-init[868]: Your identification has been saved in /etc/ssh/ssh_host_dsa_key.
Oct 19 12:02:18 ip-172-31-31-176 cloud-init[868]: Your public key has been saved in /etc/ssh/ssh_host_dsa_key.pub.
Oct 19 12:02:18 ip-172-31-31-176 kernel: [    1.439518] pci 0000:00:01.1: reg 0x20: [io  0xc100-0xc10f]
Oct 19 12:02:18 ip-172-31-31-176 cloud-init[868]: The key fingerprint is:
Oct 19 12:02:18 ip-172-31-31-176 kernel: [    1.442419] pci 0000:00:01.1: legacy IDE quirk: reg 0x10: [io  0x01f0-0x01f7]
Oct 19 12:02:18 ip-172-31-31-176 kernel: [    1.445791] pci 0000:00:01.1: legacy IDE quirk: reg 0x14: [io  0x03f6]
Oct 19 12:02:18 ip-172-31-31-176 kernel: [    1.449788] pci 0000:00:01.1: legacy IDE quirk: reg 0x18: [io  0x0170-0x0177]
Oct 19 12:02:18 ip-172-31-31-176 cloud-init[868]: SHA256:KbYzhfis94BD4MDuPWgyJc8DzMeg66sNPTWAsHi+WXA root@ip-172-31-31-176
Oct 19 12:02:18 ip-172-31-31-176 cloud-init[868]: The key's randomart image is:
Oct 19 12:02:18 ip-172-31-31-176 cloud-init[868]: +---[DSA 1024]----+
Oct 19 12:02:18 ip-172-31-31-176 cloud-init[868]: |.                |
Oct 19 12:02:18 ip-172-31-31-176 cloud-init[868]: |+o               |
Oct 19 12:02:18 ip-172-31-31-176 cloud-init[868]: |=o= E            |
Oct 19 12:02:18 ip-172-31-31-176 cloud-init[868]: |==o= . . .       |
Oct 19 12:02:18 ip-172-31-31-176 cloud-init[868]: |+++o* + S        |
Oct 19 12:02:18 ip-172-31-31-176 kernel: [    1.453790] pci 0000:00:01.1: legacy IDE quirk: reg 0x1c: [io  0x0376]
Oct 19 12:02:18 ip-172-31-31-176 cloud-init[868]: |.O+* * +         |
Oct 19 12:02:18 ip-172-31-31-176 kernel: [    1.458768] pci 0000:00:01.3: [8086:7113] type 00 class 0x068000
Oct 19 12:02:18 ip-172-31-31-176 kernel: [    1.461834] * Found PM-Timer Bug on the chipset. Due to workarounds for a bug,
Oct 19 12:02:18 ip-172-31-31-176 cloud-init[868]: |=+Ooo B          |
Oct 19 12:02:18 ip-172-31-31-176 kernel: [    1.461834] * this clock source is slow. Consider trying other clock sources
Oct 19 12:02:18 ip-172-31-31-176 kernel: [    1.468219] pci 0000:00:01.3: quirk: [io  0xb000-0xb03f] claimed by PIIX4 ACPI
Oct 19 12:02:18 ip-172-31-31-176 cloud-init[868]: |++ o.o.+         |
Oct 19 12:02:18 ip-172-31-31-176 cloud-init[868]: |ooo .. ..        |
Oct 19 12:02:18 ip-172-31-31-176 cloud-init[868]: +----[SHA256]-----+
Oct 19 12:02:18 ip-172-31-31-176 cloud-init[868]: Generating public/private ecdsa key pair.
Oct 19 12:02:18 ip-172-31-31-176 cloud-init[868]: Your identification has been saved in /etc/ssh/ssh_host_ecdsa_key.
Oct 19 12:02:18 ip-172-31-31-176 kernel: [    1.471173] pci 0000:00:02.0: [1013:00b8] type 00 class 0x030000
Oct 19 12:02:18 ip-172-31-31-176 cloud-init[868]: Your public key has been saved in /etc/ssh/ssh_host_ecdsa_key.pub.
Oct 19 12:02:18 ip-172-31-31-176 kernel: [    1.474388] pci 0000:00:02.0: reg 0x10: [mem 0xf0000000-0xf1ffffff pref]
Oct 19 12:02:18 ip-172-31-31-176 kernel: [    1.478100] pci 0000:00:02.0: reg 0x14: [mem 0xf3000000-0xf3000fff]
Oct 19 12:02:18 ip-172-31-31-176 kernel: [    1.484325] pci 0000:00:03.0: [5853:0001] type 00 class 0xff8000
Oct 19 12:02:18 ip-172-31-31-176 kernel: [    1.486420] pci 0000:00:03.0: reg 0x10: [io  0xc000-0xc0ff]
Oct 19 12:02:18 ip-172-31-31-176 kernel: [    1.490104] pci 0000:00:03.0: reg 0x14: [mem 0xf2000000-0xf2ffffff pref]
Oct 19 12:02:18 ip-172-31-31-176 cloud-init[868]: The key fingerprint is:
Oct 19 12:02:18 ip-172-31-31-176 kernel: [    1.501800] ACPI: PCI Interrupt Link [LNKA] (IRQs *5 10 11)
Oct 19 12:02:18 ip-172-31-31-176 kernel: [    1.506061] ACPI: PCI Interrupt Link [LNKB] (IRQs 5 *10 11)
Oct 19 12:02:18 ip-172-31-31-176 cloud-init[868]: SHA256:CmktjP1YCaSATsBilNqaESkJMri+01Mdqsx6koxyMzw root@ip-172-31-31-176
Oct 19 12:02:18 ip-172-31-31-176 kernel: [    1.510017] ACPI: PCI Interrupt Link [LNKC] (IRQs 5 10 *11)
Oct 19 12:02:18 ip-172-31-31-176 cloud-init[868]: The key's randomart image is:
Oct 19 12:02:18 ip-172-31-31-176 kernel: [    1.514038] ACPI: PCI Interrupt Link [LNKD] (IRQs *5 10 11)
Oct 19 12:02:18 ip-172-31-31-176 cloud-init[868]: +---[ECDSA 256]---+
Oct 19 12:02:18 ip-172-31-31-176 kernel: [    1.541422] xen:balloon: Initialising balloon driver
Oct 19 12:02:18 ip-172-31-31-176 kernel: [    1.541827] iommu: Default domain type: Translated 
Oct 19 12:02:18 ip-172-31-31-176 kernel: [    1.545938] SCSI subsystem initialized
Oct 19 12:02:18 ip-172-31-31-176 kernel: [    1.549816] libata version 3.00 loaded.
Oct 19 12:02:18 ip-172-31-31-176 kernel: [    1.549844] pci 0000:00:02.0: vgaarb: setting as boot VGA device
Oct 19 12:02:18 ip-172-31-31-176 kernel: [    1.553782] pci 0000:00:02.0: vgaarb: VGA device added: decodes=io+mem,owns=io+mem,locks=none
Oct 19 12:02:18 ip-172-31-31-176 kernel: [    1.553798] pci 0000:00:02.0: vgaarb: bridge control possible
Oct 19 12:02:18 ip-172-31-31-176 kernel: [    1.557789] vgaarb: loaded
Oct 19 12:02:18 ip-172-31-31-176 kernel: [    1.560453] ACPI: bus type USB registered
Oct 19 12:02:18 ip-172-31-31-176 kernel: [    1.561811] usbcore: registered new interface driver usbfs
Oct 19 12:02:18 ip-172-31-31-176 kernel: [    1.565801] usbcore: registered new interface driver hub
Oct 19 12:02:18 ip-172-31-31-176 kernel: [    1.569806] usbcore: registered new device driver usb
Oct 19 12:02:18 ip-172-31-31-176 kernel: [    1.573812] pps_core: LinuxPPS API ver. 1 registered
Oct 19 12:02:18 ip-172-31-31-176 kernel: [    1.577787] pps_core: Software ver. 5.3.6 - Copyright 2005-2007 Rodolfo Giometti <giometti@linux.it>
Oct 19 12:02:18 ip-172-31-31-176 kernel: [    1.581792] PTP clock support registered
Oct 19 12:02:18 ip-172-31-31-176 kernel: [    1.585264] EDAC MC: Ver: 3.0.0
Oct 19 12:02:18 ip-172-31-31-176 kernel: [    1.586326] PCI: Using ACPI for IRQ routing
Oct 19 12:02:18 ip-172-31-31-176 kernel: [    1.589791] PCI: pci_cache_line_size set to 64 bytes
Oct 19 12:02:18 ip-172-31-31-176 kernel: [    1.590271] e820: reserve RAM buffer [mem 0x0009e000-0x0009ffff]
Oct 19 12:02:18 ip-172-31-31-176 kernel: [    1.590389] NetLabel: Initializing
Oct 19 12:02:18 ip-172-31-31-176 kernel: [    1.593411] NetLabel:  domain hash size = 128
Oct 19 12:02:18 ip-172-31-31-176 kernel: [    1.593788] NetLabel:  protocols = UNLABELED CIPSOv4 CALIPSO
Oct 19 12:02:18 ip-172-31-31-176 kernel: [    1.597807] NetLabel:  unlabeled traffic allowed by default
Oct 19 12:02:18 ip-172-31-31-176 kernel: [    1.601842] hpet: 3 channels of 0 reserved for per-cpu timers
Oct 19 12:02:18 ip-172-31-31-176 kernel: [    1.605796] hpet0: at MMIO 0xfed00000, IRQs 2, 8, 0
Oct 19 12:02:18 ip-172-31-31-176 kernel: [    1.609782] hpet0: 3 comparators, 64-bit 62.500000 MHz counter
Oct 19 12:02:18 ip-172-31-31-176 kernel: [    1.613833] clocksource: Switched to clocksource xen
Oct 19 12:02:18 ip-172-31-31-176 kernel: [    1.631966] *** VALIDATE bpf ***
Oct 19 12:02:18 ip-172-31-31-176 kernel: [    1.635140] VFS: Disk quotas dquot_6.6.0
Oct 19 12:02:18 ip-172-31-31-176 kernel: [    1.638745] VFS: Dquot-cache hash table entries: 512 (order 0, 4096 bytes)
Oct 19 12:02:18 ip-172-31-31-176 kernel: [    1.645244] *** VALIDATE ramfs ***
Oct 19 12:02:18 ip-172-31-31-176 kernel: [    1.648654] *** VALIDATE hugetlbfs ***
Oct 19 12:02:18 ip-172-31-31-176 kernel: [    1.652189] AppArmor: AppArmor Filesystem Enabled
Oct 19 12:02:18 ip-172-31-31-176 kernel: [    1.656222] pnp: PnP ACPI init
Oct 19 12:02:18 ip-172-31-31-176 kernel: [    1.659363] system 00:00: [mem 0x00000000-0x0009ffff] could not be reserved
Oct 19 12:02:18 ip-172-31-31-176 kernel: [    1.665190] system 00:00: Plug and Play ACPI device, IDs PNP0c02 (active)
Oct 19 12:02:18 ip-172-31-31-176 kernel: [    1.665278] system 00:01: [io  0x08a0-0x08a3] has been reserved
Oct 19 12:02:18 ip-172-31-31-176 kernel: [    1.670226] system 00:01: [io  0x0cc0-0x0ccf] has been reserved
Oct 19 12:02:18 ip-172-31-31-176 kernel: [    1.674880] system 00:01: [io  0x04d0-0x04d1] has been reserved
Oct 19 12:02:18 ip-172-31-31-176 kernel: [    1.679443] system 00:01: Plug and Play ACPI device, IDs PNP0c02 (active)
Oct 19 12:02:18 ip-172-31-31-176 kernel: [    1.679473] xen: --> pirq=17 -> irq=8 (gsi=8)
Oct 19 12:02:18 ip-172-31-31-176 kernel: [    1.679490] pnp 00:02: Plug and Play ACPI device, IDs PNP0b00 (active)
Oct 19 12:02:18 ip-172-31-31-176 kernel: [    1.679512] xen: --> pirq=18 -> irq=12 (gsi=12)
Oct 19 12:02:18 ip-172-31-31-176 kernel: [    1.679525] pnp 00:03: Plug and Play ACPI device, IDs PNP0f13 (active)
Oct 19 12:02:18 ip-172-31-31-176 kernel: [    1.679543] xen: --> pirq=19 -> irq=1 (gsi=1)
Oct 19 12:02:18 ip-172-31-31-176 kernel: [    1.679554] pnp 00:04: Plug and Play ACPI device, IDs PNP0303 PNP030b (active)
Oct 19 12:02:18 ip-172-31-31-176 kernel: [    1.679572] xen: --> pirq=20 -> irq=6 (gsi=6)
Oct 19 12:02:18 ip-172-31-31-176 kernel: [    1.679574] pnp 00:05: [dma 2]
Oct 19 12:02:18 ip-172-31-31-176 kernel: [    1.679586] pnp 00:05: Plug and Play ACPI device, IDs PNP0700 (active)
Oct 19 12:02:18 ip-172-31-31-176 kernel: [    1.679609] xen: --> pirq=21 -> irq=4 (gsi=4)
Oct 19 12:02:18 ip-172-31-31-176 kernel: [    1.679619] pnp 00:06: Plug and Play ACPI device, IDs PNP0501 (active)
Oct 19 12:02:18 ip-172-31-31-176 kernel: [    1.679659] system 00:07: [io  0x10c0-0x1141] has been reserved
Oct 19 12:02:18 ip-172-31-31-176 kernel: [    1.684171] system 00:07: [io  0xb044-0xb047] has been reserved
Oct 19 12:02:18 ip-172-31-31-176 kernel: [    1.688751] system 00:07: Plug and Play ACPI device, IDs PNP0c02 (active)
Oct 19 12:02:18 ip-172-31-31-176 kernel: [    1.710527] pnp: PnP ACPI: found 8 devices
Oct 19 12:02:18 ip-172-31-31-176 kernel: [    1.717645] thermal_sys: Registered thermal governor 'fair_share'
Oct 19 12:02:18 ip-172-31-31-176 kernel: [    1.717646] thermal_sys: Registered thermal governor 'bang_bang'
Oct 19 12:02:18 ip-172-31-31-176 kernel: [    1.722727] thermal_sys: Registered thermal governor 'step_wise'
Oct 19 12:02:18 ip-172-31-31-176 kernel: [    1.727713] thermal_sys: Registered thermal governor 'user_space'
Oct 19 12:02:18 ip-172-31-31-176 kernel: [    1.732847] thermal_sys: Registered thermal governor 'power_allocator'
Oct 19 12:02:18 ip-172-31-31-176 kernel: [    1.742330] clocksource: acpi_pm: mask: 0xffffff max_cycles: 0xffffff, max_idle_ns: 2085701024 ns
Oct 19 12:02:18 ip-172-31-31-176 kernel: [    1.755052] pci_bus 0000:00: resource 4 [io  0x0000-0x0cf7 window]
Oct 19 12:02:18 ip-172-31-31-176 kernel: [    1.760122] pci_bus 0000:00: resource 5 [io  0x0d00-0xffff window]
Oct 19 12:02:18 ip-172-31-31-176 kernel: [    1.764959] pci_bus 0000:00: resource 6 [mem 0x000a0000-0x000bffff window]
Oct 19 12:02:18 ip-172-31-31-176 kernel: [    1.770763] pci_bus 0000:00: resource 7 [mem 0xf0000000-0xfbffffff window]
Oct 19 12:02:18 ip-172-31-31-176 kernel: [    1.776812] NET: Registered protocol family 2
Oct 19 12:02:18 ip-172-31-31-176 kernel: [    1.780934] tcp_listen_portaddr_hash hash table entries: 16384 (order: 6, 262144 bytes, linear)
Oct 19 12:02:18 ip-172-31-31-176 kernel: [    1.788439] TCP established hash table entries: 262144 (order: 9, 2097152 bytes, linear)
Oct 19 12:02:18 ip-172-31-31-176 kernel: [    1.796100] TCP bind hash table entries: 65536 (order: 8, 1048576 bytes, linear)
Oct 19 12:02:18 ip-172-31-31-176 kernel: [    1.804177] TCP: Hash tables configured (established 262144 bind 65536)
Oct 19 12:02:18 ip-172-31-31-176 kernel: [    1.809988] UDP hash table entries: 16384 (order: 7, 524288 bytes, linear)
Oct 19 12:02:18 ip-172-31-31-176 kernel: [    1.815704] UDP-Lite hash table entries: 16384 (order: 7, 524288 bytes, linear)
Oct 19 12:02:18 ip-172-31-31-176 kernel: [    1.821899] NET: Registered protocol family 1
Oct 19 12:02:18 ip-172-31-31-176 kernel: [    1.825761] NET: Registered protocol family 44
Oct 19 12:02:18 ip-172-31-31-176 kernel: [    1.829756] pci 0000:00:01.0: PIIX3: Enabling Passive Release
Oct 19 12:02:18 ip-172-31-31-176 kernel: [    1.834559] pci 0000:00:00.0: Limiting direct PCI/PCI transfers
Oct 19 12:02:18 ip-172-31-31-176 kernel: [    1.839489] pci 0000:00:01.0: Activating ISA DMA hang workarounds
Oct 19 12:02:18 ip-172-31-31-176 kernel: [    1.844872] pci 0000:00:02.0: Video device with shadowed ROM at [mem 0x000c0000-0x000dffff]
Oct 19 12:02:18 ip-172-31-31-176 kernel: [    1.851953] PCI: CLS 0 bytes, default 64
Oct 19 12:02:18 ip-172-31-31-176 kernel: [    1.855660] Trying to unpack rootfs image as initramfs...
Oct 19 12:02:18 ip-172-31-31-176 kernel: [    2.160112] Freeing initrd memory: 21068K
Oct 19 12:02:18 ip-172-31-31-176 kernel: [    2.163976] PCI-DMA: Using software bounce buffering for IO (SWIOTLB)
Oct 19 12:02:18 ip-172-31-31-176 kernel: [    2.169425] software IO TLB: mapped [mem 0xec000000-0xf0000000] (64MB)
Oct 19 12:02:18 ip-172-31-31-176 kernel: [    2.175048] check: Scanning for low memory corruption every 60 seconds
Oct 19 12:02:18 ip-172-31-31-176 kernel: [    2.180988] Initialise system trusted keyrings
Oct 19 12:02:18 ip-172-31-31-176 kernel: [    2.185169] Key type blacklist registered
Oct 19 12:02:18 ip-172-31-31-176 kernel: [    2.189052] workingset: timestamp_bits=36 max_order=23 bucket_order=0
Oct 19 12:02:18 ip-172-31-31-176 kernel: [    2.195833] zbud: loaded
Oct 19 12:02:18 ip-172-31-31-176 kernel: [    2.199049] squashfs: version 4.0 (2009/01/31) Phillip Lougher
Oct 19 12:02:18 ip-172-31-31-176 kernel: [    2.204420] fuse: init (API version 7.31)
Oct 19 12:02:18 ip-172-31-31-176 kernel: [    2.208309] *** VALIDATE fuse ***
Oct 19 12:02:18 ip-172-31-31-176 kernel: [    2.211953] *** VALIDATE fuse ***
Oct 19 12:02:18 ip-172-31-31-176 kernel: [    2.215305] Platform Keyring initialized
Oct 19 12:02:18 ip-172-31-31-176 kernel: [    2.222652] Key type asymmetric registered
Oct 19 12:02:18 ip-172-31-31-176 kernel: [    2.226711] Asymmetric key parser 'x509' registered
Oct 19 12:02:18 ip-172-31-31-176 kernel: [    2.231129] Block layer SCSI generic (bsg) driver version 0.4 loaded (major 244)
Oct 19 12:02:18 ip-172-31-31-176 kernel: [    2.237605] io scheduler mq-deadline registered
Oct 19 12:02:18 ip-172-31-31-176 kernel: [    2.241642] shpchp: Standard Hot Plug PCI Controller Driver version: 0.4
Oct 19 12:02:18 ip-172-31-31-176 kernel: [    2.246689] intel_idle: Please enable MWAIT in BIOS SETUP
Oct 19 12:02:18 ip-172-31-31-176 kernel: [    2.246804] input: Power Button as /devices/LNXSYSTM:00/LNXPWRBN:00/input/input0
Oct 19 12:02:18 ip-172-31-31-176 kernel: [    2.253020] ACPI: Power Button [PWRF]
Oct 19 12:02:18 ip-172-31-31-176 kernel: [    2.256503] input: Sleep Button as /devices/LNXSYSTM:00/LNXSLPBN:00/input/input1
Oct 19 12:02:18 ip-172-31-31-176 kernel: [    2.263006] ACPI: Sleep Button [SLPF]
Oct 19 12:02:18 ip-172-31-31-176 kernel: [    2.270390] xen: --> pirq=22 -> irq=28 (gsi=28)
Oct 19 12:02:18 ip-172-31-31-176 kernel: [    2.270507] xen:grant_table: Grant tables using version 1 layout
Oct 19 12:02:18 ip-172-31-31-176 kernel: [    2.275373] Grant table initialized
Oct 19 12:02:18 ip-172-31-31-176 kernel: [    2.278543] Cannot get hvm parameter CONSOLE_EVTCHN (18): -22!
Oct 19 12:02:18 ip-172-31-31-176 kernel: [    2.283141] Serial: 8250/16550 driver, 4 ports, IRQ sharing enabled
Oct 19 12:02:18 ip-172-31-31-176 kernel: [    2.320024] 00:06: ttyS0 at I/O 0x3f8 (irq = 4, base_baud = 115200) is a 16550A
Oct 19 12:02:18 ip-172-31-31-176 kernel: [    2.330296] Linux agpgart interface v0.103
Oct 19 12:02:18 ip-172-31-31-176 kernel: [    2.339602] loop: module loaded
Oct 19 12:02:18 ip-172-31-31-176 kernel: [    2.346128] ata_piix 0000:00:01.1: version 2.13
Oct 19 12:02:18 ip-172-31-31-176 kernel: [    2.347478] scsi host0: ata_piix
Oct 19 12:02:18 ip-172-31-31-176 kernel: [    2.352046] blkfront: xvda: barrier or flush: disabled; persistent grants: disabled; indirect descriptors: enabled;
Oct 19 12:02:18 ip-172-31-31-176 kernel: [    2.352230] scsi host1: ata_piix
Oct 19 12:02:18 ip-172-31-31-176 kernel: [    2.368443] ata1: PATA max MWDMA2 cmd 0x1f0 ctl 0x3f6 bmdma 0xc100 irq 14
Oct 19 12:02:18 ip-172-31-31-176 kernel: [    2.369020]  xvda: xvda1
Oct 19 12:02:18 ip-172-31-31-176 kernel: [    2.376097] ata2: PATA max MWDMA2 cmd 0x170 ctl 0x376 bmdma 0xc108 irq 15
Oct 19 12:02:18 ip-172-31-31-176 kernel: [    2.376187] libphy: Fixed MDIO Bus: probed
Oct 19 12:02:18 ip-172-31-31-176 kernel: [    2.388755] tun: Universal TUN/TAP device driver, 1.6
Oct 19 12:02:18 ip-172-31-31-176 kernel: [    2.392932] PPP generic driver version 2.4.2
Oct 19 12:02:18 ip-172-31-31-176 kernel: [    2.396811] ehci_hcd: USB 2.0 'Enhanced' Host Controller (EHCI) Driver
Oct 19 12:02:18 ip-172-31-31-176 kernel: [    2.402182] ehci-pci: EHCI PCI platform driver
Oct 19 12:02:18 ip-172-31-31-176 kernel: [    2.406054] ehci-platform: EHCI generic platform driver
Oct 19 12:02:18 ip-172-31-31-176 kernel: [    2.410408] ohci_hcd: USB 1.1 'Open' Host Controller (OHCI) Driver
Oct 19 12:02:18 ip-172-31-31-176 kernel: [    2.415543] ohci-pci: OHCI PCI platform driver
Oct 19 12:02:18 ip-172-31-31-176 kernel: [    2.419545] ohci-platform: OHCI generic platform driver
Oct 19 12:02:18 ip-172-31-31-176 kernel: [    2.423984] uhci_hcd: USB Universal Host Controller Interface driver
Oct 19 12:02:18 ip-172-31-31-176 kernel: [    2.429223] i8042: PNP: PS/2 Controller [PNP0303:PS2K,PNP0f13:PS2M] at 0x60,0x64 irq 1,12
Oct 19 12:02:18 ip-172-31-31-176 kernel: [    2.438434] serio: i8042 KBD port at 0x60,0x64 irq 1
Oct 19 12:02:18 ip-172-31-31-176 kernel: [    2.442678] serio: i8042 AUX port at 0x60,0x64 irq 12
Oct 19 12:02:18 ip-172-31-31-176 kernel: [    2.447120] mousedev: PS/2 mouse device common for all mice
Oct 19 12:02:18 ip-172-31-31-176 kernel: [    2.452411] rtc_cmos 00:02: registered as rtc0
Oct 19 12:02:18 ip-172-31-31-176 kernel: [    2.453159] input: AT Translated Set 2 keyboard as /devices/platform/i8042/serio0/input/input2
Oct 19 12:02:18 ip-172-31-31-176 kernel: [    2.456642] rtc_cmos 00:02: alarms up to one day, 114 bytes nvram, hpet irqs
Oct 19 12:02:18 ip-172-31-31-176 kernel: [    2.469574] device-mapper: uevent: version 1.0.3
Oct 19 12:02:18 ip-172-31-31-176 kernel: [    2.473514] device-mapper: ioctl: 4.41.0-ioctl (2019-09-16) initialised: dm-devel@redhat.com
Oct 19 12:02:18 ip-172-31-31-176 kernel: [    2.480121] platform eisa.0: Probing EISA bus 0
Oct 19 12:02:18 ip-172-31-31-176 kernel: [    2.483856] platform eisa.0: EISA: Cannot allocate resource for mainboard
Oct 19 12:02:18 ip-172-31-31-176 kernel: [    2.489230] platform eisa.0: Cannot allocate resource for EISA slot 1
Oct 19 12:02:18 ip-172-31-31-176 kernel: [    2.494272] platform eisa.0: Cannot allocate resource for EISA slot 2
Oct 19 12:02:18 ip-172-31-31-176 kernel: [    2.499337] platform eisa.0: Cannot allocate resource for EISA slot 3
Oct 19 12:02:18 ip-172-31-31-176 kernel: [    2.504673] platform eisa.0: Cannot allocate resource for EISA slot 4
Oct 19 12:02:18 ip-172-31-31-176 kernel: [    2.509832] platform eisa.0: Cannot allocate resource for EISA slot 5
Oct 19 12:02:18 ip-172-31-31-176 kernel: [    2.515058] platform eisa.0: Cannot allocate resource for EISA slot 6
Oct 19 12:02:18 ip-172-31-31-176 kernel: [    2.520248] platform eisa.0: Cannot allocate resource for EISA slot 7
Oct 19 12:02:18 ip-172-31-31-176 kernel: [    2.525586] platform eisa.0: Cannot allocate resource for EISA slot 8
Oct 19 12:02:18 ip-172-31-31-176 kernel: [    2.530892] platform eisa.0: EISA: Detected 0 cards
Oct 19 12:02:18 ip-172-31-31-176 kernel: [    2.535332] intel_pstate: CPU model not supported
Oct 19 12:02:18 ip-172-31-31-176 kernel: [    2.539643] drop_monitor: Initializing network drop monitor service
Oct 19 12:02:18 ip-172-31-31-176 kernel: [    2.545128] NET: Registered protocol family 10
Oct 19 12:02:18 ip-172-31-31-176 kernel: [    2.553276] Segment Routing with IPv6
Oct 19 12:02:18 ip-172-31-31-176 kernel: [    2.556722] NET: Registered protocol family 17
Oct 19 12:02:18 ip-172-31-31-176 kernel: [    2.560909] Key type dns_resolver registered
Oct 19 12:02:18 ip-172-31-31-176 kernel: [    2.565389] RAS: Correctable Errors collector initialized.
Oct 19 12:02:18 ip-172-31-31-176 kernel: [    2.570074] IPI shorthand broadcast: enabled
Oct 19 12:02:18 ip-172-31-31-176 kernel: [    2.573763] sched_clock: Marking stable (1961575041, 608479486)->(2764879542, -194825015)
Oct 19 12:02:18 ip-172-31-31-176 kernel: [    2.580873] registered taskstats version 1
Oct 19 12:02:18 ip-172-31-31-176 kernel: [    2.584548] Loading compiled-in X.509 certificates
Oct 19 12:02:18 ip-172-31-31-176 kernel: [    2.589438] Loaded X.509 cert 'Build time autogenerated kernel key: 8286cd69e9f8b235cc87c05595d9618d16929256'
Oct 19 12:02:18 ip-172-31-31-176 kernel: [    2.598018] Loaded X.509 cert 'Canonical Ltd. Live Patch Signing: 14df34d1a87cf37625abec039ef2bf521249b969'
Oct 19 12:02:18 ip-172-31-31-176 kernel: [    2.606111] Loaded X.509 cert 'Canonical Ltd. Kernel Module Signing: 88f752e560a1e0737e31163a466ad7b70a850c19'
Oct 19 12:02:18 ip-172-31-31-176 kernel: [    2.614312] zswap: loaded using pool lzo/zbud
Oct 19 12:02:18 ip-172-31-31-176 kernel: [    2.618341] Key type ._fscrypt registered
Oct 19 12:02:18 ip-172-31-31-176 kernel: [    2.621720] Key type .fscrypt registered
Oct 19 12:02:18 ip-172-31-31-176 kernel: [    2.628613] Key type big_key registered
Oct 19 12:02:18 ip-172-31-31-176 kernel: [    2.633565] Key type encrypted registered
Oct 19 12:02:18 ip-172-31-31-176 kernel: [    2.637407] AppArmor: AppArmor sha1 policy hashing enabled
Oct 19 12:02:18 ip-172-31-31-176 kernel: [    2.642185] ima: No TPM chip found, activating TPM-bypass!
Oct 19 12:02:18 ip-172-31-31-176 kernel: [    2.647582] ima: Allocated hash algorithm: sha1
Oct 19 12:02:18 ip-172-31-31-176 kernel: [    2.651740] ima: No architecture policies found
Oct 19 12:02:18 ip-172-31-31-176 kernel: [    2.655881] evm: Initialising EVM extended attributes:
Oct 19 12:02:18 ip-172-31-31-176 kernel: [    2.660398] evm: security.selinux
Oct 19 12:02:18 ip-172-31-31-176 kernel: [    2.663747] evm: security.SMACK64
Oct 19 12:02:18 ip-172-31-31-176 kernel: [    2.666943] evm: security.SMACK64EXEC
Oct 19 12:02:18 ip-172-31-31-176 kernel: [    2.670359] evm: security.SMACK64TRANSMUTE
Oct 19 12:02:18 ip-172-31-31-176 kernel: [    2.674107] evm: security.SMACK64MMAP
Oct 19 12:02:18 ip-172-31-31-176 kernel: [    2.677598] evm: security.apparmor
Oct 19 12:02:18 ip-172-31-31-176 kernel: [    2.680852] evm: security.ima
Oct 19 12:02:18 ip-172-31-31-176 kernel: [    2.683851] evm: security.capability
Oct 19 12:02:18 ip-172-31-31-176 kernel: [    2.687597] evm: HMAC attrs: 0x1
Oct 19 12:02:18 ip-172-31-31-176 kernel: [    2.690929] xenbus_probe_frontend: Device with no driver: device/vif/0
Oct 19 12:02:18 ip-172-31-31-176 kernel: [    2.696052] PM:   Magic number: 9:685:26
Oct 19 12:02:18 ip-172-31-31-176 kernel: [    2.699441] memory memory66: hash matches
Oct 19 12:02:18 ip-172-31-31-176 kernel: [    2.702924] rtc_cmos 00:02: setting system clock to 2021-10-19T12:02:06 UTC (1634644926)
Oct 19 12:02:18 ip-172-31-31-176 kernel: [    2.712250] Freeing unused decrypted memory: 2036K
Oct 19 12:02:18 ip-172-31-31-176 kernel: [    2.717589] Freeing unused kernel image memory: 2656K
Oct 19 12:02:18 ip-172-31-31-176 kernel: [    2.753874] Write protecting the kernel read-only data: 22528k
Oct 19 12:02:18 ip-172-31-31-176 kernel: [    2.759725] Freeing unused kernel image memory: 2008K
Oct 19 12:02:18 ip-172-31-31-176 kernel: [    2.764938] Freeing unused kernel image memory: 1488K
Oct 19 12:02:18 ip-172-31-31-176 kernel: [    2.778428] x86/mm: Checked W+X mappings: passed, no W+X pages found.
Oct 19 12:02:18 ip-172-31-31-176 kernel: [    2.783644] x86/mm: Checking user space page tables
Oct 19 12:02:18 ip-172-31-31-176 kernel: [    2.796699] x86/mm: Checked W+X mappings: passed, no W+X pages found.
Oct 19 12:02:18 ip-172-31-31-176 kernel: [    2.801822] Run /init as init process
Oct 19 12:02:18 ip-172-31-31-176 kernel: [    2.904697] cryptd: max_cpu_qlen set to 1000
Oct 19 12:02:18 ip-172-31-31-176 kernel: [    2.913760] AVX2 version of gcm_enc/dec engaged.
Oct 19 12:02:18 ip-172-31-31-176 kernel: [    2.918474] AES CTR mode by8 optimization enabled
Oct 19 12:02:18 ip-172-31-31-176 kernel: [    2.923048] xen_netfront: Initialising Xen virtual ethernet driver
Oct 19 12:02:18 ip-172-31-31-176 kernel: [    3.189882] tsc: Refined TSC clocksource calibration: 2294.686 MHz
Oct 19 12:02:18 ip-172-31-31-176 kernel: [    3.195427] clocksource: tsc: mask: 0xffffffffffffffff max_cycles: 0x211399552f8, max_idle_ns: 440795292447 ns
Oct 19 12:02:18 ip-172-31-31-176 kernel: [    4.693801] raid6: avx2x4   gen() 23196 MB/s
Oct 19 12:02:18 ip-172-31-31-176 kernel: [    4.741844] raid6: avx2x4   xor() 14342 MB/s
Oct 19 12:02:18 ip-172-31-31-176 kernel: [    4.793849] raid6: avx2x2   gen() 20341 MB/s
Oct 19 12:02:18 ip-172-31-31-176 kernel: [    4.841844] raid6: avx2x2   xor() 12252 MB/s
Oct 19 12:02:18 ip-172-31-31-176 kernel: [    4.893848] raid6: avx2x1   gen() 17713 MB/s
Oct 19 12:02:18 ip-172-31-31-176 kernel: [    4.941849] raid6: avx2x1   xor() 11670 MB/s
Oct 19 12:02:18 ip-172-31-31-176 kernel: [    4.989848] raid6: sse2x4   gen() 12812 MB/s
Oct 19 12:02:18 ip-172-31-31-176 kernel: [    5.037851] raid6: sse2x4   xor()  8268 MB/s
Oct 19 12:02:18 ip-172-31-31-176 kernel: [    5.085850] raid6: sse2x2   gen() 10755 MB/s
Oct 19 12:02:18 ip-172-31-31-176 kernel: [    5.133850] raid6: sse2x2   xor()  6950 MB/s
Oct 19 12:02:18 ip-172-31-31-176 kernel: [    5.185847] raid6: sse2x1   gen()  9225 MB/s
Oct 19 12:02:18 ip-172-31-31-176 kernel: [    5.233850] raid6: sse2x1   xor()  6390 MB/s
Oct 19 12:02:18 ip-172-31-31-176 kernel: [    5.237932] raid6: using algorithm avx2x4 gen() 23196 MB/s
Oct 19 12:02:18 ip-172-31-31-176 kernel: [    5.242767] raid6: .... xor() 14342 MB/s, rmw enabled
Oct 19 12:02:18 ip-172-31-31-176 kernel: [    5.249094] raid6: using avx2x2 recovery algorithm
Oct 19 12:02:18 ip-172-31-31-176 kernel: [    5.254539] xor: automatically using best checksumming function   avx       
Oct 19 12:02:18 ip-172-31-31-176 kernel: [    5.261359] async_tx: api initialized (async)
Oct 19 12:02:18 ip-172-31-31-176 kernel: [    5.319925] Btrfs loaded, crc32c=crc32c-intel
Oct 19 12:02:18 ip-172-31-31-176 kernel: [    5.400463] EXT4-fs (xvda1): mounted filesystem with ordered data mode. Opts: (null)
Oct 19 12:02:18 ip-172-31-31-176 kernel: [    6.290123] systemd[1]: systemd 237 running in system mode. (+PAM +AUDIT +SELINUX +IMA +APPARMOR +SMACK +SYSVINIT +UTMP +LIBCRYPTSETUP +GCRYPT +GNUTLS +ACL +XZ +LZ4 +SECCOMP +BLKID +ELFUTILS +KMOD -IDN2 +IDN -PCRE2 default-hierarchy=hybrid)
Oct 19 12:02:18 ip-172-31-31-176 kernel: [    6.313304] systemd[1]: Detected virtualization xen.
Oct 19 12:02:18 ip-172-31-31-176 kernel: [    6.318753] systemd[1]: Detected architecture x86-64.
Oct 19 12:02:18 ip-172-31-31-176 kernel: [    6.357514] systemd[1]: Set hostname to <ubuntu>.
Oct 19 12:02:18 ip-172-31-31-176 kernel: [    6.401515] systemd[1]: Initializing machine ID from random generator.
Oct 19 12:02:18 ip-172-31-31-176 kernel: [    6.409518] systemd[1]: Installed transient /etc/machine-id file.
Oct 19 12:02:18 ip-172-31-31-176 kernel: [    6.875974] systemd[1]: Started Forward Password Requests to Wall Directory Watch.
Oct 19 12:02:18 ip-172-31-31-176 kernel: [    6.886918] systemd[1]: Reached target Swap.
Oct 19 12:02:18 ip-172-31-31-176 kernel: [    6.893768] systemd[1]: Reached target User and Group Name Lookups.
Oct 19 12:02:18 ip-172-31-31-176 kernel: [    6.902670] systemd[1]: Set up automount Arbitrary Executable File Formats File System Automount Point.
Oct 19 12:02:18 ip-172-31-31-176 kernel: [    7.010373] EXT4-fs (xvda1): re-mounted. Opts: discard
Oct 19 12:02:18 ip-172-31-31-176 kernel: [    7.051366] Loading iSCSI transport class v2.0-870.
Oct 19 12:02:18 ip-172-31-31-176 kernel: [    7.083694] systemd-journald[470]: Received request to flush runtime journal from PID 1
Oct 19 12:02:18 ip-172-31-31-176 kernel: [    7.103996] iscsi: registered transport (tcp)
Oct 19 12:02:18 ip-172-31-31-176 kernel: [    7.168219] iscsi: registered transport (iser)
Oct 19 12:02:18 ip-172-31-31-176 kernel: [    8.098492] audit: type=1400 audit(1634644931.892:2): apparmor="STATUS" operation="profile_load" profile="unconfined" name="/usr/bin/lxc-start" pid=712 comm="apparmor_parser"
Oct 19 12:02:18 ip-172-31-31-176 kernel: [    8.155508] audit: type=1400 audit(1634644931.948:3): apparmor="STATUS" operation="profile_load" profile="unconfined" name="/usr/bin/man" pid=715 comm="apparmor_parser"
Oct 19 12:02:18 ip-172-31-31-176 kernel: [    8.155844] audit: type=1400 audit(1634644931.948:4): apparmor="STATUS" operation="profile_load" profile="unconfined" name="man_filter" pid=715 comm="apparmor_parser"
Oct 19 12:02:18 ip-172-31-31-176 kernel: [    8.156219] audit: type=1400 audit(1634644931.948:5): apparmor="STATUS" operation="profile_load" profile="unconfined" name="man_groff" pid=715 comm="apparmor_parser"
Oct 19 12:02:18 ip-172-31-31-176 kernel: [    8.180506] audit: type=1400 audit(1634644931.972:6): apparmor="STATUS" operation="profile_load" profile="unconfined" name="/usr/sbin/tcpdump" pid=714 comm="apparmor_parser"
Oct 19 12:02:18 ip-172-31-31-176 kernel: [    8.256363] audit: type=1400 audit(1634644932.048:7): apparmor="STATUS" operation="profile_load" profile="unconfined" name="/sbin/dhclient" pid=717 comm="apparmor_parser"
Oct 19 12:02:18 ip-172-31-31-176 kernel: [    8.256759] audit: type=1400 audit(1634644932.048:8): apparmor="STATUS" operation="profile_load" profile="unconfined" name="/usr/lib/NetworkManager/nm-dhcp-client.action" pid=717 comm="apparmor_parser"
Oct 19 12:02:18 ip-172-31-31-176 kernel: [    8.257182] audit: type=1400 audit(1634644932.048:9): apparmor="STATUS" operation="profile_load" profile="unconfined" name="/usr/lib/NetworkManager/nm-dhcp-helper" pid=717 comm="apparmor_parser"
Oct 19 12:02:18 ip-172-31-31-176 kernel: [    8.257570] audit: type=1400 audit(1634644932.048:10): apparmor="STATUS" operation="profile_load" profile="unconfined" name="/usr/lib/connman/scripts/dhclient-script" pid=717 comm="apparmor_parser"
Oct 19 12:02:18 ip-172-31-31-176 kernel: [    8.327937] audit: type=1400 audit(1634644932.120:11): apparmor="STATUS" operation="profile_load" profile="unconfined" name="/usr/lib/snapd/snap-confine" pid=716 comm="apparmor_parser"
Oct 19 12:02:18 ip-172-31-31-176 kernel: [   13.203853] EXT4-fs (xvda1): resizing filesystem from 2096891 to 26214139 blocks
Oct 19 12:02:18 ip-172-31-31-176 kernel: [   13.786717] EXT4-fs (xvda1): resized filesystem to 26214139
Oct 19 12:02:18 ip-172-31-31-176 kernel: [   14.748348] new mount options do not match the existing superblock, will be ignored
Oct 19 12:02:18 ip-172-31-31-176 cloud-init[868]: |&+. .            |
Oct 19 12:02:18 ip-172-31-31-176 cloud-init[868]: |XB o             |
Oct 19 12:02:18 ip-172-31-31-176 cloud-init[868]: |B+. .            |
Oct 19 12:02:18 ip-172-31-31-176 cloud-init[868]: |+..+ + o         |
Oct 19 12:02:18 ip-172-31-31-176 cloud-init[868]: |.+. B * S        |
Oct 19 12:02:18 ip-172-31-31-176 cloud-init[868]: |o. . O o         |
Oct 19 12:02:18 ip-172-31-31-176 cloud-init[868]: |o.* + o          |
Oct 19 12:02:18 ip-172-31-31-176 cloud-init[868]: |o*EB             |
Oct 19 12:02:18 ip-172-31-31-176 cloud-init[868]: |.o=+.            |
Oct 19 12:02:18 ip-172-31-31-176 cloud-init[868]: +----[SHA256]-----+
Oct 19 12:02:18 ip-172-31-31-176 cloud-init[868]: Generating public/private ed25519 key pair.
Oct 19 12:02:18 ip-172-31-31-176 cloud-init[868]: Your identification has been saved in /etc/ssh/ssh_host_ed25519_key.
Oct 19 12:02:18 ip-172-31-31-176 cloud-init[868]: Your public key has been saved in /etc/ssh/ssh_host_ed25519_key.pub.
Oct 19 12:02:18 ip-172-31-31-176 cloud-init[868]: The key fingerprint is:
Oct 19 12:02:18 ip-172-31-31-176 cloud-init[868]: SHA256:klAuiJGDLAPym0WbWj8NDCkTzMh1E7r7T2RUQORL4GU root@ip-172-31-31-176
Oct 19 12:02:18 ip-172-31-31-176 cloud-init[868]: The key's randomart image is:
Oct 19 12:02:18 ip-172-31-31-176 cloud-init[868]: +--[ED25519 256]--+
Oct 19 12:02:18 ip-172-31-31-176 cloud-init[868]: |O=ooo*=E..       |
Oct 19 12:02:18 ip-172-31-31-176 cloud-init[868]: |O*=o=B* .        |
Oct 19 12:02:18 ip-172-31-31-176 cloud-init[868]: |ooo+B.++         |
Oct 19 12:02:18 ip-172-31-31-176 cloud-init[868]: |   *.+o+.        |
Oct 19 12:02:18 ip-172-31-31-176 cloud-init[868]: |  +.  =+S        |
Oct 19 12:02:18 ip-172-31-31-176 cloud-init[868]: |    . oo         |
Oct 19 12:02:18 ip-172-31-31-176 cloud-init[868]: |   .   .         |
Oct 19 12:02:18 ip-172-31-31-176 cloud-init[868]: |    . .          |
Oct 19 12:02:18 ip-172-31-31-176 systemd[1]: Started Initial cloud-init job (metadata service crawler).
Oct 19 12:02:18 ip-172-31-31-176 cron[993]: (CRON) INFO (pidfile fd = 3)
Oct 19 12:02:18 ip-172-31-31-176 cloud-init[868]: |     ...         |
Oct 19 12:02:18 ip-172-31-31-176 cloud-init[868]: +----[SHA256]-----+
Oct 19 12:02:18 ip-172-31-31-176 systemd[1]: Reached target Cloud-config availability.
Oct 19 12:02:18 ip-172-31-31-176 cron[993]: (CRON) INFO (Running @reboot jobs)
Oct 19 12:02:18 ip-172-31-31-176 systemd[1]: Reached target System Initialization.
Oct 19 12:02:18 ip-172-31-31-176 rsyslogd: imuxsock: Acquired UNIX socket '/run/systemd/journal/syslog' (fd 3) from systemd.  [v8.32.0]
Oct 19 12:02:18 ip-172-31-31-176 systemd[1]: Started Daily apt download activities.
Oct 19 12:02:18 ip-172-31-31-176 rsyslogd: rsyslogd's groupid changed to 106
Oct 19 12:02:18 ip-172-31-31-176 systemd[1]: Listening on D-Bus System Message Bus Socket.
Oct 19 12:02:18 ip-172-31-31-176 rsyslogd: rsyslogd's userid changed to 102
Oct 19 12:02:18 ip-172-31-31-176 systemd[1]: Started ACPI Events Check.
Oct 19 12:02:18 ip-172-31-31-176 rsyslogd:  [origin software="rsyslogd" swVersion="8.32.0" x-pid="1013" x-info="http://www.rsyslog.com"] start
Oct 19 12:02:18 ip-172-31-31-176 systemd[1]: Reached target Paths.
Oct 19 12:02:18 ip-172-31-31-176 pollinate[1039]: client sent challenge to [https://entropy.ubuntu.com/]
Oct 19 12:02:18 ip-172-31-31-176 systemd[1]: Started Message of the Day.
Oct 19 12:02:18 ip-172-31-31-176 dbus-daemon[1097]: [system] AppArmor D-Bus mediation is enabled
Oct 19 12:02:18 ip-172-31-31-176 systemd[1]: Starting Socket activation for snappy daemon.
Oct 19 12:02:18 ip-172-31-31-176 dbus-daemon[1097]: [system] Activating via systemd: service name='org.freedesktop.hostname1' unit='dbus-org.freedesktop.hostname1.service' requested by ':1.1' (uid=100 pid=806 comm="/lib/systemd/systemd-networkd " label="unconfined")
Oct 19 12:02:18 ip-172-31-31-176 systemd[1]: Starting LXD - unix socket.
Oct 19 12:02:18 ip-172-31-31-176 systemd[1]: Listening on Open-iSCSI iscsid Socket.
Oct 19 12:02:18 ip-172-31-31-176 systemd[1]: Started Daily apt upgrade and clean activities.
Oct 19 12:02:18 ip-172-31-31-176 systemd[1]: Listening on ACPID Listen Socket.
Oct 19 12:02:18 ip-172-31-31-176 lxcfs[1087]: mount namespace: 5
Oct 19 12:02:18 ip-172-31-31-176 lxcfs[1087]: hierarchies:
Oct 19 12:02:18 ip-172-31-31-176 lxcfs[1087]:   0: fd:   6: cpuset
Oct 19 12:02:18 ip-172-31-31-176 lxcfs[1087]:   1: fd:   7: perf_event
Oct 19 12:02:18 ip-172-31-31-176 lxcfs[1087]:   2: fd:   8: pids
Oct 19 12:02:18 ip-172-31-31-176 lxcfs[1087]:   3: fd:   9: freezer
Oct 19 12:02:18 ip-172-31-31-176 lxcfs[1087]:   4: fd:  10: rdma
Oct 19 12:02:18 ip-172-31-31-176 lxcfs[1087]:   5: fd:  11: net_cls,net_prio
Oct 19 12:02:18 ip-172-31-31-176 lxcfs[1087]:   6: fd:  12: devices
Oct 19 12:02:18 ip-172-31-31-176 lxcfs[1087]:   7: fd:  13: memory
Oct 19 12:02:18 ip-172-31-31-176 lxcfs[1087]:   8: fd:  14: blkio
Oct 19 12:02:18 ip-172-31-31-176 lxcfs[1087]:   9: fd:  15: cpu,cpuacct
Oct 19 12:02:18 ip-172-31-31-176 lxcfs[1087]:  10: fd:  16: hugetlb
Oct 19 12:02:18 ip-172-31-31-176 lxcfs[1087]:  11: fd:  17: name=systemd
Oct 19 12:02:18 ip-172-31-31-176 lxcfs[1087]:  12: fd:  18: unified
Oct 19 12:02:18 ip-172-31-31-176 systemd[1]: Listening on UUID daemon activation socket.
Oct 19 12:02:18 ip-172-31-31-176 systemd[1]: Started Daily Cleanup of Temporary Directories.
Oct 19 12:02:18 ip-172-31-31-176 dbus-daemon[1097]: [system] Activating via systemd: service name='org.freedesktop.PolicyKit1' unit='polkit.service' requested by ':1.4' (uid=0 pid=1056 comm="/usr/lib/accountsservice/accounts-daemon " label="unconfined")
Oct 19 12:02:18 ip-172-31-31-176 systemd[1]: Started Discard unused blocks once a week.
Oct 19 12:02:18 ip-172-31-31-176 acpid: starting up with netlink and the input layer
Oct 19 12:02:18 ip-172-31-31-176 systemd[1]: Reached target Timers.
Oct 19 12:02:18 ip-172-31-31-176 systemd[1]: Reached target Network is Online.
Oct 19 12:02:18 ip-172-31-31-176 systemd[1]: Starting Availability of block devices...
Oct 19 12:02:18 ip-172-31-31-176 systemd[1]: Reached target Remote File Systems (Pre).
Oct 19 12:02:18 ip-172-31-31-176 systemd[1]: Reached target Remote File Systems.
Oct 19 12:02:18 ip-172-31-31-176 systemd[1]: Listening on Socket activation for snappy daemon.
Oct 19 12:02:18 ip-172-31-31-176 systemd[1]: Listening on LXD - unix socket.
Oct 19 12:02:18 ip-172-31-31-176 systemd[1]: Started Availability of block devices.
Oct 19 12:02:18 ip-172-31-31-176 systemd[1]: Reached target Sockets.
Oct 19 12:02:18 ip-172-31-31-176 systemd[1]: Reached target Basic System.
Oct 19 12:02:18 ip-172-31-31-176 systemd[1]: Started Regular background program processing daemon.
Oct 19 12:02:18 ip-172-31-31-176 systemd[1]: Starting Dispatcher daemon for systemd-networkd...
Oct 19 12:02:18 ip-172-31-31-176 systemd[1]: Starting LXD - container startup/shutdown...
Oct 19 12:02:18 ip-172-31-31-176 systemd[1]: Starting System Logging Service...
Oct 19 12:02:18 ip-172-31-31-176 systemd[1]: Starting LSB: Record successful boot for GRUB...
Oct 19 12:02:18 ip-172-31-31-176 systemd[1]: Starting Pollinate to seed the pseudo random number generator...
Oct 19 12:02:18 ip-172-31-31-176 systemd[1]: Started irqbalance daemon.
Oct 19 12:02:18 ip-172-31-31-176 systemd[1]: Starting Accounts Service...
Oct 19 12:02:18 ip-172-31-31-176 systemd[1]: Starting LSB: automatic crash report generation...
Oct 19 12:02:18 ip-172-31-31-176 systemd[1]: Starting Login Service...
Oct 19 12:02:18 ip-172-31-31-176 systemd[1]: Started Deferred execution scheduler.
Oct 19 12:02:18 ip-172-31-31-176 systemd[1]: Started FUSE filesystem for LXC.
Oct 19 12:02:18 ip-172-31-31-176 systemd[1]: Starting Permit User Sessions...
Oct 19 12:02:18 ip-172-31-31-176 systemd[1]: Started D-Bus System Message Bus.
Oct 19 12:02:18 ip-172-31-31-176 systemd[1]: Started ACPI event daemon.
Oct 19 12:02:18 ip-172-31-31-176 systemd[1]: Starting Snap Daemon...
Oct 19 12:02:18 ip-172-31-31-176 systemd[1]: Started System Logging Service.
Oct 19 12:02:18 ip-172-31-31-176 systemd[1]: Started Permit User Sessions.
Oct 19 12:02:18 ip-172-31-31-176 acpid: 2 rules loaded
Oct 19 12:02:18 ip-172-31-31-176 acpid: waiting for events: event logging is off
Oct 19 12:02:18 ip-172-31-31-176 grub-common[1020]:  * Recording successful boot for GRUB
Oct 19 12:02:18 ip-172-31-31-176 networkd-dispatcher[1000]: No valid path found for iwconfig
Oct 19 12:02:18 ip-172-31-31-176 networkd-dispatcher[1000]: No valid path found for iw
Oct 19 12:02:18 ip-172-31-31-176 systemd[1]: Started Login Service.
Oct 19 12:02:18 ip-172-31-31-176 apport[1062]:  * Starting automatic crash report generation: apport
Oct 19 12:02:18 ip-172-31-31-176 systemd[1]: Starting Authorization Manager...
Oct 19 12:02:18 ip-172-31-31-176 systemd[1]: Started Unattended Upgrades Shutdown.
Oct 19 12:02:18 ip-172-31-31-176 systemd[1]: Starting Hostname Service...
Oct 19 12:02:18 ip-172-31-31-176 systemd[1]: Starting Hold until boot process finishes up...
Oct 19 12:02:18 ip-172-31-31-176 systemd[1]: Starting Terminate Plymouth Boot Screen...
Oct 19 12:02:18 ip-172-31-31-176 systemd[1]: Started Dispatcher daemon for systemd-networkd.
Oct 19 12:02:18 ip-172-31-31-176 systemd[1]: Started Hold until boot process finishes up.
Oct 19 12:02:18 ip-172-31-31-176 apport[1062]:    ...done.
Oct 19 12:02:18 ip-172-31-31-176 systemd[1]: Started LSB: automatic crash report generation.
Oct 19 12:02:18 ip-172-31-31-176 systemd[1]: Started Terminate Plymouth Boot Screen.
Oct 19 12:02:18 ip-172-31-31-176 systemd[1]: Starting Set console scheme...
Oct 19 12:02:18 ip-172-31-31-176 systemd[1]: Started Serial Getty on ttyS0.
Oct 19 12:02:18 ip-172-31-31-176 polkitd[1196]: started daemon version 0.105 using authority implementation `local' version `0.105'
Oct 19 12:02:18 ip-172-31-31-176 dbus-daemon[1097]: [system] Successfully activated service 'org.freedesktop.PolicyKit1'
Oct 19 12:02:18 ip-172-31-31-176 systemd[1]: Started Authorization Manager.
Oct 19 12:02:18 ip-172-31-31-176 accounts-daemon[1056]: started daemon version 0.6.45
Oct 19 12:02:18 ip-172-31-31-176 systemd[1]: Started Set console scheme.
Oct 19 12:02:18 ip-172-31-31-176 systemd[1]: Started Accounts Service.
Oct 19 12:02:18 ip-172-31-31-176 dbus-daemon[1097]: [system] Successfully activated service 'org.freedesktop.hostname1'
Oct 19 12:02:18 ip-172-31-31-176 systemd[1]: Created slice system-getty.slice.
Oct 19 12:02:18 ip-172-31-31-176 systemd[1]: Started Getty on tty1.
Oct 19 12:02:18 ip-172-31-31-176 systemd[1]: Reached target Login Prompts.
Oct 19 12:02:18 ip-172-31-31-176 systemd[1]: Started Hostname Service.
Oct 19 12:02:18 ip-172-31-31-176 grub-common[1020]:    ...done.
Oct 19 12:02:18 ip-172-31-31-176 systemd[1]: Started LSB: Record successful boot for GRUB.
Oct 19 12:02:19 ip-172-31-31-176 snapd[1176]: AppArmor status: apparmor is enabled and all features are available
Oct 19 12:02:19 ip-172-31-31-176 systemd[1]: Started LXD - container startup/shutdown.
Oct 19 12:02:19 ip-172-31-31-176 snapd[1176]: daemon.go:347: started snapd/2.48.3+18.04 (series 16; classic) ubuntu/18.04 (amd64) linux/5.4.0-1045-aws.
Oct 19 12:02:19 ip-172-31-31-176 snapd[1176]: daemon.go:440: adjusting startup timeout by 30s (pessimistic estimate of 30s plus 5s per snap)
Oct 19 12:02:19 ip-172-31-31-176 snapd[1176]: helpers.go:105: error trying to compare the snap system key: system-key missing on disk
Oct 19 12:02:19 ip-172-31-31-176 systemd[1]: Started Snap Daemon.
Oct 19 12:02:19 ip-172-31-31-176 systemd[1]: Starting Wait until snapd is fully seeded...
Oct 19 12:02:19 ip-172-31-31-176 pollinate[1039]: client verified challenge/response with [https://entropy.ubuntu.com/]
Oct 19 12:02:19 ip-172-31-31-176 pollinate[1039]: client hashed response from [https://entropy.ubuntu.com/]
Oct 19 12:02:19 ip-172-31-31-176 pollinate[1039]: client successfully seeded [/dev/urandom]
Oct 19 12:02:19 ip-172-31-31-176 systemd[1]: Started Pollinate to seed the pseudo random number generator.
Oct 19 12:02:19 ip-172-31-31-176 systemd[1]: Starting OpenBSD Secure Shell server...
Oct 19 12:02:19 ip-172-31-31-176 systemd[1]: Started OpenBSD Secure Shell server.
Oct 19 12:02:23 ip-172-31-31-176 systemd[1]: Reloading.
Oct 19 12:02:23 ip-172-31-31-176 systemd[1]: Reloading.
Oct 19 12:02:23 ip-172-31-31-176 systemd[1]: Mounting Mount unit for snapd, revision 11588...
Oct 19 12:02:23 ip-172-31-31-176 systemd[1]: Mounted Mount unit for snapd, revision 11588.
Oct 19 12:02:24 ip-172-31-31-176 kernel: [   20.612519] kauditd_printk_skb: 5 callbacks suppressed
Oct 19 12:02:24 ip-172-31-31-176 kernel: [   20.612521] audit: type=1400 audit(1634644944.404:17): apparmor="STATUS" operation="profile_load" profile="unconfined" name="/snap/snapd/11588/usr/lib/snapd/snap-confine" pid=1793 comm="apparmor_parser"
Oct 19 12:02:24 ip-172-31-31-176 kernel: [   20.612735] audit: type=1400 audit(1634644944.404:18): apparmor="STATUS" operation="profile_load" profile="unconfined" name="/snap/snapd/11588/usr/lib/snapd/snap-confine//mount-namespace-capture-helper" pid=1793 comm="apparmor_parser"
Oct 19 12:02:24 ip-172-31-31-176 snapd[1176]: daemon.go:589: gracefully waiting for running hooks
Oct 19 12:02:24 ip-172-31-31-176 snapd[1176]: daemon.go:591: done waiting for running hooks
Oct 19 12:02:24 ip-172-31-31-176 systemd[1]: snapd.service: Service hold-off time over, scheduling restart.
Oct 19 12:02:24 ip-172-31-31-176 systemd[1]: snapd.service: Scheduled restart job, restart counter is at 1.
Oct 19 12:02:24 ip-172-31-31-176 systemd[1]: Stopped Snap Daemon.
Oct 19 12:02:24 ip-172-31-31-176 systemd[1]: Starting Snap Daemon...
Oct 19 12:02:24 ip-172-31-31-176 snapd[1804]: AppArmor status: apparmor is enabled and all features are available
Oct 19 12:02:25 ip-172-31-31-176 snapd[1804]: AppArmor status: apparmor is enabled and all features are available
Oct 19 12:02:25 ip-172-31-31-176 snapd[1804]: patch.go:64: Patching system state level 6 to sublevel 1...
Oct 19 12:02:25 ip-172-31-31-176 snapd[1804]: patch.go:64: Patching system state level 6 to sublevel 2...
Oct 19 12:02:25 ip-172-31-31-176 snapd[1804]: patch.go:64: Patching system state level 6 to sublevel 3...
Oct 19 12:02:25 ip-172-31-31-176 snapd[1804]: daemon.go:347: started snapd/2.49.2 (series 16; classic) ubuntu/18.04 (amd64) linux/5.4.0-1045-aws.
Oct 19 12:02:25 ip-172-31-31-176 snapd[1804]: daemon.go:440: adjusting startup timeout by 35s (pessimistic estimate of 30s plus 5s per snap)
Oct 19 12:02:25 ip-172-31-31-176 kernel: [   21.873952] audit: type=1400 audit(1634644945.668:19): apparmor="STATUS" operation="profile_replace" profile="unconfined" name="/snap/snapd/11588/usr/lib/snapd/snap-confine" pid=1875 comm="apparmor_parser"
Oct 19 12:02:25 ip-172-31-31-176 kernel: [   21.889943] audit: type=1400 audit(1634644945.684:20): apparmor="STATUS" operation="profile_replace" profile="unconfined" name="/snap/snapd/11588/usr/lib/snapd/snap-confine//mount-namespace-capture-helper" pid=1875 comm="apparmor_parser"
Oct 19 12:02:25 ip-172-31-31-176 systemd[1]: Started Snap Daemon.
Oct 19 12:02:26 ip-172-31-31-176 systemd[1]: Reloading.
Oct 19 12:02:26 ip-172-31-31-176 systemd[1]: Reloading.
Oct 19 12:02:26 ip-172-31-31-176 systemd[1]: Mounting Mount unit for core18, revision 1997...
Oct 19 12:02:26 ip-172-31-31-176 systemd[1]: Mounted Mount unit for core18, revision 1997.
Oct 19 12:02:27 ip-172-31-31-176 systemd[1]: Reloading.
Oct 19 12:02:27 ip-172-31-31-176 systemd[1]: Reloading.
Oct 19 12:02:27 ip-172-31-31-176 systemd[1]: Mounting Mount unit for amazon-ssm-agent, revision 3552...
Oct 19 12:02:27 ip-172-31-31-176 systemd[1]: Mounted Mount unit for amazon-ssm-agent, revision 3552.
Oct 19 12:02:27 ip-172-31-31-176 kernel: [   23.804820] audit: type=1400 audit(1634644947.596:21): apparmor="STATUS" operation="profile_load" profile="unconfined" name="snap.amazon-ssm-agent.amazon-ssm-agent" pid=2188 comm="apparmor_parser"
Oct 19 12:02:27 ip-172-31-31-176 kernel: [   23.804845] audit: type=1400 audit(1634644947.596:22): apparmor="STATUS" operation="profile_load" profile="unconfined" name="snap.amazon-ssm-agent.ssm-cli" pid=2189 comm="apparmor_parser"
Oct 19 12:02:27 ip-172-31-31-176 kernel: [   23.811791] audit: type=1400 audit(1634644947.604:23): apparmor="STATUS" operation="profile_load" profile="unconfined" name="snap-update-ns.amazon-ssm-agent" pid=2187 comm="apparmor_parser"
Oct 19 12:02:27 ip-172-31-31-176 systemd[1]: Reloading.
Oct 19 12:02:27 ip-172-31-31-176 systemd[1]: Reloading.
Oct 19 12:02:28 ip-172-31-31-176 systemd[1]: Started Service for snap application amazon-ssm-agent.amazon-ssm-agent.
Oct 19 12:02:29 ip-172-31-31-176 amazon-ssm-agent.amazon-ssm-agent[2245]: Error occurred fetching the seelog config file path:  open /etc/amazon/ssm/seelog.xml: no such file or directory
Oct 19 12:02:29 ip-172-31-31-176 amazon-ssm-agent.amazon-ssm-agent[2245]: Initializing new seelog logger
Oct 19 12:02:29 ip-172-31-31-176 amazon-ssm-agent.amazon-ssm-agent[2245]: New Seelog Logger Creation Complete
Oct 19 12:02:29 ip-172-31-31-176 amazon-ssm-agent.amazon-ssm-agent[2245]: 2021-10-19 12:02:29 WARN Error adding the directory '/etc/amazon/ssm' to watcher: no such file or directory
Oct 19 12:02:29 ip-172-31-31-176 amazon-ssm-agent.amazon-ssm-agent[2245]: 2021-10-19 12:02:29 INFO [amazon-ssm-agent] amazon-ssm-agent - v3.0.529.0
Oct 19 12:02:29 ip-172-31-31-176 systemd[1]: Started Wait until snapd is fully seeded.
Oct 19 12:02:29 ip-172-31-31-176 systemd[1]: Starting Apply the settings specified in cloud-config...
Oct 19 12:02:29 ip-172-31-31-176 amazon-ssm-agent.amazon-ssm-agent[2245]: 2021-10-19 12:02:29 INFO [amazon-ssm-agent] OS: linux, Arch: amd64
Oct 19 12:02:30 ip-172-31-31-176 amazon-ssm-agent.amazon-ssm-agent[2245]: 2021-10-19 12:02:30 INFO [amazon-ssm-agent] [LongRunningWorkerContainer] [WorkerProvider] Worker ssm-agent-worker is not running, starting worker process
Oct 19 12:02:30 ip-172-31-31-176 amazon-ssm-agent.amazon-ssm-agent[2245]: 2021-10-19 12:02:30 INFO [amazon-ssm-agent] [LongRunningWorkerContainer] [WorkerProvider] Worker ssm-agent-worker (pid:2335) started
Oct 19 12:02:30 ip-172-31-31-176 amazon-ssm-agent.amazon-ssm-agent[2245]: 2021-10-19 12:02:30 INFO [amazon-ssm-agent] [LongRunningWorkerContainer] Monitor long running worker health every 60 seconds
Oct 19 12:02:30 ip-172-31-31-176 cloud-init[2297]: Cloud-init v. 21.1-19-gbad84ad4-0ubuntu1~18.04.1 running 'modules:config' at Tue, 19 Oct 2021 12:02:29 +0000. Up 25.26 seconds.
Oct 19 12:02:30 ip-172-31-31-176 systemd[1]: Started Apply the settings specified in cloud-config.
Oct 19 12:02:30 ip-172-31-31-176 systemd[1]: Starting EC2 instance hibernation setup agent...
Oct 19 12:02:30 ip-172-31-31-176 /hibinit-agent: Instance Launch has not enabled Hibernation Configured Flag. hibinit-agent exiting!!
Oct 19 12:02:30 ip-172-31-31-176 hibinit-agent[2350]: Instance Launch has not enabled Hibernation Configured Flag. hibinit-agent exiting!!
Oct 19 12:02:30 ip-172-31-31-176 systemd[1]: Started EC2 instance hibernation setup agent.
Oct 19 12:02:30 ip-172-31-31-176 systemd[1]: Reached target Multi-User System.
Oct 19 12:02:30 ip-172-31-31-176 systemd[1]: Starting Execute cloud user/final scripts...
Oct 19 12:02:30 ip-172-31-31-176 systemd[1]: Reached target Graphical Interface.
Oct 19 12:02:30 ip-172-31-31-176 systemd[1]: Starting Update UTMP about System Runlevel Changes...
Oct 19 12:02:30 ip-172-31-31-176 systemd[1]: Started Update UTMP about System Runlevel Changes.
Oct 19 12:02:31 ip-172-31-31-176 ec2: 
Oct 19 12:02:31 ip-172-31-31-176 ec2: #############################################################
Oct 19 12:02:31 ip-172-31-31-176 ec2: -----BEGIN SSH HOST KEY FINGERPRINTS-----
Oct 19 12:02:31 ip-172-31-31-176 ec2: 1024 SHA256:KbYzhfis94BD4MDuPWgyJc8DzMeg66sNPTWAsHi+WXA root@ip-172-31-31-176 (DSA)
Oct 19 12:02:31 ip-172-31-31-176 ec2: 256 SHA256:CmktjP1YCaSATsBilNqaESkJMri+01Mdqsx6koxyMzw root@ip-172-31-31-176 (ECDSA)
Oct 19 12:02:31 ip-172-31-31-176 ec2: 256 SHA256:klAuiJGDLAPym0WbWj8NDCkTzMh1E7r7T2RUQORL4GU root@ip-172-31-31-176 (ED25519)
Oct 19 12:02:31 ip-172-31-31-176 ec2: 2048 SHA256:09k9xNB6rVWCgvg6w6jID1NEwyTdBbt2sAZBgaCiC/E root@ip-172-31-31-176 (RSA)
Oct 19 12:02:31 ip-172-31-31-176 ec2: -----END SSH HOST KEY FINGERPRINTS-----
Oct 19 12:02:31 ip-172-31-31-176 ec2: #############################################################
Oct 19 12:02:31 ip-172-31-31-176 cloud-init[2369]: Cloud-init v. 21.1-19-gbad84ad4-0ubuntu1~18.04.1 running 'modules:final' at Tue, 19 Oct 2021 12:02:31 +0000. Up 26.83 seconds.
Oct 19 12:02:31 ip-172-31-31-176 cloud-init[2369]: Cloud-init v. 21.1-19-gbad84ad4-0ubuntu1~18.04.1 finished at Tue, 19 Oct 2021 12:02:31 +0000. Datasource DataSourceEc2Local.  Up 27.01 seconds
Oct 19 12:02:31 ip-172-31-31-176 systemd[1]: Started Execute cloud user/final scripts.
Oct 19 12:02:31 ip-172-31-31-176 systemd[1]: Reached target Cloud-init target.
Oct 19 12:02:31 ip-172-31-31-176 systemd[1]: Startup finished in 5.445s (kernel) + 21.612s (userspace) = 27.057s.
Oct 19 12:02:46 ip-172-31-31-176 systemd-timesyncd[630]: Synchronized to time server 91.189.91.157:123 (ntp.ubuntu.com).
Oct 19 12:02:56 ip-172-31-31-176 systemd[1]: Created slice User Slice of ubuntu.
Oct 19 12:02:56 ip-172-31-31-176 systemd[1]: Starting User Manager for UID 1000...
Oct 19 12:02:56 ip-172-31-31-176 systemd[1]: Started Session 1 of user ubuntu.
Oct 19 12:02:56 ip-172-31-31-176 systemd[2466]: Reached target Paths.
Oct 19 12:02:57 ip-172-31-31-176 systemd[2466]: Listening on GnuPG cryptographic agent (ssh-agent emulation).
Oct 19 12:02:57 ip-172-31-31-176 systemd[2466]: Listening on GnuPG cryptographic agent and passphrase cache (restricted).
Oct 19 12:02:57 ip-172-31-31-176 systemd[2466]: Reached target Timers.
Oct 19 12:02:57 ip-172-31-31-176 systemd[2466]: Listening on REST API socket for snapd user session agent.
Oct 19 12:02:57 ip-172-31-31-176 systemd[2466]: Listening on GnuPG network certificate management daemon.
Oct 19 12:02:57 ip-172-31-31-176 systemd[2466]: Listening on GnuPG cryptographic agent and passphrase cache (access for web browsers).
Oct 19 12:02:57 ip-172-31-31-176 systemd[2466]: Listening on GnuPG cryptographic agent and passphrase cache.
Oct 19 12:02:57 ip-172-31-31-176 systemd[2466]: Reached target Sockets.
Oct 19 12:02:57 ip-172-31-31-176 systemd[2466]: Reached target Basic System.
Oct 19 12:02:57 ip-172-31-31-176 systemd[2466]: Reached target Default.
Oct 19 12:02:57 ip-172-31-31-176 systemd[2466]: Startup finished in 86ms.
Oct 19 12:02:57 ip-172-31-31-176 systemd[1]: Started User Manager for UID 1000.
Oct 19 12:02:59 ip-172-31-31-176 systemd[1]: Started Session 3 of user ubuntu.
Oct 19 12:09:03 ip-172-31-31-176 kernel: [  419.725469] SGI XFS with ACLs, security attributes, realtime, no debug enabled
Oct 19 12:12:58 ip-172-31-31-176 systemd[1]: Stopping ACPI event daemon...
Oct 19 12:12:58 ip-172-31-31-176 systemd[1]: Closed Load/Save RF Kill Switch Status /dev/rfkill Watch.
Oct 19 12:12:58 ip-172-31-31-176 systemd[1]: Stopped target Host and Network Name Lookups.
Oct 19 12:12:58 ip-172-31-31-176 systemd[1]: Stopping Authorization Manager...
Oct 19 12:12:58 ip-172-31-31-176 systemd[1]: Stopped target Timers.
Oct 19 12:12:58 ip-172-31-31-176 systemd[1]: Stopped Discard unused blocks once a week.
Oct 19 12:12:58 ip-172-31-31-176 systemd[1]: Stopped Message of the Day.
Oct 19 12:12:58 ip-172-31-31-176 systemd[1]: Stopped Daily Cleanup of Temporary Directories.
Oct 19 12:12:58 ip-172-31-31-176 amazon-ssm-agent.amazon-ssm-agent[2245]: 2021-10-19 12:12:58 INFO [amazon-ssm-agent] Got signal:terminated value:0x5639f41b46e0
Oct 19 12:12:58 ip-172-31-31-176 amazon-ssm-agent.amazon-ssm-agent[2245]: 2021-10-19 12:12:58 INFO [amazon-ssm-agent] Stopping Core Agent
Oct 19 12:12:58 ip-172-31-31-176 systemd[1]: Stopped Daily apt upgrade and clean activities.
Oct 19 12:12:58 ip-172-31-31-176 amazon-ssm-agent.amazon-ssm-agent[2245]: 2021-10-19 12:12:58 INFO [amazon-ssm-agent] [LongRunningWorkerContainer] Receiving stop signal, stop worker monitor
Oct 19 12:12:58 ip-172-31-31-176 systemd[1]: Stopping Session 1 of user ubuntu.
Oct 19 12:12:58 ip-172-31-31-176 systemd[1]: Stopped target Graphical Interface.
Oct 19 12:12:58 ip-172-31-31-176 systemd[1]: Stopping Session 3 of user ubuntu.
Oct 19 12:12:58 ip-172-31-31-176 systemd[1]: Stopped target Cloud-init target.
Oct 19 12:12:58 ip-172-31-31-176 systemd[1]: Stopped Execute cloud user/final scripts.
Oct 19 12:12:58 ip-172-31-31-176 systemd[1]: Stopped target Multi-User System.
Oct 19 12:12:58 ip-172-31-31-176 systemd[1]: Stopping Dispatcher daemon for systemd-networkd...
Oct 19 12:12:58 ip-172-31-31-176 systemd[1]: Stopping irqbalance daemon...
Oct 19 12:12:58 ip-172-31-31-176 systemd[1]: Stopping LSB: Record successful boot for GRUB...
Oct 19 12:12:58 ip-172-31-31-176 systemd[1]: Stopping Unattended Upgrades Shutdown...
Oct 19 12:12:58 ip-172-31-31-176 systemd[1]: Stopping Service for snap application amazon-ssm-agent.amazon-ssm-agent...
Oct 19 12:12:58 ip-172-31-31-176 systemd[1]: Stopping OpenBSD Secure Shell server...
Oct 19 12:12:58 ip-172-31-31-176 systemd[1]: Stopping FUSE filesystem for LXC...
Oct 19 12:13:41 ip-172-31-31-176 systemd-modules-load[555]: Inserted module 'iscsi_tcp'
Oct 19 12:13:41 ip-172-31-31-176 keyboard-setup.sh[547]: cannot open file /run/tmpkbd.1f9MVw
Oct 19 12:13:41 ip-172-31-31-176 kernel: [    0.000000] Linux version 5.6.0-rc2 (root@ip-172-31-25-170) (gcc version 7.4.0 (Ubuntu 7.4.0-1ubuntu1~18.04.1)) #1 SMP Tue Feb 25 18:54:05 UTC 2020
Oct 19 12:13:41 ip-172-31-31-176 systemd[1]: Started LVM2 metadata daemon.
