Oct 14 10:35:48 ip-172-31-18-120 systemd-modules-load[461]: Inserted module 'iscsi_tcp'
Oct 14 10:35:48 ip-172-31-18-120 kernel: [    0.000000] Linux version 5.4.0-1045-aws (buildd@lgw01-amd64-003) (gcc version 7.5.0 (Ubuntu 7.5.0-3ubuntu1~18.04)) #47~18.04.1-Ubuntu SMP Tue Apr 13 15:58:14 UTC 2021 (Ubuntu 5.4.0-1045.47~18.04.1-aws 5.4.101)
Oct 14 10:35:48 ip-172-31-18-120 kernel: [    0.000000] Command line: BOOT_IMAGE=/boot/vmlinuz-5.4.0-1045-aws root=LABEL=cloudimg-rootfs ro console=tty1 console=ttyS0 nvme_core.io_timeout=4294967295
Oct 14 10:35:48 ip-172-31-18-120 kernel: [    0.000000] KERNEL supported cpus:
Oct 14 10:35:48 ip-172-31-18-120 kernel: [    0.000000]   Intel GenuineIntel
Oct 14 10:35:48 ip-172-31-18-120 kernel: [    0.000000]   AMD AuthenticAMD
Oct 14 10:35:48 ip-172-31-18-120 keyboard-setup.sh[456]: cannot open file /run/tmpkbd.1f9MVw
Oct 14 10:35:48 ip-172-31-18-120 kernel: [    0.000000]   Hygon HygonGenuine
Oct 14 10:35:48 ip-172-31-18-120 kernel: [    0.000000]   Centaur CentaurHauls
Oct 14 10:35:48 ip-172-31-18-120 kernel: [    0.000000]   zhaoxin   Shanghai  
Oct 14 10:35:48 ip-172-31-18-120 systemd[1]: Starting Flush Journal to Persistent Storage...
Oct 14 10:35:48 ip-172-31-18-120 kernel: [    0.000000] x86/fpu: Supporting XSAVE feature 0x001: 'x87 floating point registers'
Oct 14 10:35:48 ip-172-31-18-120 kernel: [    0.000000] x86/fpu: Supporting XSAVE feature 0x002: 'SSE registers'
Oct 14 10:35:48 ip-172-31-18-120 kernel: [    0.000000] x86/fpu: Supporting XSAVE feature 0x004: 'AVX registers'
Oct 14 10:35:48 ip-172-31-18-120 systemd[1]: Started Create Static Device Nodes in /dev.
Oct 14 10:35:48 ip-172-31-18-120 kernel: [    0.000000] x86/fpu: xstate_offset[2]:  576, xstate_sizes[2]:  256
Oct 14 10:35:48 ip-172-31-18-120 kernel: [    0.000000] x86/fpu: Enabled xstate features 0x7, context size is 832 bytes, using 'standard' format.
Oct 14 10:35:48 ip-172-31-18-120 kernel: [    0.000000] BIOS-provided physical RAM map:
Oct 14 10:35:48 ip-172-31-18-120 kernel: [    0.000000] BIOS-e820: [mem 0x0000000000000000-0x000000000009dfff] usable
Oct 14 10:35:48 ip-172-31-18-120 systemd[1]: Starting udev Kernel Device Manager...
Oct 14 10:35:48 ip-172-31-18-120 kernel: [    0.000000] BIOS-e820: [mem 0x000000000009e000-0x000000000009ffff] reserved
Oct 14 10:35:48 ip-172-31-18-120 kernel: [    0.000000] BIOS-e820: [mem 0x00000000000e0000-0x00000000000fffff] reserved
Oct 14 10:35:48 ip-172-31-18-120 systemd[1]: Started LVM2 metadata daemon.
Oct 14 10:35:48 ip-172-31-18-120 kernel: [    0.000000] BIOS-e820: [mem 0x0000000000100000-0x00000000efffffff] usable
Oct 14 10:35:48 ip-172-31-18-120 kernel: [    0.000000] BIOS-e820: [mem 0x00000000fc000000-0x00000000ffffffff] reserved
Oct 14 10:35:48 ip-172-31-18-120 kernel: [    0.000000] BIOS-e820: [mem 0x0000000100000000-0x000000080fffffff] usable
Oct 14 10:35:48 ip-172-31-18-120 systemd[1]: Started Monitoring of LVM2 mirrors, snapshots etc. using dmeventd or progress polling.
Oct 14 10:35:48 ip-172-31-18-120 kernel: [    0.000000] NX (Execute Disable) protection: active
Oct 14 10:35:48 ip-172-31-18-120 kernel: [    0.000000] SMBIOS 2.7 present.
Oct 14 10:35:48 ip-172-31-18-120 systemd-modules-load[461]: Inserted module 'ib_iser'
Oct 14 10:35:48 ip-172-31-18-120 kernel: [    0.000000] DMI: Xen HVM domU, BIOS 4.2.amazon 08/24/2006
Oct 14 10:35:48 ip-172-31-18-120 kernel: [    0.000000] Hypervisor detected: Xen HVM
Oct 14 10:35:48 ip-172-31-18-120 systemd[1]: Started Load Kernel Modules.
Oct 14 10:35:48 ip-172-31-18-120 kernel: [    0.000000] Xen version 4.2.
Oct 14 10:35:48 ip-172-31-18-120 kernel: [    0.000000] Xen Platform PCI: I/O protocol version 1
Oct 14 10:35:48 ip-172-31-18-120 systemd[1]: Starting Apply Kernel Variables...
Oct 14 10:35:48 ip-172-31-18-120 kernel: [    0.000000] Netfront and the Xen platform PCI driver have been compiled for this kernel: unplug emulated NICs.
Oct 14 10:35:48 ip-172-31-18-120 kernel: [    0.000000] Blkfront and the Xen platform PCI driver have been compiled for this kernel: unplug emulated disks.
Oct 14 10:35:48 ip-172-31-18-120 kernel: [    0.000000] You might have to change the root device
Oct 14 10:35:48 ip-172-31-18-120 kernel: [    0.000000] from /dev/hd[a-d] to /dev/xvd[a-d]
Oct 14 10:35:48 ip-172-31-18-120 systemd[1]: Mounting FUSE Control File System...
Oct 14 10:35:48 ip-172-31-18-120 kernel: [    0.000000] in your root= kernel command line option
Oct 14 10:35:48 ip-172-31-18-120 kernel: [    0.000002] HVMOP_pagetable_dying not supported
Oct 14 10:35:48 ip-172-31-18-120 kernel: [    0.015460] tsc: Fast TSC calibration using PIT
Oct 14 10:35:48 ip-172-31-18-120 systemd[1]: Mounting Kernel Configuration File System...
Oct 14 10:35:48 ip-172-31-18-120 kernel: [    0.015462] tsc: Detected 2300.083 MHz processor
Oct 14 10:35:48 ip-172-31-18-120 kernel: [    0.015462] tsc: Detected 2300.074 MHz TSC
Oct 14 10:35:48 ip-172-31-18-120 kernel: [    0.016481] e820: update [mem 0x00000000-0x00000fff] usable ==> reserved
Oct 14 10:35:48 ip-172-31-18-120 systemd[1]: Started Flush Journal to Persistent Storage.
Oct 14 10:35:48 ip-172-31-18-120 kernel: [    0.016483] e820: remove [mem 0x000a0000-0x000fffff] usable
Oct 14 10:35:48 ip-172-31-18-120 kernel: [    0.016486] last_pfn = 0x810000 max_arch_pfn = 0x400000000
Oct 14 10:35:48 ip-172-31-18-120 systemd[1]: Started udev Coldplug all Devices.
Oct 14 10:35:48 ip-172-31-18-120 kernel: [    0.016509] MTRR default type: write-back
Oct 14 10:35:48 ip-172-31-18-120 kernel: [    0.016510] MTRR fixed ranges enabled:
Oct 14 10:35:48 ip-172-31-18-120 systemd[1]: Mounted FUSE Control File System.
Oct 14 10:35:48 ip-172-31-18-120 kernel: [    0.016511]   00000-9FFFF write-back
Oct 14 10:35:48 ip-172-31-18-120 kernel: [    0.016512]   A0000-BFFFF write-combining
Oct 14 10:35:48 ip-172-31-18-120 kernel: [    0.016513]   C0000-FFFFF write-back
Oct 14 10:35:48 ip-172-31-18-120 systemd[1]: Mounted Kernel Configuration File System.
Oct 14 10:35:48 ip-172-31-18-120 kernel: [    0.016513] MTRR variable ranges enabled:
Oct 14 10:35:48 ip-172-31-18-120 kernel: [    0.016514]   0 base 0000F0000000 mask 3FFFF8000000 uncachable
Oct 14 10:35:48 ip-172-31-18-120 systemd[1]: Started Apply Kernel Variables.
Oct 14 10:35:48 ip-172-31-18-120 kernel: [    0.016515]   1 base 0000F8000000 mask 3FFFFC000000 uncachable
Oct 14 10:35:48 ip-172-31-18-120 kernel: [    0.016516]   2 disabled
Oct 14 10:35:48 ip-172-31-18-120 kernel: [    0.016516]   3 disabled
Oct 14 10:35:48 ip-172-31-18-120 kernel: [    0.016517]   4 disabled
Oct 14 10:35:48 ip-172-31-18-120 kernel: [    0.016517]   5 disabled
Oct 14 10:35:48 ip-172-31-18-120 systemd[1]: Started udev Kernel Device Manager.
Oct 14 10:35:48 ip-172-31-18-120 kernel: [    0.016517]   6 disabled
Oct 14 10:35:48 ip-172-31-18-120 systemd[1]: Found device /dev/ttyS0.
Oct 14 10:35:48 ip-172-31-18-120 kernel: [    0.016518]   7 disabled
Oct 14 10:35:48 ip-172-31-18-120 kernel: [    0.016525] x86/PAT: Configuration [0-7]: WB  WC  UC- UC  WB  WP  UC- WT  
Oct 14 10:35:48 ip-172-31-18-120 kernel: [    0.016533] last_pfn = 0xf0000 max_arch_pfn = 0x400000000
Oct 14 10:35:48 ip-172-31-18-120 kernel: [    0.023541] found SMP MP-table at [mem 0x000fbc50-0x000fbc5f]
Oct 14 10:35:48 ip-172-31-18-120 systemd[1]: Listening on Load/Save RF Kill Switch Status /dev/rfkill Watch.
Oct 14 10:35:48 ip-172-31-18-120 systemd-udevd[527]: link_config: autonegotiation is unset or enabled, the speed and duplex are not writable.
Oct 14 10:35:48 ip-172-31-18-120 systemd-udevd[516]: link_config: autonegotiation is unset or enabled, the speed and duplex are not writable.
Oct 14 10:35:48 ip-172-31-18-120 systemd[1]: Started Set the console keyboard layout.
Oct 14 10:35:48 ip-172-31-18-120 systemd[1]: Reached target Local File Systems (Pre).
Oct 14 10:35:48 ip-172-31-18-120 systemd[1]: Reached target Local File Systems.
Oct 14 10:35:48 ip-172-31-18-120 systemd[1]: Starting Commit a transient machine-id on disk...
Oct 14 10:35:48 ip-172-31-18-120 systemd[1]: Starting Create Volatile Files and Directories...
Oct 14 10:35:48 ip-172-31-18-120 systemd[1]: Starting ebtables ruleset management...
Oct 14 10:35:48 ip-172-31-18-120 systemd[1]: Starting Tell Plymouth To Write Out Runtime Data...
Oct 14 10:35:48 ip-172-31-18-120 kernel: [    0.023611] check: Scanning 1 areas for low memory corruption
Oct 14 10:35:48 ip-172-31-18-120 systemd[1]: Starting AppArmor initialization...
Oct 14 10:35:48 ip-172-31-18-120 kernel: [    0.023732] Using GB pages for direct mapping
Oct 14 10:35:48 ip-172-31-18-120 kernel: [    0.023931] RAMDISK: [mem 0x356c9000-0x36b5bfff]
Oct 14 10:35:48 ip-172-31-18-120 kernel: [    0.024015] ACPI: Early table checksum verification disabled
Oct 14 10:35:48 ip-172-31-18-120 kernel: [    0.024018] ACPI: RSDP 0x00000000000EA020 000024 (v02 Xen   )
Oct 14 10:35:48 ip-172-31-18-120 kernel: [    0.024021] ACPI: XSDT 0x00000000FC00E2A0 000054 (v01 Xen    HVM      00000000 HVML 00000000)
Oct 14 10:35:48 ip-172-31-18-120 kernel: [    0.024026] ACPI: FACP 0x00000000FC00DF60 0000F4 (v04 Xen    HVM      00000000 HVML 00000000)
Oct 14 10:35:48 ip-172-31-18-120 kernel: [    0.024031] ACPI: DSDT 0x00000000FC0021C0 00BD19 (v02 Xen    HVM      00000000 INTL 20090123)
Oct 14 10:35:48 ip-172-31-18-120 kernel: [    0.024034] ACPI: FACS 0x00000000FC002180 000040
Oct 14 10:35:48 ip-172-31-18-120 kernel: [    0.024036] ACPI: FACS 0x00000000FC002180 000040
Oct 14 10:35:48 ip-172-31-18-120 kernel: [    0.024038] ACPI: APIC 0x00000000FC00E060 0000D8 (v02 Xen    HVM      00000000 HVML 00000000)
Oct 14 10:35:48 ip-172-31-18-120 systemd[1]: Starting Set console font and keymap...
Oct 14 10:35:48 ip-172-31-18-120 systemd[1]: Started Dispatch Password Requests to Console Directory Watch.
Oct 14 10:35:48 ip-172-31-18-120 systemd[1]: Reached target Local Encrypted Volumes.
Oct 14 10:35:48 ip-172-31-18-120 systemd[1]: Started Commit a transient machine-id on disk.
Oct 14 10:35:48 ip-172-31-18-120 systemd[1]: Started Create Volatile Files and Directories.
Oct 14 10:35:48 ip-172-31-18-120 systemd[1]: Started Tell Plymouth To Write Out Runtime Data.
Oct 14 10:35:48 ip-172-31-18-120 systemd[1]: Started Set console font and keymap.
Oct 14 10:35:48 ip-172-31-18-120 systemd[1]: Starting Network Time Synchronization...
Oct 14 10:35:48 ip-172-31-18-120 systemd[1]: Starting Update UTMP about System Boot/Shutdown...
Oct 14 10:35:48 ip-172-31-18-120 systemd[1]: Started Update UTMP about System Boot/Shutdown.
Oct 14 10:35:48 ip-172-31-18-120 apparmor[602]:  * Starting AppArmor profiles
Oct 14 10:35:48 ip-172-31-18-120 systemd[1]: Started ebtables ruleset management.
Oct 14 10:35:48 ip-172-31-18-120 systemd[1]: Started Network Time Synchronization.
Oct 14 10:35:48 ip-172-31-18-120 systemd[1]: Reached target System Time Synchronized.
Oct 14 10:35:48 ip-172-31-18-120 apparmor[602]: Skipping profile in /etc/apparmor.d/disable: usr.sbin.rsyslogd
Oct 14 10:35:48 ip-172-31-18-120 apparmor[602]:    ...done.
Oct 14 10:35:48 ip-172-31-18-120 systemd[1]: Started AppArmor initialization.
Oct 14 10:35:48 ip-172-31-18-120 systemd[1]: Starting Load AppArmor profiles managed internally by snapd...
Oct 14 10:35:48 ip-172-31-18-120 systemd[1]: Starting Initial cloud-init job (pre-networking)...
Oct 14 10:35:48 ip-172-31-18-120 snapd-apparmor[752]: find: ‘/var/lib/snapd/apparmor/profiles/’: No such file or directory
Oct 14 10:35:48 ip-172-31-18-120 systemd[1]: Started Load AppArmor profiles managed internally by snapd.
Oct 14 10:35:48 ip-172-31-18-120 dhclient[820]: Internet Systems Consortium DHCP Client 4.3.5
Oct 14 10:35:48 ip-172-31-18-120 dhclient[820]: Copyright 2004-2016 Internet Systems Consortium.
Oct 14 10:35:48 ip-172-31-18-120 dhclient[820]: All rights reserved.
Oct 14 10:35:48 ip-172-31-18-120 dhclient[820]: For info, please visit https://www.isc.org/software/dhcp/
Oct 14 10:35:48 ip-172-31-18-120 dhclient[820]: 
Oct 14 10:35:48 ip-172-31-18-120 dhclient[820]: Listening on LPF/eth0/02:78:da:e4:8f:9b
Oct 14 10:35:48 ip-172-31-18-120 dhclient[820]: Sending on   LPF/eth0/02:78:da:e4:8f:9b
Oct 14 10:35:48 ip-172-31-18-120 dhclient[820]: Sending on   Socket/fallback
Oct 14 10:35:48 ip-172-31-18-120 dhclient[820]: DHCPDISCOVER on eth0 to 255.255.255.255 port 67 interval 3 (xid=0xa7d69072)
Oct 14 10:35:48 ip-172-31-18-120 dhclient[820]: DHCPREQUEST of 172.31.18.120 on eth0 to 255.255.255.255 port 67 (xid=0x7290d6a7)
Oct 14 10:35:48 ip-172-31-18-120 dhclient[820]: DHCPOFFER of 172.31.18.120 from 172.31.16.1
Oct 14 10:35:48 ip-172-31-18-120 dhclient[820]: DHCPACK of 172.31.18.120 from 172.31.16.1
Oct 14 10:35:48 ip-172-31-18-120 dhclient[820]: bound to 172.31.18.120 -- renewal in 1587 seconds.
Oct 14 10:35:48 ip-172-31-18-120 cloud-init[759]: Cloud-init v. 21.1-19-gbad84ad4-0ubuntu1~18.04.1 running 'init-local' at Thu, 14 Oct 2021 10:35:44 +0000. Up 10.05 seconds.
Oct 14 10:35:48 ip-172-31-18-120 systemd[1]: Started Initial cloud-init job (pre-networking).
Oct 14 10:35:48 ip-172-31-18-120 systemd[1]: Reached target Network (Pre).
Oct 14 10:35:48 ip-172-31-18-120 systemd[1]: Starting Network Service...
Oct 14 10:35:48 ip-172-31-18-120 systemd-networkd[844]: Enumeration completed
Oct 14 10:35:48 ip-172-31-18-120 systemd[1]: Started Network Service.
Oct 14 10:35:48 ip-172-31-18-120 systemd-networkd[844]: eth0: Link UP
Oct 14 10:35:48 ip-172-31-18-120 systemd-networkd[844]: eth0: Gained carrier
Oct 14 10:35:48 ip-172-31-18-120 systemd-timesyncd[657]: Network configuration changed, trying to establish connection.
Oct 14 10:35:48 ip-172-31-18-120 systemd-networkd[844]: eth0: Link DOWN
Oct 14 10:35:48 ip-172-31-18-120 systemd-networkd[844]: eth0: Lost carrier
Oct 14 10:35:48 ip-172-31-18-120 systemd-networkd[844]: eth0: Removing non-existent address: fe80::78:daff:fee4:8f9b/64 (valid forever), ignoring
Oct 14 10:35:48 ip-172-31-18-120 systemd-networkd[844]: eth0: IPv6 successfully enabled
Oct 14 10:35:48 ip-172-31-18-120 systemd-networkd[844]: lo: Link is not managed by us
Oct 14 10:35:48 ip-172-31-18-120 systemd-networkd[844]: eth0: Link UP
Oct 14 10:35:48 ip-172-31-18-120 systemd[1]: Starting Wait for Network to be Configured...
Oct 14 10:35:48 ip-172-31-18-120 systemd[1]: Starting Network Name Resolution...
Oct 14 10:35:48 ip-172-31-18-120 systemd-networkd[844]: eth0: Gained carrier
Oct 14 10:35:48 ip-172-31-18-120 systemd-networkd[844]: eth0: DHCPv4 address 172.31.18.120/20 via 172.31.16.1
Oct 14 10:35:48 ip-172-31-18-120 systemd-networkd[844]: Not connected to system bus, not setting hostname.
Oct 14 10:35:48 ip-172-31-18-120 systemd-timesyncd[657]: Network configuration changed, trying to establish connection.
Oct 14 10:35:48 ip-172-31-18-120 systemd-resolved[881]: Positive Trust Anchors:
Oct 14 10:35:48 ip-172-31-18-120 systemd-resolved[881]: . IN DS 19036 8 2 49aac11d7b6f6446702e54a1607371607a1a41855200fd2ce1cdde32f24e8fb5
Oct 14 10:35:48 ip-172-31-18-120 systemd-resolved[881]: . IN DS 20326 8 2 e06d44b80b8f1d39a95c0b0d7c65d08458e880409bbc683457104237c7f8ec8d
Oct 14 10:35:48 ip-172-31-18-120 systemd-resolved[881]: Negative trust anchors: 10.in-addr.arpa 16.172.in-addr.arpa 17.172.in-addr.arpa 18.172.in-addr.arpa 19.172.in-addr.arpa 20.172.in-addr.arpa 21.172.in-addr.arpa 22.172.in-addr.arpa 23.172.in-addr.arpa 24.172.in-addr.arpa 25.172.in-addr.arpa 26.172.in-addr.arpa 27.172.in-addr.arpa 28.172.in-addr.arpa 29.172.in-addr.arpa 30.172.in-addr.arpa 31.172.in-addr.arpa 168.192.in-addr.arpa d.f.ip6.arpa corp home internal intranet lan local private test
Oct 14 10:35:48 ip-172-31-18-120 systemd-resolved[881]: Using system hostname 'ip-172-31-18-120'.
Oct 14 10:35:48 ip-172-31-18-120 systemd[1]: Started Network Name Resolution.
Oct 14 10:35:48 ip-172-31-18-120 systemd[1]: Reached target Host and Network Name Lookups.
Oct 14 10:35:48 ip-172-31-18-120 systemd[1]: Reached target Network.
Oct 14 10:35:48 ip-172-31-18-120 systemd-networkd[844]: eth0: Gained IPv6LL
Oct 14 10:35:48 ip-172-31-18-120 systemd-networkd[844]: eth0: Configured
Oct 14 10:35:48 ip-172-31-18-120 systemd-timesyncd[657]: Network configuration changed, trying to establish connection.
Oct 14 10:35:48 ip-172-31-18-120 systemd-networkd-wait-online[872]: managing: eth0
Oct 14 10:35:48 ip-172-31-18-120 systemd-networkd-wait-online[872]: ignoring: lo
Oct 14 10:35:48 ip-172-31-18-120 systemd[1]: Started Wait for Network to be Configured.
Oct 14 10:35:48 ip-172-31-18-120 systemd[1]: Starting Initial cloud-init job (metadata service crawler)...
Oct 14 10:35:48 ip-172-31-18-120 cloud-init[908]: Cloud-init v. 21.1-19-gbad84ad4-0ubuntu1~18.04.1 running 'init' at Thu, 14 Oct 2021 10:35:46 +0000. Up 12.22 seconds.
Oct 14 10:35:48 ip-172-31-18-120 cloud-init[908]: ci-info: ++++++++++++++++++++++++++++++++++++++Net device info++++++++++++++++++++++++++++++++++++++
Oct 14 10:35:48 ip-172-31-18-120 cloud-init[908]: ci-info: +--------+------+----------------------------+---------------+--------+-------------------+
Oct 14 10:35:48 ip-172-31-18-120 cloud-init[908]: ci-info: | Device |  Up  |          Address           |      Mask     | Scope  |     Hw-Address    |
Oct 14 10:35:48 ip-172-31-18-120 cloud-init[908]: ci-info: +--------+------+----------------------------+---------------+--------+-------------------+
Oct 14 10:35:48 ip-172-31-18-120 cloud-init[908]: ci-info: |  eth0  | True |       172.31.18.120        | 255.255.240.0 | global | 02:78:da:e4:8f:9b |
Oct 14 10:35:48 ip-172-31-18-120 cloud-init[908]: ci-info: |  eth0  | True | fe80::78:daff:fee4:8f9b/64 |       .       |  link  | 02:78:da:e4:8f:9b |
Oct 14 10:35:48 ip-172-31-18-120 cloud-init[908]: ci-info: |   lo   | True |         127.0.0.1          |   255.0.0.0   |  host  |         .         |
Oct 14 10:35:48 ip-172-31-18-120 cloud-init[908]: ci-info: |   lo   | True |          ::1/128           |       .       |  host  |         .         |
Oct 14 10:35:48 ip-172-31-18-120 cloud-init[908]: ci-info: +--------+------+----------------------------+---------------+--------+-------------------+
Oct 14 10:35:48 ip-172-31-18-120 cloud-init[908]: ci-info: ++++++++++++++++++++++++++++++Route IPv4 info++++++++++++++++++++++++++++++
Oct 14 10:35:48 ip-172-31-18-120 cloud-init[908]: ci-info: +-------+-------------+-------------+-----------------+-----------+-------+
Oct 14 10:35:48 ip-172-31-18-120 cloud-init[908]: ci-info: | Route | Destination |   Gateway   |     Genmask     | Interface | Flags |
Oct 14 10:35:48 ip-172-31-18-120 cloud-init[908]: ci-info: +-------+-------------+-------------+-----------------+-----------+-------+
Oct 14 10:35:48 ip-172-31-18-120 cloud-init[908]: ci-info: |   0   |   0.0.0.0   | 172.31.16.1 |     0.0.0.0     |    eth0   |   UG  |
Oct 14 10:35:48 ip-172-31-18-120 cloud-init[908]: ci-info: |   1   | 172.31.16.0 |   0.0.0.0   |  255.255.240.0  |    eth0   |   U   |
Oct 14 10:35:48 ip-172-31-18-120 cloud-init[908]: ci-info: |   2   | 172.31.16.1 |   0.0.0.0   | 255.255.255.255 |    eth0   |   UH  |
Oct 14 10:35:48 ip-172-31-18-120 cloud-init[908]: ci-info: +-------+-------------+-------------+-----------------+-----------+-------+
Oct 14 10:35:48 ip-172-31-18-120 cloud-init[908]: ci-info: +++++++++++++++++++Route IPv6 info+++++++++++++++++++
Oct 14 10:35:48 ip-172-31-18-120 cloud-init[908]: ci-info: +-------+-------------+---------+-----------+-------+
Oct 14 10:35:48 ip-172-31-18-120 cloud-init[908]: ci-info: | Route | Destination | Gateway | Interface | Flags |
Oct 14 10:35:48 ip-172-31-18-120 cloud-init[908]: ci-info: +-------+-------------+---------+-----------+-------+
Oct 14 10:35:48 ip-172-31-18-120 cloud-init[908]: ci-info: |   1   |  fe80::/64  |    ::   |    eth0   |   U   |
Oct 14 10:35:48 ip-172-31-18-120 cloud-init[908]: ci-info: |   3   |    local    |    ::   |    eth0   |   U   |
Oct 14 10:35:48 ip-172-31-18-120 cloud-init[908]: ci-info: |   4   |  multicast  |    ::   |    eth0   |   U   |
Oct 14 10:35:48 ip-172-31-18-120 cloud-init[908]: ci-info: +-------+-------------+---------+-----------+-------+
Oct 14 10:35:48 ip-172-31-18-120 kernel: [    0.024040] ACPI: HPET 0x00000000FC00E1B0 000038 (v01 Xen    HVM      00000000 HVML 00000000)
Oct 14 10:35:48 ip-172-31-18-120 kernel: [    0.024043] ACPI: WAET 0x00000000FC00E1F0 000028 (v01 Xen    HVM      00000000 HVML 00000000)
Oct 14 10:35:48 ip-172-31-18-120 kernel: [    0.024045] ACPI: SSDT 0x00000000FC00E220 000031 (v02 Xen    HVM      00000000 INTL 20090123)
Oct 14 10:35:48 ip-172-31-18-120 kernel: [    0.024047] ACPI: SSDT 0x00000000FC00E260 000033 (v02 Xen    HVM      00000000 INTL 20090123)
Oct 14 10:35:48 ip-172-31-18-120 kernel: [    0.024054] ACPI: Local APIC address 0xfee00000
Oct 14 10:35:48 ip-172-31-18-120 kernel: [    0.026000] No NUMA configuration found
Oct 14 10:35:48 ip-172-31-18-120 kernel: [    0.026003] Faking a node at [mem 0x0000000000000000-0x000000080fffffff]
Oct 14 10:35:48 ip-172-31-18-120 kernel: [    0.026014] NODE_DATA(0) allocated [mem 0x80ffd5000-0x80fffffff]
Oct 14 10:35:48 ip-172-31-18-120 kernel: [    0.026280] Zone ranges:
Oct 14 10:35:48 ip-172-31-18-120 kernel: [    0.026281]   DMA      [mem 0x0000000000001000-0x0000000000ffffff]
Oct 14 10:35:48 ip-172-31-18-120 kernel: [    0.026283]   DMA32    [mem 0x0000000001000000-0x00000000ffffffff]
Oct 14 10:35:48 ip-172-31-18-120 kernel: [    0.026284]   Normal   [mem 0x0000000100000000-0x000000080fffffff]
Oct 14 10:35:48 ip-172-31-18-120 kernel: [    0.026285]   Device   empty
Oct 14 10:35:48 ip-172-31-18-120 kernel: [    0.026286] Movable zone start for each node
Oct 14 10:35:48 ip-172-31-18-120 kernel: [    0.026289] Early memory node ranges
Oct 14 10:35:48 ip-172-31-18-120 kernel: [    0.026290]   node   0: [mem 0x0000000000001000-0x000000000009dfff]
Oct 14 10:35:48 ip-172-31-18-120 kernel: [    0.026292]   node   0: [mem 0x0000000000100000-0x00000000efffffff]
Oct 14 10:35:48 ip-172-31-18-120 kernel: [    0.026293]   node   0: [mem 0x0000000100000000-0x000000080fffffff]
Oct 14 10:35:48 ip-172-31-18-120 kernel: [    0.026298] Zeroed struct page in unavailable ranges: 99 pages
Oct 14 10:35:48 ip-172-31-18-120 kernel: [    0.026300] Initmem setup node 0 [mem 0x0000000000001000-0x000000080fffffff]
Oct 14 10:35:48 ip-172-31-18-120 kernel: [    0.026301] On node 0 totalpages: 8388509
Oct 14 10:35:48 ip-172-31-18-120 kernel: [    0.026302]   DMA zone: 64 pages used for memmap
Oct 14 10:35:48 ip-172-31-18-120 kernel: [    0.026303]   DMA zone: 21 pages reserved
Oct 14 10:35:48 ip-172-31-18-120 kernel: [    0.026303]   DMA zone: 3997 pages, LIFO batch:0
Oct 14 10:35:48 ip-172-31-18-120 kernel: [    0.026404]   DMA32 zone: 15296 pages used for memmap
Oct 14 10:35:48 ip-172-31-18-120 kernel: [    0.026405]   DMA32 zone: 978944 pages, LIFO batch:63
Oct 14 10:35:48 ip-172-31-18-120 kernel: [    0.040617]   Normal zone: 115712 pages used for memmap
Oct 14 10:35:48 ip-172-31-18-120 kernel: [    0.040619]   Normal zone: 7405568 pages, LIFO batch:63
Oct 14 10:35:48 ip-172-31-18-120 kernel: [    0.151025] ACPI: PM-Timer IO Port: 0xb008
Oct 14 10:35:48 ip-172-31-18-120 kernel: [    0.151030] ACPI: Local APIC address 0xfee00000
Oct 14 10:35:48 ip-172-31-18-120 kernel: [    0.151092] IOAPIC[0]: apic_id 1, version 17, address 0xfec00000, GSI 0-47
Oct 14 10:35:48 ip-172-31-18-120 kernel: [    0.151095] ACPI: INT_SRC_OVR (bus 0 bus_irq 0 global_irq 2 dfl dfl)
Oct 14 10:35:48 ip-172-31-18-120 kernel: [    0.151097] ACPI: INT_SRC_OVR (bus 0 bus_irq 5 global_irq 5 low level)
Oct 14 10:35:48 ip-172-31-18-120 kernel: [    0.151098] ACPI: INT_SRC_OVR (bus 0 bus_irq 10 global_irq 10 low level)
Oct 14 10:35:48 ip-172-31-18-120 kernel: [    0.151099] ACPI: INT_SRC_OVR (bus 0 bus_irq 11 global_irq 11 low level)
Oct 14 10:35:48 ip-172-31-18-120 kernel: [    0.151100] ACPI: IRQ0 used by override.
Oct 14 10:35:48 ip-172-31-18-120 kernel: [    0.151101] ACPI: IRQ5 used by override.
Oct 14 10:35:48 ip-172-31-18-120 kernel: [    0.151102] ACPI: IRQ9 used by override.
Oct 14 10:35:48 ip-172-31-18-120 kernel: [    0.151102] ACPI: IRQ10 used by override.
Oct 14 10:35:48 ip-172-31-18-120 kernel: [    0.151103] ACPI: IRQ11 used by override.
Oct 14 10:35:48 ip-172-31-18-120 kernel: [    0.151104] Using ACPI (MADT) for SMP configuration information
Oct 14 10:35:48 ip-172-31-18-120 kernel: [    0.151106] ACPI: HPET id: 0x8086a201 base: 0xfed00000
Oct 14 10:35:48 ip-172-31-18-120 kernel: [    0.151111] TSC deadline timer available
Oct 14 10:35:48 ip-172-31-18-120 kernel: [    0.151117] smpboot: Allowing 15 CPUs, 7 hotplug CPUs
Oct 14 10:35:48 ip-172-31-18-120 kernel: [    0.151127] PM: Registered nosave memory: [mem 0x00000000-0x00000fff]
Oct 14 10:35:48 ip-172-31-18-120 kernel: [    0.151128] PM: Registered nosave memory: [mem 0x0009e000-0x0009ffff]
Oct 14 10:35:48 ip-172-31-18-120 kernel: [    0.151129] PM: Registered nosave memory: [mem 0x000a0000-0x000dffff]
Oct 14 10:35:48 ip-172-31-18-120 kernel: [    0.151130] PM: Registered nosave memory: [mem 0x000e0000-0x000fffff]
Oct 14 10:35:48 ip-172-31-18-120 kernel: [    0.151131] PM: Registered nosave memory: [mem 0xf0000000-0xfbffffff]
Oct 14 10:35:48 ip-172-31-18-120 kernel: [    0.151132] PM: Registered nosave memory: [mem 0xfc000000-0xffffffff]
Oct 14 10:35:48 ip-172-31-18-120 kernel: [    0.151134] [mem 0xf0000000-0xfbffffff] available for PCI devices
Oct 14 10:35:48 ip-172-31-18-120 kernel: [    0.151135] Booting paravirtualized kernel on Xen HVM
Oct 14 10:35:48 ip-172-31-18-120 kernel: [    0.151138] clocksource: refined-jiffies: mask: 0xffffffff max_cycles: 0xffffffff, max_idle_ns: 7645519600211568 ns
Oct 14 10:35:48 ip-172-31-18-120 kernel: [    0.151143] setup_percpu: NR_CPUS:8192 nr_cpumask_bits:15 nr_cpu_ids:15 nr_node_ids:1
Oct 14 10:35:48 ip-172-31-18-120 kernel: [    0.152138] percpu: Embedded 54 pages/cpu s184320 r8192 d28672 u262144
Oct 14 10:35:48 ip-172-31-18-120 cloud-init[908]: Generating public/private rsa key pair.
Oct 14 10:35:48 ip-172-31-18-120 cloud-init[908]: Your identification has been saved in /etc/ssh/ssh_host_rsa_key.
Oct 14 10:35:48 ip-172-31-18-120 cloud-init[908]: Your public key has been saved in /etc/ssh/ssh_host_rsa_key.pub.
Oct 14 10:35:48 ip-172-31-18-120 cloud-init[908]: The key fingerprint is:
Oct 14 10:35:48 ip-172-31-18-120 cloud-init[908]: SHA256:Y1DS6h0Cczo4INZolzfrXYUG9Ou/lSEuho7YlzoeKXc root@ip-172-31-18-120
Oct 14 10:35:48 ip-172-31-18-120 cloud-init[908]: The key's randomart image is:
Oct 14 10:35:48 ip-172-31-18-120 cloud-init[908]: +---[RSA 2048]----+
Oct 14 10:35:48 ip-172-31-18-120 cloud-init[908]: |  o . o+o .      |
Oct 14 10:35:48 ip-172-31-18-120 kernel: [    0.152143] pcpu-alloc: s184320 r8192 d28672 u262144 alloc=1*2097152
Oct 14 10:35:48 ip-172-31-18-120 kernel: [    0.152144] pcpu-alloc: [0] 00 01 02 03 04 05 06 07 [0] 08 09 10 11 12 13 14 -- 
Oct 14 10:35:48 ip-172-31-18-120 kernel: [    0.152172] xen: PV spinlocks enabled
Oct 14 10:35:48 ip-172-31-18-120 cloud-init[908]: |o+ +oo.ooo .     |
Oct 14 10:35:48 ip-172-31-18-120 kernel: [    0.152175] PV qspinlock hash table entries: 256 (order: 0, 4096 bytes, linear)
Oct 14 10:35:48 ip-172-31-18-120 kernel: [    0.152182] Built 1 zonelists, mobility grouping on.  Total pages: 8257416
Oct 14 10:35:48 ip-172-31-18-120 kernel: [    0.152183] Policy zone: Normal
Oct 14 10:35:48 ip-172-31-18-120 cloud-init[908]: |+....=+....      |
Oct 14 10:35:48 ip-172-31-18-120 kernel: [    0.152184] Kernel command line: BOOT_IMAGE=/boot/vmlinuz-5.4.0-1045-aws root=LABEL=cloudimg-rootfs ro console=tty1 console=ttyS0 nvme_core.io_timeout=4294967295
Oct 14 10:35:48 ip-172-31-18-120 cloud-init[908]: |  o o.o....      |
Oct 14 10:35:48 ip-172-31-18-120 kernel: [    0.158529] Dentry cache hash table entries: 4194304 (order: 13, 33554432 bytes, linear)
Oct 14 10:35:48 ip-172-31-18-120 kernel: [    0.161703] Inode-cache hash table entries: 2097152 (order: 12, 16777216 bytes, linear)
Oct 14 10:35:48 ip-172-31-18-120 kernel: [    0.161896] mem auto-init: stack:off, heap alloc:on, heap free:off
Oct 14 10:35:48 ip-172-31-18-120 cloud-init[908]: |   ..o.oSo . .   |
Oct 14 10:35:48 ip-172-31-18-120 kernel: [    0.174615] Calgary: detecting Calgary via BIOS EBDA area
Oct 14 10:35:48 ip-172-31-18-120 kernel: [    0.174617] Calgary: Unable to locate Rio Grande table in EBDA - bailing!
Oct 14 10:35:48 ip-172-31-18-120 kernel: [    0.270976] Memory: 32857220K/33554036K available (14339K kernel code, 2313K rwdata, 4656K rodata, 2656K init, 5136K bss, 696816K reserved, 0K cma-reserved)
Oct 14 10:35:48 ip-172-31-18-120 cloud-init[908]: |     .oo+.. . o  |
Oct 14 10:35:48 ip-172-31-18-120 cloud-init[908]: |   . + E.+ . o   |
Oct 14 10:35:48 ip-172-31-18-120 kernel: [    0.270984] random: get_random_u64 called from __kmem_cache_create+0x41/0x550 with crng_init=0
Oct 14 10:35:48 ip-172-31-18-120 kernel: [    0.271160] SLUB: HWalign=64, Order=0-3, MinObjects=0, CPUs=15, Nodes=1
Oct 14 10:35:48 ip-172-31-18-120 cloud-init[908]: |    =.=o. o .    |
Oct 14 10:35:48 ip-172-31-18-120 kernel: [    0.271175] Kernel/User page tables isolation: enabled
Oct 14 10:35:48 ip-172-31-18-120 kernel: [    0.271192] ftrace: allocating 42787 entries in 168 pages
Oct 14 10:35:48 ip-172-31-18-120 kernel: [    0.287497] rcu: Hierarchical RCU implementation.
Oct 14 10:35:48 ip-172-31-18-120 kernel: [    0.287499] rcu: 	RCU restricting CPUs from NR_CPUS=8192 to nr_cpu_ids=15.
Oct 14 10:35:48 ip-172-31-18-120 cloud-init[908]: |   ..=+.   o.    |
Oct 14 10:35:48 ip-172-31-18-120 kernel: [    0.287500] 	Tasks RCU enabled.
Oct 14 10:35:48 ip-172-31-18-120 cloud-init[908]: +----[SHA256]-----+
Oct 14 10:35:48 ip-172-31-18-120 kernel: [    0.287501] rcu: RCU calculated value of scheduler-enlistment delay is 25 jiffies.
Oct 14 10:35:48 ip-172-31-18-120 kernel: [    0.287502] rcu: Adjusting geometry for rcu_fanout_leaf=16, nr_cpu_ids=15
Oct 14 10:35:48 ip-172-31-18-120 kernel: [    0.290202] NR_IRQS: 524544, nr_irqs: 952, preallocated irqs: 16
Oct 14 10:35:48 ip-172-31-18-120 cloud-init[908]: Generating public/private dsa key pair.
Oct 14 10:35:48 ip-172-31-18-120 kernel: [    0.290241] xen:events: Using 2-level ABI
Oct 14 10:35:48 ip-172-31-18-120 kernel: [    0.290288] xen:events: Xen HVM callback vector for event delivery is enabled
Oct 14 10:35:48 ip-172-31-18-120 kernel: [    0.290452] random: crng done (trusting CPU's manufacturer)
Oct 14 10:35:48 ip-172-31-18-120 cloud-init[908]: Your identification has been saved in /etc/ssh/ssh_host_dsa_key.
Oct 14 10:35:48 ip-172-31-18-120 kernel: [    0.305513] Console: colour VGA+ 80x25
Oct 14 10:35:48 ip-172-31-18-120 cloud-init[908]: Your public key has been saved in /etc/ssh/ssh_host_dsa_key.pub.
Oct 14 10:35:48 ip-172-31-18-120 kernel: [    0.471799] printk: console [tty1] enabled
Oct 14 10:35:48 ip-172-31-18-120 kernel: [    0.473109] Cannot get hvm parameter CONSOLE_EVTCHN (18): -22!
Oct 14 10:35:48 ip-172-31-18-120 kernel: [    1.144026] printk: console [ttyS0] enabled
Oct 14 10:35:48 ip-172-31-18-120 cloud-init[908]: The key fingerprint is:
Oct 14 10:35:48 ip-172-31-18-120 kernel: [    1.149424] ACPI: Core revision 20190816
Oct 14 10:35:48 ip-172-31-18-120 kernel: [    1.153449] clocksource: hpet: mask: 0xffffffff max_cycles: 0xffffffff, max_idle_ns: 30580167144 ns
Oct 14 10:35:48 ip-172-31-18-120 kernel: [    1.163377] APIC: Switch to symmetric I/O mode setup
Oct 14 10:35:48 ip-172-31-18-120 kernel: [    1.170955] x2apic: IRQ remapping doesn't support X2APIC mode
Oct 14 10:35:48 ip-172-31-18-120 cloud-init[908]: SHA256:Ep/IdF+1vDn2ZPqaymY8nOAtv4u5gzX7FSPOjSS4cDQ root@ip-172-31-18-120
Oct 14 10:35:48 ip-172-31-18-120 kernel: [    1.180224] Switched APIC routing to physical flat.
Oct 14 10:35:48 ip-172-31-18-120 kernel: [    1.190457] ..TIMER: vector=0x30 apic1=0 pin1=2 apic2=0 pin2=0
Oct 14 10:35:48 ip-172-31-18-120 cloud-init[908]: The key's randomart image is:
Oct 14 10:35:48 ip-172-31-18-120 kernel: [    1.198952] clocksource: tsc-early: mask: 0xffffffffffffffff max_cycles: 0x21277b2c64e, max_idle_ns: 440795296329 ns
Oct 14 10:35:48 ip-172-31-18-120 kernel: [    1.212863] Calibrating delay loop (skipped), value calculated using timer frequency.. 4600.14 BogoMIPS (lpj=9200296)
Oct 14 10:35:48 ip-172-31-18-120 cloud-init[908]: +---[DSA 1024]----+
Oct 14 10:35:48 ip-172-31-18-120 kernel: [    1.228863] pid_max: default: 32768 minimum: 301
Oct 14 10:35:48 ip-172-31-18-120 kernel: [    1.232923] LSM: Security Framework initializing
Oct 14 10:35:48 ip-172-31-18-120 kernel: [    1.236879] Yama: becoming mindful.
Oct 14 10:35:48 ip-172-31-18-120 cloud-init[908]: |              .  |
Oct 14 10:35:48 ip-172-31-18-120 kernel: [    1.240952] AppArmor: AppArmor initialized
Oct 14 10:35:48 ip-172-31-18-120 kernel: [    1.248983] Mount-cache hash table entries: 65536 (order: 7, 524288 bytes, linear)
Oct 14 10:35:48 ip-172-31-18-120 kernel: [    1.256948] Mountpoint-cache hash table entries: 65536 (order: 7, 524288 bytes, linear)
Oct 14 10:35:48 ip-172-31-18-120 kernel: [    1.264884] *** VALIDATE tmpfs ***
Oct 14 10:35:48 ip-172-31-18-120 kernel: [    1.269038] *** VALIDATE proc ***
Oct 14 10:35:48 ip-172-31-18-120 kernel: [    1.272938] *** VALIDATE cgroup1 ***
Oct 14 10:35:48 ip-172-31-18-120 cloud-init[908]: |             o . |
Oct 14 10:35:48 ip-172-31-18-120 cloud-init[908]: |      o E   . o  |
Oct 14 10:35:48 ip-172-31-18-120 cloud-init[908]: |     o * = .   o |
Oct 14 10:35:48 ip-172-31-18-120 cloud-init[908]: |      = S o o B o|
Oct 14 10:35:48 ip-172-31-18-120 cloud-init[908]: |       + .+= = O |
Oct 14 10:35:48 ip-172-31-18-120 cloud-init[908]: |        .+ B+.+ .|
Oct 14 10:35:48 ip-172-31-18-120 cloud-init[908]: |        . =+O. o |
Oct 14 10:35:48 ip-172-31-18-120 cloud-init[908]: |          +OB=o..|
Oct 14 10:35:48 ip-172-31-18-120 cloud-init[908]: +----[SHA256]-----+
Oct 14 10:35:48 ip-172-31-18-120 cloud-init[908]: Generating public/private ecdsa key pair.
Oct 14 10:35:48 ip-172-31-18-120 cloud-init[908]: Your identification has been saved in /etc/ssh/ssh_host_ecdsa_key.
Oct 14 10:35:48 ip-172-31-18-120 cloud-init[908]: Your public key has been saved in /etc/ssh/ssh_host_ecdsa_key.pub.
Oct 14 10:35:48 ip-172-31-18-120 cloud-init[908]: The key fingerprint is:
Oct 14 10:35:48 ip-172-31-18-120 cloud-init[908]: SHA256:kyl2IxWea+2NJqXg4ANO1g9A+1SD74hlBaHlhEndUqQ root@ip-172-31-18-120
Oct 14 10:35:48 ip-172-31-18-120 cloud-init[908]: The key's randomart image is:
Oct 14 10:35:48 ip-172-31-18-120 cloud-init[908]: +---[ECDSA 256]---+
Oct 14 10:35:48 ip-172-31-18-120 cloud-init[908]: | .o+=B= .        |
Oct 14 10:35:48 ip-172-31-18-120 cloud-init[908]: | .o*+ooo o       |
Oct 14 10:35:48 ip-172-31-18-120 cloud-init[908]: |  + E+  +        |
Oct 14 10:35:48 ip-172-31-18-120 cloud-init[908]: |   =o .. =       |
Oct 14 10:35:48 ip-172-31-18-120 cloud-init[908]: |  ++=o= S o      |
Oct 14 10:35:48 ip-172-31-18-120 cloud-init[908]: | +.o.*.* * o     |
Oct 14 10:35:48 ip-172-31-18-120 cloud-init[908]: |  . o o o + .    |
Oct 14 10:35:48 ip-172-31-18-120 cloud-init[908]: |     .   o       |
Oct 14 10:35:48 ip-172-31-18-120 cloud-init[908]: |                 |
Oct 14 10:35:48 ip-172-31-18-120 cloud-init[908]: +----[SHA256]-----+
Oct 14 10:35:48 ip-172-31-18-120 cloud-init[908]: Generating public/private ed25519 key pair.
Oct 14 10:35:48 ip-172-31-18-120 cloud-init[908]: Your identification has been saved in /etc/ssh/ssh_host_ed25519_key.
Oct 14 10:35:48 ip-172-31-18-120 cloud-init[908]: Your public key has been saved in /etc/ssh/ssh_host_ed25519_key.pub.
Oct 14 10:35:48 ip-172-31-18-120 cloud-init[908]: The key fingerprint is:
Oct 14 10:35:48 ip-172-31-18-120 cloud-init[908]: SHA256:vHXRKcG6nwv8UFOTOw0dOEDXytvmOikqX9I8zq0ZV3g root@ip-172-31-18-120
Oct 14 10:35:48 ip-172-31-18-120 cloud-init[908]: The key's randomart image is:
Oct 14 10:35:48 ip-172-31-18-120 cloud-init[908]: +--[ED25519 256]--+
Oct 14 10:35:48 ip-172-31-18-120 cloud-init[908]: |          .+o.o. |
Oct 14 10:35:48 ip-172-31-18-120 cloud-init[908]: |            o= =.|
Oct 14 10:35:48 ip-172-31-18-120 cloud-init[908]: |           .+ X .|
Oct 14 10:35:48 ip-172-31-18-120 cloud-init[908]: |       .  .  *.= |
Oct 14 10:35:48 ip-172-31-18-120 cloud-init[908]: |        S ..+.=E.|
Oct 14 10:35:48 ip-172-31-18-120 cloud-init[908]: |         ++o oo+ |
Oct 14 10:35:48 ip-172-31-18-120 cloud-init[908]: |        ..+B o+  |
Oct 14 10:35:48 ip-172-31-18-120 cloud-init[908]: |       .  ==Oo . |
Oct 14 10:35:48 ip-172-31-18-120 systemd[1]: Started Initial cloud-init job (metadata service crawler).
Oct 14 10:35:48 ip-172-31-18-120 acpid: starting up with netlink and the input layer
Oct 14 10:35:48 ip-172-31-18-120 cloud-init[908]: |        oo.==+o  |
Oct 14 10:35:48 ip-172-31-18-120 cloud-init[908]: +----[SHA256]-----+
Oct 14 10:35:48 ip-172-31-18-120 systemd[1]: Reached target Cloud-config availability.
Oct 14 10:35:48 ip-172-31-18-120 acpid: 2 rules loaded
Oct 14 10:35:48 ip-172-31-18-120 systemd[1]: Reached target System Initialization.
Oct 14 10:35:48 ip-172-31-18-120 acpid: waiting for events: event logging is off
Oct 14 10:35:48 ip-172-31-18-120 systemd[1]: Started ACPI Events Check.
Oct 14 10:35:48 ip-172-31-18-120 systemd[1]: Listening on D-Bus System Message Bus Socket.
Oct 14 10:35:48 ip-172-31-18-120 systemd[1]: Started Discard unused blocks once a week.
Oct 14 10:35:48 ip-172-31-18-120 systemd[1]: Listening on Open-iSCSI iscsid Socket.
Oct 14 10:35:48 ip-172-31-18-120 systemd[1]: Reached target Paths.
Oct 14 10:35:48 ip-172-31-18-120 systemd[1]: Listening on ACPID Listen Socket.
Oct 14 10:35:48 ip-172-31-18-120 systemd[1]: Started Daily apt download activities.
Oct 14 10:35:48 ip-172-31-18-120 systemd[1]: Started Daily apt upgrade and clean activities.
Oct 14 10:35:48 ip-172-31-18-120 systemd[1]: Listening on UUID daemon activation socket.
Oct 14 10:35:48 ip-172-31-18-120 systemd[1]: Started Message of the Day.
Oct 14 10:35:48 ip-172-31-18-120 systemd[1]: Starting LXD - unix socket.
Oct 14 10:35:48 ip-172-31-18-120 systemd[1]: Starting Socket activation for snappy daemon.
Oct 14 10:35:48 ip-172-31-18-120 systemd[1]: Started Daily Cleanup of Temporary Directories.
Oct 14 10:35:48 ip-172-31-18-120 systemd[1]: Reached target Timers.
Oct 14 10:35:48 ip-172-31-18-120 systemd[1]: Reached target Network is Online.
Oct 14 10:35:48 ip-172-31-18-120 systemd[1]: Starting Availability of block devices...
Oct 14 10:35:48 ip-172-31-18-120 systemd[1]: Reached target Remote File Systems (Pre).
Oct 14 10:35:48 ip-172-31-18-120 systemd[1]: Reached target Remote File Systems.
Oct 14 10:35:48 ip-172-31-18-120 systemd[1]: Listening on LXD - unix socket.
Oct 14 10:35:48 ip-172-31-18-120 systemd[1]: Listening on Socket activation for snappy daemon.
Oct 14 10:35:48 ip-172-31-18-120 systemd[1]: Started Availability of block devices.
Oct 14 10:35:48 ip-172-31-18-120 systemd[1]: Reached target Sockets.
Oct 14 10:35:48 ip-172-31-18-120 systemd[1]: Reached target Basic System.
Oct 14 10:35:48 ip-172-31-18-120 systemd[1]: Started ACPI event daemon.
Oct 14 10:35:48 ip-172-31-18-120 systemd[1]: Started Deferred execution scheduler.
Oct 14 10:35:48 ip-172-31-18-120 systemd[1]: Starting Accounts Service...
Oct 14 10:35:48 ip-172-31-18-120 systemd[1]: Started D-Bus System Message Bus.
Oct 14 10:35:48 ip-172-31-18-120 dbus-daemon[1032]: [system] AppArmor D-Bus mediation is enabled
Oct 14 10:35:48 ip-172-31-18-120 dbus-daemon[1032]: [system] Activating via systemd: service name='org.freedesktop.hostname1' unit='dbus-org.freedesktop.hostname1.service' requested by ':1.2' (uid=100 pid=844 comm="/lib/systemd/systemd-networkd " label="unconfined")
Oct 14 10:35:48 ip-172-31-18-120 systemd[1]: Starting Dispatcher daemon for systemd-networkd...
Oct 14 10:35:48 ip-172-31-18-120 systemd[1]: Starting LSB: Record successful boot for GRUB...
Oct 14 10:35:48 ip-172-31-18-120 systemd[1]: Starting Pollinate to seed the pseudo random number generator...
Oct 14 10:35:48 ip-172-31-18-120 systemd[1]: Starting System Logging Service...
Oct 14 10:35:48 ip-172-31-18-120 systemd[1]: Starting Permit User Sessions...
Oct 14 10:35:48 ip-172-31-18-120 systemd[1]: Starting LXD - container startup/shutdown...
Oct 14 10:35:48 ip-172-31-18-120 systemd[1]: Starting LSB: automatic crash report generation...
Oct 14 10:35:48 ip-172-31-18-120 systemd[1]: Started Regular background program processing daemon.
Oct 14 10:35:48 ip-172-31-18-120 dbus-daemon[1032]: [system] Activating via systemd: service name='org.freedesktop.PolicyKit1' unit='polkit.service' requested by ':1.3' (uid=0 pid=1026 comm="/usr/lib/accountsservice/accounts-daemon " label="unconfined")
Oct 14 10:35:48 ip-172-31-18-120 systemd[1]: Started FUSE filesystem for LXC.
Oct 14 10:35:48 ip-172-31-18-120 systemd[1]: Starting Snap Daemon...
Oct 14 10:35:48 ip-172-31-18-120 cron[1139]: (CRON) INFO (pidfile fd = 3)
Oct 14 10:35:48 ip-172-31-18-120 systemd[1]: Starting Login Service...
Oct 14 10:35:48 ip-172-31-18-120 cron[1139]: (CRON) INFO (Running @reboot jobs)
Oct 14 10:35:48 ip-172-31-18-120 systemd[1]: Started irqbalance daemon.
Oct 14 10:35:48 ip-172-31-18-120 systemd[1]: Started Permit User Sessions.
Oct 14 10:35:48 ip-172-31-18-120 grub-common[1081]:  * Recording successful boot for GRUB
Oct 14 10:35:48 ip-172-31-18-120 apport[1124]:  * Starting automatic crash report generation: apport
Oct 14 10:35:48 ip-172-31-18-120 systemd[1]: Starting Authorization Manager...
Oct 14 10:35:48 ip-172-31-18-120 systemd[1]: Starting Hostname Service...
Oct 14 10:35:48 ip-172-31-18-120 systemd[1]: Starting Terminate Plymouth Boot Screen...
Oct 14 10:35:48 ip-172-31-18-120 lxcfs[1147]: mount namespace: 5
Oct 14 10:35:48 ip-172-31-18-120 lxcfs[1147]: hierarchies:
Oct 14 10:35:48 ip-172-31-18-120 lxcfs[1147]:   0: fd:   6: net_cls,net_prio
Oct 14 10:35:48 ip-172-31-18-120 lxcfs[1147]:   1: fd:   7: rdma
Oct 14 10:35:48 ip-172-31-18-120 lxcfs[1147]:   2: fd:   8: blkio
Oct 14 10:35:48 ip-172-31-18-120 lxcfs[1147]:   3: fd:   9: cpuset
Oct 14 10:35:48 ip-172-31-18-120 lxcfs[1147]:   4: fd:  10: perf_event
Oct 14 10:35:48 ip-172-31-18-120 lxcfs[1147]:   5: fd:  11: pids
Oct 14 10:35:48 ip-172-31-18-120 lxcfs[1147]:   6: fd:  12: freezer
Oct 14 10:35:48 ip-172-31-18-120 lxcfs[1147]:   7: fd:  13: memory
Oct 14 10:35:48 ip-172-31-18-120 lxcfs[1147]:   8: fd:  14: devices
Oct 14 10:35:48 ip-172-31-18-120 lxcfs[1147]:   9: fd:  15: cpu,cpuacct
Oct 14 10:35:48 ip-172-31-18-120 kernel: [    1.276864] *** VALIDATE cgroup2 ***
Oct 14 10:35:48 ip-172-31-18-120 kernel: [    1.280978] Last level iTLB entries: 4KB 64, 2MB 8, 4MB 8
Oct 14 10:35:48 ip-172-31-18-120 kernel: [    1.284863] Last level dTLB entries: 4KB 64, 2MB 0, 4MB 0, 1GB 4
Oct 14 10:35:48 ip-172-31-18-120 lxcfs[1147]:  10: fd:  16: hugetlb
Oct 14 10:35:48 ip-172-31-18-120 kernel: [    1.292865] Spectre V1 : Mitigation: usercopy/swapgs barriers and __user pointer sanitization
Oct 14 10:35:48 ip-172-31-18-120 kernel: [    1.296863] Spectre V2 : Mitigation: Full generic retpoline
Oct 14 10:35:48 ip-172-31-18-120 lxcfs[1147]:  11: fd:  17: name=systemd
Oct 14 10:35:48 ip-172-31-18-120 kernel: [    1.304862] Spectre V2 : Spectre v2 / SpectreRSB mitigation: Filling RSB on context switch
Oct 14 10:35:48 ip-172-31-18-120 kernel: [    1.316862] Speculative Store Bypass: Vulnerable
Oct 14 10:35:48 ip-172-31-18-120 kernel: [    1.320866] MDS: Vulnerable: Clear CPU buffers attempted, no microcode
Oct 14 10:35:48 ip-172-31-18-120 lxcfs[1147]:  12: fd:  18: unified
Oct 14 10:35:48 ip-172-31-18-120 kernel: [    1.329060] Freeing SMP alternatives memory: 40K
Oct 14 10:35:48 ip-172-31-18-120 kernel: [    1.338813] clocksource: xen: mask: 0xffffffffffffffff max_cycles: 0x1cd42e4dffb, max_idle_ns: 881590591483 ns
Oct 14 10:35:48 ip-172-31-18-120 kernel: [    1.352881] Xen: using vcpuop timer interface
Oct 14 10:35:48 ip-172-31-18-120 systemd[1]: Starting Hold until boot process finishes up...
Oct 14 10:35:48 ip-172-31-18-120 kernel: [    1.352889] installing Xen timer for CPU 0
Oct 14 10:35:48 ip-172-31-18-120 kernel: [    1.356942] smpboot: CPU0: Intel(R) Xeon(R) CPU E5-2686 v4 @ 2.30GHz (family: 0x6, model: 0x4f, stepping: 0x1)
Oct 14 10:35:48 ip-172-31-18-120 systemd[1]: Started Terminate Plymouth Boot Screen.
Oct 14 10:35:48 ip-172-31-18-120 kernel: [    1.360903] cpu 0 spinlock event irq 53
Oct 14 10:35:48 ip-172-31-18-120 kernel: [    1.365038] Performance Events: unsupported p6 CPU model 79 no PMU driver, software events only.
Oct 14 10:35:48 ip-172-31-18-120 apport[1124]:    ...done.
Oct 14 10:35:48 ip-172-31-18-120 kernel: [    1.368943] rcu: Hierarchical SRCU implementation.
Oct 14 10:35:48 ip-172-31-18-120 kernel: [    1.373559] NMI watchdog: Perf NMI watchdog permanently disabled
Oct 14 10:35:48 ip-172-31-18-120 kernel: [    1.377103] smp: Bringing up secondary CPUs ...
Oct 14 10:35:48 ip-172-31-18-120 kernel: [    1.381015] installing Xen timer for CPU 1
Oct 14 10:35:48 ip-172-31-18-120 pollinate[1092]: client sent challenge to [https://entropy.ubuntu.com/]
Oct 14 10:35:48 ip-172-31-18-120 kernel: [    1.384859] x86: Booting SMP configuration:
Oct 14 10:35:48 ip-172-31-18-120 kernel: [    1.384870] .... node  #0, CPUs:        #1
Oct 14 10:35:48 ip-172-31-18-120 kernel: [    1.385451] cpu 1 spinlock event irq 59
Oct 14 10:35:48 ip-172-31-18-120 dbus-daemon[1032]: [system] Successfully activated service 'org.freedesktop.hostname1'
Oct 14 10:35:48 ip-172-31-18-120 kernel: [    1.393001] installing Xen timer for CPU 2
Oct 14 10:35:48 ip-172-31-18-120 kernel: [    1.396950]   #2
Oct 14 10:35:48 ip-172-31-18-120 systemd[1]: Started LSB: automatic crash report generation.
Oct 14 10:35:48 ip-172-31-18-120 kernel: [    1.397528] cpu 2 spinlock event irq 65
Oct 14 10:35:48 ip-172-31-18-120 kernel: [    1.404992] installing Xen timer for CPU 3
Oct 14 10:35:48 ip-172-31-18-120 kernel: [    1.408942]   #3
Oct 14 10:35:48 ip-172-31-18-120 rsyslogd: imuxsock: Acquired UNIX socket '/run/systemd/journal/syslog' (fd 3) from systemd.  [v8.32.0]
Oct 14 10:35:48 ip-172-31-18-120 kernel: [    1.409525] cpu 3 spinlock event irq 71
Oct 14 10:35:48 ip-172-31-18-120 kernel: [    1.417006] installing Xen timer for CPU 4
Oct 14 10:35:48 ip-172-31-18-120 rsyslogd: rsyslogd's groupid changed to 106
Oct 14 10:35:48 ip-172-31-18-120 kernel: [    1.420946]   #4
Oct 14 10:35:48 ip-172-31-18-120 kernel: [    1.421491] cpu 4 spinlock event irq 77
Oct 14 10:35:48 ip-172-31-18-120 kernel: [    1.428989] installing Xen timer for CPU 5
Oct 14 10:35:48 ip-172-31-18-120 rsyslogd: rsyslogd's userid changed to 102
Oct 14 10:35:48 ip-172-31-18-120 kernel: [    1.432939]   #5
Oct 14 10:35:48 ip-172-31-18-120 kernel: [    1.433526] cpu 5 spinlock event irq 83
Oct 14 10:35:48 ip-172-31-18-120 rsyslogd:  [origin software="rsyslogd" swVersion="8.32.0" x-pid="1101" x-info="http://www.rsyslog.com"] start
Oct 14 10:35:48 ip-172-31-18-120 kernel: [    1.440999] installing Xen timer for CPU 6
Oct 14 10:35:48 ip-172-31-18-120 kernel: [    1.444943]   #6
Oct 14 10:35:48 ip-172-31-18-120 systemd[1]: Started Hold until boot process finishes up.
Oct 14 10:35:48 ip-172-31-18-120 kernel: [    1.445498] cpu 6 spinlock event irq 89
Oct 14 10:35:48 ip-172-31-18-120 kernel: [    1.453000] installing Xen timer for CPU 7
Oct 14 10:35:48 ip-172-31-18-120 kernel: [    1.456941]   #7
Oct 14 10:35:48 ip-172-31-18-120 kernel: [    1.457547] cpu 7 spinlock event irq 95
Oct 14 10:35:48 ip-172-31-18-120 kernel: [    1.464973] smp: Brought up 1 node, 8 CPUs
Oct 14 10:35:48 ip-172-31-18-120 kernel: [    1.468869] smpboot: Max logical packages: 2
Oct 14 10:35:48 ip-172-31-18-120 kernel: [    1.472867] smpboot: Total of 8 processors activated (36801.18 BogoMIPS)
Oct 14 10:35:48 ip-172-31-18-120 kernel: [    1.478384] devtmpfs: initialized
Oct 14 10:35:48 ip-172-31-18-120 kernel: [    1.480918] x86/mm: Memory block size: 128MB
Oct 14 10:35:48 ip-172-31-18-120 kernel: [    1.489328] clocksource: jiffies: mask: 0xffffffff max_cycles: 0xffffffff, max_idle_ns: 7645041785100000 ns
Oct 14 10:35:48 ip-172-31-18-120 kernel: [    1.492939] futex hash table entries: 4096 (order: 6, 262144 bytes, linear)
Oct 14 10:35:48 ip-172-31-18-120 kernel: [    1.496963] pinctrl core: initialized pinctrl subsystem
Oct 14 10:35:48 ip-172-31-18-120 kernel: [    1.501000] PM: RTC time: 10:35:35, date: 2021-10-14
Oct 14 10:35:48 ip-172-31-18-120 kernel: [    1.505184] NET: Registered protocol family 16
Oct 14 10:35:48 ip-172-31-18-120 kernel: [    1.509089] audit: initializing netlink subsys (disabled)
Oct 14 10:35:48 ip-172-31-18-120 kernel: [    1.512883] audit: type=2000 audit(1634207735.128:1): state=initialized audit_enabled=0 res=1
Oct 14 10:35:48 ip-172-31-18-120 kernel: [    1.513017] EISA bus registered
Oct 14 10:35:48 ip-172-31-18-120 kernel: [    1.520879] cpuidle: using governor ladder
Oct 14 10:35:48 ip-172-31-18-120 kernel: [    1.524874] cpuidle: using governor menu
Oct 14 10:35:48 ip-172-31-18-120 kernel: [    1.528920] ACPI: bus type PCI registered
Oct 14 10:35:48 ip-172-31-18-120 kernel: [    1.532514] acpiphp: ACPI Hot Plug PCI Controller Driver version: 0.5
Oct 14 10:35:48 ip-172-31-18-120 kernel: [    1.533284] PCI: Using configuration type 1 for base access
Oct 14 10:35:48 ip-172-31-18-120 kernel: [    1.540905] HugeTLB registered 1.00 GiB page size, pre-allocated 0 pages
Oct 14 10:35:48 ip-172-31-18-120 kernel: [    1.544869] HugeTLB registered 2.00 MiB page size, pre-allocated 0 pages
Oct 14 10:35:48 ip-172-31-18-120 kernel: [    1.548986] ACPI: Added _OSI(Module Device)
Oct 14 10:35:48 ip-172-31-18-120 kernel: [    1.556869] ACPI: Added _OSI(Processor Device)
Oct 14 10:35:48 ip-172-31-18-120 kernel: [    1.564866] ACPI: Added _OSI(3.0 _SCP Extensions)
Oct 14 10:35:48 ip-172-31-18-120 kernel: [    1.568867] ACPI: Added _OSI(Processor Aggregator Device)
Oct 14 10:35:48 ip-172-31-18-120 kernel: [    1.576867] ACPI: Added _OSI(Linux-Dell-Video)
Oct 14 10:35:48 ip-172-31-18-120 kernel: [    1.584868] ACPI: Added _OSI(Linux-Lenovo-NV-HDMI-Audio)
Oct 14 10:35:48 ip-172-31-18-120 kernel: [    1.588867] ACPI: Added _OSI(Linux-HPI-Hybrid-Graphics)
Oct 14 10:35:48 ip-172-31-18-120 kernel: [    1.601083] ACPI: 3 ACPI AML tables successfully acquired and loaded
Oct 14 10:35:48 ip-172-31-18-120 kernel: [    1.609695] xen: --> pirq=16 -> irq=9 (gsi=9)
Oct 14 10:35:48 ip-172-31-18-120 kernel: [    1.610707] ACPI: Interpreter enabled
Oct 14 10:35:48 ip-172-31-18-120 kernel: [    1.616881] ACPI: (supports S0 S4 S5)
Oct 14 10:35:48 ip-172-31-18-120 kernel: [    1.620866] ACPI: Using IOAPIC for interrupt routing
Oct 14 10:35:48 ip-172-31-18-120 kernel: [    1.628901] PCI: Using host bridge windows from ACPI; if necessary, use "pci=nocrs" and report a bug
Oct 14 10:35:48 ip-172-31-18-120 kernel: [    1.641264] ACPI: Enabled 2 GPEs in block 00 to 0F
Oct 14 10:35:48 ip-172-31-18-120 kernel: [    1.694869] ACPI: PCI Root Bridge [PCI0] (domain 0000 [bus 00-ff])
Oct 14 10:35:48 ip-172-31-18-120 kernel: [    1.700877] acpi PNP0A03:00: _OSC: OS supports [ASPM ClockPM Segments MSI HPX-Type3]
Oct 14 10:35:48 ip-172-31-18-120 kernel: [    1.712885] acpi PNP0A03:00: fail to add MMCONFIG information, can't access extended PCI configuration space under this bridge.
Oct 14 10:35:48 ip-172-31-18-120 kernel: [    1.726116] acpiphp: Slot [0] registered
Oct 14 10:35:48 ip-172-31-18-120 kernel: [    1.734645] acpiphp: Slot [3] registered
Oct 14 10:35:48 ip-172-31-18-120 kernel: [    1.741543] acpiphp: Slot [4] registered
Oct 14 10:35:48 ip-172-31-18-120 kernel: [    1.745506] acpiphp: Slot [5] registered
Oct 14 10:35:48 ip-172-31-18-120 kernel: [    1.753439] acpiphp: Slot [6] registered
Oct 14 10:35:48 ip-172-31-18-120 kernel: [    1.757475] acpiphp: Slot [7] registered
Oct 14 10:35:48 ip-172-31-18-120 kernel: [    1.761656] acpiphp: Slot [8] registered
Oct 14 10:35:48 ip-172-31-18-120 kernel: [    1.769687] acpiphp: Slot [9] registered
Oct 14 10:35:48 ip-172-31-18-120 kernel: [    1.777616] acpiphp: Slot [10] registered
Oct 14 10:35:48 ip-172-31-18-120 kernel: [    1.781307] acpiphp: Slot [11] registered
Oct 14 10:35:48 ip-172-31-18-120 kernel: [    1.789300] acpiphp: Slot [12] registered
Oct 14 10:35:48 ip-172-31-18-120 kernel: [    1.793371] acpiphp: Slot [13] registered
Oct 14 10:35:48 ip-172-31-18-120 kernel: [    1.797446] acpiphp: Slot [14] registered
Oct 14 10:35:48 ip-172-31-18-120 kernel: [    1.801406] acpiphp: Slot [15] registered
Oct 14 10:35:48 ip-172-31-18-120 kernel: [    1.805378] acpiphp: Slot [16] registered
Oct 14 10:35:48 ip-172-31-18-120 kernel: [    1.813520] acpiphp: Slot [17] registered
Oct 14 10:35:48 ip-172-31-18-120 kernel: [    1.817542] acpiphp: Slot [18] registered
Oct 14 10:35:48 ip-172-31-18-120 kernel: [    1.825543] acpiphp: Slot [19] registered
Oct 14 10:35:48 ip-172-31-18-120 kernel: [    1.833612] acpiphp: Slot [20] registered
Oct 14 10:35:48 ip-172-31-18-120 kernel: [    1.837554] acpiphp: Slot [21] registered
Oct 14 10:35:48 ip-172-31-18-120 kernel: [    1.845542] acpiphp: Slot [22] registered
Oct 14 10:35:48 ip-172-31-18-120 kernel: [    1.853483] acpiphp: Slot [23] registered
Oct 14 10:35:48 ip-172-31-18-120 kernel: [    1.857556] acpiphp: Slot [24] registered
Oct 14 10:35:48 ip-172-31-18-120 kernel: [    1.865514] acpiphp: Slot [25] registered
Oct 14 10:35:48 ip-172-31-18-120 kernel: [    1.869490] acpiphp: Slot [26] registered
Oct 14 10:35:48 ip-172-31-18-120 kernel: [    1.877440] acpiphp: Slot [27] registered
Oct 14 10:35:48 ip-172-31-18-120 kernel: [    1.881526] acpiphp: Slot [28] registered
Oct 14 10:35:48 ip-172-31-18-120 kernel: [    1.889475] acpiphp: Slot [29] registered
Oct 14 10:35:48 ip-172-31-18-120 kernel: [    1.893493] acpiphp: Slot [30] registered
Oct 14 10:35:48 ip-172-31-18-120 kernel: [    1.901572] acpiphp: Slot [31] registered
Oct 14 10:35:48 ip-172-31-18-120 kernel: [    1.905519] PCI host bridge to bus 0000:00
Oct 14 10:35:48 ip-172-31-18-120 kernel: [    1.912869] pci_bus 0000:00: root bus resource [io  0x0000-0x0cf7 window]
Oct 14 10:35:48 ip-172-31-18-120 kernel: [    1.920869] pci_bus 0000:00: root bus resource [io  0x0d00-0xffff window]
Oct 14 10:35:48 ip-172-31-18-120 kernel: [    1.928867] pci_bus 0000:00: root bus resource [mem 0x000a0000-0x000bffff window]
Oct 14 10:35:48 ip-172-31-18-120 kernel: [    1.940868] pci_bus 0000:00: root bus resource [mem 0xf0000000-0xfbffffff window]
Oct 14 10:35:48 ip-172-31-18-120 kernel: [    1.948867] pci_bus 0000:00: root bus resource [bus 00-ff]
Oct 14 10:35:48 ip-172-31-18-120 kernel: [    1.957203] pci 0000:00:00.0: [8086:1237] type 00 class 0x060000
Oct 14 10:35:48 ip-172-31-18-120 kernel: [    1.969040] pci 0000:00:01.0: [8086:7000] type 00 class 0x060100
Oct 14 10:35:48 ip-172-31-18-120 kernel: [    1.983002] pci 0000:00:01.1: [8086:7010] type 00 class 0x010180
Oct 14 10:35:48 ip-172-31-18-120 kernel: [    1.996310] pci 0000:00:01.1: reg 0x20: [io  0xc100-0xc10f]
Oct 14 10:35:48 ip-172-31-18-120 kernel: [    2.001839] pci 0000:00:01.1: legacy IDE quirk: reg 0x10: [io  0x01f0-0x01f7]
Oct 14 10:35:48 ip-172-31-18-120 kernel: [    2.008867] pci 0000:00:01.1: legacy IDE quirk: reg 0x14: [io  0x03f6]
Oct 14 10:35:48 ip-172-31-18-120 kernel: [    2.016868] pci 0000:00:01.1: legacy IDE quirk: reg 0x18: [io  0x0170-0x0177]
Oct 14 10:35:48 ip-172-31-18-120 kernel: [    2.024866] pci 0000:00:01.1: legacy IDE quirk: reg 0x1c: [io  0x0376]
Oct 14 10:35:48 ip-172-31-18-120 kernel: [    2.030301] pci 0000:00:01.3: [8086:7113] type 00 class 0x068000
Oct 14 10:35:48 ip-172-31-18-120 kernel: [    2.040942] * Found PM-Timer Bug on the chipset. Due to workarounds for a bug,
Oct 14 10:35:48 ip-172-31-18-120 kernel: [    2.040942] * this clock source is slow. Consider trying other clock sources
Oct 14 10:35:48 ip-172-31-18-120 kernel: [    2.052877] pci 0000:00:01.3: acpi_pm_check_blacklist+0x0/0x40 took 11718 usecs
Oct 14 10:35:48 ip-172-31-18-120 kernel: [    2.068487] pci 0000:00:01.3: quirk: [io  0xb000-0xb03f] claimed by PIIX4 ACPI
Oct 14 10:35:48 ip-172-31-18-120 kernel: [    2.077318] pci 0000:00:01.3: quirk_piix4_acpi+0x0/0x160 took 11718 usecs
Oct 14 10:35:48 ip-172-31-18-120 kernel: [    2.086632] pci 0000:00:02.0: [1013:00b8] type 00 class 0x030000
Oct 14 10:35:48 ip-172-31-18-120 kernel: [    2.093787] pci 0000:00:02.0: reg 0x10: [mem 0xf0000000-0xf1ffffff pref]
Oct 14 10:35:48 ip-172-31-18-120 kernel: [    2.105374] pci 0000:00:02.0: reg 0x14: [mem 0xf3000000-0xf3000fff]
Oct 14 10:35:48 ip-172-31-18-120 kernel: [    2.117017] pci 0000:00:03.0: [5853:0001] type 00 class 0xff8000
Oct 14 10:35:48 ip-172-31-18-120 kernel: [    2.125867] pci 0000:00:03.0: reg 0x10: [io  0xc000-0xc0ff]
Oct 14 10:35:48 ip-172-31-18-120 kernel: [    2.133403] pci 0000:00:03.0: reg 0x14: [mem 0xf2000000-0xf2ffffff pref]
Oct 14 10:35:48 ip-172-31-18-120 kernel: [    2.150778] ACPI: PCI Interrupt Link [LNKA] (IRQs *5 10 11)
Oct 14 10:35:48 ip-172-31-18-120 kernel: [    2.157236] ACPI: PCI Interrupt Link [LNKB] (IRQs 5 *10 11)
Oct 14 10:35:48 ip-172-31-18-120 kernel: [    2.165222] ACPI: PCI Interrupt Link [LNKC] (IRQs 5 10 *11)
Oct 14 10:35:48 ip-172-31-18-120 kernel: [    2.169183] ACPI: PCI Interrupt Link [LNKD] (IRQs *5 10 11)
Oct 14 10:35:48 ip-172-31-18-120 kernel: [    2.209660] xen:balloon: Initialising balloon driver
Oct 14 10:35:48 ip-172-31-18-120 kernel: [    2.216920] iommu: Default domain type: Translated 
Oct 14 10:35:48 ip-172-31-18-120 kernel: [    2.225030] SCSI subsystem initialized
Oct 14 10:35:48 ip-172-31-18-120 kernel: [    2.228886] libata version 3.00 loaded.
Oct 14 10:35:48 ip-172-31-18-120 kernel: [    2.228945] pci 0000:00:02.0: vgaarb: setting as boot VGA device
Oct 14 10:35:48 ip-172-31-18-120 kernel: [    2.232859] pci 0000:00:02.0: vgaarb: VGA device added: decodes=io+mem,owns=io+mem,locks=none
Oct 14 10:35:48 ip-172-31-18-120 kernel: [    2.244869] pci 0000:00:02.0: vgaarb: bridge control possible
Oct 14 10:35:48 ip-172-31-18-120 kernel: [    2.252866] vgaarb: loaded
Oct 14 10:35:48 ip-172-31-18-120 kernel: [    2.256895] ACPI: bus type USB registered
Oct 14 10:35:48 ip-172-31-18-120 kernel: [    2.264891] usbcore: registered new interface driver usbfs
Oct 14 10:35:48 ip-172-31-18-120 kernel: [    2.268879] usbcore: registered new interface driver hub
Oct 14 10:35:48 ip-172-31-18-120 kernel: [    2.276885] usbcore: registered new device driver usb
Oct 14 10:35:48 ip-172-31-18-120 kernel: [    2.284900] pps_core: LinuxPPS API ver. 1 registered
Oct 14 10:35:48 ip-172-31-18-120 kernel: [    2.288866] pps_core: Software ver. 5.3.6 - Copyright 2005-2007 Rodolfo Giometti <giometti@linux.it>
Oct 14 10:35:48 ip-172-31-18-120 kernel: [    2.296873] PTP clock support registered
Oct 14 10:35:48 ip-172-31-18-120 kernel: [    2.300895] EDAC MC: Ver: 3.0.0
Oct 14 10:35:48 ip-172-31-18-120 kernel: [    2.308908] PCI: Using ACPI for IRQ routing
Oct 14 10:35:48 ip-172-31-18-120 kernel: [    2.312868] PCI: pci_cache_line_size set to 64 bytes
Oct 14 10:35:48 ip-172-31-18-120 kernel: [    2.313805] e820: reserve RAM buffer [mem 0x0009e000-0x0009ffff]
Oct 14 10:35:48 ip-172-31-18-120 kernel: [    2.313936] NetLabel: Initializing
Oct 14 10:35:48 ip-172-31-18-120 kernel: [    2.320866] NetLabel:  domain hash size = 128
Oct 14 10:35:48 ip-172-31-18-120 kernel: [    2.324865] NetLabel:  protocols = UNLABELED CIPSOv4 CALIPSO
Oct 14 10:35:48 ip-172-31-18-120 kernel: [    2.332894] NetLabel:  unlabeled traffic allowed by default
Oct 14 10:35:48 ip-172-31-18-120 kernel: [    2.340919] hpet: 3 channels of 0 reserved for per-cpu timers
Oct 14 10:35:48 ip-172-31-18-120 kernel: [    2.344873] hpet0: at MMIO 0xfed00000, IRQs 2, 8, 0
Oct 14 10:35:48 ip-172-31-18-120 kernel: [    2.352865] hpet0: 3 comparators, 64-bit 62.500000 MHz counter
Oct 14 10:35:48 ip-172-31-18-120 kernel: [    2.364924] clocksource: Switched to clocksource xen
Oct 14 10:35:48 ip-172-31-18-120 kernel: [    2.385342] *** VALIDATE bpf ***
Oct 14 10:35:48 ip-172-31-18-120 kernel: [    2.390144] VFS: Disk quotas dquot_6.6.0
Oct 14 10:35:48 ip-172-31-18-120 kernel: [    2.395232] VFS: Dquot-cache hash table entries: 512 (order 0, 4096 bytes)
Oct 14 10:35:48 ip-172-31-18-120 kernel: [    2.402793] *** VALIDATE ramfs ***
Oct 14 10:35:48 ip-172-31-18-120 kernel: [    2.407007] *** VALIDATE hugetlbfs ***
Oct 14 10:35:48 ip-172-31-18-120 kernel: [    2.411860] AppArmor: AppArmor Filesystem Enabled
Oct 14 10:35:48 ip-172-31-18-120 kernel: [    2.418579] pnp: PnP ACPI init
Oct 14 10:35:48 ip-172-31-18-120 kernel: [    2.423015] system 00:00: [mem 0x00000000-0x0009ffff] could not be reserved
Oct 14 10:35:48 ip-172-31-18-120 kernel: [    2.431823] system 00:00: Plug and Play ACPI device, IDs PNP0c02 (active)
Oct 14 10:35:48 ip-172-31-18-120 kernel: [    2.431932] system 00:01: [io  0x08a0-0x08a3] has been reserved
Oct 14 10:35:48 ip-172-31-18-120 kernel: [    2.439872] system 00:01: [io  0x0cc0-0x0ccf] has been reserved
Oct 14 10:35:48 ip-172-31-18-120 kernel: [    2.448108] system 00:01: [io  0x04d0-0x04d1] has been reserved
Oct 14 10:35:48 ip-172-31-18-120 kernel: [    2.457100] system 00:01: Plug and Play ACPI device, IDs PNP0c02 (active)
Oct 14 10:35:48 ip-172-31-18-120 kernel: [    2.457134] xen: --> pirq=17 -> irq=8 (gsi=8)
Oct 14 10:35:48 ip-172-31-18-120 kernel: [    2.457152] pnp 00:02: Plug and Play ACPI device, IDs PNP0b00 (active)
Oct 14 10:35:48 ip-172-31-18-120 kernel: [    2.457177] xen: --> pirq=18 -> irq=12 (gsi=12)
Oct 14 10:35:48 ip-172-31-18-120 kernel: [    2.457195] pnp 00:03: Plug and Play ACPI device, IDs PNP0f13 (active)
Oct 14 10:35:48 ip-172-31-18-120 kernel: [    2.457225] xen: --> pirq=19 -> irq=1 (gsi=1)
Oct 14 10:35:48 ip-172-31-18-120 kernel: [    2.457236] pnp 00:04: Plug and Play ACPI device, IDs PNP0303 PNP030b (active)
Oct 14 10:35:48 ip-172-31-18-120 kernel: [    2.457254] xen: --> pirq=20 -> irq=6 (gsi=6)
Oct 14 10:35:48 ip-172-31-18-120 kernel: [    2.457255] pnp 00:05: [dma 2]
Oct 14 10:35:48 ip-172-31-18-120 kernel: [    2.457268] pnp 00:05: Plug and Play ACPI device, IDs PNP0700 (active)
Oct 14 10:35:48 ip-172-31-18-120 kernel: [    2.457293] xen: --> pirq=21 -> irq=4 (gsi=4)
Oct 14 10:35:48 ip-172-31-18-120 kernel: [    2.457307] pnp 00:06: Plug and Play ACPI device, IDs PNP0501 (active)
Oct 14 10:35:48 ip-172-31-18-120 kernel: [    2.457351] system 00:07: [io  0x10c0-0x1141] has been reserved
Oct 14 10:35:48 ip-172-31-18-120 kernel: [    2.465776] system 00:07: [io  0xb044-0xb047] has been reserved
Oct 14 10:35:48 ip-172-31-18-120 kernel: [    2.473759] system 00:07: Plug and Play ACPI device, IDs PNP0c02 (active)
Oct 14 10:35:48 ip-172-31-18-120 kernel: [    2.504597] pnp: PnP ACPI: found 8 devices
Oct 14 10:35:48 ip-172-31-18-120 kernel: [    2.513449] thermal_sys: Registered thermal governor 'fair_share'
Oct 14 10:35:48 ip-172-31-18-120 kernel: [    2.513450] thermal_sys: Registered thermal governor 'bang_bang'
Oct 14 10:35:48 ip-172-31-18-120 kernel: [    2.521541] thermal_sys: Registered thermal governor 'step_wise'
Oct 14 10:35:48 ip-172-31-18-120 kernel: [    2.529898] thermal_sys: Registered thermal governor 'user_space'
Oct 14 10:35:48 ip-172-31-18-120 kernel: [    2.538343] thermal_sys: Registered thermal governor 'power_allocator'
Oct 14 10:35:48 ip-172-31-18-120 kernel: [    2.551248] clocksource: acpi_pm: mask: 0xffffff max_cycles: 0xffffff, max_idle_ns: 2085701024 ns
Oct 14 10:35:48 ip-172-31-18-120 kernel: [    2.572218] pci_bus 0000:00: resource 4 [io  0x0000-0x0cf7 window]
Oct 14 10:35:48 ip-172-31-18-120 kernel: [    2.580931] pci_bus 0000:00: resource 5 [io  0x0d00-0xffff window]
Oct 14 10:35:48 ip-172-31-18-120 kernel: [    2.588815] pci_bus 0000:00: resource 6 [mem 0x000a0000-0x000bffff window]
Oct 14 10:35:48 ip-172-31-18-120 kernel: [    2.597762] pci_bus 0000:00: resource 7 [mem 0xf0000000-0xfbffffff window]
Oct 14 10:35:48 ip-172-31-18-120 kernel: [    2.607363] NET: Registered protocol family 2
Oct 14 10:35:48 ip-172-31-18-120 kernel: [    2.614712] tcp_listen_portaddr_hash hash table entries: 16384 (order: 6, 262144 bytes, linear)
Oct 14 10:35:48 ip-172-31-18-120 kernel: [    2.625180] TCP established hash table entries: 262144 (order: 9, 2097152 bytes, linear)
Oct 14 10:35:48 ip-172-31-18-120 kernel: [    2.635701] TCP bind hash table entries: 65536 (order: 8, 1048576 bytes, linear)
Oct 14 10:35:48 ip-172-31-18-120 kernel: [    2.646093] TCP: Hash tables configured (established 262144 bind 65536)
Oct 14 10:35:48 ip-172-31-18-120 kernel: [    2.655160] UDP hash table entries: 16384 (order: 7, 524288 bytes, linear)
Oct 14 10:35:48 ip-172-31-18-120 kernel: [    2.664560] UDP-Lite hash table entries: 16384 (order: 7, 524288 bytes, linear)
Oct 14 10:35:48 ip-172-31-18-120 kernel: [    2.674965] NET: Registered protocol family 1
Oct 14 10:35:48 ip-172-31-18-120 kernel: [    2.681329] NET: Registered protocol family 44
Oct 14 10:35:48 ip-172-31-18-120 kernel: [    2.687402] pci 0000:00:01.0: PIIX3: Enabling Passive Release
Oct 14 10:35:48 ip-172-31-18-120 kernel: [    2.694759] pci 0000:00:00.0: Limiting direct PCI/PCI transfers
Oct 14 10:35:48 ip-172-31-18-120 kernel: [    2.701690] pci 0000:00:01.0: Activating ISA DMA hang workarounds
Oct 14 10:35:48 ip-172-31-18-120 kernel: [    2.709839] pci 0000:00:02.0: Video device with shadowed ROM at [mem 0x000c0000-0x000dffff]
Oct 14 10:35:48 ip-172-31-18-120 kernel: [    2.719090] PCI: CLS 0 bytes, default 64
Oct 14 10:35:48 ip-172-31-18-120 kernel: [    2.723004] Trying to unpack rootfs image as initramfs...
Oct 14 10:35:48 ip-172-31-18-120 kernel: [    3.027343] Freeing initrd memory: 21068K
Oct 14 10:35:48 ip-172-31-18-120 kernel: [    3.032669] PCI-DMA: Using software bounce buffering for IO (SWIOTLB)
Oct 14 10:35:48 ip-172-31-18-120 kernel: [    3.041187] software IO TLB: mapped [mem 0xec000000-0xf0000000] (64MB)
Oct 14 10:35:48 ip-172-31-18-120 kernel: [    3.050019] check: Scanning for low memory corruption every 60 seconds
Oct 14 10:35:48 ip-172-31-18-120 kernel: [    3.059043] Initialise system trusted keyrings
Oct 14 10:35:48 ip-172-31-18-120 kernel: [    3.065340] Key type blacklist registered
Oct 14 10:35:48 ip-172-31-18-120 kernel: [    3.071270] workingset: timestamp_bits=36 max_order=23 bucket_order=0
Oct 14 10:35:48 ip-172-31-18-120 kernel: [    3.080701] zbud: loaded
Oct 14 10:35:48 ip-172-31-18-120 kernel: [    3.085151] squashfs: version 4.0 (2009/01/31) Phillip Lougher
Oct 14 10:35:48 ip-172-31-18-120 kernel: [    3.090952] fuse: init (API version 7.31)
Oct 14 10:35:48 ip-172-31-18-120 kernel: [    3.094702] *** VALIDATE fuse ***
Oct 14 10:35:48 ip-172-31-18-120 kernel: [    3.098487] *** VALIDATE fuse ***
Oct 14 10:35:48 ip-172-31-18-120 kernel: [    3.102407] Platform Keyring initialized
Oct 14 10:35:48 ip-172-31-18-120 kernel: [    3.109928] Key type asymmetric registered
Oct 14 10:35:48 ip-172-31-18-120 kernel: [    3.113980] Asymmetric key parser 'x509' registered
Oct 14 10:35:48 ip-172-31-18-120 kernel: [    3.119222] Block layer SCSI generic (bsg) driver version 0.4 loaded (major 244)
Oct 14 10:35:48 ip-172-31-18-120 kernel: [    3.129033] io scheduler mq-deadline registered
Oct 14 10:35:48 ip-172-31-18-120 kernel: [    3.135682] shpchp: Standard Hot Plug PCI Controller Driver version: 0.4
Oct 14 10:35:48 ip-172-31-18-120 kernel: [    3.144429] intel_idle: Please enable MWAIT in BIOS SETUP
Oct 14 10:35:48 ip-172-31-18-120 kernel: [    3.144544] input: Power Button as /devices/LNXSYSTM:00/LNXPWRBN:00/input/input0
Oct 14 10:35:48 ip-172-31-18-120 kernel: [    3.154899] ACPI: Power Button [PWRF]
Oct 14 10:35:48 ip-172-31-18-120 kernel: [    3.160701] input: Sleep Button as /devices/LNXSYSTM:00/LNXSLPBN:00/input/input1
Oct 14 10:35:48 ip-172-31-18-120 kernel: [    3.171336] ACPI: Sleep Button [SLPF]
Oct 14 10:35:48 ip-172-31-18-120 kernel: [    3.181654] xen: --> pirq=22 -> irq=28 (gsi=28)
Oct 14 10:35:48 ip-172-31-18-120 kernel: [    3.181840] xen:grant_table: Grant tables using version 1 layout
Oct 14 10:35:48 ip-172-31-18-120 kernel: [    3.190305] Grant table initialized
Oct 14 10:35:48 ip-172-31-18-120 kernel: [    3.196431] Cannot get hvm parameter CONSOLE_EVTCHN (18): -22!
Oct 14 10:35:48 ip-172-31-18-120 kernel: [    3.205139] Serial: 8250/16550 driver, 4 ports, IRQ sharing enabled
Oct 14 10:35:48 ip-172-31-18-120 kernel: [    3.251635] 00:06: ttyS0 at I/O 0x3f8 (irq = 4, base_baud = 115200) is a 16550A
Oct 14 10:35:48 ip-172-31-18-120 kernel: [    3.262819] Linux agpgart interface v0.103
Oct 14 10:35:48 ip-172-31-18-120 kernel: [    3.273019] loop: module loaded
Oct 14 10:35:48 ip-172-31-18-120 kernel: [    3.278721] ata_piix 0000:00:01.1: version 2.13
Oct 14 10:35:48 ip-172-31-18-120 kernel: [    3.280337] scsi host0: ata_piix
Oct 14 10:35:48 ip-172-31-18-120 kernel: [    3.286046] scsi host1: ata_piix
Oct 14 10:35:48 ip-172-31-18-120 kernel: [    3.287527] blkfront: xvda: barrier or flush: disabled; persistent grants: disabled; indirect descriptors: enabled;
Oct 14 10:35:48 ip-172-31-18-120 kernel: [    3.291702] ata1: PATA max MWDMA2 cmd 0x1f0 ctl 0x3f6 bmdma 0xc100 irq 14
Oct 14 10:35:48 ip-172-31-18-120 kernel: [    3.313975] ata2: PATA max MWDMA2 cmd 0x170 ctl 0x376 bmdma 0xc108 irq 15
Oct 14 10:35:48 ip-172-31-18-120 kernel: [    3.322886] libphy: Fixed MDIO Bus: probed
Oct 14 10:35:48 ip-172-31-18-120 kernel: [    3.323778]  xvda: xvda1
Oct 14 10:35:48 ip-172-31-18-120 kernel: [    3.327707] tun: Universal TUN/TAP device driver, 1.6
Oct 14 10:35:48 ip-172-31-18-120 kernel: [    3.327776] PPP generic driver version 2.4.2
Oct 14 10:35:48 ip-172-31-18-120 kernel: [    3.344966] ehci_hcd: USB 2.0 'Enhanced' Host Controller (EHCI) Driver
Oct 14 10:35:48 ip-172-31-18-120 kernel: [    3.353361] ehci-pci: EHCI PCI platform driver
Oct 14 10:35:48 ip-172-31-18-120 kernel: [    3.359604] ehci-platform: EHCI generic platform driver
Oct 14 10:35:48 ip-172-31-18-120 kernel: [    3.367165] ohci_hcd: USB 1.1 'Open' Host Controller (OHCI) Driver
Oct 14 10:35:48 ip-172-31-18-120 kernel: [    3.375613] ohci-pci: OHCI PCI platform driver
Oct 14 10:35:48 ip-172-31-18-120 kernel: [    3.381780] ohci-platform: OHCI generic platform driver
Oct 14 10:35:48 ip-172-31-18-120 kernel: [    3.388729] uhci_hcd: USB Universal Host Controller Interface driver
Oct 14 10:35:48 ip-172-31-18-120 kernel: [    3.397478] i8042: PNP: PS/2 Controller [PNP0303:PS2K,PNP0f13:PS2M] at 0x60,0x64 irq 1,12
Oct 14 10:35:48 ip-172-31-18-120 kernel: [    3.412870] serio: i8042 KBD port at 0x60,0x64 irq 1
Oct 14 10:35:48 ip-172-31-18-120 kernel: [    3.419500] serio: i8042 AUX port at 0x60,0x64 irq 12
Oct 14 10:35:48 ip-172-31-18-120 kernel: [    3.426683] mousedev: PS/2 mouse device common for all mice
Oct 14 10:35:48 ip-172-31-18-120 kernel: [    3.434782] rtc_cmos 00:02: registered as rtc0
Oct 14 10:35:48 ip-172-31-18-120 kernel: [    3.441076] rtc_cmos 00:02: alarms up to one day, 114 bytes nvram, hpet irqs
Oct 14 10:35:48 ip-172-31-18-120 kernel: [    3.450564] device-mapper: uevent: version 1.0.3
Oct 14 10:35:48 ip-172-31-18-120 kernel: [    3.451190] input: AT Translated Set 2 keyboard as /devices/platform/i8042/serio0/input/input2
Oct 14 10:35:48 ip-172-31-18-120 kernel: [    3.457141] device-mapper: ioctl: 4.41.0-ioctl (2019-09-16) initialised: dm-devel@redhat.com
Oct 14 10:35:48 ip-172-31-18-120 kernel: [    3.480571] platform eisa.0: Probing EISA bus 0
Oct 14 10:35:48 ip-172-31-18-120 kernel: [    3.486166] platform eisa.0: EISA: Cannot allocate resource for mainboard
Oct 14 10:35:48 ip-172-31-18-120 kernel: [    3.493875] platform eisa.0: Cannot allocate resource for EISA slot 1
Oct 14 10:35:48 ip-172-31-18-120 kernel: [    3.501477] platform eisa.0: Cannot allocate resource for EISA slot 2
Oct 14 10:35:48 ip-172-31-18-120 kernel: [    3.509413] platform eisa.0: Cannot allocate resource for EISA slot 3
Oct 14 10:35:48 ip-172-31-18-120 kernel: [    3.517417] platform eisa.0: Cannot allocate resource for EISA slot 4
Oct 14 10:35:48 ip-172-31-18-120 kernel: [    3.525746] platform eisa.0: Cannot allocate resource for EISA slot 5
Oct 14 10:35:48 ip-172-31-18-120 kernel: [    3.534050] platform eisa.0: Cannot allocate resource for EISA slot 6
Oct 14 10:35:48 ip-172-31-18-120 kernel: [    3.542781] platform eisa.0: Cannot allocate resource for EISA slot 7
Oct 14 10:35:48 ip-172-31-18-120 kernel: [    3.551467] platform eisa.0: Cannot allocate resource for EISA slot 8
Oct 14 10:35:48 ip-172-31-18-120 kernel: [    3.560113] platform eisa.0: EISA: Detected 0 cards
Oct 14 10:35:48 ip-172-31-18-120 kernel: [    3.566880] intel_pstate: CPU model not supported
Oct 14 10:35:48 ip-172-31-18-120 kernel: [    3.573413] drop_monitor: Initializing network drop monitor service
Oct 14 10:35:48 ip-172-31-18-120 kernel: [    3.581764] NET: Registered protocol family 10
Oct 14 10:35:48 ip-172-31-18-120 kernel: [    3.592617] Segment Routing with IPv6
Oct 14 10:35:48 ip-172-31-18-120 kernel: [    3.599383] NET: Registered protocol family 17
Oct 14 10:35:48 ip-172-31-18-120 kernel: [    3.607091] Key type dns_resolver registered
Oct 14 10:35:48 ip-172-31-18-120 kernel: [    3.613745] RAS: Correctable Errors collector initialized.
Oct 14 10:35:48 ip-172-31-18-120 kernel: [    3.621046] IPI shorthand broadcast: enabled
Oct 14 10:35:48 ip-172-31-18-120 kernel: [    3.626940] sched_clock: Marking stable (2756476802, 870446223)->(3745204940, -118281915)
Oct 14 10:35:48 ip-172-31-18-120 kernel: [    3.638412] registered taskstats version 1
Oct 14 10:35:48 ip-172-31-18-120 kernel: [    3.644295] Loading compiled-in X.509 certificates
Oct 14 10:35:48 ip-172-31-18-120 kernel: [    3.651679] Loaded X.509 cert 'Build time autogenerated kernel key: 8286cd69e9f8b235cc87c05595d9618d16929256'
Oct 14 10:35:48 ip-172-31-18-120 kernel: [    3.665106] Loaded X.509 cert 'Canonical Ltd. Live Patch Signing: 14df34d1a87cf37625abec039ef2bf521249b969'
Oct 14 10:35:48 ip-172-31-18-120 kernel: [    3.676970] Loaded X.509 cert 'Canonical Ltd. Kernel Module Signing: 88f752e560a1e0737e31163a466ad7b70a850c19'
Oct 14 10:35:48 ip-172-31-18-120 kernel: [    3.688000] zswap: loaded using pool lzo/zbud
Oct 14 10:35:48 ip-172-31-18-120 kernel: [    3.693501] Key type ._fscrypt registered
Oct 14 10:35:48 ip-172-31-18-120 kernel: [    3.698569] Key type .fscrypt registered
Oct 14 10:35:48 ip-172-31-18-120 kernel: [    3.707392] Key type big_key registered
Oct 14 10:35:48 ip-172-31-18-120 kernel: [    3.714117] Key type encrypted registered
Oct 14 10:35:48 ip-172-31-18-120 kernel: [    3.719457] AppArmor: AppArmor sha1 policy hashing enabled
Oct 14 10:35:48 ip-172-31-18-120 kernel: [    3.726289] ima: No TPM chip found, activating TPM-bypass!
Oct 14 10:35:48 ip-172-31-18-120 kernel: [    3.733599] ima: Allocated hash algorithm: sha1
Oct 14 10:35:48 ip-172-31-18-120 kernel: [    3.739733] ima: No architecture policies found
Oct 14 10:35:48 ip-172-31-18-120 kernel: [    3.746707] evm: Initialising EVM extended attributes:
Oct 14 10:35:48 ip-172-31-18-120 kernel: [    3.754279] evm: security.selinux
Oct 14 10:35:48 ip-172-31-18-120 kernel: [    3.759222] evm: security.SMACK64
Oct 14 10:35:48 ip-172-31-18-120 kernel: [    3.764052] evm: security.SMACK64EXEC
Oct 14 10:35:48 ip-172-31-18-120 kernel: [    3.769320] evm: security.SMACK64TRANSMUTE
Oct 14 10:35:48 ip-172-31-18-120 kernel: [    3.774947] evm: security.SMACK64MMAP
Oct 14 10:35:48 ip-172-31-18-120 kernel: [    3.780210] evm: security.apparmor
Oct 14 10:35:48 ip-172-31-18-120 kernel: [    3.785365] evm: security.ima
Oct 14 10:35:48 ip-172-31-18-120 kernel: [    3.789932] evm: security.capability
Oct 14 10:35:48 ip-172-31-18-120 kernel: [    3.794886] evm: HMAC attrs: 0x1
Oct 14 10:35:48 ip-172-31-18-120 kernel: [    3.798647] xenbus_probe_frontend: Device with no driver: device/vif/0
Oct 14 10:35:48 ip-172-31-18-120 kernel: [    3.806841] PM:   Magic number: 9:166:578
Oct 14 10:35:48 ip-172-31-18-120 kernel: [    3.812654] platform pcspkr: hash matches
Oct 14 10:35:48 ip-172-31-18-120 kernel: [    3.818197] rtc_cmos 00:02: setting system clock to 2021-10-14T10:35:37 UTC (1634207737)
Oct 14 10:35:48 ip-172-31-18-120 kernel: [    3.831878] Freeing unused decrypted memory: 2036K
Oct 14 10:35:48 ip-172-31-18-120 kernel: [    3.838747] Freeing unused kernel image memory: 2656K
Oct 14 10:35:48 ip-172-31-18-120 kernel: [    3.852955] Write protecting the kernel read-only data: 22528k
Oct 14 10:35:48 ip-172-31-18-120 kernel: [    3.861273] Freeing unused kernel image memory: 2008K
Oct 14 10:35:48 ip-172-31-18-120 kernel: [    3.868412] Freeing unused kernel image memory: 1488K
Oct 14 10:35:48 ip-172-31-18-120 kernel: [    3.883948] x86/mm: Checked W+X mappings: passed, no W+X pages found.
Oct 14 10:35:48 ip-172-31-18-120 kernel: [    3.891579] x86/mm: Checking user space page tables
Oct 14 10:35:48 ip-172-31-18-120 kernel: [    3.906497] x86/mm: Checked W+X mappings: passed, no W+X pages found.
Oct 14 10:35:48 ip-172-31-18-120 kernel: [    3.914696] Run /init as init process
Oct 14 10:35:48 ip-172-31-18-120 kernel: [    4.020651] cryptd: max_cpu_qlen set to 1000
Oct 14 10:35:48 ip-172-31-18-120 kernel: [    4.031551] AVX2 version of gcm_enc/dec engaged.
Oct 14 10:35:48 ip-172-31-18-120 kernel: [    4.038101] AES CTR mode by8 optimization enabled
Oct 14 10:35:48 ip-172-31-18-120 kernel: [    4.045119] xen_netfront: Initialising Xen virtual ethernet driver
Oct 14 10:35:48 ip-172-31-18-120 kernel: [    4.068969] tsc: Refined TSC clocksource calibration: 2300.002 MHz
Oct 14 10:35:48 ip-172-31-18-120 kernel: [    4.076016] clocksource: tsc: mask: 0xffffffffffffffff max_cycles: 0x21273747cc1, max_idle_ns: 440795306113 ns
Oct 14 10:35:48 ip-172-31-18-120 kernel: [    5.820931] raid6: avx2x4   gen() 23317 MB/s
Oct 14 10:35:48 ip-172-31-18-120 kernel: [    5.872929] raid6: avx2x4   xor() 14873 MB/s
Oct 14 10:35:48 ip-172-31-18-120 kernel: [    5.920930] raid6: avx2x2   gen() 20337 MB/s
Oct 14 10:35:48 ip-172-31-18-120 kernel: [    5.972930] raid6: avx2x2   xor() 12283 MB/s
Oct 14 10:35:48 ip-172-31-18-120 kernel: [    6.020929] raid6: avx2x1   gen() 17733 MB/s
Oct 14 10:35:48 ip-172-31-18-120 kernel: [    6.068926] raid6: avx2x1   xor() 11675 MB/s
Oct 14 10:35:48 ip-172-31-18-120 kernel: [    6.120933] raid6: sse2x4   gen() 13061 MB/s
Oct 14 10:35:48 ip-172-31-18-120 kernel: [    6.172930] raid6: sse2x4   xor()  8292 MB/s
Oct 14 10:35:48 ip-172-31-18-120 kernel: [    6.220928] raid6: sse2x2   gen() 10891 MB/s
Oct 14 10:35:48 ip-172-31-18-120 kernel: [    6.268926] raid6: sse2x2   xor()  6979 MB/s
Oct 14 10:35:48 ip-172-31-18-120 kernel: [    6.316927] raid6: sse2x1   gen()  9317 MB/s
Oct 14 10:35:48 ip-172-31-18-120 kernel: [    6.368924] raid6: sse2x1   xor()  6405 MB/s
Oct 14 10:35:48 ip-172-31-18-120 kernel: [    6.374422] raid6: using algorithm avx2x4 gen() 23317 MB/s
Oct 14 10:35:48 ip-172-31-18-120 kernel: [    6.381738] raid6: .... xor() 14873 MB/s, rmw enabled
Oct 14 10:35:48 ip-172-31-18-120 kernel: [    6.388460] raid6: using avx2x2 recovery algorithm
Oct 14 10:35:48 ip-172-31-18-120 kernel: [    6.396275] xor: automatically using best checksumming function   avx       
Oct 14 10:35:48 ip-172-31-18-120 kernel: [    6.406322] async_tx: api initialized (async)
Oct 14 10:35:48 ip-172-31-18-120 kernel: [    6.470655] Btrfs loaded, crc32c=crc32c-intel
Oct 14 10:35:48 ip-172-31-18-120 kernel: [    6.549829] EXT4-fs (xvda1): mounted filesystem with ordered data mode. Opts: (null)
Oct 14 10:35:48 ip-172-31-18-120 kernel: [    7.275453] systemd[1]: systemd 237 running in system mode. (+PAM +AUDIT +SELINUX +IMA +APPARMOR +SMACK +SYSVINIT +UTMP +LIBCRYPTSETUP +GCRYPT +GNUTLS +ACL +XZ +LZ4 +SECCOMP +BLKID +ELFUTILS +KMOD -IDN2 +IDN -PCRE2 default-hierarchy=hybrid)
Oct 14 10:35:48 ip-172-31-18-120 kernel: [    7.299229] systemd[1]: Detected virtualization xen.
Oct 14 10:35:48 ip-172-31-18-120 kernel: [    7.306086] systemd[1]: Detected architecture x86-64.
Oct 14 10:35:48 ip-172-31-18-120 kernel: [    7.343128] systemd[1]: Set hostname to <ubuntu>.
Oct 14 10:35:48 ip-172-31-18-120 kernel: [    7.362010] systemd[1]: Initializing machine ID from random generator.
Oct 14 10:35:48 ip-172-31-18-120 kernel: [    7.369689] systemd[1]: Installed transient /etc/machine-id file.
Oct 14 10:35:48 ip-172-31-18-120 kernel: [    7.778163] systemd[1]: Started Forward Password Requests to Wall Directory Watch.
Oct 14 10:35:48 ip-172-31-18-120 kernel: [    7.792463] systemd[1]: Reached target Swap.
Oct 14 10:35:48 ip-172-31-18-120 kernel: [    7.802913] systemd[1]: Set up automount Arbitrary Executable File Formats File System Automount Point.
Oct 14 10:35:48 ip-172-31-18-120 kernel: [    7.820885] systemd[1]: Created slice User and Session Slice.
Oct 14 10:35:48 ip-172-31-18-120 kernel: [    7.945956] EXT4-fs (xvda1): re-mounted. Opts: discard
Oct 14 10:35:48 ip-172-31-18-120 kernel: [    7.966589] Loading iSCSI transport class v2.0-870.
Oct 14 10:35:48 ip-172-31-18-120 kernel: [    8.021879] iscsi: registered transport (tcp)
Oct 14 10:35:48 ip-172-31-18-120 kernel: [    8.041177] systemd-journald[469]: Received request to flush runtime journal from PID 1
Oct 14 10:35:48 ip-172-31-18-120 kernel: [    8.088292] iscsi: registered transport (iser)
Oct 14 10:35:48 ip-172-31-18-120 kernel: [    8.978760] audit: type=1400 audit(1634207742.656:2): apparmor="STATUS" operation="profile_load" profile="unconfined" name="/usr/bin/lxc-start" pid=749 comm="apparmor_parser"
Oct 14 10:35:48 ip-172-31-18-120 kernel: [    9.028974] audit: type=1400 audit(1634207742.708:3): apparmor="STATUS" operation="profile_load" profile="unconfined" name="/usr/bin/man" pid=745 comm="apparmor_parser"
Oct 14 10:35:48 ip-172-31-18-120 kernel: [    9.029288] audit: type=1400 audit(1634207742.708:4): apparmor="STATUS" operation="profile_load" profile="unconfined" name="man_filter" pid=745 comm="apparmor_parser"
Oct 14 10:35:48 ip-172-31-18-120 kernel: [    9.029622] audit: type=1400 audit(1634207742.708:5): apparmor="STATUS" operation="profile_load" profile="unconfined" name="man_groff" pid=745 comm="apparmor_parser"
Oct 14 10:35:48 ip-172-31-18-120 kernel: [    9.056868] audit: type=1400 audit(1634207742.732:6): apparmor="STATUS" operation="profile_load" profile="unconfined" name="/usr/sbin/tcpdump" pid=748 comm="apparmor_parser"
Oct 14 10:35:48 ip-172-31-18-120 kernel: [    9.123442] audit: type=1400 audit(1634207742.800:7): apparmor="STATUS" operation="profile_load" profile="unconfined" name="/sbin/dhclient" pid=744 comm="apparmor_parser"
Oct 14 10:35:48 ip-172-31-18-120 kernel: [    9.123811] audit: type=1400 audit(1634207742.800:8): apparmor="STATUS" operation="profile_load" profile="unconfined" name="/usr/lib/NetworkManager/nm-dhcp-client.action" pid=744 comm="apparmor_parser"
Oct 14 10:35:48 ip-172-31-18-120 kernel: [    9.124192] audit: type=1400 audit(1634207742.800:9): apparmor="STATUS" operation="profile_load" profile="unconfined" name="/usr/lib/NetworkManager/nm-dhcp-helper" pid=744 comm="apparmor_parser"
Oct 14 10:35:48 ip-172-31-18-120 kernel: [    9.124551] audit: type=1400 audit(1634207742.800:10): apparmor="STATUS" operation="profile_load" profile="unconfined" name="/usr/lib/connman/scripts/dhclient-script" pid=744 comm="apparmor_parser"
Oct 14 10:35:48 ip-172-31-18-120 kernel: [    9.198620] audit: type=1400 audit(1634207742.876:11): apparmor="STATUS" operation="profile_load" profile="unconfined" name="/usr/lib/snapd/snap-confine" pid=750 comm="apparmor_parser"
Oct 14 10:35:48 ip-172-31-18-120 kernel: [   13.602958] EXT4-fs (xvda1): resizing filesystem from 2096891 to 33554171 blocks
Oct 14 10:35:48 ip-172-31-18-120 kernel: [   14.333664] EXT4-fs (xvda1): resized filesystem to 33554171
Oct 14 10:35:48 ip-172-31-18-120 kernel: [   15.255652] new mount options do not match the existing superblock, will be ignored
Oct 14 10:35:48 ip-172-31-18-120 systemd[1]: Started System Logging Service.
Oct 14 10:35:48 ip-172-31-18-120 systemd[1]: Started Login Service.
Oct 14 10:35:48 ip-172-31-18-120 polkitd[1190]: started daemon version 0.105 using authority implementation `local' version `0.105'
Oct 14 10:35:48 ip-172-31-18-120 dbus-daemon[1032]: [system] Successfully activated service 'org.freedesktop.PolicyKit1'
Oct 14 10:35:48 ip-172-31-18-120 accounts-daemon[1026]: started daemon version 0.6.45
Oct 14 10:35:48 ip-172-31-18-120 grub-common[1081]:    ...done.
Oct 14 10:35:48 ip-172-31-18-120 systemd[1]: Started LSB: Record successful boot for GRUB.
Oct 14 10:35:48 ip-172-31-18-120 systemd[1]: Started Hostname Service.
Oct 14 10:35:48 ip-172-31-18-120 systemd[1]: Started Authorization Manager.
Oct 14 10:35:49 ip-172-31-18-120 systemd[1]: Started Accounts Service.
Oct 14 10:35:49 ip-172-31-18-120 systemd[1]: Started Unattended Upgrades Shutdown.
Oct 14 10:35:49 ip-172-31-18-120 systemd[1]: Started Serial Getty on ttyS0.
Oct 14 10:35:49 ip-172-31-18-120 systemd[1]: Starting Set console scheme...
Oct 14 10:35:49 ip-172-31-18-120 systemd[1]: Started Set console scheme.
Oct 14 10:35:49 ip-172-31-18-120 systemd[1]: Created slice system-getty.slice.
Oct 14 10:35:49 ip-172-31-18-120 systemd[1]: Started Getty on tty1.
Oct 14 10:35:49 ip-172-31-18-120 systemd[1]: Reached target Login Prompts.
Oct 14 10:35:49 ip-172-31-18-120 networkd-dispatcher[1074]: No valid path found for iwconfig
Oct 14 10:35:49 ip-172-31-18-120 networkd-dispatcher[1074]: No valid path found for iw
Oct 14 10:35:49 ip-172-31-18-120 systemd[1]: Started Dispatcher daemon for systemd-networkd.
Oct 14 10:35:49 ip-172-31-18-120 snapd[1149]: AppArmor status: apparmor is enabled and all features are available
Oct 14 10:35:49 ip-172-31-18-120 snapd[1149]: daemon.go:347: started snapd/2.48.3+18.04 (series 16; classic) ubuntu/18.04 (amd64) linux/5.4.0-1045-aws.
Oct 14 10:35:49 ip-172-31-18-120 systemd[1]: Started LXD - container startup/shutdown.
Oct 14 10:35:49 ip-172-31-18-120 snapd[1149]: daemon.go:440: adjusting startup timeout by 30s (pessimistic estimate of 30s plus 5s per snap)
Oct 14 10:35:49 ip-172-31-18-120 snapd[1149]: helpers.go:105: error trying to compare the snap system key: system-key missing on disk
Oct 14 10:35:49 ip-172-31-18-120 systemd[1]: Started Snap Daemon.
Oct 14 10:35:49 ip-172-31-18-120 systemd[1]: Starting Wait until snapd is fully seeded...
Oct 14 10:35:49 ip-172-31-18-120 pollinate[1092]: client verified challenge/response with [https://entropy.ubuntu.com/]
Oct 14 10:35:49 ip-172-31-18-120 pollinate[1092]: client hashed response from [https://entropy.ubuntu.com/]
Oct 14 10:35:49 ip-172-31-18-120 pollinate[1092]: client successfully seeded [/dev/urandom]
Oct 14 10:35:49 ip-172-31-18-120 systemd[1]: Started Pollinate to seed the pseudo random number generator.
Oct 14 10:35:49 ip-172-31-18-120 systemd[1]: Starting OpenBSD Secure Shell server...
Oct 14 10:35:49 ip-172-31-18-120 systemd[1]: Started OpenBSD Secure Shell server.
Oct 14 10:35:53 ip-172-31-18-120 systemd[1]: Reloading.
Oct 14 10:35:53 ip-172-31-18-120 systemd[1]: Reloading.
Oct 14 10:35:53 ip-172-31-18-120 systemd[1]: Mounting Mount unit for snapd, revision 11588...
Oct 14 10:35:53 ip-172-31-18-120 systemd[1]: Mounted Mount unit for snapd, revision 11588.
Oct 14 10:35:53 ip-172-31-18-120 kernel: [   20.201941] kauditd_printk_skb: 5 callbacks suppressed
Oct 14 10:35:53 ip-172-31-18-120 kernel: [   20.201943] audit: type=1400 audit(1634207753.880:17): apparmor="STATUS" operation="profile_load" profile="unconfined" name="/snap/snapd/11588/usr/lib/snapd/snap-confine" pid=1800 comm="apparmor_parser"
Oct 14 10:35:53 ip-172-31-18-120 kernel: [   20.202169] audit: type=1400 audit(1634207753.880:18): apparmor="STATUS" operation="profile_load" profile="unconfined" name="/snap/snapd/11588/usr/lib/snapd/snap-confine//mount-namespace-capture-helper" pid=1800 comm="apparmor_parser"
Oct 14 10:35:54 ip-172-31-18-120 snapd[1149]: daemon.go:589: gracefully waiting for running hooks
Oct 14 10:35:54 ip-172-31-18-120 snapd[1149]: daemon.go:591: done waiting for running hooks
Oct 14 10:35:56 ip-172-31-18-120 systemd[1]: snapd.service: Service hold-off time over, scheduling restart.
Oct 14 10:35:56 ip-172-31-18-120 systemd[1]: snapd.service: Scheduled restart job, restart counter is at 1.
Oct 14 10:35:56 ip-172-31-18-120 systemd[1]: Stopped Snap Daemon.
Oct 14 10:35:56 ip-172-31-18-120 systemd[1]: Starting Snap Daemon...
Oct 14 10:35:56 ip-172-31-18-120 snapd[1837]: AppArmor status: apparmor is enabled and all features are available
Oct 14 10:35:56 ip-172-31-18-120 snapd[1837]: AppArmor status: apparmor is enabled and all features are available
Oct 14 10:35:56 ip-172-31-18-120 snapd[1837]: patch.go:64: Patching system state level 6 to sublevel 1...
Oct 14 10:35:56 ip-172-31-18-120 snapd[1837]: patch.go:64: Patching system state level 6 to sublevel 2...
Oct 14 10:35:56 ip-172-31-18-120 snapd[1837]: patch.go:64: Patching system state level 6 to sublevel 3...
Oct 14 10:35:56 ip-172-31-18-120 snapd[1837]: daemon.go:347: started snapd/2.49.2 (series 16; classic) ubuntu/18.04 (amd64) linux/5.4.0-1045-aws.
Oct 14 10:35:56 ip-172-31-18-120 snapd[1837]: daemon.go:440: adjusting startup timeout by 35s (pessimistic estimate of 30s plus 5s per snap)
Oct 14 10:35:56 ip-172-31-18-120 kernel: [   23.279068] audit: type=1400 audit(1634207756.956:19): apparmor="STATUS" operation="profile_replace" profile="unconfined" name="/snap/snapd/11588/usr/lib/snapd/snap-confine" pid=1909 comm="apparmor_parser"
Oct 14 10:35:56 ip-172-31-18-120 kernel: [   23.301011] audit: type=1400 audit(1634207756.980:20): apparmor="STATUS" operation="profile_replace" profile="unconfined" name="/snap/snapd/11588/usr/lib/snapd/snap-confine//mount-namespace-capture-helper" pid=1909 comm="apparmor_parser"
Oct 14 10:35:56 ip-172-31-18-120 systemd[1]: Started Snap Daemon.
Oct 14 10:35:57 ip-172-31-18-120 systemd[1]: Reloading.
Oct 14 10:35:57 ip-172-31-18-120 systemd[1]: Reloading.
Oct 14 10:35:57 ip-172-31-18-120 systemd[1]: Mounting Mount unit for core18, revision 1997...
Oct 14 10:35:57 ip-172-31-18-120 systemd[1]: Mounted Mount unit for core18, revision 1997.
Oct 14 10:35:58 ip-172-31-18-120 systemd[1]: Reloading.
Oct 14 10:35:58 ip-172-31-18-120 systemd[1]: Reloading.
Oct 14 10:35:58 ip-172-31-18-120 systemd[1]: Mounting Mount unit for amazon-ssm-agent, revision 3552...
Oct 14 10:35:58 ip-172-31-18-120 systemd[1]: Mounted Mount unit for amazon-ssm-agent, revision 3552.
Oct 14 10:35:58 ip-172-31-18-120 kernel: [   24.903682] audit: type=1400 audit(1634207758.580:21): apparmor="STATUS" operation="profile_load" profile="unconfined" name="snap.amazon-ssm-agent.amazon-ssm-agent" pid=2215 comm="apparmor_parser"
Oct 14 10:35:58 ip-172-31-18-120 kernel: [   24.903750] audit: type=1400 audit(1634207758.580:22): apparmor="STATUS" operation="profile_load" profile="unconfined" name="snap.amazon-ssm-agent.ssm-cli" pid=2216 comm="apparmor_parser"
Oct 14 10:35:58 ip-172-31-18-120 kernel: [   24.910914] audit: type=1400 audit(1634207758.588:23): apparmor="STATUS" operation="profile_load" profile="unconfined" name="snap-update-ns.amazon-ssm-agent" pid=2214 comm="apparmor_parser"
Oct 14 10:35:58 ip-172-31-18-120 systemd[1]: Reloading.
Oct 14 10:35:58 ip-172-31-18-120 systemd[1]: Reloading.
Oct 14 10:35:58 ip-172-31-18-120 systemd[1]: Started Service for snap application amazon-ssm-agent.amazon-ssm-agent.
Oct 14 10:36:00 ip-172-31-18-120 amazon-ssm-agent.amazon-ssm-agent[2279]: Error occurred fetching the seelog config file path:  open /etc/amazon/ssm/seelog.xml: no such file or directory
Oct 14 10:36:00 ip-172-31-18-120 amazon-ssm-agent.amazon-ssm-agent[2279]: Initializing new seelog logger
Oct 14 10:36:00 ip-172-31-18-120 amazon-ssm-agent.amazon-ssm-agent[2279]: New Seelog Logger Creation Complete
Oct 14 10:36:00 ip-172-31-18-120 amazon-ssm-agent.amazon-ssm-agent[2279]: 2021-10-14 10:36:00 WARN Error adding the directory '/etc/amazon/ssm' to watcher: no such file or directory
Oct 14 10:36:00 ip-172-31-18-120 amazon-ssm-agent.amazon-ssm-agent[2279]: 2021-10-14 10:36:00 INFO [amazon-ssm-agent] amazon-ssm-agent - v3.0.529.0
Oct 14 10:36:00 ip-172-31-18-120 amazon-ssm-agent.amazon-ssm-agent[2279]: 2021-10-14 10:36:00 INFO [amazon-ssm-agent] OS: linux, Arch: amd64
Oct 14 10:36:00 ip-172-31-18-120 systemd[1]: Started Wait until snapd is fully seeded.
Oct 14 10:36:00 ip-172-31-18-120 systemd[1]: Starting Apply the settings specified in cloud-config...
Oct 14 10:36:01 ip-172-31-18-120 amazon-ssm-agent.amazon-ssm-agent[2279]: 2021-10-14 10:36:01 INFO [amazon-ssm-agent] [LongRunningWorkerContainer] [WorkerProvider] Worker ssm-agent-worker is not running, starting worker process
Oct 14 10:36:01 ip-172-31-18-120 amazon-ssm-agent.amazon-ssm-agent[2279]: 2021-10-14 10:36:01 INFO [amazon-ssm-agent] [LongRunningWorkerContainer] [WorkerProvider] Worker ssm-agent-worker (pid:2370) started
Oct 14 10:36:01 ip-172-31-18-120 amazon-ssm-agent.amazon-ssm-agent[2279]: 2021-10-14 10:36:01 INFO [amazon-ssm-agent] [LongRunningWorkerContainer] Monitor long running worker health every 60 seconds
Oct 14 10:36:01 ip-172-31-18-120 cloud-init[2336]: Cloud-init v. 21.1-19-gbad84ad4-0ubuntu1~18.04.1 running 'modules:config' at Thu, 14 Oct 2021 10:36:00 +0000. Up 26.40 seconds.
Oct 14 10:36:01 ip-172-31-18-120 systemd[1]: Started Apply the settings specified in cloud-config.
Oct 14 10:36:01 ip-172-31-18-120 systemd[1]: Starting EC2 instance hibernation setup agent...
Oct 14 10:36:01 ip-172-31-18-120 /hibinit-agent: Instance Launch has not enabled Hibernation Configured Flag. hibinit-agent exiting!!
Oct 14 10:36:01 ip-172-31-18-120 hibinit-agent[2388]: Instance Launch has not enabled Hibernation Configured Flag. hibinit-agent exiting!!
Oct 14 10:36:01 ip-172-31-18-120 systemd[1]: Started EC2 instance hibernation setup agent.
Oct 14 10:36:01 ip-172-31-18-120 systemd[1]: Reached target Multi-User System.
Oct 14 10:36:01 ip-172-31-18-120 systemd[1]: Reached target Graphical Interface.
Oct 14 10:36:01 ip-172-31-18-120 systemd[1]: Starting Execute cloud user/final scripts...
Oct 14 10:36:01 ip-172-31-18-120 systemd[1]: Starting Update UTMP about System Runlevel Changes...
Oct 14 10:36:01 ip-172-31-18-120 systemd[1]: Started Update UTMP about System Runlevel Changes.
Oct 14 10:36:02 ip-172-31-18-120 ec2: 
Oct 14 10:36:02 ip-172-31-18-120 ec2: #############################################################
Oct 14 10:36:02 ip-172-31-18-120 ec2: -----BEGIN SSH HOST KEY FINGERPRINTS-----
Oct 14 10:36:02 ip-172-31-18-120 ec2: 1024 SHA256:Ep/IdF+1vDn2ZPqaymY8nOAtv4u5gzX7FSPOjSS4cDQ root@ip-172-31-18-120 (DSA)
Oct 14 10:36:02 ip-172-31-18-120 ec2: 256 SHA256:kyl2IxWea+2NJqXg4ANO1g9A+1SD74hlBaHlhEndUqQ root@ip-172-31-18-120 (ECDSA)
Oct 14 10:36:02 ip-172-31-18-120 ec2: 256 SHA256:vHXRKcG6nwv8UFOTOw0dOEDXytvmOikqX9I8zq0ZV3g root@ip-172-31-18-120 (ED25519)
Oct 14 10:36:02 ip-172-31-18-120 ec2: 2048 SHA256:Y1DS6h0Cczo4INZolzfrXYUG9Ou/lSEuho7YlzoeKXc root@ip-172-31-18-120 (RSA)
Oct 14 10:36:02 ip-172-31-18-120 ec2: -----END SSH HOST KEY FINGERPRINTS-----
Oct 14 10:36:02 ip-172-31-18-120 ec2: #############################################################
Oct 14 10:36:02 ip-172-31-18-120 cloud-init[2414]: Cloud-init v. 21.1-19-gbad84ad4-0ubuntu1~18.04.1 running 'modules:final' at Thu, 14 Oct 2021 10:36:02 +0000. Up 27.72 seconds.
Oct 14 10:36:02 ip-172-31-18-120 cloud-init[2414]: Cloud-init v. 21.1-19-gbad84ad4-0ubuntu1~18.04.1 finished at Thu, 14 Oct 2021 10:36:02 +0000. Datasource DataSourceEc2Local.  Up 27.90 seconds
Oct 14 10:36:02 ip-172-31-18-120 systemd[1]: Started Execute cloud user/final scripts.
Oct 14 10:36:02 ip-172-31-18-120 systemd[1]: Reached target Cloud-init target.
Oct 14 10:36:02 ip-172-31-18-120 systemd[1]: Startup finished in 6.240s (kernel) + 21.717s (userspace) = 27.958s.
Oct 14 10:36:16 ip-172-31-18-120 systemd-timesyncd[657]: Synchronized to time server 91.189.91.157:123 (ntp.ubuntu.com).
Oct 14 10:50:57 ip-172-31-18-120 systemd[1]: Starting Cleanup of Temporary Directories...
Oct 14 10:50:57 ip-172-31-18-120 systemd[1]: Started Cleanup of Temporary Directories.
Oct 14 11:05:44 ip-172-31-18-120 systemd-timesyncd[657]: Network configuration changed, trying to establish connection.
Oct 14 11:05:44 ip-172-31-18-120 systemd-networkd[844]: eth0: Configured
Oct 14 11:05:44 ip-172-31-18-120 systemd-timesyncd[657]: Synchronized to time server 91.189.91.157:123 (ntp.ubuntu.com).
Oct 14 11:07:18 ip-172-31-18-120 systemd[1]: Starting Message of the Day...
Oct 14 11:07:32 ip-172-31-18-120 50-motd-news[2554]:  * Ubuntu Pro delivers the most comprehensive open source security and
Oct 14 11:07:32 ip-172-31-18-120 50-motd-news[2554]:    compliance features.
Oct 14 11:07:32 ip-172-31-18-120 50-motd-news[2554]:    https://ubuntu.com/aws/pro
Oct 14 11:07:32 ip-172-31-18-120 systemd[1]: Started Message of the Day.
Oct 14 11:10:33 ip-172-31-18-120 systemd[1]: Created slice User Slice of ubuntu.
Oct 14 11:10:33 ip-172-31-18-120 systemd[1]: Starting User Manager for UID 1000...
Oct 14 11:10:33 ip-172-31-18-120 systemd[1]: Started Session 1 of user ubuntu.
Oct 14 11:10:33 ip-172-31-18-120 systemd[2632]: Listening on GnuPG cryptographic agent and passphrase cache (access for web browsers).
Oct 14 11:10:33 ip-172-31-18-120 systemd[2632]: Listening on GnuPG cryptographic agent (ssh-agent emulation).
Oct 14 11:10:33 ip-172-31-18-120 systemd[2632]: Listening on GnuPG cryptographic agent and passphrase cache (restricted).
Oct 14 11:10:33 ip-172-31-18-120 systemd[2632]: Reached target Paths.
Oct 14 11:10:33 ip-172-31-18-120 systemd[2632]: Listening on REST API socket for snapd user session agent.
Oct 14 11:10:33 ip-172-31-18-120 systemd[2632]: Listening on GnuPG network certificate management daemon.
Oct 14 11:10:33 ip-172-31-18-120 systemd[2632]: Reached target Timers.
Oct 14 11:10:33 ip-172-31-18-120 systemd[2632]: Listening on GnuPG cryptographic agent and passphrase cache.
Oct 14 11:10:33 ip-172-31-18-120 systemd[2632]: Reached target Sockets.
Oct 14 11:10:33 ip-172-31-18-120 systemd[2632]: Reached target Basic System.
Oct 14 11:10:33 ip-172-31-18-120 systemd[2632]: Reached target Default.
Oct 14 11:10:33 ip-172-31-18-120 systemd[2632]: Startup finished in 59ms.
Oct 14 11:10:33 ip-172-31-18-120 systemd[1]: Started User Manager for UID 1000.
Oct 14 11:10:36 ip-172-31-18-120 systemd[1]: Started Session 3 of user ubuntu.
Oct 14 11:17:01 ip-172-31-18-120 CRON[2874]: (root) CMD (   cd / && run-parts --report /etc/cron.hourly)
Oct 14 11:20:04 ip-172-31-18-120 kernel: [ 2670.732193] SGI XFS with ACLs, security attributes, realtime, no debug enabled
Oct 14 11:21:10 ip-172-31-18-120 systemd[1]: Stopping User Manager for UID 1000...
Oct 14 11:21:10 ip-172-31-18-120 systemd[1]: Stopping Availability of block devices...
Oct 14 11:21:10 ip-172-31-18-120 systemd[1]: Stopped target Graphical Interface.
Oct 14 11:21:10 ip-172-31-18-120 systemd[1]: Stopping Accounts Service...
Oct 14 11:21:10 ip-172-31-18-120 systemd[1]: Stopping Authorization Manager...
Oct 14 11:21:10 ip-172-31-18-120 systemd[1]: Stopped target Timers.
Oct 14 11:21:10 ip-172-31-18-120 systemd[1]: Stopping ACPI event daemon...
Oct 14 11:21:10 ip-172-31-18-120 systemd[1]: Stopped target Host and Network Name Lookups.
Oct 14 11:21:10 ip-172-31-18-120 systemd[1]: Stopped Message of the Day.
Oct 14 11:21:10 ip-172-31-18-120 systemd[1]: Stopped target Cloud-init target.
Oct 14 11:21:10 ip-172-31-18-120 systemd[1]: Stopping Session 1 of user ubuntu.
Oct 14 11:21:10 ip-172-31-18-120 systemd[1]: Stopped Daily Cleanup of Temporary Directories.
Oct 14 11:21:10 ip-172-31-18-120 systemd[1]: Stopped Daily apt upgrade and clean activities.
Oct 14 11:21:10 ip-172-31-18-120 systemd[1]: Stopped Daily apt download activities.
Oct 14 11:21:10 ip-172-31-18-120 systemd[1]: Closed Load/Save RF Kill Switch Status /dev/rfkill Watch.
Oct 14 11:21:10 ip-172-31-18-120 systemd[1]: Stopping Session 3 of user ubuntu.
Oct 14 11:21:10 ip-172-31-18-120 systemd[1]: Stopped Discard unused blocks once a week.
Oct 14 11:21:10 ip-172-31-18-120 systemd[1]: Stopped target System Time Synchronized.
Oct 14 11:21:10 ip-172-31-18-120 systemd[1]: Stopped Execute cloud user/final scripts.
