Oct 18 10:23:03 ip-172-31-19-188 systemd-modules-load[458]: Inserted module 'iscsi_tcp'
Oct 18 10:23:03 ip-172-31-19-188 kernel: [    0.000000] Linux version 5.4.0-1045-aws (buildd@lgw01-amd64-003) (gcc version 7.5.0 (Ubuntu 7.5.0-3ubuntu1~18.04)) #47~18.04.1-Ubuntu SMP Tue Apr 13 15:58:14 UTC 2021 (Ubuntu 5.4.0-1045.47~18.04.1-aws 5.4.101)
Oct 18 10:23:03 ip-172-31-19-188 keyboard-setup.sh[454]: cannot open file /run/tmpkbd.1f9MVw
Oct 18 10:23:03 ip-172-31-19-188 systemd[1]: Starting Flush Journal to Persistent Storage...
Oct 18 10:23:03 ip-172-31-19-188 systemd[1]: Started Create Static Device Nodes in /dev.
Oct 18 10:23:03 ip-172-31-19-188 kernel: [    0.000000] Command line: BOOT_IMAGE=/boot/vmlinuz-5.4.0-1045-aws root=LABEL=cloudimg-rootfs ro console=tty1 console=ttyS0 nvme_core.io_timeout=4294967295
Oct 18 10:23:03 ip-172-31-19-188 kernel: [    0.000000] KERNEL supported cpus:
Oct 18 10:23:03 ip-172-31-19-188 systemd[1]: Starting udev Kernel Device Manager...
Oct 18 10:23:03 ip-172-31-19-188 kernel: [    0.000000]   Intel GenuineIntel
Oct 18 10:23:03 ip-172-31-19-188 systemd[1]: Started udev Coldplug all Devices.
Oct 18 10:23:03 ip-172-31-19-188 kernel: [    0.000000]   AMD AuthenticAMD
Oct 18 10:23:03 ip-172-31-19-188 kernel: [    0.000000]   Hygon HygonGenuine
Oct 18 10:23:03 ip-172-31-19-188 systemd[1]: Started LVM2 metadata daemon.
Oct 18 10:23:03 ip-172-31-19-188 kernel: [    0.000000]   Centaur CentaurHauls
Oct 18 10:23:03 ip-172-31-19-188 kernel: [    0.000000]   zhaoxin   Shanghai  
Oct 18 10:23:03 ip-172-31-19-188 kernel: [    0.000000] x86/fpu: Supporting XSAVE feature 0x001: 'x87 floating point registers'
Oct 18 10:23:03 ip-172-31-19-188 kernel: [    0.000000] x86/fpu: Supporting XSAVE feature 0x002: 'SSE registers'
Oct 18 10:23:03 ip-172-31-19-188 systemd-modules-load[458]: Inserted module 'ib_iser'
Oct 18 10:23:03 ip-172-31-19-188 kernel: [    0.000000] x86/fpu: Supporting XSAVE feature 0x004: 'AVX registers'
Oct 18 10:23:03 ip-172-31-19-188 systemd[1]: Started Load Kernel Modules.
Oct 18 10:23:03 ip-172-31-19-188 kernel: [    0.000000] x86/fpu: xstate_offset[2]:  576, xstate_sizes[2]:  256
Oct 18 10:23:03 ip-172-31-19-188 kernel: [    0.000000] x86/fpu: Enabled xstate features 0x7, context size is 832 bytes, using 'standard' format.
Oct 18 10:23:03 ip-172-31-19-188 kernel: [    0.000000] BIOS-provided physical RAM map:
Oct 18 10:23:03 ip-172-31-19-188 systemd[1]: Mounting Kernel Configuration File System...
Oct 18 10:23:03 ip-172-31-19-188 kernel: [    0.000000] BIOS-e820: [mem 0x0000000000000000-0x000000000009dfff] usable
Oct 18 10:23:03 ip-172-31-19-188 kernel: [    0.000000] BIOS-e820: [mem 0x000000000009e000-0x000000000009ffff] reserved
Oct 18 10:23:03 ip-172-31-19-188 kernel: [    0.000000] BIOS-e820: [mem 0x00000000000e0000-0x00000000000fffff] reserved
Oct 18 10:23:03 ip-172-31-19-188 systemd[1]: Mounting FUSE Control File System...
Oct 18 10:23:03 ip-172-31-19-188 kernel: [    0.000000] BIOS-e820: [mem 0x0000000000100000-0x00000000efffffff] usable
Oct 18 10:23:03 ip-172-31-19-188 kernel: [    0.000000] BIOS-e820: [mem 0x00000000fc000000-0x00000000ffffffff] reserved
Oct 18 10:23:03 ip-172-31-19-188 kernel: [    0.000000] BIOS-e820: [mem 0x0000000100000000-0x000000080fffffff] usable
Oct 18 10:23:03 ip-172-31-19-188 systemd[1]: Starting Apply Kernel Variables...
Oct 18 10:23:03 ip-172-31-19-188 kernel: [    0.000000] NX (Execute Disable) protection: active
Oct 18 10:23:03 ip-172-31-19-188 kernel: [    0.000000] SMBIOS 2.7 present.
Oct 18 10:23:03 ip-172-31-19-188 kernel: [    0.000000] DMI: Xen HVM domU, BIOS 4.2.amazon 08/24/2006
Oct 18 10:23:03 ip-172-31-19-188 systemd[1]: Started Monitoring of LVM2 mirrors, snapshots etc. using dmeventd or progress polling.
Oct 18 10:23:03 ip-172-31-19-188 kernel: [    0.000000] Hypervisor detected: Xen HVM
Oct 18 10:23:03 ip-172-31-19-188 systemd[1]: Mounted Kernel Configuration File System.
Oct 18 10:23:03 ip-172-31-19-188 kernel: [    0.000000] Xen version 4.2.
Oct 18 10:23:03 ip-172-31-19-188 kernel: [    0.000000] Xen Platform PCI: I/O protocol version 1
Oct 18 10:23:03 ip-172-31-19-188 kernel: [    0.000000] Netfront and the Xen platform PCI driver have been compiled for this kernel: unplug emulated NICs.
Oct 18 10:23:03 ip-172-31-19-188 systemd[1]: Mounted FUSE Control File System.
Oct 18 10:23:03 ip-172-31-19-188 kernel: [    0.000000] Blkfront and the Xen platform PCI driver have been compiled for this kernel: unplug emulated disks.
Oct 18 10:23:03 ip-172-31-19-188 kernel: [    0.000000] You might have to change the root device
Oct 18 10:23:03 ip-172-31-19-188 kernel: [    0.000000] from /dev/hd[a-d] to /dev/xvd[a-d]
Oct 18 10:23:03 ip-172-31-19-188 systemd[1]: Started Flush Journal to Persistent Storage.
Oct 18 10:23:03 ip-172-31-19-188 kernel: [    0.000000] in your root= kernel command line option
Oct 18 10:23:03 ip-172-31-19-188 systemd[1]: Started Apply Kernel Variables.
Oct 18 10:23:03 ip-172-31-19-188 kernel: [    0.000002] HVMOP_pagetable_dying not supported
Oct 18 10:23:03 ip-172-31-19-188 kernel: [    0.014387] tsc: Fast TSC calibration using PIT
Oct 18 10:23:03 ip-172-31-19-188 kernel: [    0.014389] tsc: Detected 2400.058 MHz processor
Oct 18 10:23:03 ip-172-31-19-188 kernel: [    0.014390] tsc: Detected 2400.054 MHz TSC
Oct 18 10:23:03 ip-172-31-19-188 kernel: [    0.015413] e820: update [mem 0x00000000-0x00000fff] usable ==> reserved
Oct 18 10:23:03 ip-172-31-19-188 systemd[1]: Started udev Kernel Device Manager.
Oct 18 10:23:03 ip-172-31-19-188 kernel: [    0.015415] e820: remove [mem 0x000a0000-0x000fffff] usable
Oct 18 10:23:03 ip-172-31-19-188 systemd[1]: Found device /dev/ttyS0.
Oct 18 10:23:03 ip-172-31-19-188 kernel: [    0.015419] last_pfn = 0x810000 max_arch_pfn = 0x400000000
Oct 18 10:23:03 ip-172-31-19-188 kernel: [    0.015445] MTRR default type: write-back
Oct 18 10:23:03 ip-172-31-19-188 kernel: [    0.015445] MTRR fixed ranges enabled:
Oct 18 10:23:03 ip-172-31-19-188 systemd-udevd[537]: link_config: autonegotiation is unset or enabled, the speed and duplex are not writable.
Oct 18 10:23:03 ip-172-31-19-188 kernel: [    0.015446]   00000-9FFFF write-back
Oct 18 10:23:03 ip-172-31-19-188 kernel: [    0.015447]   A0000-BFFFF write-combining
Oct 18 10:23:03 ip-172-31-19-188 kernel: [    0.015448]   C0000-FFFFF write-back
Oct 18 10:23:03 ip-172-31-19-188 systemd[1]: Listening on Load/Save RF Kill Switch Status /dev/rfkill Watch.
Oct 18 10:23:03 ip-172-31-19-188 kernel: [    0.015448] MTRR variable ranges enabled:
Oct 18 10:23:03 ip-172-31-19-188 systemd-udevd[530]: link_config: autonegotiation is unset or enabled, the speed and duplex are not writable.
Oct 18 10:23:03 ip-172-31-19-188 kernel: [    0.015450]   0 base 0000F0000000 mask 3FFFF8000000 uncachable
Oct 18 10:23:03 ip-172-31-19-188 kernel: [    0.015451]   1 base 0000F8000000 mask 3FFFFC000000 uncachable
Oct 18 10:23:03 ip-172-31-19-188 kernel: [    0.015451]   2 disabled
Oct 18 10:23:03 ip-172-31-19-188 systemd[1]: Started Set the console keyboard layout.
Oct 18 10:23:03 ip-172-31-19-188 kernel: [    0.015452]   3 disabled
Oct 18 10:23:03 ip-172-31-19-188 kernel: [    0.015452]   4 disabled
Oct 18 10:23:03 ip-172-31-19-188 kernel: [    0.015452]   5 disabled
Oct 18 10:23:03 ip-172-31-19-188 systemd[1]: Reached target Local File Systems (Pre).
Oct 18 10:23:03 ip-172-31-19-188 kernel: [    0.015453]   6 disabled
Oct 18 10:23:03 ip-172-31-19-188 kernel: [    0.015453]   7 disabled
Oct 18 10:23:03 ip-172-31-19-188 systemd[1]: Reached target Local File Systems.
Oct 18 10:23:03 ip-172-31-19-188 kernel: [    0.015463] x86/PAT: Configuration [0-7]: WB  WC  UC- UC  WB  WP  UC- WT  
Oct 18 10:23:03 ip-172-31-19-188 kernel: [    0.015470] last_pfn = 0xf0000 max_arch_pfn = 0x400000000
Oct 18 10:23:03 ip-172-31-19-188 systemd[1]: Starting Commit a transient machine-id on disk...
Oct 18 10:23:03 ip-172-31-19-188 kernel: [    0.022320] found SMP MP-table at [mem 0x000fbc50-0x000fbc5f]
Oct 18 10:23:03 ip-172-31-19-188 kernel: [    0.022385] check: Scanning 1 areas for low memory corruption
Oct 18 10:23:03 ip-172-31-19-188 systemd[1]: Starting Tell Plymouth To Write Out Runtime Data...
Oct 18 10:23:03 ip-172-31-19-188 kernel: [    0.022457] Using GB pages for direct mapping
Oct 18 10:23:03 ip-172-31-19-188 kernel: [    0.022604] RAMDISK: [mem 0x356c9000-0x36b5bfff]
Oct 18 10:23:03 ip-172-31-19-188 systemd[1]: Starting Set console font and keymap...
Oct 18 10:23:03 ip-172-31-19-188 kernel: [    0.022644] ACPI: Early table checksum verification disabled
Oct 18 10:23:03 ip-172-31-19-188 kernel: [    0.022647] ACPI: RSDP 0x00000000000EA020 000024 (v02 Xen   )
Oct 18 10:23:03 ip-172-31-19-188 kernel: [    0.022651] ACPI: XSDT 0x00000000FC00E2A0 000054 (v01 Xen    HVM      00000000 HVML 00000000)
Oct 18 10:23:03 ip-172-31-19-188 systemd[1]: Starting AppArmor initialization...
Oct 18 10:23:03 ip-172-31-19-188 kernel: [    0.022655] ACPI: FACP 0x00000000FC00DF60 0000F4 (v04 Xen    HVM      00000000 HVML 00000000)
Oct 18 10:23:03 ip-172-31-19-188 kernel: [    0.022660] ACPI: DSDT 0x00000000FC0021C0 00BD19 (v02 Xen    HVM      00000000 INTL 20090123)
Oct 18 10:23:03 ip-172-31-19-188 systemd[1]: Starting Create Volatile Files and Directories...
Oct 18 10:23:03 ip-172-31-19-188 kernel: [    0.022662] ACPI: FACS 0x00000000FC002180 000040
Oct 18 10:23:03 ip-172-31-19-188 kernel: [    0.022664] ACPI: FACS 0x00000000FC002180 000040
Oct 18 10:23:03 ip-172-31-19-188 kernel: [    0.022666] ACPI: APIC 0x00000000FC00E060 0000D8 (v02 Xen    HVM      00000000 HVML 00000000)
Oct 18 10:23:03 ip-172-31-19-188 kernel: [    0.022668] ACPI: HPET 0x00000000FC00E1B0 000038 (v01 Xen    HVM      00000000 HVML 00000000)
Oct 18 10:23:03 ip-172-31-19-188 kernel: [    0.022670] ACPI: WAET 0x00000000FC00E1F0 000028 (v01 Xen    HVM      00000000 HVML 00000000)
Oct 18 10:23:03 ip-172-31-19-188 systemd[1]: Starting ebtables ruleset management...
Oct 18 10:23:03 ip-172-31-19-188 kernel: [    0.022673] ACPI: SSDT 0x00000000FC00E220 000031 (v02 Xen    HVM      00000000 INTL 20090123)
Oct 18 10:23:03 ip-172-31-19-188 systemd[1]: Started Dispatch Password Requests to Console Directory Watch.
Oct 18 10:23:03 ip-172-31-19-188 kernel: [    0.022675] ACPI: SSDT 0x00000000FC00E260 000033 (v02 Xen    HVM      00000000 INTL 20090123)
Oct 18 10:23:03 ip-172-31-19-188 kernel: [    0.022681] ACPI: Local APIC address 0xfee00000
Oct 18 10:23:03 ip-172-31-19-188 kernel: [    0.023871] No NUMA configuration found
Oct 18 10:23:03 ip-172-31-19-188 systemd[1]: Reached target Local Encrypted Volumes.
Oct 18 10:23:03 ip-172-31-19-188 kernel: [    0.023872] Faking a node at [mem 0x0000000000000000-0x000000080fffffff]
Oct 18 10:23:03 ip-172-31-19-188 kernel: [    0.023893] NODE_DATA(0) allocated [mem 0x80ffd5000-0x80fffffff]
Oct 18 10:23:03 ip-172-31-19-188 kernel: [    0.024135] Zone ranges:
Oct 18 10:23:03 ip-172-31-19-188 systemd[1]: Started Set console font and keymap.
Oct 18 10:23:03 ip-172-31-19-188 kernel: [    0.024136]   DMA      [mem 0x0000000000001000-0x0000000000ffffff]
Oct 18 10:23:03 ip-172-31-19-188 systemd[1]: Started Commit a transient machine-id on disk.
Oct 18 10:23:03 ip-172-31-19-188 kernel: [    0.024137]   DMA32    [mem 0x0000000001000000-0x00000000ffffffff]
Oct 18 10:23:03 ip-172-31-19-188 kernel: [    0.024138]   Normal   [mem 0x0000000100000000-0x000000080fffffff]
Oct 18 10:23:03 ip-172-31-19-188 kernel: [    0.024139]   Device   empty
Oct 18 10:23:03 ip-172-31-19-188 systemd[1]: Started Tell Plymouth To Write Out Runtime Data.
Oct 18 10:23:03 ip-172-31-19-188 kernel: [    0.024140] Movable zone start for each node
Oct 18 10:23:03 ip-172-31-19-188 kernel: [    0.024143] Early memory node ranges
Oct 18 10:23:03 ip-172-31-19-188 kernel: [    0.024144]   node   0: [mem 0x0000000000001000-0x000000000009dfff]
Oct 18 10:23:03 ip-172-31-19-188 systemd[1]: Started Create Volatile Files and Directories.
Oct 18 10:23:03 ip-172-31-19-188 kernel: [    0.024145]   node   0: [mem 0x0000000000100000-0x00000000efffffff]
Oct 18 10:23:03 ip-172-31-19-188 kernel: [    0.024146]   node   0: [mem 0x0000000100000000-0x000000080fffffff]
Oct 18 10:23:03 ip-172-31-19-188 systemd[1]: Starting Update UTMP about System Boot/Shutdown...
Oct 18 10:23:03 ip-172-31-19-188 systemd[1]: Starting Network Time Synchronization...
Oct 18 10:23:03 ip-172-31-19-188 kernel: [    0.024151] Zeroed struct page in unavailable ranges: 99 pages
Oct 18 10:23:03 ip-172-31-19-188 kernel: [    0.024152] Initmem setup node 0 [mem 0x0000000000001000-0x000000080fffffff]
Oct 18 10:23:03 ip-172-31-19-188 systemd[1]: Started Update UTMP about System Boot/Shutdown.
Oct 18 10:23:03 ip-172-31-19-188 kernel: [    0.024153] On node 0 totalpages: 8388509
Oct 18 10:23:03 ip-172-31-19-188 kernel: [    0.024154]   DMA zone: 64 pages used for memmap
Oct 18 10:23:03 ip-172-31-19-188 kernel: [    0.024154]   DMA zone: 21 pages reserved
Oct 18 10:23:03 ip-172-31-19-188 apparmor[605]:  * Starting AppArmor profiles
Oct 18 10:23:03 ip-172-31-19-188 kernel: [    0.024155]   DMA zone: 3997 pages, LIFO batch:0
Oct 18 10:23:03 ip-172-31-19-188 systemd[1]: Started ebtables ruleset management.
Oct 18 10:23:03 ip-172-31-19-188 kernel: [    0.024235]   DMA32 zone: 15296 pages used for memmap
Oct 18 10:23:03 ip-172-31-19-188 kernel: [    0.024236]   DMA32 zone: 978944 pages, LIFO batch:63
Oct 18 10:23:03 ip-172-31-19-188 kernel: [    0.037775]   Normal zone: 115712 pages used for memmap
Oct 18 10:23:03 ip-172-31-19-188 systemd[1]: Started Network Time Synchronization.
Oct 18 10:23:03 ip-172-31-19-188 kernel: [    0.037777]   Normal zone: 7405568 pages, LIFO batch:63
Oct 18 10:23:03 ip-172-31-19-188 kernel: [    0.142015] ACPI: PM-Timer IO Port: 0xb008
Oct 18 10:23:03 ip-172-31-19-188 kernel: [    0.142018] ACPI: Local APIC address 0xfee00000
Oct 18 10:23:03 ip-172-31-19-188 systemd[1]: Reached target System Time Synchronized.
Oct 18 10:23:03 ip-172-31-19-188 kernel: [    0.142074] IOAPIC[0]: apic_id 1, version 17, address 0xfec00000, GSI 0-47
Oct 18 10:23:03 ip-172-31-19-188 kernel: [    0.142076] ACPI: INT_SRC_OVR (bus 0 bus_irq 0 global_irq 2 dfl dfl)
Oct 18 10:23:03 ip-172-31-19-188 apparmor[605]: Skipping profile in /etc/apparmor.d/disable: usr.sbin.rsyslogd
Oct 18 10:23:03 ip-172-31-19-188 kernel: [    0.142077] ACPI: INT_SRC_OVR (bus 0 bus_irq 5 global_irq 5 low level)
Oct 18 10:23:03 ip-172-31-19-188 kernel: [    0.142078] ACPI: INT_SRC_OVR (bus 0 bus_irq 10 global_irq 10 low level)
Oct 18 10:23:03 ip-172-31-19-188 kernel: [    0.142079] ACPI: INT_SRC_OVR (bus 0 bus_irq 11 global_irq 11 low level)
Oct 18 10:23:03 ip-172-31-19-188 apparmor[605]:    ...done.
Oct 18 10:23:03 ip-172-31-19-188 systemd[1]: Started AppArmor initialization.
Oct 18 10:23:03 ip-172-31-19-188 kernel: [    0.142081] ACPI: IRQ0 used by override.
Oct 18 10:23:03 ip-172-31-19-188 systemd[1]: Starting Load AppArmor profiles managed internally by snapd...
Oct 18 10:23:03 ip-172-31-19-188 kernel: [    0.142081] ACPI: IRQ5 used by override.
Oct 18 10:23:03 ip-172-31-19-188 systemd[1]: Starting Initial cloud-init job (pre-networking)...
Oct 18 10:23:03 ip-172-31-19-188 kernel: [    0.142082] ACPI: IRQ9 used by override.
Oct 18 10:23:03 ip-172-31-19-188 kernel: [    0.142082] ACPI: IRQ10 used by override.
Oct 18 10:23:03 ip-172-31-19-188 kernel: [    0.142082] ACPI: IRQ11 used by override.
Oct 18 10:23:03 ip-172-31-19-188 kernel: [    0.142084] Using ACPI (MADT) for SMP configuration information
Oct 18 10:23:03 ip-172-31-19-188 kernel: [    0.142085] ACPI: HPET id: 0x8086a201 base: 0xfed00000
Oct 18 10:23:03 ip-172-31-19-188 snapd-apparmor[751]: find: ‘/var/lib/snapd/apparmor/profiles/’: No such file or directory
Oct 18 10:23:03 ip-172-31-19-188 kernel: [    0.142089] TSC deadline timer available
Oct 18 10:23:03 ip-172-31-19-188 kernel: [    0.142094] smpboot: Allowing 15 CPUs, 7 hotplug CPUs
Oct 18 10:23:03 ip-172-31-19-188 kernel: [    0.142102] PM: Registered nosave memory: [mem 0x00000000-0x00000fff]
Oct 18 10:23:03 ip-172-31-19-188 systemd[1]: Started Load AppArmor profiles managed internally by snapd.
Oct 18 10:23:03 ip-172-31-19-188 kernel: [    0.142103] PM: Registered nosave memory: [mem 0x0009e000-0x0009ffff]
Oct 18 10:23:03 ip-172-31-19-188 kernel: [    0.142104] PM: Registered nosave memory: [mem 0x000a0000-0x000dffff]
Oct 18 10:23:03 ip-172-31-19-188 dhclient[818]: Internet Systems Consortium DHCP Client 4.3.5
Oct 18 10:23:03 ip-172-31-19-188 kernel: [    0.142105] PM: Registered nosave memory: [mem 0x000e0000-0x000fffff]
Oct 18 10:23:03 ip-172-31-19-188 kernel: [    0.142106] PM: Registered nosave memory: [mem 0xf0000000-0xfbffffff]
Oct 18 10:23:03 ip-172-31-19-188 dhclient[818]: Copyright 2004-2016 Internet Systems Consortium.
Oct 18 10:23:03 ip-172-31-19-188 kernel: [    0.142107] PM: Registered nosave memory: [mem 0xfc000000-0xffffffff]
Oct 18 10:23:03 ip-172-31-19-188 kernel: [    0.142109] [mem 0xf0000000-0xfbffffff] available for PCI devices
Oct 18 10:23:03 ip-172-31-19-188 dhclient[818]: All rights reserved.
Oct 18 10:23:03 ip-172-31-19-188 kernel: [    0.142110] Booting paravirtualized kernel on Xen HVM
Oct 18 10:23:03 ip-172-31-19-188 kernel: [    0.142112] clocksource: refined-jiffies: mask: 0xffffffff max_cycles: 0xffffffff, max_idle_ns: 7645519600211568 ns
Oct 18 10:23:03 ip-172-31-19-188 dhclient[818]: For info, please visit https://www.isc.org/software/dhcp/
Oct 18 10:23:03 ip-172-31-19-188 kernel: [    0.142116] setup_percpu: NR_CPUS:8192 nr_cpumask_bits:15 nr_cpu_ids:15 nr_node_ids:1
Oct 18 10:23:03 ip-172-31-19-188 kernel: [    0.142862] percpu: Embedded 54 pages/cpu s184320 r8192 d28672 u262144
Oct 18 10:23:03 ip-172-31-19-188 dhclient[818]: 
Oct 18 10:23:03 ip-172-31-19-188 dhclient[818]: Listening on LPF/eth0/02:12:5c:33:55:47
Oct 18 10:23:03 ip-172-31-19-188 dhclient[818]: Sending on   LPF/eth0/02:12:5c:33:55:47
Oct 18 10:23:03 ip-172-31-19-188 dhclient[818]: Sending on   Socket/fallback
Oct 18 10:23:03 ip-172-31-19-188 dhclient[818]: DHCPDISCOVER on eth0 to 255.255.255.255 port 67 interval 3 (xid=0x7692fd01)
Oct 18 10:23:03 ip-172-31-19-188 kernel: [    0.142866] pcpu-alloc: s184320 r8192 d28672 u262144 alloc=1*2097152
Oct 18 10:23:03 ip-172-31-19-188 dhclient[818]: DHCPREQUEST of 172.31.19.188 on eth0 to 255.255.255.255 port 67 (xid=0x1fd9276)
Oct 18 10:23:03 ip-172-31-19-188 dhclient[818]: DHCPOFFER of 172.31.19.188 from 172.31.16.1
Oct 18 10:23:03 ip-172-31-19-188 kernel: [    0.142867] pcpu-alloc: [0] 00 01 02 03 04 05 06 07 [0] 08 09 10 11 12 13 14 -- 
Oct 18 10:23:03 ip-172-31-19-188 kernel: [    0.142892] xen: PV spinlocks enabled
Oct 18 10:23:03 ip-172-31-19-188 dhclient[818]: DHCPACK of 172.31.19.188 from 172.31.16.1
Oct 18 10:23:03 ip-172-31-19-188 kernel: [    0.142895] PV qspinlock hash table entries: 256 (order: 0, 4096 bytes, linear)
Oct 18 10:23:03 ip-172-31-19-188 kernel: [    0.142899] Built 1 zonelists, mobility grouping on.  Total pages: 8257416
Oct 18 10:23:03 ip-172-31-19-188 kernel: [    0.142900] Policy zone: Normal
Oct 18 10:23:03 ip-172-31-19-188 kernel: [    0.142902] Kernel command line: BOOT_IMAGE=/boot/vmlinuz-5.4.0-1045-aws root=LABEL=cloudimg-rootfs ro console=tty1 console=ttyS0 nvme_core.io_timeout=4294967295
Oct 18 10:23:03 ip-172-31-19-188 kernel: [    0.147753] Dentry cache hash table entries: 4194304 (order: 13, 33554432 bytes, linear)
Oct 18 10:23:03 ip-172-31-19-188 kernel: [    0.150202] Inode-cache hash table entries: 2097152 (order: 12, 16777216 bytes, linear)
Oct 18 10:23:03 ip-172-31-19-188 kernel: [    0.150338] mem auto-init: stack:off, heap alloc:on, heap free:off
Oct 18 10:23:03 ip-172-31-19-188 kernel: [    0.160050] Calgary: detecting Calgary via BIOS EBDA area
Oct 18 10:23:03 ip-172-31-19-188 kernel: [    0.160052] Calgary: Unable to locate Rio Grande table in EBDA - bailing!
Oct 18 10:23:03 ip-172-31-19-188 kernel: [    0.244633] Memory: 32857220K/33554036K available (14339K kernel code, 2313K rwdata, 4656K rodata, 2656K init, 5136K bss, 696816K reserved, 0K cma-reserved)
Oct 18 10:23:03 ip-172-31-19-188 kernel: [    0.244641] random: get_random_u64 called from __kmem_cache_create+0x41/0x550 with crng_init=0
Oct 18 10:23:03 ip-172-31-19-188 kernel: [    0.244806] SLUB: HWalign=64, Order=0-3, MinObjects=0, CPUs=15, Nodes=1
Oct 18 10:23:03 ip-172-31-19-188 kernel: [    0.244820] Kernel/User page tables isolation: enabled
Oct 18 10:23:03 ip-172-31-19-188 kernel: [    0.244837] ftrace: allocating 42787 entries in 168 pages
Oct 18 10:23:03 ip-172-31-19-188 kernel: [    0.260807] rcu: Hierarchical RCU implementation.
Oct 18 10:23:03 ip-172-31-19-188 kernel: [    0.260809] rcu: 	RCU restricting CPUs from NR_CPUS=8192 to nr_cpu_ids=15.
Oct 18 10:23:03 ip-172-31-19-188 kernel: [    0.260810] 	Tasks RCU enabled.
Oct 18 10:23:03 ip-172-31-19-188 dhclient[818]: bound to 172.31.19.188 -- renewal in 1496 seconds.
Oct 18 10:23:03 ip-172-31-19-188 kernel: [    0.260811] rcu: RCU calculated value of scheduler-enlistment delay is 25 jiffies.
Oct 18 10:23:03 ip-172-31-19-188 cloud-init[757]: Cloud-init v. 21.1-19-gbad84ad4-0ubuntu1~18.04.1 running 'init-local' at Mon, 18 Oct 2021 10:22:57 +0000. Up 9.58 seconds.
Oct 18 10:23:03 ip-172-31-19-188 kernel: [    0.260812] rcu: Adjusting geometry for rcu_fanout_leaf=16, nr_cpu_ids=15
Oct 18 10:23:03 ip-172-31-19-188 kernel: [    0.263314] NR_IRQS: 524544, nr_irqs: 952, preallocated irqs: 16
Oct 18 10:23:03 ip-172-31-19-188 systemd[1]: Started Initial cloud-init job (pre-networking).
Oct 18 10:23:03 ip-172-31-19-188 kernel: [    0.263347] xen:events: Using 2-level ABI
Oct 18 10:23:03 ip-172-31-19-188 kernel: [    0.263392] xen:events: Xen HVM callback vector for event delivery is enabled
Oct 18 10:23:03 ip-172-31-19-188 kernel: [    0.263578] random: crng done (trusting CPU's manufacturer)
Oct 18 10:23:03 ip-172-31-19-188 systemd[1]: Reached target Network (Pre).
Oct 18 10:23:03 ip-172-31-19-188 kernel: [    0.277471] Console: colour VGA+ 80x25
Oct 18 10:23:03 ip-172-31-19-188 kernel: [    0.422926] printk: console [tty1] enabled
Oct 18 10:23:03 ip-172-31-19-188 kernel: [    0.424095] Cannot get hvm parameter CONSOLE_EVTCHN (18): -22!
Oct 18 10:23:03 ip-172-31-19-188 kernel: [    0.910140] printk: console [ttyS0] enabled
Oct 18 10:23:03 ip-172-31-19-188 systemd[1]: Starting Network Service...
Oct 18 10:23:03 ip-172-31-19-188 kernel: [    0.913823] ACPI: Core revision 20190816
Oct 18 10:23:03 ip-172-31-19-188 kernel: [    0.917514] clocksource: hpet: mask: 0xffffffff max_cycles: 0xffffffff, max_idle_ns: 30580167144 ns
Oct 18 10:23:03 ip-172-31-19-188 systemd-networkd[842]: Enumeration completed
Oct 18 10:23:03 ip-172-31-19-188 kernel: [    0.924815] APIC: Switch to symmetric I/O mode setup
Oct 18 10:23:03 ip-172-31-19-188 systemd[1]: Started Network Service.
Oct 18 10:23:03 ip-172-31-19-188 kernel: [    0.931308] x2apic: IRQ remapping doesn't support X2APIC mode
Oct 18 10:23:03 ip-172-31-19-188 kernel: [    0.939146] Switched APIC routing to physical flat.
Oct 18 10:23:03 ip-172-31-19-188 kernel: [    0.954387] ..TIMER: vector=0x30 apic1=0 pin1=2 apic2=0 pin2=0
Oct 18 10:23:03 ip-172-31-19-188 kernel: [    0.959286] clocksource: tsc-early: mask: 0xffffffffffffffff max_cycles: 0x22986a9a023, max_idle_ns: 440795251913 ns
Oct 18 10:23:03 ip-172-31-19-188 systemd-networkd[842]: eth0: Link UP
Oct 18 10:23:03 ip-172-31-19-188 systemd-networkd[842]: eth0: Gained carrier
Oct 18 10:23:03 ip-172-31-19-188 systemd-timesyncd[658]: Network configuration changed, trying to establish connection.
Oct 18 10:23:03 ip-172-31-19-188 systemd-networkd[842]: eth0: Link DOWN
Oct 18 10:23:03 ip-172-31-19-188 kernel: [    0.973505] Calibrating delay loop (skipped), value calculated using timer frequency.. 4800.10 BogoMIPS (lpj=9600216)
Oct 18 10:23:03 ip-172-31-19-188 systemd-networkd[842]: eth0: Lost carrier
Oct 18 10:23:03 ip-172-31-19-188 kernel: [    0.981493] pid_max: default: 32768 minimum: 301
Oct 18 10:23:03 ip-172-31-19-188 kernel: [    0.989545] LSM: Security Framework initializing
Oct 18 10:23:03 ip-172-31-19-188 systemd-networkd[842]: eth0: Removing non-existent address: fe80::12:5cff:fe33:5547/64 (valid forever), ignoring
Oct 18 10:23:03 ip-172-31-19-188 kernel: [    0.993505] Yama: becoming mindful.
Oct 18 10:23:03 ip-172-31-19-188 systemd-networkd[842]: eth0: IPv6 successfully enabled
Oct 18 10:23:03 ip-172-31-19-188 systemd-networkd[842]: lo: Link is not managed by us
Oct 18 10:23:03 ip-172-31-19-188 systemd-networkd[842]: eth0: Link UP
Oct 18 10:23:03 ip-172-31-19-188 kernel: [    0.997573] AppArmor: AppArmor initialized
Oct 18 10:23:03 ip-172-31-19-188 systemd[1]: Starting Network Name Resolution...
Oct 18 10:23:03 ip-172-31-19-188 kernel: [    1.001601] Mount-cache hash table entries: 65536 (order: 7, 524288 bytes, linear)
Oct 18 10:23:03 ip-172-31-19-188 systemd[1]: Starting Wait for Network to be Configured...
Oct 18 10:23:03 ip-172-31-19-188 kernel: [    1.009559] Mountpoint-cache hash table entries: 65536 (order: 7, 524288 bytes, linear)
Oct 18 10:23:03 ip-172-31-19-188 kernel: [    1.021515] *** VALIDATE tmpfs ***
Oct 18 10:23:03 ip-172-31-19-188 kernel: [    1.025663] *** VALIDATE proc ***
Oct 18 10:23:03 ip-172-31-19-188 kernel: [    1.029557] *** VALIDATE cgroup1 ***
Oct 18 10:23:03 ip-172-31-19-188 systemd-networkd[842]: eth0: Gained carrier
Oct 18 10:23:03 ip-172-31-19-188 kernel: [    1.033493] *** VALIDATE cgroup2 ***
Oct 18 10:23:03 ip-172-31-19-188 kernel: [    1.041515] Last level iTLB entries: 4KB 1024, 2MB 1024, 4MB 1024
Oct 18 10:23:03 ip-172-31-19-188 systemd-networkd[842]: eth0: DHCPv4 address 172.31.19.188/20 via 172.31.16.1
Oct 18 10:23:03 ip-172-31-19-188 systemd-networkd[842]: Not connected to system bus, not setting hostname.
Oct 18 10:23:03 ip-172-31-19-188 systemd-timesyncd[658]: Network configuration changed, trying to establish connection.
Oct 18 10:23:03 ip-172-31-19-188 systemd-resolved[870]: Positive Trust Anchors:
Oct 18 10:23:03 ip-172-31-19-188 kernel: [    1.045492] Last level dTLB entries: 4KB 1024, 2MB 1024, 4MB 1024, 1GB 4
Oct 18 10:23:03 ip-172-31-19-188 kernel: [    1.053495] Spectre V1 : Mitigation: usercopy/swapgs barriers and __user pointer sanitization
Oct 18 10:23:03 ip-172-31-19-188 systemd-resolved[870]: . IN DS 19036 8 2 49aac11d7b6f6446702e54a1607371607a1a41855200fd2ce1cdde32f24e8fb5
Oct 18 10:23:03 ip-172-31-19-188 kernel: [    1.065493] Spectre V2 : Mitigation: Full generic retpoline
Oct 18 10:23:03 ip-172-31-19-188 kernel: [    1.073492] Spectre V2 : Spectre v2 / SpectreRSB mitigation: Filling RSB on context switch
Oct 18 10:23:03 ip-172-31-19-188 systemd-resolved[870]: . IN DS 20326 8 2 e06d44b80b8f1d39a95c0b0d7c65d08458e880409bbc683457104237c7f8ec8d
Oct 18 10:23:03 ip-172-31-19-188 systemd-resolved[870]: Negative trust anchors: 10.in-addr.arpa 16.172.in-addr.arpa 17.172.in-addr.arpa 18.172.in-addr.arpa 19.172.in-addr.arpa 20.172.in-addr.arpa 21.172.in-addr.arpa 22.172.in-addr.arpa 23.172.in-addr.arpa 24.172.in-addr.arpa 25.172.in-addr.arpa 26.172.in-addr.arpa 27.172.in-addr.arpa 28.172.in-addr.arpa 29.172.in-addr.arpa 30.172.in-addr.arpa 31.172.in-addr.arpa 168.192.in-addr.arpa d.f.ip6.arpa corp home internal intranet lan local private test
Oct 18 10:23:03 ip-172-31-19-188 systemd-resolved[870]: Using system hostname 'ip-172-31-19-188'.
Oct 18 10:23:03 ip-172-31-19-188 systemd[1]: Started Network Name Resolution.
Oct 18 10:23:03 ip-172-31-19-188 kernel: [    1.077493] Speculative Store Bypass: Vulnerable
Oct 18 10:23:03 ip-172-31-19-188 systemd[1]: Reached target Network.
Oct 18 10:23:03 ip-172-31-19-188 systemd[1]: Reached target Host and Network Name Lookups.
Oct 18 10:23:03 ip-172-31-19-188 systemd-networkd[842]: eth0: Gained IPv6LL
Oct 18 10:23:03 ip-172-31-19-188 systemd-networkd[842]: eth0: Configured
Oct 18 10:23:03 ip-172-31-19-188 systemd-timesyncd[658]: Network configuration changed, trying to establish connection.
Oct 18 10:23:03 ip-172-31-19-188 systemd-networkd-wait-online[879]: managing: eth0
Oct 18 10:23:03 ip-172-31-19-188 systemd-networkd-wait-online[879]: ignoring: lo
Oct 18 10:23:03 ip-172-31-19-188 systemd[1]: Started Wait for Network to be Configured.
Oct 18 10:23:03 ip-172-31-19-188 systemd[1]: Starting Initial cloud-init job (metadata service crawler)...
Oct 18 10:23:03 ip-172-31-19-188 cloud-init[898]: Cloud-init v. 21.1-19-gbad84ad4-0ubuntu1~18.04.1 running 'init' at Mon, 18 Oct 2021 10:23:00 +0000. Up 11.89 seconds.
Oct 18 10:23:03 ip-172-31-19-188 cloud-init[898]: ci-info: ++++++++++++++++++++++++++++++++++++++Net device info++++++++++++++++++++++++++++++++++++++
Oct 18 10:23:03 ip-172-31-19-188 cloud-init[898]: ci-info: +--------+------+----------------------------+---------------+--------+-------------------+
Oct 18 10:23:03 ip-172-31-19-188 cloud-init[898]: ci-info: | Device |  Up  |          Address           |      Mask     | Scope  |     Hw-Address    |
Oct 18 10:23:03 ip-172-31-19-188 cloud-init[898]: ci-info: +--------+------+----------------------------+---------------+--------+-------------------+
Oct 18 10:23:03 ip-172-31-19-188 cloud-init[898]: ci-info: |  eth0  | True |       172.31.19.188        | 255.255.240.0 | global | 02:12:5c:33:55:47 |
Oct 18 10:23:03 ip-172-31-19-188 cloud-init[898]: ci-info: |  eth0  | True | fe80::12:5cff:fe33:5547/64 |       .       |  link  | 02:12:5c:33:55:47 |
Oct 18 10:23:03 ip-172-31-19-188 cloud-init[898]: ci-info: |   lo   | True |         127.0.0.1          |   255.0.0.0   |  host  |         .         |
Oct 18 10:23:03 ip-172-31-19-188 cloud-init[898]: ci-info: |   lo   | True |          ::1/128           |       .       |  host  |         .         |
Oct 18 10:23:03 ip-172-31-19-188 cloud-init[898]: ci-info: +--------+------+----------------------------+---------------+--------+-------------------+
Oct 18 10:23:03 ip-172-31-19-188 cloud-init[898]: ci-info: ++++++++++++++++++++++++++++++Route IPv4 info++++++++++++++++++++++++++++++
Oct 18 10:23:03 ip-172-31-19-188 cloud-init[898]: ci-info: +-------+-------------+-------------+-----------------+-----------+-------+
Oct 18 10:23:03 ip-172-31-19-188 kernel: [    1.081496] MDS: Vulnerable: Clear CPU buffers attempted, no microcode
Oct 18 10:23:03 ip-172-31-19-188 cloud-init[898]: ci-info: | Route | Destination |   Gateway   |     Genmask     | Interface | Flags |
Oct 18 10:23:03 ip-172-31-19-188 kernel: [    1.089668] Freeing SMP alternatives memory: 40K
Oct 18 10:23:03 ip-172-31-19-188 cloud-init[898]: ci-info: +-------+-------------+-------------+-----------------+-----------+-------+
Oct 18 10:23:03 ip-172-31-19-188 kernel: [    1.095338] clocksource: xen: mask: 0xffffffffffffffff max_cycles: 0x1cd42e4dffb, max_idle_ns: 881590591483 ns
Oct 18 10:23:03 ip-172-31-19-188 kernel: [    1.105509] Xen: using vcpuop timer interface
Oct 18 10:23:03 ip-172-31-19-188 kernel: [    1.105515] installing Xen timer for CPU 0
Oct 18 10:23:03 ip-172-31-19-188 kernel: [    1.113566] smpboot: CPU0: Intel(R) Xeon(R) CPU E5-2676 v3 @ 2.40GHz (family: 0x6, model: 0x3f, stepping: 0x2)
Oct 18 10:23:03 ip-172-31-19-188 cloud-init[898]: ci-info: |   0   |   0.0.0.0   | 172.31.16.1 |     0.0.0.0     |    eth0   |   UG  |
Oct 18 10:23:03 ip-172-31-19-188 kernel: [    1.117532] cpu 0 spinlock event irq 53
Oct 18 10:23:03 ip-172-31-19-188 kernel: [    1.121657] Performance Events: unsupported p6 CPU model 63 no PMU driver, software events only.
Oct 18 10:23:03 ip-172-31-19-188 cloud-init[898]: ci-info: |   1   | 172.31.16.0 |   0.0.0.0   |  255.255.240.0  |    eth0   |   U   |
Oct 18 10:23:03 ip-172-31-19-188 kernel: [    1.125534] rcu: Hierarchical SRCU implementation.
Oct 18 10:23:03 ip-172-31-19-188 kernel: [    1.130154] NMI watchdog: Perf NMI watchdog permanently disabled
Oct 18 10:23:03 ip-172-31-19-188 cloud-init[898]: ci-info: |   2   | 172.31.16.1 |   0.0.0.0   | 255.255.255.255 |    eth0   |   UH  |
Oct 18 10:23:03 ip-172-31-19-188 kernel: [    1.133684] smp: Bringing up secondary CPUs ...
Oct 18 10:23:03 ip-172-31-19-188 kernel: [    1.137609] installing Xen timer for CPU 1
Oct 18 10:23:03 ip-172-31-19-188 kernel: [    1.141572] x86: Booting SMP configuration:
Oct 18 10:23:03 ip-172-31-19-188 cloud-init[898]: ci-info: +-------+-------------+-------------+-----------------+-----------+-------+
Oct 18 10:23:03 ip-172-31-19-188 kernel: [    1.145498] .... node  #0, CPUs:        #1
Oct 18 10:23:03 ip-172-31-19-188 kernel: [    1.146074] cpu 1 spinlock event irq 59
Oct 18 10:23:03 ip-172-31-19-188 cloud-init[898]: ci-info: +++++++++++++++++++Route IPv6 info+++++++++++++++++++
Oct 18 10:23:03 ip-172-31-19-188 kernel: [    1.153608] installing Xen timer for CPU 2
Oct 18 10:23:03 ip-172-31-19-188 kernel: [    1.157577]   #2
Oct 18 10:23:03 ip-172-31-19-188 kernel: [    1.158147] cpu 2 spinlock event irq 65
Oct 18 10:23:03 ip-172-31-19-188 cloud-init[898]: ci-info: +-------+-------------+---------+-----------+-------+
Oct 18 10:23:03 ip-172-31-19-188 kernel: [    1.165599] installing Xen timer for CPU 3
Oct 18 10:23:03 ip-172-31-19-188 kernel: [    1.169560]   #3
Oct 18 10:23:03 ip-172-31-19-188 kernel: [    1.170118] cpu 3 spinlock event irq 71
Oct 18 10:23:03 ip-172-31-19-188 cloud-init[898]: ci-info: | Route | Destination | Gateway | Interface | Flags |
Oct 18 10:23:03 ip-172-31-19-188 kernel: [    1.173616] installing Xen timer for CPU 4
Oct 18 10:23:03 ip-172-31-19-188 kernel: [    1.177572]   #4
Oct 18 10:23:03 ip-172-31-19-188 kernel: [    1.178167] cpu 4 spinlock event irq 77
Oct 18 10:23:03 ip-172-31-19-188 kernel: [    1.181611] installing Xen timer for CPU 5
Oct 18 10:23:03 ip-172-31-19-188 cloud-init[898]: ci-info: +-------+-------------+---------+-----------+-------+
Oct 18 10:23:03 ip-172-31-19-188 kernel: [    1.185562]   #5
Oct 18 10:23:03 ip-172-31-19-188 kernel: [    1.186116] cpu 5 spinlock event irq 83
Oct 18 10:23:03 ip-172-31-19-188 kernel: [    1.189612] installing Xen timer for CPU 6
Oct 18 10:23:03 ip-172-31-19-188 kernel: [    1.193572]   #6
Oct 18 10:23:03 ip-172-31-19-188 cloud-init[898]: ci-info: |   1   |  fe80::/64  |    ::   |    eth0   |   U   |
Oct 18 10:23:03 ip-172-31-19-188 kernel: [    1.194100] cpu 6 spinlock event irq 89
Oct 18 10:23:03 ip-172-31-19-188 kernel: [    1.197606] installing Xen timer for CPU 7
Oct 18 10:23:03 ip-172-31-19-188 cloud-init[898]: ci-info: |   3   |    local    |    ::   |    eth0   |   U   |
Oct 18 10:23:03 ip-172-31-19-188 kernel: [    1.201571]   #7
Oct 18 10:23:03 ip-172-31-19-188 kernel: [    1.202114] cpu 7 spinlock event irq 95
Oct 18 10:23:03 ip-172-31-19-188 cloud-init[898]: ci-info: |   4   |  multicast  |    ::   |    eth0   |   U   |
Oct 18 10:23:03 ip-172-31-19-188 kernel: [    1.205593] smp: Brought up 1 node, 8 CPUs
Oct 18 10:23:03 ip-172-31-19-188 kernel: [    1.209497] smpboot: Max logical packages: 2
Oct 18 10:23:03 ip-172-31-19-188 kernel: [    1.213421] smpboot: Total of 8 processors activated (38400.86 BogoMIPS)
Oct 18 10:23:03 ip-172-31-19-188 cloud-init[898]: ci-info: +-------+-------------+---------+-----------+-------+
Oct 18 10:23:03 ip-172-31-19-188 kernel: [    1.214578] devtmpfs: initialized
Oct 18 10:23:03 ip-172-31-19-188 kernel: [    1.217544] x86/mm: Memory block size: 128MB
Oct 18 10:23:03 ip-172-31-19-188 kernel: [    1.225903] clocksource: jiffies: mask: 0xffffffff max_cycles: 0xffffffff, max_idle_ns: 7645041785100000 ns
Oct 18 10:23:03 ip-172-31-19-188 kernel: [    1.229556] futex hash table entries: 4096 (order: 6, 262144 bytes, linear)
Oct 18 10:23:03 ip-172-31-19-188 kernel: [    1.233599] pinctrl core: initialized pinctrl subsystem
Oct 18 10:23:03 ip-172-31-19-188 kernel: [    1.237624] PM: RTC time: 10:22:48, date: 2021-10-18
Oct 18 10:23:03 ip-172-31-19-188 kernel: [    1.241774] NET: Registered protocol family 16
Oct 18 10:23:03 ip-172-31-19-188 kernel: [    1.245714] audit: initializing netlink subsys (disabled)
Oct 18 10:23:03 ip-172-31-19-188 kernel: [    1.249520] audit: type=2000 audit(1634552568.699:1): state=initialized audit_enabled=0 res=1
Oct 18 10:23:03 ip-172-31-19-188 kernel: [    1.249644] EISA bus registered
Oct 18 10:23:03 ip-172-31-19-188 kernel: [    1.257505] cpuidle: using governor ladder
Oct 18 10:23:03 ip-172-31-19-188 kernel: [    1.261509] cpuidle: using governor menu
Oct 18 10:23:03 ip-172-31-19-188 kernel: [    1.265559] ACPI: bus type PCI registered
Oct 18 10:23:03 ip-172-31-19-188 kernel: [    1.269497] acpiphp: ACPI Hot Plug PCI Controller Driver version: 0.5
Oct 18 10:23:03 ip-172-31-19-188 kernel: [    1.274081] PCI: Using configuration type 1 for base access
Oct 18 10:23:03 ip-172-31-19-188 kernel: [    1.281531] HugeTLB registered 1.00 GiB page size, pre-allocated 0 pages
Oct 18 10:23:03 ip-172-31-19-188 kernel: [    1.285497] HugeTLB registered 2.00 MiB page size, pre-allocated 0 pages
Oct 18 10:23:03 ip-172-31-19-188 kernel: [    1.289563] ACPI: Added _OSI(Module Device)
Oct 18 10:23:03 ip-172-31-19-188 kernel: [    1.293501] ACPI: Added _OSI(Processor Device)
Oct 18 10:23:03 ip-172-31-19-188 kernel: [    1.297510] ACPI: Added _OSI(3.0 _SCP Extensions)
Oct 18 10:23:03 ip-172-31-19-188 kernel: [    1.301495] ACPI: Added _OSI(Processor Aggregator Device)
Oct 18 10:23:03 ip-172-31-19-188 kernel: [    1.305498] ACPI: Added _OSI(Linux-Dell-Video)
Oct 18 10:23:03 ip-172-31-19-188 kernel: [    1.309496] ACPI: Added _OSI(Linux-Lenovo-NV-HDMI-Audio)
Oct 18 10:23:03 ip-172-31-19-188 kernel: [    1.313495] ACPI: Added _OSI(Linux-HPI-Hybrid-Graphics)
Oct 18 10:23:03 ip-172-31-19-188 kernel: [    1.321718] ACPI: 3 ACPI AML tables successfully acquired and loaded
Oct 18 10:23:03 ip-172-31-19-188 kernel: [    1.326173] xen: --> pirq=16 -> irq=9 (gsi=9)
Oct 18 10:23:03 ip-172-31-19-188 kernel: [    1.327197] ACPI: Interpreter enabled
Oct 18 10:23:03 ip-172-31-19-188 kernel: [    1.329510] ACPI: (supports S0 S4 S5)
Oct 18 10:23:03 ip-172-31-19-188 kernel: [    1.332703] ACPI: Using IOAPIC for interrupt routing
Oct 18 10:23:03 ip-172-31-19-188 kernel: [    1.333530] PCI: Using host bridge windows from ACPI; if necessary, use "pci=nocrs" and report a bug
Oct 18 10:23:03 ip-172-31-19-188 kernel: [    1.337892] ACPI: Enabled 2 GPEs in block 00 to 0F
Oct 18 10:23:03 ip-172-31-19-188 kernel: [    1.380106] ACPI: PCI Root Bridge [PCI0] (domain 0000 [bus 00-ff])
Oct 18 10:23:03 ip-172-31-19-188 kernel: [    1.381506] acpi PNP0A03:00: _OSC: OS supports [ASPM ClockPM Segments MSI HPX-Type3]
Oct 18 10:23:03 ip-172-31-19-188 kernel: [    1.385514] acpi PNP0A03:00: fail to add MMCONFIG information, can't access extended PCI configuration space under this bridge.
Oct 18 10:23:03 ip-172-31-19-188 kernel: [    1.390675] acpiphp: Slot [0] registered
Oct 18 10:23:03 ip-172-31-19-188 kernel: [    1.394774] acpiphp: Slot [3] registered
Oct 18 10:23:03 ip-172-31-19-188 kernel: [    1.397953] acpiphp: Slot [4] registered
Oct 18 10:23:03 ip-172-31-19-188 kernel: [    1.401921] acpiphp: Slot [5] registered
Oct 18 10:23:03 ip-172-31-19-188 cloud-init[898]: Generating public/private rsa key pair.
Oct 18 10:23:03 ip-172-31-19-188 kernel: [    1.405933] acpiphp: Slot [6] registered
Oct 18 10:23:03 ip-172-31-19-188 kernel: [    1.409932] acpiphp: Slot [7] registered
Oct 18 10:23:03 ip-172-31-19-188 kernel: [    1.413933] acpiphp: Slot [8] registered
Oct 18 10:23:03 ip-172-31-19-188 kernel: [    1.417933] acpiphp: Slot [9] registered
Oct 18 10:23:03 ip-172-31-19-188 cloud-init[898]: Your identification has been saved in /etc/ssh/ssh_host_rsa_key.
Oct 18 10:23:03 ip-172-31-19-188 kernel: [    1.422003] acpiphp: Slot [10] registered
Oct 18 10:23:03 ip-172-31-19-188 kernel: [    1.425954] acpiphp: Slot [11] registered
Oct 18 10:23:03 ip-172-31-19-188 cloud-init[898]: Your public key has been saved in /etc/ssh/ssh_host_rsa_key.pub.
Oct 18 10:23:03 ip-172-31-19-188 kernel: [    1.429965] acpiphp: Slot [12] registered
Oct 18 10:23:03 ip-172-31-19-188 kernel: [    1.433911] acpiphp: Slot [13] registered
Oct 18 10:23:03 ip-172-31-19-188 kernel: [    1.437865] acpiphp: Slot [14] registered
Oct 18 10:23:03 ip-172-31-19-188 cloud-init[898]: The key fingerprint is:
Oct 18 10:23:03 ip-172-31-19-188 kernel: [    1.441921] acpiphp: Slot [15] registered
Oct 18 10:23:03 ip-172-31-19-188 kernel: [    1.445922] acpiphp: Slot [16] registered
Oct 18 10:23:03 ip-172-31-19-188 kernel: [    1.449867] acpiphp: Slot [17] registered
Oct 18 10:23:03 ip-172-31-19-188 kernel: [    1.453504] acpiphp: Slot [18] registered
Oct 18 10:23:03 ip-172-31-19-188 cloud-init[898]: SHA256:gTUShHdNGfq+jwOtz84TuewUEbckBYqzCV2YnAtlQS0 root@ip-172-31-19-188
Oct 18 10:23:03 ip-172-31-19-188 kernel: [    1.457253] acpiphp: Slot [19] registered
Oct 18 10:23:03 ip-172-31-19-188 kernel: [    1.457879] acpiphp: Slot [20] registered
Oct 18 10:23:03 ip-172-31-19-188 cloud-init[898]: The key's randomart image is:
Oct 18 10:23:03 ip-172-31-19-188 kernel: [    1.461490] acpiphp: Slot [21] registered
Oct 18 10:23:03 ip-172-31-19-188 kernel: [    1.461887] acpiphp: Slot [22] registered
Oct 18 10:23:03 ip-172-31-19-188 cloud-init[898]: +---[RSA 2048]----+
Oct 18 10:23:03 ip-172-31-19-188 kernel: [    1.465490] acpiphp: Slot [23] registered
Oct 18 10:23:03 ip-172-31-19-188 kernel: [    1.465881] acpiphp: Slot [24] registered
Oct 18 10:23:03 ip-172-31-19-188 kernel: [    1.469596] acpiphp: Slot [25] registered
Oct 18 10:23:03 ip-172-31-19-188 kernel: [    1.473294] acpiphp: Slot [26] registered
Oct 18 10:23:03 ip-172-31-19-188 cloud-init[898]: |     *OB+o*=+    |
Oct 18 10:23:03 ip-172-31-19-188 kernel: [    1.473857] acpiphp: Slot [27] registered
Oct 18 10:23:03 ip-172-31-19-188 kernel: [    1.477505] acpiphp: Slot [28] registered
Oct 18 10:23:03 ip-172-31-19-188 cloud-init[898]: |    ooE*o+o= .   |
Oct 18 10:23:03 ip-172-31-19-188 kernel: [    1.481618] acpiphp: Slot [29] registered
Oct 18 10:23:03 ip-172-31-19-188 kernel: [    1.485837] acpiphp: Slot [30] registered
Oct 18 10:23:03 ip-172-31-19-188 kernel: [    1.489336] acpiphp: Slot [31] registered
Oct 18 10:23:03 ip-172-31-19-188 kernel: [    1.489870] PCI host bridge to bus 0000:00
Oct 18 10:23:03 ip-172-31-19-188 kernel: [    1.493240] pci_bus 0000:00: root bus resource [io  0x0000-0x0cf7 window]
Oct 18 10:23:03 ip-172-31-19-188 cloud-init[898]: |    .o=++ . .    |
Oct 18 10:23:03 ip-172-31-19-188 kernel: [    1.493496] pci_bus 0000:00: root bus resource [io  0x0d00-0xffff window]
Oct 18 10:23:03 ip-172-31-19-188 kernel: [    1.497497] pci_bus 0000:00: root bus resource [mem 0x000a0000-0x000bffff window]
Oct 18 10:23:03 ip-172-31-19-188 cloud-init[898]: |     ..+ o .     |
Oct 18 10:23:03 ip-172-31-19-188 cloud-init[898]: |      o S.o.     |
Oct 18 10:23:03 ip-172-31-19-188 cloud-init[898]: |        ..+.     |
Oct 18 10:23:03 ip-172-31-19-188 kernel: [    1.501499] pci_bus 0000:00: root bus resource [mem 0xf0000000-0xfbffffff window]
Oct 18 10:23:03 ip-172-31-19-188 kernel: [    1.505496] pci_bus 0000:00: root bus resource [bus 00-ff]
Oct 18 10:23:03 ip-172-31-19-188 cloud-init[898]: |         +oo     |
Oct 18 10:23:03 ip-172-31-19-188 kernel: [    1.509779] pci 0000:00:00.0: [8086:1237] type 00 class 0x060000
Oct 18 10:23:03 ip-172-31-19-188 kernel: [    1.516097] pci 0000:00:01.0: [8086:7000] type 00 class 0x060100
Oct 18 10:23:03 ip-172-31-19-188 cloud-init[898]: |        .+=o     |
Oct 18 10:23:03 ip-172-31-19-188 cloud-init[898]: |         +O+.    |
Oct 18 10:23:03 ip-172-31-19-188 kernel: [    1.520893] pci 0000:00:01.1: [8086:7010] type 00 class 0x010180
Oct 18 10:23:03 ip-172-31-19-188 kernel: [    1.523471] pci 0000:00:01.1: reg 0x20: [io  0xc100-0xc10f]
Oct 18 10:23:03 ip-172-31-19-188 cloud-init[898]: +----[SHA256]-----+
Oct 18 10:23:03 ip-172-31-19-188 kernel: [    1.526326] pci 0000:00:01.1: legacy IDE quirk: reg 0x10: [io  0x01f0-0x01f7]
Oct 18 10:23:03 ip-172-31-19-188 kernel: [    1.529498] pci 0000:00:01.1: legacy IDE quirk: reg 0x14: [io  0x03f6]
Oct 18 10:23:03 ip-172-31-19-188 cloud-init[898]: Generating public/private dsa key pair.
Oct 18 10:23:03 ip-172-31-19-188 kernel: [    1.533496] pci 0000:00:01.1: legacy IDE quirk: reg 0x18: [io  0x0170-0x0177]
Oct 18 10:23:03 ip-172-31-19-188 kernel: [    1.537495] pci 0000:00:01.1: legacy IDE quirk: reg 0x1c: [io  0x0376]
Oct 18 10:23:03 ip-172-31-19-188 kernel: [    1.542570] pci 0000:00:01.3: [8086:7113] type 00 class 0x068000
Oct 18 10:23:03 ip-172-31-19-188 cloud-init[898]: Your identification has been saved in /etc/ssh/ssh_host_dsa_key.
Oct 18 10:23:03 ip-172-31-19-188 cloud-init[898]: Your public key has been saved in /etc/ssh/ssh_host_dsa_key.pub.
Oct 18 10:23:03 ip-172-31-19-188 kernel: [    1.545548] * Found PM-Timer Bug on the chipset. Due to workarounds for a bug,
Oct 18 10:23:03 ip-172-31-19-188 kernel: [    1.545548] * this clock source is slow. Consider trying other clock sources
Oct 18 10:23:03 ip-172-31-19-188 kernel: [    1.551567] pci 0000:00:01.3: quirk: [io  0xb000-0xb03f] claimed by PIIX4 ACPI
Oct 18 10:23:03 ip-172-31-19-188 cloud-init[898]: The key fingerprint is:
Oct 18 10:23:03 ip-172-31-19-188 kernel: [    1.555205] pci 0000:00:02.0: [1013:00b8] type 00 class 0x030000
Oct 18 10:23:03 ip-172-31-19-188 kernel: [    1.558191] pci 0000:00:02.0: reg 0x10: [mem 0xf0000000-0xf1ffffff pref]
Oct 18 10:23:03 ip-172-31-19-188 cloud-init[898]: SHA256:yHYDoywGMLE370ht6iP9q6jEKE3Y0+nTKLjCB7A+iJg root@ip-172-31-19-188
Oct 18 10:23:03 ip-172-31-19-188 kernel: [    1.561844] pci 0000:00:02.0: reg 0x14: [mem 0xf3000000-0xf3000fff]
Oct 18 10:23:03 ip-172-31-19-188 cloud-init[898]: The key's randomart image is:
Oct 18 10:23:03 ip-172-31-19-188 kernel: [    1.568560] pci 0000:00:03.0: [5853:0001] type 00 class 0xff8000
Oct 18 10:23:03 ip-172-31-19-188 kernel: [    1.570205] pci 0000:00:03.0: reg 0x10: [io  0xc000-0xc0ff]
Oct 18 10:23:03 ip-172-31-19-188 kernel: [    1.573858] pci 0000:00:03.0: reg 0x14: [mem 0xf2000000-0xf2ffffff pref]
Oct 18 10:23:03 ip-172-31-19-188 kernel: [    1.586189] ACPI: PCI Interrupt Link [LNKA] (IRQs *5 10 11)
Oct 18 10:23:03 ip-172-31-19-188 kernel: [    1.589727] ACPI: PCI Interrupt Link [LNKB] (IRQs 5 *10 11)
Oct 18 10:23:03 ip-172-31-19-188 cloud-init[898]: +---[DSA 1024]----+
Oct 18 10:23:03 ip-172-31-19-188 kernel: [    1.593744] ACPI: PCI Interrupt Link [LNKC] (IRQs 5 10 *11)
Oct 18 10:23:03 ip-172-31-19-188 kernel: [    1.597828] ACPI: PCI Interrupt Link [LNKD] (IRQs *5 10 11)
Oct 18 10:23:03 ip-172-31-19-188 cloud-init[898]: |+.               |
Oct 18 10:23:03 ip-172-31-19-188 kernel: [    1.628617] xen:balloon: Initialising balloon driver
Oct 18 10:23:03 ip-172-31-19-188 kernel: [    1.629536] iommu: Default domain type: Translated 
Oct 18 10:23:03 ip-172-31-19-188 cloud-init[898]: |.o               |
Oct 18 10:23:03 ip-172-31-19-188 kernel: [    1.633646] SCSI subsystem initialized
Oct 18 10:23:03 ip-172-31-19-188 kernel: [    1.637522] libata version 3.00 loaded.
Oct 18 10:23:03 ip-172-31-19-188 kernel: [    1.637583] pci 0000:00:02.0: vgaarb: setting as boot VGA device
Oct 18 10:23:03 ip-172-31-19-188 cloud-init[898]: |o o   o          |
Oct 18 10:23:03 ip-172-31-19-188 kernel: [    1.641490] pci 0000:00:02.0: vgaarb: VGA device added: decodes=io+mem,owns=io+mem,locks=none
Oct 18 10:23:03 ip-172-31-19-188 cloud-init[898]: |.= * + +         |
Oct 18 10:23:03 ip-172-31-19-188 kernel: [    1.641504] pci 0000:00:02.0: vgaarb: bridge control possible
Oct 18 10:23:03 ip-172-31-19-188 kernel: [    1.645495] vgaarb: loaded
Oct 18 10:23:03 ip-172-31-19-188 kernel: [    1.648770] ACPI: bus type USB registered
Oct 18 10:23:03 ip-172-31-19-188 cloud-init[898]: |o.B O + S        |
Oct 18 10:23:03 ip-172-31-19-188 kernel: [    1.649523] usbcore: registered new interface driver usbfs
Oct 18 10:23:03 ip-172-31-19-188 kernel: [    1.653505] usbcore: registered new interface driver hub
Oct 18 10:23:03 ip-172-31-19-188 kernel: [    1.657515] usbcore: registered new device driver usb
Oct 18 10:23:03 ip-172-31-19-188 kernel: [    1.661524] pps_core: LinuxPPS API ver. 1 registered
Oct 18 10:23:03 ip-172-31-19-188 cloud-init[898]: |+B O + . .       |
Oct 18 10:23:03 ip-172-31-19-188 kernel: [    1.665497] pps_core: Software ver. 5.3.6 - Copyright 2005-2007 Rodolfo Giometti <giometti@linux.it>
Oct 18 10:23:03 ip-172-31-19-188 cloud-init[898]: |X=* = .          |
Oct 18 10:23:03 ip-172-31-19-188 kernel: [    1.669507] PTP clock support registered
Oct 18 10:23:03 ip-172-31-19-188 kernel: [    1.673518] EDAC MC: Ver: 3.0.0
Oct 18 10:23:03 ip-172-31-19-188 kernel: [    1.676795] PCI: Using ACPI for IRQ routing
Oct 18 10:23:03 ip-172-31-19-188 cloud-init[898]: |EBoo .           |
Oct 18 10:23:03 ip-172-31-19-188 kernel: [    1.677497] PCI: pci_cache_line_size set to 64 bytes
Oct 18 10:23:03 ip-172-31-19-188 kernel: [    1.677933] e820: reserve RAM buffer [mem 0x0009e000-0x0009ffff]
Oct 18 10:23:03 ip-172-31-19-188 cloud-init[898]: |*.=+o.           |
Oct 18 10:23:03 ip-172-31-19-188 kernel: [    1.678049] NetLabel: Initializing
Oct 18 10:23:03 ip-172-31-19-188 kernel: [    1.681200] NetLabel:  domain hash size = 128
Oct 18 10:23:03 ip-172-31-19-188 cloud-init[898]: +----[SHA256]-----+
Oct 18 10:23:03 ip-172-31-19-188 kernel: [    1.681495] NetLabel:  protocols = UNLABELED CIPSOv4 CALIPSO
Oct 18 10:23:03 ip-172-31-19-188 kernel: [    1.685514] NetLabel:  unlabeled traffic allowed by default
Oct 18 10:23:03 ip-172-31-19-188 kernel: [    1.689549] hpet: 3 channels of 0 reserved for per-cpu timers
Oct 18 10:23:03 ip-172-31-19-188 kernel: [    1.693503] hpet0: at MMIO 0xfed00000, IRQs 2, 8, 0
Oct 18 10:23:03 ip-172-31-19-188 kernel: [    1.697497] hpet0: 3 comparators, 64-bit 62.500000 MHz counter
Oct 18 10:23:03 ip-172-31-19-188 cloud-init[898]: Generating public/private ecdsa key pair.
Oct 18 10:23:03 ip-172-31-19-188 kernel: [    1.704654] clocksource: Switched to clocksource xen
Oct 18 10:23:03 ip-172-31-19-188 kernel: [    1.719488] *** VALIDATE bpf ***
Oct 18 10:23:03 ip-172-31-19-188 kernel: [    1.722839] VFS: Disk quotas dquot_6.6.0
Oct 18 10:23:03 ip-172-31-19-188 kernel: [    1.726800] VFS: Dquot-cache hash table entries: 512 (order 0, 4096 bytes)
Oct 18 10:23:03 ip-172-31-19-188 cloud-init[898]: Your identification has been saved in /etc/ssh/ssh_host_ecdsa_key.
Oct 18 10:23:03 ip-172-31-19-188 kernel: [    1.732598] *** VALIDATE ramfs ***
Oct 18 10:23:03 ip-172-31-19-188 kernel: [    1.736209] *** VALIDATE hugetlbfs ***
Oct 18 10:23:03 ip-172-31-19-188 kernel: [    1.740066] AppArmor: AppArmor Filesystem Enabled
Oct 18 10:23:03 ip-172-31-19-188 cloud-init[898]: Your public key has been saved in /etc/ssh/ssh_host_ecdsa_key.pub.
Oct 18 10:23:03 ip-172-31-19-188 kernel: [    1.744502] pnp: PnP ACPI init
Oct 18 10:23:03 ip-172-31-19-188 kernel: [    1.747615] system 00:00: [mem 0x00000000-0x0009ffff] could not be reserved
Oct 18 10:23:03 ip-172-31-19-188 cloud-init[898]: The key fingerprint is:
Oct 18 10:23:03 ip-172-31-19-188 kernel: [    1.753168] system 00:00: Plug and Play ACPI device, IDs PNP0c02 (active)
Oct 18 10:23:03 ip-172-31-19-188 kernel: [    1.753280] system 00:01: [io  0x08a0-0x08a3] has been reserved
Oct 18 10:23:03 ip-172-31-19-188 kernel: [    1.758394] system 00:01: [io  0x0cc0-0x0ccf] has been reserved
Oct 18 10:23:03 ip-172-31-19-188 cloud-init[898]: SHA256:3UuB0nHoREedwGJ1QoGTRPAq7dXHU30PANpjaZz0IUA root@ip-172-31-19-188
Oct 18 10:23:03 ip-172-31-19-188 kernel: [    1.762884] system 00:01: [io  0x04d0-0x04d1] has been reserved
Oct 18 10:23:03 ip-172-31-19-188 kernel: [    1.767647] system 00:01: Plug and Play ACPI device, IDs PNP0c02 (active)
Oct 18 10:23:03 ip-172-31-19-188 kernel: [    1.767683] xen: --> pirq=17 -> irq=8 (gsi=8)
Oct 18 10:23:03 ip-172-31-19-188 cloud-init[898]: The key's randomart image is:
Oct 18 10:23:03 ip-172-31-19-188 kernel: [    1.767704] pnp 00:02: Plug and Play ACPI device, IDs PNP0b00 (active)
Oct 18 10:23:03 ip-172-31-19-188 kernel: [    1.767731] xen: --> pirq=18 -> irq=12 (gsi=12)
Oct 18 10:23:03 ip-172-31-19-188 cloud-init[898]: +---[ECDSA 256]---+
Oct 18 10:23:03 ip-172-31-19-188 kernel: [    1.767744] pnp 00:03: Plug and Play ACPI device, IDs PNP0f13 (active)
Oct 18 10:23:03 ip-172-31-19-188 kernel: [    1.767763] xen: --> pirq=19 -> irq=1 (gsi=1)
Oct 18 10:23:03 ip-172-31-19-188 kernel: [    1.767774] pnp 00:04: Plug and Play ACPI device, IDs PNP0303 PNP030b (active)
Oct 18 10:23:03 ip-172-31-19-188 kernel: [    1.767791] xen: --> pirq=20 -> irq=6 (gsi=6)
Oct 18 10:23:03 ip-172-31-19-188 cloud-init[898]: |       .E*OX%+.. |
Oct 18 10:23:03 ip-172-31-19-188 kernel: [    1.767793] pnp 00:05: [dma 2]
Oct 18 10:23:03 ip-172-31-19-188 kernel: [    1.767805] pnp 00:05: Plug and Play ACPI device, IDs PNP0700 (active)
Oct 18 10:23:03 ip-172-31-19-188 kernel: [    1.767832] xen: --> pirq=21 -> irq=4 (gsi=4)
Oct 18 10:23:03 ip-172-31-19-188 cloud-init[898]: |         BOX.=o .|
Oct 18 10:23:03 ip-172-31-19-188 kernel: [    1.767843] pnp 00:06: Plug and Play ACPI device, IDs PNP0501 (active)
Oct 18 10:23:03 ip-172-31-19-188 kernel: [    1.767885] system 00:07: [io  0x10c0-0x1141] has been reserved
Oct 18 10:23:03 ip-172-31-19-188 cloud-init[898]: |        o+%oo . +|
Oct 18 10:23:03 ip-172-31-19-188 kernel: [    1.774202] system 00:07: [io  0xb044-0xb047] has been reserved
Oct 18 10:23:03 ip-172-31-19-188 kernel: [    1.780275] system 00:07: Plug and Play ACPI device, IDs PNP0c02 (active)
Oct 18 10:23:03 ip-172-31-19-188 kernel: [    1.801093] pnp: PnP ACPI: found 8 devices
Oct 18 10:23:03 ip-172-31-19-188 cloud-init[898]: |       . *.+ o oo|
Oct 18 10:23:03 ip-172-31-19-188 cloud-init[898]: |      . S o + + .|
Oct 18 10:23:03 ip-172-31-19-188 kernel: [    1.807746] thermal_sys: Registered thermal governor 'fair_share'
Oct 18 10:23:03 ip-172-31-19-188 kernel: [    1.807747] thermal_sys: Registered thermal governor 'bang_bang'
Oct 18 10:23:03 ip-172-31-19-188 kernel: [    1.812244] thermal_sys: Registered thermal governor 'step_wise'
Oct 18 10:23:03 ip-172-31-19-188 kernel: [    1.816696] thermal_sys: Registered thermal governor 'user_space'
Oct 18 10:23:03 ip-172-31-19-188 kernel: [    1.821208] thermal_sys: Registered thermal governor 'power_allocator'
Oct 18 10:23:03 ip-172-31-19-188 cloud-init[898]: |       o . . o . |
Oct 18 10:23:03 ip-172-31-19-188 cloud-init[898]: |        .   .    |
Oct 18 10:23:03 ip-172-31-19-188 kernel: [    1.830270] clocksource: acpi_pm: mask: 0xffffff max_cycles: 0xffffff, max_idle_ns: 2085701024 ns
Oct 18 10:23:03 ip-172-31-19-188 cloud-init[898]: |                 |
Oct 18 10:23:03 ip-172-31-19-188 kernel: [    1.841266] pci_bus 0000:00: resource 4 [io  0x0000-0x0cf7 window]
Oct 18 10:23:03 ip-172-31-19-188 kernel: [    1.845877] pci_bus 0000:00: resource 5 [io  0x0d00-0xffff window]
Oct 18 10:23:03 ip-172-31-19-188 kernel: [    1.850463] pci_bus 0000:00: resource 6 [mem 0x000a0000-0x000bffff window]
Oct 18 10:23:03 ip-172-31-19-188 kernel: [    1.855551] pci_bus 0000:00: resource 7 [mem 0xf0000000-0xfbffffff window]
Oct 18 10:23:03 ip-172-31-19-188 kernel: [    1.860766] NET: Registered protocol family 2
Oct 18 10:23:03 ip-172-31-19-188 kernel: [    1.864434] tcp_listen_portaddr_hash hash table entries: 16384 (order: 6, 262144 bytes, linear)
Oct 18 10:23:03 ip-172-31-19-188 kernel: [    1.872009] TCP established hash table entries: 262144 (order: 9, 2097152 bytes, linear)
Oct 18 10:23:03 ip-172-31-19-188 kernel: [    1.880790] TCP bind hash table entries: 65536 (order: 8, 1048576 bytes, linear)
Oct 18 10:23:03 ip-172-31-19-188 cloud-init[898]: |                 |
Oct 18 10:23:03 ip-172-31-19-188 cloud-init[898]: +----[SHA256]-----+
Oct 18 10:23:03 ip-172-31-19-188 kernel: [    1.889893] TCP: Hash tables configured (established 262144 bind 65536)
Oct 18 10:23:03 ip-172-31-19-188 cloud-init[898]: Generating public/private ed25519 key pair.
Oct 18 10:23:03 ip-172-31-19-188 cloud-init[898]: Your identification has been saved in /etc/ssh/ssh_host_ed25519_key.
Oct 18 10:23:03 ip-172-31-19-188 cloud-init[898]: Your public key has been saved in /etc/ssh/ssh_host_ed25519_key.pub.
Oct 18 10:23:03 ip-172-31-19-188 cloud-init[898]: The key fingerprint is:
Oct 18 10:23:03 ip-172-31-19-188 cloud-init[898]: SHA256:TQZjska6DKzlJlZr2JJ4ZQdj+h6cJZRUKMEXm/0ZX/Q root@ip-172-31-19-188
Oct 18 10:23:03 ip-172-31-19-188 cloud-init[898]: The key's randomart image is:
Oct 18 10:23:03 ip-172-31-19-188 kernel: [    1.896547] UDP hash table entries: 16384 (order: 7, 524288 bytes, linear)
Oct 18 10:23:03 ip-172-31-19-188 cloud-init[898]: +--[ED25519 256]--+
Oct 18 10:23:03 ip-172-31-19-188 kernel: [    1.903545] UDP-Lite hash table entries: 16384 (order: 7, 524288 bytes, linear)
Oct 18 10:23:03 ip-172-31-19-188 kernel: [    1.911279] NET: Registered protocol family 1
Oct 18 10:23:03 ip-172-31-19-188 kernel: [    1.915856] NET: Registered protocol family 44
Oct 18 10:23:03 ip-172-31-19-188 cloud-init[898]: | ..oB=+ +   .    |
Oct 18 10:23:03 ip-172-31-19-188 kernel: [    1.920559] pci 0000:00:01.0: PIIX3: Enabling Passive Release
Oct 18 10:23:03 ip-172-31-19-188 kernel: [    1.926164] pci 0000:00:00.0: Limiting direct PCI/PCI transfers
Oct 18 10:23:03 ip-172-31-19-188 cloud-init[898]: | .o++O + o . .   |
Oct 18 10:23:03 ip-172-31-19-188 cloud-init[898]: |  =+B * . o . E  |
Oct 18 10:23:03 ip-172-31-19-188 cloud-init[898]: |.+=B.B . B .     |
Oct 18 10:23:03 ip-172-31-19-188 cloud-init[898]: |+=++B   S o      |
Oct 18 10:23:03 ip-172-31-19-188 kernel: [    1.932102] pci 0000:00:01.0: Activating ISA DMA hang workarounds
Oct 18 10:23:03 ip-172-31-19-188 kernel: [    1.938454] pci 0000:00:02.0: Video device with shadowed ROM at [mem 0x000c0000-0x000dffff]
Oct 18 10:23:03 ip-172-31-19-188 kernel: [    1.946718] PCI: CLS 0 bytes, default 64
Oct 18 10:23:03 ip-172-31-19-188 kernel: [    1.951085] Trying to unpack rootfs image as initramfs...
Oct 18 10:23:03 ip-172-31-19-188 kernel: [    2.249648] Freeing initrd memory: 21068K
Oct 18 10:23:03 ip-172-31-19-188 kernel: [    2.253421] PCI-DMA: Using software bounce buffering for IO (SWIOTLB)
Oct 18 10:23:03 ip-172-31-19-188 kernel: [    2.258355] software IO TLB: mapped [mem 0xec000000-0xf0000000] (64MB)
Oct 18 10:23:03 ip-172-31-19-188 kernel: [    2.263546] check: Scanning for low memory corruption every 60 seconds
Oct 18 10:23:03 ip-172-31-19-188 kernel: [    2.269431] Initialise system trusted keyrings
Oct 18 10:23:03 ip-172-31-19-188 kernel: [    2.274399] Key type blacklist registered
Oct 18 10:23:03 ip-172-31-19-188 cloud-init[898]: |.+o. .           |
Oct 18 10:23:03 ip-172-31-19-188 kernel: [    2.278318] workingset: timestamp_bits=36 max_order=23 bucket_order=0
Oct 18 10:23:03 ip-172-31-19-188 kernel: [    2.284163] zbud: loaded
Oct 18 10:23:03 ip-172-31-19-188 cloud-init[898]: |    .            |
Oct 18 10:23:03 ip-172-31-19-188 cloud-init[898]: |                 |
Oct 18 10:23:03 ip-172-31-19-188 systemd[1]: Started Initial cloud-init job (metadata service crawler).
Oct 18 10:23:03 ip-172-31-19-188 kernel: [    2.286923] squashfs: version 4.0 (2009/01/31) Phillip Lougher
Oct 18 10:23:03 ip-172-31-19-188 acpid: starting up with netlink and the input layer
Oct 18 10:23:03 ip-172-31-19-188 kernel: [    2.291450] fuse: init (API version 7.31)
Oct 18 10:23:03 ip-172-31-19-188 cloud-init[898]: |                 |
Oct 18 10:23:03 ip-172-31-19-188 kernel: [    2.294697] *** VALIDATE fuse ***
Oct 18 10:23:03 ip-172-31-19-188 cloud-init[898]: +----[SHA256]-----+
Oct 18 10:23:03 ip-172-31-19-188 systemd[1]: Reached target Cloud-config availability.
Oct 18 10:23:03 ip-172-31-19-188 acpid: 2 rules loaded
Oct 18 10:23:03 ip-172-31-19-188 kernel: [    2.297445] *** VALIDATE fuse ***
Oct 18 10:23:03 ip-172-31-19-188 systemd[1]: Reached target Network is Online.
Oct 18 10:23:03 ip-172-31-19-188 acpid: waiting for events: event logging is off
Oct 18 10:23:03 ip-172-31-19-188 systemd[1]: Starting Availability of block devices...
Oct 18 10:23:03 ip-172-31-19-188 cron[1046]: (CRON) INFO (pidfile fd = 3)
Oct 18 10:23:03 ip-172-31-19-188 kernel: [    2.300368] Platform Keyring initialized
Oct 18 10:23:03 ip-172-31-19-188 kernel: [    2.307565] Key type asymmetric registered
Oct 18 10:23:03 ip-172-31-19-188 kernel: [    2.311064] Asymmetric key parser 'x509' registered
Oct 18 10:23:03 ip-172-31-19-188 kernel: [    2.314900] Block layer SCSI generic (bsg) driver version 0.4 loaded (major 244)
Oct 18 10:23:03 ip-172-31-19-188 systemd[1]: Reached target Remote File Systems (Pre).
Oct 18 10:23:03 ip-172-31-19-188 kernel: [    2.320803] io scheduler mq-deadline registered
Oct 18 10:23:03 ip-172-31-19-188 kernel: [    2.324782] shpchp: Standard Hot Plug PCI Controller Driver version: 0.4
Oct 18 10:23:03 ip-172-31-19-188 kernel: [    2.329712] intel_idle: Please enable MWAIT in BIOS SETUP
Oct 18 10:23:03 ip-172-31-19-188 kernel: [    2.329819] input: Power Button as /devices/LNXSYSTM:00/LNXPWRBN:00/input/input0
Oct 18 10:23:03 ip-172-31-19-188 cron[1046]: (CRON) INFO (Running @reboot jobs)
Oct 18 10:23:03 ip-172-31-19-188 kernel: [    2.335791] ACPI: Power Button [PWRF]
Oct 18 10:23:03 ip-172-31-19-188 kernel: [    2.338957] input: Sleep Button as /devices/LNXSYSTM:00/LNXSLPBN:00/input/input1
Oct 18 10:23:03 ip-172-31-19-188 kernel: [    2.344568] ACPI: Sleep Button [SLPF]
Oct 18 10:23:03 ip-172-31-19-188 kernel: [    2.350843] xen: --> pirq=22 -> irq=28 (gsi=28)
Oct 18 10:23:03 ip-172-31-19-188 systemd[1]: Reached target Remote File Systems.
Oct 18 10:23:03 ip-172-31-19-188 kernel: [    2.350943] xen:grant_table: Grant tables using version 1 layout
Oct 18 10:23:03 ip-172-31-19-188 kernel: [    2.355850] Grant table initialized
Oct 18 10:23:03 ip-172-31-19-188 kernel: [    2.360079] Cannot get hvm parameter CONSOLE_EVTCHN (18): -22!
Oct 18 10:23:03 ip-172-31-19-188 kernel: [    2.366180] Serial: 8250/16550 driver, 4 ports, IRQ sharing enabled
Oct 18 10:23:03 ip-172-31-19-188 kernel: [    2.406983] 00:06: ttyS0 at I/O 0x3f8 (irq = 4, base_baud = 115200) is a 16550A
Oct 18 10:23:03 ip-172-31-19-188 systemd[1]: Reached target System Initialization.
Oct 18 10:23:03 ip-172-31-19-188 kernel: [    2.416710] Linux agpgart interface v0.103
Oct 18 10:23:03 ip-172-31-19-188 kernel: [    2.425570] loop: module loaded
Oct 18 10:23:03 ip-172-31-19-188 systemd[1]: Starting LXD - unix socket.
Oct 18 10:23:03 ip-172-31-19-188 kernel: [    2.430652] ata_piix 0000:00:01.1: version 2.13
Oct 18 10:23:03 ip-172-31-19-188 kernel: [    2.431836] scsi host0: ata_piix
Oct 18 10:23:03 ip-172-31-19-188 kernel: [    2.434739] blkfront: xvda: barrier or flush: disabled; persistent grants: disabled; indirect descriptors: enabled;
Oct 18 10:23:03 ip-172-31-19-188 kernel: [    2.438171] scsi host1: ata_piix
Oct 18 10:23:03 ip-172-31-19-188 kernel: [    2.454348] ata1: PATA max MWDMA2 cmd 0x1f0 ctl 0x3f6 bmdma 0xc100 irq 14
Oct 18 10:23:03 ip-172-31-19-188 kernel: [    2.455052]  xvda: xvda1
Oct 18 10:23:03 ip-172-31-19-188 kernel: [    2.462086] ata2: PATA max MWDMA2 cmd 0x170 ctl 0x376 bmdma 0xc108 irq 15
Oct 18 10:23:03 ip-172-31-19-188 systemd[1]: Started Discard unused blocks once a week.
Oct 18 10:23:03 ip-172-31-19-188 kernel: [    2.462179] libphy: Fixed MDIO Bus: probed
Oct 18 10:23:03 ip-172-31-19-188 systemd[1]: Listening on Open-iSCSI iscsid Socket.
Oct 18 10:23:03 ip-172-31-19-188 systemd[1]: Started Daily Cleanup of Temporary Directories.
Oct 18 10:23:03 ip-172-31-19-188 kernel: [    2.477981] tun: Universal TUN/TAP device driver, 1.6
Oct 18 10:23:03 ip-172-31-19-188 kernel: [    2.483947] PPP generic driver version 2.4.2
Oct 18 10:23:03 ip-172-31-19-188 kernel: [    2.489455] ehci_hcd: USB 2.0 'Enhanced' Host Controller (EHCI) Driver
Oct 18 10:23:03 ip-172-31-19-188 kernel: [    2.496966] ehci-pci: EHCI PCI platform driver
Oct 18 10:23:03 ip-172-31-19-188 kernel: [    2.502367] ehci-platform: EHCI generic platform driver
Oct 18 10:23:03 ip-172-31-19-188 kernel: [    2.508438] ohci_hcd: USB 1.1 'Open' Host Controller (OHCI) Driver
Oct 18 10:23:03 ip-172-31-19-188 kernel: [    2.514922] ohci-pci: OHCI PCI platform driver
Oct 18 10:23:03 ip-172-31-19-188 kernel: [    2.519633] ohci-platform: OHCI generic platform driver
Oct 18 10:23:03 ip-172-31-19-188 systemd[1]: Started Message of the Day.
Oct 18 10:23:03 ip-172-31-19-188 kernel: [    2.525250] uhci_hcd: USB Universal Host Controller Interface driver
Oct 18 10:23:03 ip-172-31-19-188 kernel: [    2.531876] i8042: PNP: PS/2 Controller [PNP0303:PS2K,PNP0f13:PS2M] at 0x60,0x64 irq 1,12
Oct 18 10:23:03 ip-172-31-19-188 kernel: [    2.543195] serio: i8042 KBD port at 0x60,0x64 irq 1
Oct 18 10:23:03 ip-172-31-19-188 kernel: [    2.548597] serio: i8042 AUX port at 0x60,0x64 irq 12
Oct 18 10:23:03 ip-172-31-19-188 systemd[1]: Listening on ACPID Listen Socket.
Oct 18 10:23:03 ip-172-31-19-188 kernel: [    2.554827] mousedev: PS/2 mouse device common for all mice
Oct 18 10:23:03 ip-172-31-19-188 kernel: [    2.561371] rtc_cmos 00:02: registered as rtc0
Oct 18 10:23:03 ip-172-31-19-188 kernel: [    2.562216] input: AT Translated Set 2 keyboard as /devices/platform/i8042/serio0/input/input2
Oct 18 10:23:03 ip-172-31-19-188 kernel: [    2.566489] rtc_cmos 00:02: alarms up to one day, 114 bytes nvram, hpet irqs
Oct 18 10:23:03 ip-172-31-19-188 kernel: [    2.583108] device-mapper: uevent: version 1.0.3
Oct 18 10:23:03 ip-172-31-19-188 systemd[1]: Started ACPI Events Check.
Oct 18 10:23:03 ip-172-31-19-188 systemd[1]: Listening on UUID daemon activation socket.
Oct 18 10:23:03 ip-172-31-19-188 systemd[1]: Starting Socket activation for snappy daemon.
Oct 18 10:23:03 ip-172-31-19-188 kernel: [    2.591929] device-mapper: ioctl: 4.41.0-ioctl (2019-09-16) initialised: dm-devel@redhat.com
Oct 18 10:23:03 ip-172-31-19-188 systemd[1]: Reached target Paths.
Oct 18 10:23:03 ip-172-31-19-188 kernel: [    2.601526] platform eisa.0: Probing EISA bus 0
Oct 18 10:23:03 ip-172-31-19-188 kernel: [    2.606994] platform eisa.0: EISA: Cannot allocate resource for mainboard
Oct 18 10:23:03 ip-172-31-19-188 systemd[1]: Started Daily apt download activities.
Oct 18 10:23:03 ip-172-31-19-188 kernel: [    2.614427] platform eisa.0: Cannot allocate resource for EISA slot 1
Oct 18 10:23:03 ip-172-31-19-188 kernel: [    2.620468] platform eisa.0: Cannot allocate resource for EISA slot 2
Oct 18 10:23:03 ip-172-31-19-188 systemd[1]: Started Daily apt upgrade and clean activities.
Oct 18 10:23:03 ip-172-31-19-188 systemd[1]: Reached target Timers.
Oct 18 10:23:03 ip-172-31-19-188 systemd[1]: Listening on D-Bus System Message Bus Socket.
Oct 18 10:23:03 ip-172-31-19-188 systemd[1]: Started Availability of block devices.
Oct 18 10:23:03 ip-172-31-19-188 kernel: [    2.627111] platform eisa.0: Cannot allocate resource for EISA slot 3
Oct 18 10:23:03 ip-172-31-19-188 systemd[1]: Listening on LXD - unix socket.
Oct 18 10:23:03 ip-172-31-19-188 kernel: [    2.632964] platform eisa.0: Cannot allocate resource for EISA slot 4
Oct 18 10:23:03 ip-172-31-19-188 kernel: [    2.638641] platform eisa.0: Cannot allocate resource for EISA slot 5
Oct 18 10:23:03 ip-172-31-19-188 systemd[1]: Listening on Socket activation for snappy daemon.
Oct 18 10:23:03 ip-172-31-19-188 kernel: [    2.644402] platform eisa.0: Cannot allocate resource for EISA slot 6
Oct 18 10:23:03 ip-172-31-19-188 kernel: [    2.650729] platform eisa.0: Cannot allocate resource for EISA slot 7
Oct 18 10:23:03 ip-172-31-19-188 kernel: [    2.656653] platform eisa.0: Cannot allocate resource for EISA slot 8
Oct 18 10:23:03 ip-172-31-19-188 kernel: [    2.662477] platform eisa.0: EISA: Detected 0 cards
Oct 18 10:23:03 ip-172-31-19-188 kernel: [    2.666733] intel_pstate: CPU model not supported
Oct 18 10:23:03 ip-172-31-19-188 systemd[1]: Reached target Sockets.
Oct 18 10:23:03 ip-172-31-19-188 kernel: [    2.670842] drop_monitor: Initializing network drop monitor service
Oct 18 10:23:03 ip-172-31-19-188 kernel: [    2.677471] NET: Registered protocol family 10
Oct 18 10:23:03 ip-172-31-19-188 kernel: [    2.686302] Segment Routing with IPv6
Oct 18 10:23:03 ip-172-31-19-188 systemd[1]: Reached target Basic System.
Oct 18 10:23:03 ip-172-31-19-188 kernel: [    2.690615] NET: Registered protocol family 17
Oct 18 10:23:03 ip-172-31-19-188 kernel: [    2.695612] Key type dns_resolver registered
Oct 18 10:23:03 ip-172-31-19-188 kernel: [    2.699861] RAS: Correctable Errors collector initialized.
Oct 18 10:23:03 ip-172-31-19-188 kernel: [    2.704188] *** VALIDATE rdt ***
Oct 18 10:23:03 ip-172-31-19-188 kernel: [    2.706916] resctrl: L3 allocation detected
Oct 18 10:23:03 ip-172-31-19-188 kernel: [    2.710139] IPI shorthand broadcast: enabled
Oct 18 10:23:03 ip-172-31-19-188 systemd[1]: Started ACPI event daemon.
Oct 18 10:23:03 ip-172-31-19-188 systemd[1]: Started Deferred execution scheduler.
Oct 18 10:23:03 ip-172-31-19-188 systemd[1]: Starting Accounts Service...
Oct 18 10:23:03 ip-172-31-19-188 kernel: [    2.713467] sched_clock: Marking stable (2052159315, 657969672)->(2991221624, -281092637)
Oct 18 10:23:03 ip-172-31-19-188 systemd[1]: Starting System Logging Service...
Oct 18 10:23:03 ip-172-31-19-188 systemd[1]: Started Regular background program processing daemon.
Oct 18 10:23:03 ip-172-31-19-188 kernel: [    2.719622] registered taskstats version 1
Oct 18 10:23:03 ip-172-31-19-188 systemd[1]: Starting LXD - container startup/shutdown...
Oct 18 10:23:03 ip-172-31-19-188 systemd[1]: Starting Permit User Sessions...
Oct 18 10:23:03 ip-172-31-19-188 kernel: [    2.722896] Loading compiled-in X.509 certificates
Oct 18 10:23:03 ip-172-31-19-188 systemd[1]: Starting LSB: automatic crash report generation...
Oct 18 10:23:03 ip-172-31-19-188 kernel: [    2.727417] Loaded X.509 cert 'Build time autogenerated kernel key: 8286cd69e9f8b235cc87c05595d9618d16929256'
Oct 18 10:23:03 ip-172-31-19-188 kernel: [    2.735109] Loaded X.509 cert 'Canonical Ltd. Live Patch Signing: 14df34d1a87cf37625abec039ef2bf521249b969'
Oct 18 10:23:03 ip-172-31-19-188 kernel: [    2.742815] Loaded X.509 cert 'Canonical Ltd. Kernel Module Signing: 88f752e560a1e0737e31163a466ad7b70a850c19'
Oct 18 10:23:03 ip-172-31-19-188 kernel: [    2.749861] zswap: loaded using pool lzo/zbud
Oct 18 10:23:03 ip-172-31-19-188 systemd[1]: Starting Pollinate to seed the pseudo random number generator...
Oct 18 10:23:03 ip-172-31-19-188 systemd[1]: Starting Login Service...
Oct 18 10:23:03 ip-172-31-19-188 systemd[1]: Starting Snap Daemon...
Oct 18 10:23:03 ip-172-31-19-188 systemd[1]: Starting Dispatcher daemon for systemd-networkd...
Oct 18 10:23:03 ip-172-31-19-188 systemd[1]: Started FUSE filesystem for LXC.
Oct 18 10:23:03 ip-172-31-19-188 systemd[1]: Started irqbalance daemon.
Oct 18 10:23:03 ip-172-31-19-188 kernel: [    2.753473] Key type ._fscrypt registered
Oct 18 10:23:03 ip-172-31-19-188 kernel: [    2.756626] Key type .fscrypt registered
Oct 18 10:23:03 ip-172-31-19-188 kernel: [    2.763403] Key type big_key registered
Oct 18 10:23:03 ip-172-31-19-188 kernel: [    2.769170] Key type encrypted registered
Oct 18 10:23:03 ip-172-31-19-188 kernel: [    2.773941] AppArmor: AppArmor sha1 policy hashing enabled
Oct 18 10:23:03 ip-172-31-19-188 kernel: [    2.779892] ima: No TPM chip found, activating TPM-bypass!
Oct 18 10:23:03 ip-172-31-19-188 kernel: [    2.785720] ima: Allocated hash algorithm: sha1
Oct 18 10:23:03 ip-172-31-19-188 kernel: [    2.790967] ima: No architecture policies found
Oct 18 10:23:03 ip-172-31-19-188 kernel: [    2.795921] evm: Initialising EVM extended attributes:
Oct 18 10:23:03 ip-172-31-19-188 systemd[1]: Starting LSB: Record successful boot for GRUB...
Oct 18 10:23:03 ip-172-31-19-188 kernel: [    2.801385] evm: security.selinux
Oct 18 10:23:03 ip-172-31-19-188 systemd[1]: Started D-Bus System Message Bus.
Oct 18 10:23:03 ip-172-31-19-188 kernel: [    2.805402] evm: security.SMACK64
Oct 18 10:23:03 ip-172-31-19-188 lxcfs[1082]: mount namespace: 5
Oct 18 10:23:03 ip-172-31-19-188 kernel: [    2.809431] evm: security.SMACK64EXEC
Oct 18 10:23:03 ip-172-31-19-188 lxcfs[1082]: hierarchies:
Oct 18 10:23:03 ip-172-31-19-188 kernel: [    2.813670] evm: security.SMACK64TRANSMUTE
Oct 18 10:23:03 ip-172-31-19-188 kernel: [    2.818235] evm: security.SMACK64MMAP
Oct 18 10:23:03 ip-172-31-19-188 lxcfs[1082]:   0: fd:   6: blkio
Oct 18 10:23:03 ip-172-31-19-188 lxcfs[1082]:   1: fd:   7: memory
Oct 18 10:23:03 ip-172-31-19-188 lxcfs[1082]:   2: fd:   8: cpuset
Oct 18 10:23:03 ip-172-31-19-188 lxcfs[1082]:   3: fd:   9: devices
Oct 18 10:23:03 ip-172-31-19-188 kernel: [    2.822570] evm: security.apparmor
Oct 18 10:23:03 ip-172-31-19-188 kernel: [    2.826629] evm: security.ima
Oct 18 10:23:03 ip-172-31-19-188 kernel: [    2.830327] evm: security.capability
Oct 18 10:23:03 ip-172-31-19-188 kernel: [    2.834580] evm: HMAC attrs: 0x1
Oct 18 10:23:03 ip-172-31-19-188 kernel: [    2.838878] xenbus_probe_frontend: Device with no driver: device/vif/0
Oct 18 10:23:03 ip-172-31-19-188 kernel: [    2.845639] PM:   Magic number: 9:260:376
Oct 18 10:23:03 ip-172-31-19-188 kernel: [    2.850517] rtc_cmos 00:02: setting system clock to 2021-10-18T10:22:50 UTC (1634552570)
Oct 18 10:23:03 ip-172-31-19-188 kernel: [    2.861777] Freeing unused decrypted memory: 2036K
Oct 18 10:23:03 ip-172-31-19-188 kernel: [    2.867773] Freeing unused kernel image memory: 2656K
Oct 18 10:23:03 ip-172-31-19-188 kernel: [    2.901600] Write protecting the kernel read-only data: 22528k
Oct 18 10:23:03 ip-172-31-19-188 lxcfs[1082]:   4: fd:  10: hugetlb
Oct 18 10:23:03 ip-172-31-19-188 lxcfs[1082]:   5: fd:  11: cpu,cpuacct
Oct 18 10:23:03 ip-172-31-19-188 lxcfs[1082]:   6: fd:  12: rdma
Oct 18 10:23:03 ip-172-31-19-188 kernel: [    2.908658] Freeing unused kernel image memory: 2008K
Oct 18 10:23:03 ip-172-31-19-188 lxcfs[1082]:   7: fd:  13: pids
Oct 18 10:23:03 ip-172-31-19-188 lxcfs[1082]:   8: fd:  14: perf_event
Oct 18 10:23:03 ip-172-31-19-188 lxcfs[1082]:   9: fd:  15: freezer
Oct 18 10:23:03 ip-172-31-19-188 kernel: [    2.914905] Freeing unused kernel image memory: 1488K
Oct 18 10:23:03 ip-172-31-19-188 lxcfs[1082]:  10: fd:  16: net_cls,net_prio
Oct 18 10:23:03 ip-172-31-19-188 kernel: [    2.929620] x86/mm: Checked W+X mappings: passed, no W+X pages found.
Oct 18 10:23:03 ip-172-31-19-188 kernel: [    2.936318] x86/mm: Checking user space page tables
Oct 18 10:23:03 ip-172-31-19-188 lxcfs[1082]:  11: fd:  17: name=systemd
Oct 18 10:23:03 ip-172-31-19-188 kernel: [    2.950667] x86/mm: Checked W+X mappings: passed, no W+X pages found.
Oct 18 10:23:03 ip-172-31-19-188 kernel: [    2.955455] Run /init as init process
Oct 18 10:23:03 ip-172-31-19-188 kernel: [    3.055907] cryptd: max_cpu_qlen set to 1000
Oct 18 10:23:03 ip-172-31-19-188 lxcfs[1082]:  12: fd:  18: unified
Oct 18 10:23:03 ip-172-31-19-188 kernel: [    3.064167] AVX2 version of gcm_enc/dec engaged.
Oct 18 10:23:03 ip-172-31-19-188 kernel: [    3.068116] AES CTR mode by8 optimization enabled
Oct 18 10:23:03 ip-172-31-19-188 pollinate[1067]: client sent challenge to [https://entropy.ubuntu.com/]
Oct 18 10:23:03 ip-172-31-19-188 rsyslogd: imuxsock: Acquired UNIX socket '/run/systemd/journal/syslog' (fd 3) from systemd.  [v8.32.0]
Oct 18 10:23:03 ip-172-31-19-188 rsyslogd: rsyslogd's groupid changed to 106
Oct 18 10:23:03 ip-172-31-19-188 rsyslogd: rsyslogd's userid changed to 102
Oct 18 10:23:03 ip-172-31-19-188 kernel: [    3.072300] xen_netfront: Initialising Xen virtual ethernet driver
Oct 18 10:23:03 ip-172-31-19-188 kernel: [    3.285628] tsc: Refined TSC clocksource calibration: 2400.001 MHz
Oct 18 10:23:03 ip-172-31-19-188 kernel: [    3.290324] clocksource: tsc: mask: 0xffffffffffffffff max_cycles: 0x22983858435, max_idle_ns: 440795258295 ns
Oct 18 10:23:03 ip-172-31-19-188 kernel: [    4.845575] raid6: avx2x4   gen() 23760 MB/s
Oct 18 10:23:03 ip-172-31-19-188 rsyslogd:  [origin software="rsyslogd" swVersion="8.32.0" x-pid="1040" x-info="http://www.rsyslog.com"] start
Oct 18 10:23:03 ip-172-31-19-188 kernel: [    4.893554] raid6: avx2x4   xor() 15401 MB/s
Oct 18 10:23:03 ip-172-31-19-188 kernel: [    4.941575] raid6: avx2x2   gen() 20848 MB/s
Oct 18 10:23:03 ip-172-31-19-188 kernel: [    4.989555] raid6: avx2x2   xor() 12768 MB/s
Oct 18 10:23:03 ip-172-31-19-188 kernel: [    5.037590] raid6: avx2x1   gen() 17879 MB/s
Oct 18 10:23:03 ip-172-31-19-188 kernel: [    5.085584] raid6: avx2x1   xor() 12143 MB/s
Oct 18 10:23:03 ip-172-31-19-188 kernel: [    5.133578] raid6: sse2x4   gen() 13111 MB/s
Oct 18 10:23:03 ip-172-31-19-188 kernel: [    5.185554] raid6: sse2x4   xor()  8368 MB/s
Oct 18 10:23:03 ip-172-31-19-188 kernel: [    5.237584] raid6: sse2x2   gen() 11222 MB/s
Oct 18 10:23:03 ip-172-31-19-188 kernel: [    5.289559] raid6: sse2x2   xor()  7245 MB/s
Oct 18 10:23:03 ip-172-31-19-188 kernel: [    5.341584] raid6: sse2x1   gen()  9543 MB/s
Oct 18 10:23:03 ip-172-31-19-188 kernel: [    5.393585] raid6: sse2x1   xor()  6549 MB/s
Oct 18 10:23:03 ip-172-31-19-188 kernel: [    5.398365] raid6: using algorithm avx2x4 gen() 23760 MB/s
Oct 18 10:23:03 ip-172-31-19-188 kernel: [    5.404189] raid6: .... xor() 15401 MB/s, rmw enabled
Oct 18 10:23:03 ip-172-31-19-188 kernel: [    5.409388] raid6: using avx2x2 recovery algorithm
Oct 18 10:23:03 ip-172-31-19-188 kernel: [    5.415728] xor: automatically using best checksumming function   avx       
Oct 18 10:23:03 ip-172-31-19-188 kernel: [    5.423839] async_tx: api initialized (async)
Oct 18 10:23:03 ip-172-31-19-188 kernel: [    5.483031] Btrfs loaded, crc32c=crc32c-intel
Oct 18 10:23:03 ip-172-31-19-188 kernel: [    5.558434] EXT4-fs (xvda1): mounted filesystem with ordered data mode. Opts: (null)
Oct 18 10:23:03 ip-172-31-19-188 kernel: [    6.362147] systemd[1]: systemd 237 running in system mode. (+PAM +AUDIT +SELINUX +IMA +APPARMOR +SMACK +SYSVINIT +UTMP +LIBCRYPTSETUP +GCRYPT +GNUTLS +ACL +XZ +LZ4 +SECCOMP +BLKID +ELFUTILS +KMOD -IDN2 +IDN -PCRE2 default-hierarchy=hybrid)
Oct 18 10:23:03 ip-172-31-19-188 kernel: [    6.383343] systemd[1]: Detected virtualization xen.
Oct 18 10:23:03 ip-172-31-19-188 kernel: [    6.388820] systemd[1]: Detected architecture x86-64.
Oct 18 10:23:03 ip-172-31-19-188 kernel: [    6.427691] systemd[1]: Set hostname to <ubuntu>.
Oct 18 10:23:03 ip-172-31-19-188 kernel: [    6.465356] systemd[1]: Initializing machine ID from random generator.
Oct 18 10:23:03 ip-172-31-19-188 kernel: [    6.472357] systemd[1]: Installed transient /etc/machine-id file.
Oct 18 10:23:03 ip-172-31-19-188 kernel: [    6.912618] systemd[1]: Reached target Swap.
Oct 18 10:23:03 ip-172-31-19-188 kernel: [    6.921543] systemd[1]: Set up automount Arbitrary Executable File Formats File System Automount Point.
Oct 18 10:23:03 ip-172-31-19-188 kernel: [    6.937235] systemd[1]: Created slice System Slice.
Oct 18 10:23:03 ip-172-31-19-188 kernel: [    6.946260] systemd[1]: Listening on udev Kernel Socket.
Oct 18 10:23:03 ip-172-31-19-188 kernel: [    7.022648] EXT4-fs (xvda1): re-mounted. Opts: discard
Oct 18 10:23:03 ip-172-31-19-188 kernel: [    7.040303] Loading iSCSI transport class v2.0-870.
Oct 18 10:23:03 ip-172-31-19-188 kernel: [    7.095020] iscsi: registered transport (tcp)
Oct 18 10:23:03 ip-172-31-19-188 kernel: [    7.138120] systemd-journald[474]: Received request to flush runtime journal from PID 1
Oct 18 10:23:03 ip-172-31-19-188 kernel: [    7.170377] iscsi: registered transport (iser)
Oct 18 10:23:03 ip-172-31-19-188 kernel: [    8.115810] audit: type=1400 audit(1634552575.760:2): apparmor="STATUS" operation="profile_load" profile="unconfined" name="/usr/bin/lxc-start" pid=743 comm="apparmor_parser"
Oct 18 10:23:03 ip-172-31-19-188 kernel: [    8.172299] audit: type=1400 audit(1634552575.816:3): apparmor="STATUS" operation="profile_load" profile="unconfined" name="/usr/bin/man" pid=745 comm="apparmor_parser"
Oct 18 10:23:03 ip-172-31-19-188 kernel: [    8.172646] audit: type=1400 audit(1634552575.816:4): apparmor="STATUS" operation="profile_load" profile="unconfined" name="man_filter" pid=745 comm="apparmor_parser"
Oct 18 10:23:03 ip-172-31-19-188 kernel: [    8.172989] audit: type=1400 audit(1634552575.816:5): apparmor="STATUS" operation="profile_load" profile="unconfined" name="man_groff" pid=745 comm="apparmor_parser"
Oct 18 10:23:03 ip-172-31-19-188 kernel: [    8.199029] audit: type=1400 audit(1634552575.844:6): apparmor="STATUS" operation="profile_load" profile="unconfined" name="/usr/sbin/tcpdump" pid=748 comm="apparmor_parser"
Oct 18 10:23:03 ip-172-31-19-188 kernel: [    8.266814] audit: type=1400 audit(1634552575.912:7): apparmor="STATUS" operation="profile_load" profile="unconfined" name="/sbin/dhclient" pid=744 comm="apparmor_parser"
Oct 18 10:23:03 ip-172-31-19-188 kernel: [    8.267225] audit: type=1400 audit(1634552575.912:8): apparmor="STATUS" operation="profile_load" profile="unconfined" name="/usr/lib/NetworkManager/nm-dhcp-client.action" pid=744 comm="apparmor_parser"
Oct 18 10:23:03 ip-172-31-19-188 kernel: [    8.267619] audit: type=1400 audit(1634552575.912:9): apparmor="STATUS" operation="profile_load" profile="unconfined" name="/usr/lib/NetworkManager/nm-dhcp-helper" pid=744 comm="apparmor_parser"
Oct 18 10:23:03 ip-172-31-19-188 kernel: [    8.267989] audit: type=1400 audit(1634552575.912:10): apparmor="STATUS" operation="profile_load" profile="unconfined" name="/usr/lib/connman/scripts/dhclient-script" pid=744 comm="apparmor_parser"
Oct 18 10:23:03 ip-172-31-19-188 kernel: [    8.337484] audit: type=1400 audit(1634552575.980:11): apparmor="STATUS" operation="profile_load" profile="unconfined" name="lxc-container-default" pid=747 comm="apparmor_parser"
Oct 18 10:23:03 ip-172-31-19-188 kernel: [   13.235662] EXT4-fs (xvda1): resizing filesystem from 2096891 to 33554171 blocks
Oct 18 10:23:03 ip-172-31-19-188 kernel: [   14.262643] EXT4-fs (xvda1): resized filesystem to 33554171
Oct 18 10:23:03 ip-172-31-19-188 kernel: [   15.513281] new mount options do not match the existing superblock, will be ignored
Oct 18 10:23:03 ip-172-31-19-188 dbus-daemon[1087]: [system] AppArmor D-Bus mediation is enabled
Oct 18 10:23:03 ip-172-31-19-188 dbus-daemon[1087]: [system] Activating via systemd: service name='org.freedesktop.hostname1' unit='dbus-org.freedesktop.hostname1.service' requested by ':1.2' (uid=100 pid=842 comm="/lib/systemd/systemd-networkd " label="unconfined")
Oct 18 10:23:03 ip-172-31-19-188 systemd[1]: Started System Logging Service.
Oct 18 10:23:03 ip-172-31-19-188 systemd[1]: Started Permit User Sessions.
Oct 18 10:23:03 ip-172-31-19-188 dbus-daemon[1087]: [system] Activating via systemd: service name='org.freedesktop.PolicyKit1' unit='polkit.service' requested by ':1.4' (uid=0 pid=1034 comm="/usr/lib/accountsservice/accounts-daemon " label="unconfined")
Oct 18 10:23:03 ip-172-31-19-188 systemd[1]: Started Login Service.
Oct 18 10:23:03 ip-172-31-19-188 grub-common[1085]:  * Recording successful boot for GRUB
Oct 18 10:23:03 ip-172-31-19-188 apport[1057]:  * Starting automatic crash report generation: apport
Oct 18 10:23:03 ip-172-31-19-188 systemd[1]: Starting Authorization Manager...
Oct 18 10:23:03 ip-172-31-19-188 systemd[1]: Starting Hostname Service...
Oct 18 10:23:03 ip-172-31-19-188 systemd[1]: Started Unattended Upgrades Shutdown.
Oct 18 10:23:03 ip-172-31-19-188 systemd[1]: Starting Hold until boot process finishes up...
Oct 18 10:23:03 ip-172-31-19-188 systemd[1]: Starting Terminate Plymouth Boot Screen...
Oct 18 10:23:03 ip-172-31-19-188 systemd[1]: Started Hold until boot process finishes up.
Oct 18 10:23:03 ip-172-31-19-188 systemd[1]: Started Serial Getty on ttyS0.
Oct 18 10:23:03 ip-172-31-19-188 systemd[1]: Starting Set console scheme...
Oct 18 10:23:03 ip-172-31-19-188 dbus-daemon[1087]: [system] Successfully activated service 'org.freedesktop.hostname1'
Oct 18 10:23:03 ip-172-31-19-188 systemd[1]: Started Terminate Plymouth Boot Screen.
Oct 18 10:23:03 ip-172-31-19-188 systemd[1]: Started Hostname Service.
Oct 18 10:23:03 ip-172-31-19-188 systemd[1]: Started Set console scheme.
Oct 18 10:23:03 ip-172-31-19-188 systemd[1]: Created slice system-getty.slice.
Oct 18 10:23:03 ip-172-31-19-188 systemd[1]: Started Getty on tty1.
Oct 18 10:23:03 ip-172-31-19-188 apport[1057]:    ...done.
Oct 18 10:23:03 ip-172-31-19-188 systemd[1]: Reached target Login Prompts.
Oct 18 10:23:03 ip-172-31-19-188 systemd[1]: Started LSB: automatic crash report generation.
Oct 18 10:23:03 ip-172-31-19-188 polkitd[1201]: started daemon version 0.105 using authority implementation `local' version `0.105'
Oct 18 10:23:03 ip-172-31-19-188 dbus-daemon[1087]: [system] Successfully activated service 'org.freedesktop.PolicyKit1'
Oct 18 10:23:03 ip-172-31-19-188 systemd[1]: Started Authorization Manager.
Oct 18 10:23:03 ip-172-31-19-188 accounts-daemon[1034]: started daemon version 0.6.45
Oct 18 10:23:03 ip-172-31-19-188 systemd[1]: Started Accounts Service.
Oct 18 10:23:03 ip-172-31-19-188 grub-common[1085]:    ...done.
Oct 18 10:23:03 ip-172-31-19-188 systemd[1]: Started LSB: Record successful boot for GRUB.
Oct 18 10:23:03 ip-172-31-19-188 networkd-dispatcher[1081]: No valid path found for iwconfig
Oct 18 10:23:03 ip-172-31-19-188 networkd-dispatcher[1081]: No valid path found for iw
Oct 18 10:23:03 ip-172-31-19-188 systemd[1]: Started Dispatcher daemon for systemd-networkd.
Oct 18 10:23:04 ip-172-31-19-188 snapd[1078]: AppArmor status: apparmor is enabled and all features are available
Oct 18 10:23:04 ip-172-31-19-188 snapd[1078]: daemon.go:347: started snapd/2.48.3+18.04 (series 16; classic) ubuntu/18.04 (amd64) linux/5.4.0-1045-aws.
Oct 18 10:23:04 ip-172-31-19-188 snapd[1078]: daemon.go:440: adjusting startup timeout by 30s (pessimistic estimate of 30s plus 5s per snap)
Oct 18 10:23:05 ip-172-31-19-188 systemd[1]: Started LXD - container startup/shutdown.
Oct 18 10:23:05 ip-172-31-19-188 snapd[1078]: helpers.go:105: error trying to compare the snap system key: system-key missing on disk
Oct 18 10:23:05 ip-172-31-19-188 systemd[1]: Started Snap Daemon.
Oct 18 10:23:05 ip-172-31-19-188 systemd[1]: Starting Wait until snapd is fully seeded...
Oct 18 10:23:05 ip-172-31-19-188 pollinate[1067]: client verified challenge/response with [https://entropy.ubuntu.com/]
Oct 18 10:23:05 ip-172-31-19-188 pollinate[1067]: client hashed response from [https://entropy.ubuntu.com/]
Oct 18 10:23:05 ip-172-31-19-188 pollinate[1067]: client successfully seeded [/dev/urandom]
Oct 18 10:23:05 ip-172-31-19-188 systemd[1]: Started Pollinate to seed the pseudo random number generator.
Oct 18 10:23:05 ip-172-31-19-188 systemd[1]: Starting OpenBSD Secure Shell server...
Oct 18 10:23:05 ip-172-31-19-188 systemd[1]: Started OpenBSD Secure Shell server.
Oct 18 10:23:08 ip-172-31-19-188 systemd[1]: Reloading.
Oct 18 10:23:08 ip-172-31-19-188 systemd[1]: Reloading.
Oct 18 10:23:08 ip-172-31-19-188 systemd[1]: Mounting Mount unit for snapd, revision 11588...
Oct 18 10:23:08 ip-172-31-19-188 systemd[1]: Mounted Mount unit for snapd, revision 11588.
Oct 18 10:23:09 ip-172-31-19-188 kernel: [   21.736747] kauditd_printk_skb: 5 callbacks suppressed
Oct 18 10:23:09 ip-172-31-19-188 kernel: [   21.736749] audit: type=1400 audit(1634552589.380:17): apparmor="STATUS" operation="profile_load" profile="unconfined" name="/snap/snapd/11588/usr/lib/snapd/snap-confine" pid=1801 comm="apparmor_parser"
Oct 18 10:23:09 ip-172-31-19-188 kernel: [   21.736976] audit: type=1400 audit(1634552589.380:18): apparmor="STATUS" operation="profile_load" profile="unconfined" name="/snap/snapd/11588/usr/lib/snapd/snap-confine//mount-namespace-capture-helper" pid=1801 comm="apparmor_parser"
Oct 18 10:23:09 ip-172-31-19-188 snapd[1078]: daemon.go:589: gracefully waiting for running hooks
Oct 18 10:23:09 ip-172-31-19-188 snapd[1078]: daemon.go:591: done waiting for running hooks
Oct 18 10:23:11 ip-172-31-19-188 systemd[1]: snapd.service: Service hold-off time over, scheduling restart.
Oct 18 10:23:11 ip-172-31-19-188 systemd[1]: snapd.service: Scheduled restart job, restart counter is at 1.
Oct 18 10:23:11 ip-172-31-19-188 systemd[1]: Stopped Snap Daemon.
Oct 18 10:23:11 ip-172-31-19-188 systemd[1]: Starting Snap Daemon...
Oct 18 10:23:11 ip-172-31-19-188 snapd[1816]: AppArmor status: apparmor is enabled and all features are available
Oct 18 10:23:12 ip-172-31-19-188 snapd[1816]: AppArmor status: apparmor is enabled and all features are available
Oct 18 10:23:12 ip-172-31-19-188 snapd[1816]: patch.go:64: Patching system state level 6 to sublevel 1...
Oct 18 10:23:12 ip-172-31-19-188 snapd[1816]: patch.go:64: Patching system state level 6 to sublevel 2...
Oct 18 10:23:12 ip-172-31-19-188 snapd[1816]: patch.go:64: Patching system state level 6 to sublevel 3...
Oct 18 10:23:12 ip-172-31-19-188 snapd[1816]: daemon.go:347: started snapd/2.49.2 (series 16; classic) ubuntu/18.04 (amd64) linux/5.4.0-1045-aws.
Oct 18 10:23:12 ip-172-31-19-188 snapd[1816]: daemon.go:440: adjusting startup timeout by 35s (pessimistic estimate of 30s plus 5s per snap)
Oct 18 10:23:12 ip-172-31-19-188 kernel: [   24.772839] audit: type=1400 audit(1634552592.416:19): apparmor="STATUS" operation="profile_replace" profile="unconfined" name="/snap/snapd/11588/usr/lib/snapd/snap-confine" pid=1889 comm="apparmor_parser"
Oct 18 10:23:12 ip-172-31-19-188 kernel: [   24.793647] audit: type=1400 audit(1634552592.440:20): apparmor="STATUS" operation="profile_replace" profile="unconfined" name="/snap/snapd/11588/usr/lib/snapd/snap-confine//mount-namespace-capture-helper" pid=1889 comm="apparmor_parser"
Oct 18 10:23:12 ip-172-31-19-188 systemd[1]: Started Snap Daemon.
Oct 18 10:23:13 ip-172-31-19-188 systemd[1]: Reloading.
Oct 18 10:23:13 ip-172-31-19-188 systemd[1]: Reloading.
Oct 18 10:23:13 ip-172-31-19-188 systemd[1]: Mounting Mount unit for core18, revision 1997...
Oct 18 10:23:13 ip-172-31-19-188 systemd[1]: Mounted Mount unit for core18, revision 1997.
Oct 18 10:23:13 ip-172-31-19-188 systemd[1]: Reloading.
Oct 18 10:23:13 ip-172-31-19-188 systemd[1]: Reloading.
Oct 18 10:23:13 ip-172-31-19-188 systemd[1]: Mounting Mount unit for amazon-ssm-agent, revision 3552...
Oct 18 10:23:13 ip-172-31-19-188 systemd[1]: Mounted Mount unit for amazon-ssm-agent, revision 3552.
Oct 18 10:23:14 ip-172-31-19-188 kernel: [   26.448603] audit: type=1400 audit(1634552594.092:21): apparmor="STATUS" operation="profile_load" profile="unconfined" name="snap.amazon-ssm-agent.amazon-ssm-agent" pid=2199 comm="apparmor_parser"
Oct 18 10:23:14 ip-172-31-19-188 kernel: [   26.448607] audit: type=1400 audit(1634552594.092:22): apparmor="STATUS" operation="profile_load" profile="unconfined" name="snap.amazon-ssm-agent.ssm-cli" pid=2200 comm="apparmor_parser"
Oct 18 10:23:14 ip-172-31-19-188 kernel: [   26.455118] audit: type=1400 audit(1634552594.100:23): apparmor="STATUS" operation="profile_load" profile="unconfined" name="snap-update-ns.amazon-ssm-agent" pid=2198 comm="apparmor_parser"
Oct 18 10:23:14 ip-172-31-19-188 systemd[1]: Reloading.
Oct 18 10:23:14 ip-172-31-19-188 systemd[1]: Reloading.
Oct 18 10:23:14 ip-172-31-19-188 systemd[1]: Started Service for snap application amazon-ssm-agent.amazon-ssm-agent.
Oct 18 10:23:15 ip-172-31-19-188 amazon-ssm-agent.amazon-ssm-agent[2262]: Error occurred fetching the seelog config file path:  open /etc/amazon/ssm/seelog.xml: no such file or directory
Oct 18 10:23:15 ip-172-31-19-188 amazon-ssm-agent.amazon-ssm-agent[2262]: Initializing new seelog logger
Oct 18 10:23:15 ip-172-31-19-188 amazon-ssm-agent.amazon-ssm-agent[2262]: New Seelog Logger Creation Complete
Oct 18 10:23:15 ip-172-31-19-188 amazon-ssm-agent.amazon-ssm-agent[2262]: 2021-10-18 10:23:15 WARN Error adding the directory '/etc/amazon/ssm' to watcher: no such file or directory
Oct 18 10:23:15 ip-172-31-19-188 amazon-ssm-agent.amazon-ssm-agent[2262]: 2021-10-18 10:23:15 INFO [amazon-ssm-agent] amazon-ssm-agent - v3.0.529.0
Oct 18 10:23:15 ip-172-31-19-188 amazon-ssm-agent.amazon-ssm-agent[2262]: 2021-10-18 10:23:15 INFO [amazon-ssm-agent] OS: linux, Arch: amd64
Oct 18 10:23:16 ip-172-31-19-188 systemd[1]: Started Wait until snapd is fully seeded.
Oct 18 10:23:16 ip-172-31-19-188 systemd[1]: Starting Apply the settings specified in cloud-config...
Oct 18 10:23:16 ip-172-31-19-188 amazon-ssm-agent.amazon-ssm-agent[2262]: 2021-10-18 10:23:16 INFO [amazon-ssm-agent] [LongRunningWorkerContainer] [WorkerProvider] Worker ssm-agent-worker is not running, starting worker process
Oct 18 10:23:16 ip-172-31-19-188 amazon-ssm-agent.amazon-ssm-agent[2262]: 2021-10-18 10:23:16 INFO [amazon-ssm-agent] [LongRunningWorkerContainer] [WorkerProvider] Worker ssm-agent-worker (pid:2357) started
Oct 18 10:23:16 ip-172-31-19-188 amazon-ssm-agent.amazon-ssm-agent[2262]: 2021-10-18 10:23:16 INFO [amazon-ssm-agent] [LongRunningWorkerContainer] Monitor long running worker health every 60 seconds
Oct 18 10:23:17 ip-172-31-19-188 cloud-init[2318]: Cloud-init v. 21.1-19-gbad84ad4-0ubuntu1~18.04.1 running 'modules:config' at Mon, 18 Oct 2021 10:23:16 +0000. Up 28.07 seconds.
Oct 18 10:23:17 ip-172-31-19-188 systemd[1]: Started Apply the settings specified in cloud-config.
Oct 18 10:23:17 ip-172-31-19-188 systemd[1]: Starting EC2 instance hibernation setup agent...
Oct 18 10:23:17 ip-172-31-19-188 /hibinit-agent: Instance Launch has not enabled Hibernation Configured Flag. hibinit-agent exiting!!
Oct 18 10:23:17 ip-172-31-19-188 hibinit-agent[2372]: Instance Launch has not enabled Hibernation Configured Flag. hibinit-agent exiting!!
Oct 18 10:23:17 ip-172-31-19-188 systemd[1]: Started EC2 instance hibernation setup agent.
Oct 18 10:23:17 ip-172-31-19-188 systemd[1]: Reached target Multi-User System.
Oct 18 10:23:17 ip-172-31-19-188 systemd[1]: Reached target Graphical Interface.
Oct 18 10:23:17 ip-172-31-19-188 systemd[1]: Starting Execute cloud user/final scripts...
Oct 18 10:23:17 ip-172-31-19-188 systemd[1]: Starting Update UTMP about System Runlevel Changes...
Oct 18 10:23:17 ip-172-31-19-188 systemd[1]: Started Update UTMP about System Runlevel Changes.
Oct 18 10:23:17 ip-172-31-19-188 ec2: 
Oct 18 10:23:17 ip-172-31-19-188 ec2: #############################################################
Oct 18 10:23:17 ip-172-31-19-188 ec2: -----BEGIN SSH HOST KEY FINGERPRINTS-----
Oct 18 10:23:17 ip-172-31-19-188 ec2: 1024 SHA256:yHYDoywGMLE370ht6iP9q6jEKE3Y0+nTKLjCB7A+iJg root@ip-172-31-19-188 (DSA)
Oct 18 10:23:17 ip-172-31-19-188 ec2: 256 SHA256:3UuB0nHoREedwGJ1QoGTRPAq7dXHU30PANpjaZz0IUA root@ip-172-31-19-188 (ECDSA)
Oct 18 10:23:17 ip-172-31-19-188 ec2: 256 SHA256:TQZjska6DKzlJlZr2JJ4ZQdj+h6cJZRUKMEXm/0ZX/Q root@ip-172-31-19-188 (ED25519)
Oct 18 10:23:17 ip-172-31-19-188 ec2: 2048 SHA256:gTUShHdNGfq+jwOtz84TuewUEbckBYqzCV2YnAtlQS0 root@ip-172-31-19-188 (RSA)
Oct 18 10:23:17 ip-172-31-19-188 ec2: -----END SSH HOST KEY FINGERPRINTS-----
Oct 18 10:23:17 ip-172-31-19-188 ec2: #############################################################
Oct 18 10:23:17 ip-172-31-19-188 cloud-init[2390]: Cloud-init v. 21.1-19-gbad84ad4-0ubuntu1~18.04.1 running 'modules:final' at Mon, 18 Oct 2021 10:23:17 +0000. Up 29.41 seconds.
Oct 18 10:23:17 ip-172-31-19-188 cloud-init[2390]: Cloud-init v. 21.1-19-gbad84ad4-0ubuntu1~18.04.1 finished at Mon, 18 Oct 2021 10:23:17 +0000. Datasource DataSourceEc2Local.  Up 29.58 seconds
Oct 18 10:23:17 ip-172-31-19-188 systemd[1]: Started Execute cloud user/final scripts.
Oct 18 10:23:17 ip-172-31-19-188 systemd[1]: Reached target Cloud-init target.
Oct 18 10:23:17 ip-172-31-19-188 systemd[1]: Startup finished in 5.500s (kernel) + 24.131s (userspace) = 29.632s.
Oct 18 10:23:30 ip-172-31-19-188 systemd-timesyncd[658]: Synchronized to time server 91.189.89.199:123 (ntp.ubuntu.com).
Oct 18 10:37:48 ip-172-31-19-188 systemd[1]: Created slice User Slice of ubuntu.
Oct 18 10:37:48 ip-172-31-19-188 systemd[1]: Starting User Manager for UID 1000...
Oct 18 10:37:48 ip-172-31-19-188 systemd[1]: Started Session 1 of user ubuntu.
Oct 18 10:37:48 ip-172-31-19-188 systemd[2508]: Reached target Timers.
Oct 18 10:37:48 ip-172-31-19-188 systemd[2508]: Listening on GnuPG cryptographic agent and passphrase cache.
Oct 18 10:37:48 ip-172-31-19-188 systemd[2508]: Listening on REST API socket for snapd user session agent.
Oct 18 10:37:48 ip-172-31-19-188 systemd[2508]: Listening on GnuPG network certificate management daemon.
Oct 18 10:37:48 ip-172-31-19-188 systemd[2508]: Reached target Paths.
Oct 18 10:37:48 ip-172-31-19-188 systemd[2508]: Listening on GnuPG cryptographic agent (ssh-agent emulation).
Oct 18 10:37:48 ip-172-31-19-188 systemd[2508]: Listening on GnuPG cryptographic agent and passphrase cache (access for web browsers).
Oct 18 10:37:48 ip-172-31-19-188 systemd[2508]: Listening on GnuPG cryptographic agent and passphrase cache (restricted).
Oct 18 10:37:48 ip-172-31-19-188 systemd[2508]: Reached target Sockets.
Oct 18 10:37:48 ip-172-31-19-188 systemd[2508]: Reached target Basic System.
Oct 18 10:37:48 ip-172-31-19-188 systemd[2508]: Reached target Default.
Oct 18 10:37:48 ip-172-31-19-188 systemd[2508]: Startup finished in 62ms.
Oct 18 10:37:48 ip-172-31-19-188 systemd[1]: Started User Manager for UID 1000.
Oct 18 10:37:50 ip-172-31-19-188 systemd[1]: Starting Cleanup of Temporary Directories...
Oct 18 10:37:50 ip-172-31-19-188 systemd[1]: Started Session 3 of user ubuntu.
Oct 18 10:37:50 ip-172-31-19-188 systemd[1]: Started Cleanup of Temporary Directories.
Oct 18 10:49:02 ip-172-31-19-188 kernel: [ 1574.953607] SGI XFS with ACLs, security attributes, realtime, no debug enabled
Oct 18 10:51:42 ip-172-31-19-188 systemd[1]: Stopped target Timers.
Oct 18 10:51:42 ip-172-31-19-188 systemd[1]: Stopped Daily Cleanup of Temporary Directories.
Oct 18 10:51:42 ip-172-31-19-188 systemd[1]: Stopped Daily apt upgrade and clean activities.
Oct 18 10:51:42 ip-172-31-19-188 systemd[1]: Stopped Discard unused blocks once a week.
Oct 18 10:51:42 ip-172-31-19-188 systemd[1]: Stopping ACPI event daemon...
Oct 18 10:51:42 ip-172-31-19-188 systemd[1]: Stopped Daily apt download activities.
Oct 18 10:51:42 ip-172-31-19-188 systemd[1]: Stopping Session 3 of user ubuntu.
Oct 18 10:51:42 ip-172-31-19-188 systemd[1]: Stopped target Host and Network Name Lookups.
Oct 18 10:51:42 ip-172-31-19-188 systemd[1]: Stopped target Cloud-init target.
Oct 18 10:51:42 ip-172-31-19-188 systemd[1]: Stopping Availability of block devices...
Oct 18 10:51:42 ip-172-31-19-188 systemd[1]: Stopping Session 1 of user ubuntu.
Oct 18 10:51:42 ip-172-31-19-188 systemd[1]: Stopping User Manager for UID 1000...
Oct 18 10:51:42 ip-172-31-19-188 systemd[1]: Stopped Execute cloud user/final scripts.
Oct 18 10:51:42 ip-172-31-19-188 systemd[1]: Stopped Apply the settings specified in cloud-config.
Oct 18 10:51:42 ip-172-31-19-188 systemd[1]: Stopped target Network is Online.
Oct 18 10:51:42 ip-172-31-19-188 systemd[1]: Stopped Message of the Day.
Oct 18 10:51:42 ip-172-31-19-188 blkdeactivate[11619]: Deactivating block devices:
Oct 18 10:51:42 ip-172-31-19-188 systemd[1]: Stopped target System Time Synchronized.
Oct 18 10:51:42 ip-172-31-19-188 systemd[1]: Stopped target Graphical Interface.
Oct 18 10:51:42 ip-172-31-19-188 systemd[1]: Stopping Accounts Service...
Oct 18 10:51:42 ip-172-31-19-188 systemd[1]: Stopping Authorization Manager...
Oct 18 10:51:42 ip-172-31-19-188 systemd[1]: Stopped target Multi-User System.
Oct 18 10:51:42 ip-172-31-19-188 systemd[1]: Stopping LSB: automatic crash report generation...
Oct 18 10:51:42 ip-172-31-19-188 systemd[1]: Stopping Unattended Upgrades Shutdown...
Oct 18 10:51:42 ip-172-31-19-188 systemd[1]: Stopping FUSE filesystem for LXC...
Oct 18 10:51:42 ip-172-31-19-188 systemd[1]: Stopped Wait until snapd is fully seeded.
Oct 18 10:51:42 ip-172-31-19-188 systemd[1]: Stopping LXD - container startup/shutdown...
Oct 18 10:51:42 ip-172-31-19-188 systemd[1]: Stopping Dispatcher daemon for systemd-networkd...
Oct 18 10:51:42 ip-172-31-19-188 systemd[1]: Stopping Service for snap application amazon-ssm-agent.amazon-ssm-agent...
Oct 18 10:51:42 ip-172-31-19-188 amazon-ssm-agent.amazon-ssm-agent[2262]: 2021-10-18 10:51:42 INFO [amazon-ssm-agent] Got signal:terminated value:0x55d9d32096e0
