Oct  1 08:53:12 demo systemd-modules-load[622]: Inserted module 'iscsi_tcp'
Oct  1 08:53:12 demo systemd-modules-load[622]: Inserted module 'ib_iser'
Oct  1 08:53:12 demo systemd[1]: Started Load Kernel Modules.
Oct  1 08:53:12 demo systemd[1]: Started Set the console keyboard layout.
Oct  1 08:53:12 demo systemd[1]: Started udev Coldplug all Devices.
Oct  1 08:53:12 demo systemd[1]: Starting Apply Kernel Variables...
Oct  1 08:53:12 demo systemd[1]: Mounting FUSE Control File System...
Oct  1 08:53:12 demo systemd[1]: Mounting Kernel Configuration File System...
Oct  1 08:53:12 demo systemd[1]: Starting Flush Journal to Persistent Storage...
Oct  1 08:53:12 demo systemd[1]: Mounted FUSE Control File System.
Oct  1 08:53:12 demo systemd[1]: Mounted Kernel Configuration File System.
Oct  1 08:53:12 demo kernel: [    0.000000] Linux version 4.15.0-55-generic (buildd@lcy01-amd64-029) (gcc version 7.4.0 (Ubuntu 7.4.0-1ubuntu1~18.04.1)) #60-Ubuntu SMP Tue Jul 2 18:22:20 UTC 2019 (Ubuntu 4.15.0-55.60-generic 4.15.18)
Oct  1 08:53:12 demo systemd[1]: Started Create Static Device Nodes in /dev.
Oct  1 08:53:12 demo kernel: [    0.000000] Command line: BOOT_IMAGE=/vmlinuz-4.15.0-55-generic root=UUID=d157dec1-d072-4563-a536-a4eb98edcf36 ro maybe-ubiquity
Oct  1 08:53:12 demo systemd[1]: Starting udev Kernel Device Manager...
Oct  1 08:53:12 demo systemd[1]: Started Load/Save Random Seed.
Oct  1 08:53:12 demo kernel: [    0.000000] KERNEL supported cpus:
Oct  1 08:53:12 demo kernel: [    0.000000]   Intel GenuineIntel
Oct  1 08:53:12 demo systemd[1]: Started LVM2 metadata daemon.
Oct  1 08:53:12 demo kernel: [    0.000000]   AMD AuthenticAMD
Oct  1 08:53:12 demo kernel: [    0.000000]   Centaur CentaurHauls
Oct  1 08:53:12 demo kernel: [    0.000000] Disabled fast string operations
Oct  1 08:53:12 demo kernel: [    0.000000] x86/fpu: Supporting XSAVE feature 0x001: 'x87 floating point registers'
Oct  1 08:53:12 demo kernel: [    0.000000] x86/fpu: Supporting XSAVE feature 0x002: 'SSE registers'
Oct  1 08:53:12 demo kernel: [    0.000000] x86/fpu: Supporting XSAVE feature 0x004: 'AVX registers'
Oct  1 08:53:12 demo systemd[1]: Started udev Kernel Device Manager.
Oct  1 08:53:12 demo kernel: [    0.000000] x86/fpu: xstate_offset[2]:  576, xstate_sizes[2]:  256
Oct  1 08:53:12 demo kernel: [    0.000000] x86/fpu: Enabled xstate features 0x7, context size is 832 bytes, using 'standard' format.
Oct  1 08:53:12 demo kernel: [    0.000000] e820: BIOS-provided physical RAM map:
Oct  1 08:53:12 demo kernel: [    0.000000] BIOS-e820: [mem 0x0000000000000000-0x000000000009efff] usable
Oct  1 08:53:12 demo systemd[1]: Started Dispatch Password Requests to Console Directory Watch.
Oct  1 08:53:12 demo kernel: [    0.000000] BIOS-e820: [mem 0x000000000009f000-0x000000000009ffff] reserved
Oct  1 08:53:12 demo kernel: [    0.000000] BIOS-e820: [mem 0x00000000000dc000-0x00000000000fffff] reserved
Oct  1 08:53:12 demo kernel: [    0.000000] BIOS-e820: [mem 0x0000000000100000-0x00000000bfedffff] usable
Oct  1 08:53:12 demo kernel: [    0.000000] BIOS-e820: [mem 0x00000000bfee0000-0x00000000bfefefff] ACPI data
Oct  1 08:53:12 demo systemd[1]: Reached target Local Encrypted Volumes.
Oct  1 08:53:12 demo kernel: [    0.000000] BIOS-e820: [mem 0x00000000bfeff000-0x00000000bfefffff] ACPI NVS
Oct  1 08:53:12 demo kernel: [    0.000000] BIOS-e820: [mem 0x00000000bff00000-0x00000000bfffffff] usable
Oct  1 08:53:12 demo kernel: [    0.000000] BIOS-e820: [mem 0x00000000f0000000-0x00000000f7ffffff] reserved
Oct  1 08:53:12 demo kernel: [    0.000000] BIOS-e820: [mem 0x00000000fec00000-0x00000000fec0ffff] reserved
Oct  1 08:53:12 demo kernel: [    0.000000] BIOS-e820: [mem 0x00000000fee00000-0x00000000fee00fff] reserved
Oct  1 08:53:12 demo kernel: [    0.000000] BIOS-e820: [mem 0x00000000fffe0000-0x00000000ffffffff] reserved
Oct  1 08:53:12 demo kernel: [    0.000000] BIOS-e820: [mem 0x0000000100000000-0x000000043fffffff] usable
Oct  1 08:53:12 demo kernel: [    0.000000] NX (Execute Disable) protection: active
Oct  1 08:53:12 demo systemd[1]: Started Apply Kernel Variables.
Oct  1 08:53:12 demo kernel: [    0.000000] SMBIOS 2.7 present.
Oct  1 08:53:12 demo kernel: [    0.000000] DMI: VMware, Inc. VMware Virtual Platform/440BX Desktop Reference Platform, BIOS 6.00 04/05/2016
Oct  1 08:53:12 demo kernel: [    0.000000] Hypervisor detected: VMware
Oct  1 08:53:12 demo kernel: [    0.000000] vmware: TSC freq read from hypervisor : 2600.000 MHz
Oct  1 08:53:12 demo systemd[1]: Started Monitoring of LVM2 mirrors, snapshots etc. using dmeventd or progress polling.
Oct  1 08:53:12 demo systemd[1]: Reached target Local File Systems (Pre).
Oct  1 08:53:12 demo systemd[1]: Started Flush Journal to Persistent Storage.
Oct  1 08:53:12 demo systemd-udevd[683]: link_config: autonegotiation is unset or enabled, the speed and duplex are not writable.
Oct  1 08:53:12 demo systemd[1]: Listening on Load/Save RF Kill Switch Status /dev/rfkill Watch.
Oct  1 08:53:12 demo systemd-udevd[658]: link_config: autonegotiation is unset or enabled, the speed and duplex are not writable.
Oct  1 08:53:12 demo kernel: [    0.000000] vmware: Host bus clock speed read from hypervisor : 66000000 Hz
Oct  1 08:53:12 demo systemd[1]: Found device Virtual_disk 3.
Oct  1 08:53:12 demo kernel: [    0.000000] vmware: using sched offset of 2593565974 ns
Oct  1 08:53:12 demo kernel: [    0.000000] e820: update [mem 0x00000000-0x00000fff] usable ==> reserved
Oct  1 08:53:12 demo kernel: [    0.000000] e820: remove [mem 0x000a0000-0x000fffff] usable
Oct  1 08:53:12 demo kernel: [    0.000000] e820: last_pfn = 0x440000 max_arch_pfn = 0x400000000
Oct  1 08:53:12 demo kernel: [    0.000000] MTRR default type: uncachable
Oct  1 08:53:12 demo systemd[1]: Activating swap /dev/disk/by-uuid/ba4eff26-1d2c-4263-b6eb-c9ff5d0e07c9...
Oct  1 08:53:12 demo kernel: [    0.000000] MTRR fixed ranges enabled:
Oct  1 08:53:12 demo kernel: [    0.000000]   00000-9FFFF write-back
Oct  1 08:53:12 demo systemd[1]: Activated swap /dev/disk/by-uuid/ba4eff26-1d2c-4263-b6eb-c9ff5d0e07c9.
Oct  1 08:53:12 demo systemd[1]: Reached target Swap.
Oct  1 08:53:12 demo systemd[1]: Found device Virtual_disk 2.
Oct  1 08:53:12 demo systemd[1]: Mounting /boot...
Oct  1 08:53:12 demo systemd[1]: Mounted /boot.
Oct  1 08:53:12 demo systemd[1]: Reached target Local File Systems.
Oct  1 08:53:12 demo systemd[1]: Starting Set console font and keymap...
Oct  1 08:53:12 demo systemd[1]: Starting ebtables ruleset management...
Oct  1 08:53:12 demo systemd[1]: Starting Create Volatile Files and Directories...
Oct  1 08:53:12 demo systemd[1]: Starting Tell Plymouth To Write Out Runtime Data...
Oct  1 08:53:12 demo systemd[1]: Starting AppArmor initialization...
Oct  1 08:53:12 demo systemd[1]: Started Tell Plymouth To Write Out Runtime Data.
Oct  1 08:53:12 demo systemd[1]: Started Create Volatile Files and Directories.
Oct  1 08:53:12 demo systemd[1]: Started Authentication service for virtual machines hosted on VMware.
Oct  1 08:53:12 demo systemd[1]: Starting Network Time Synchronization...
Oct  1 08:53:12 demo systemd[1]: Starting Update UTMP about System Boot/Shutdown...
Oct  1 08:53:12 demo systemd[1]: Started Update UTMP about System Boot/Shutdown.
Oct  1 08:53:12 demo VGAuthService[873]: Pref_Init: Using '/etc/vmware-tools/vgauth.conf' as preferences filepath
Oct  1 08:53:12 demo VGAuthService[873]: Core dump limit set to -1
Oct  1 08:53:12 demo VGAuthService[873]: Cannot load message catalog for domain 'VGAuthService', language 'C', catalog dir '.'.
Oct  1 08:53:12 demo VGAuthService[873]: INIT SERVICE
Oct  1 08:53:12 demo VGAuthService[873]: Using '/var/lib/vmware/VGAuth/aliasStore' for alias store root directory
Oct  1 08:53:12 demo kernel: [    0.000000]   A0000-BFFFF uncachable
Oct  1 08:53:12 demo kernel: [    0.000000]   C0000-CFFFF write-protect
Oct  1 08:53:12 demo systemd[1]: Started Network Time Synchronization.
Oct  1 08:53:12 demo kernel: [    0.000000]   D0000-EFFFF uncachable
Oct  1 08:53:12 demo systemd[1]: Reached target System Time Synchronized.
Oct  1 08:53:12 demo kernel: [    0.000000]   F0000-FFFFF write-protect
Oct  1 08:53:12 demo kernel: [    0.000000] MTRR variable ranges enabled:
Oct  1 08:53:12 demo kernel: [    0.000000]   0 base 000C0000000 mask 7FFC0000000 uncachable
Oct  1 08:53:12 demo VGAuthService[873]: LoadCatalogAndSchema: Using '/etc/vmware-tools/vgauth/schemas' for SAML schemas
Oct  1 08:53:12 demo kernel: [    0.000000]   1 base 00000000000 mask 7F800000000 write-back
Oct  1 08:53:12 demo apparmor[847]:  * Starting AppArmor profiles
Oct  1 08:53:12 demo kernel: [    0.000000]   2 disabled
Oct  1 08:53:12 demo VGAuthService[873]: LoadPrefs: Allowing 300 of clock skew for SAML date validation
Oct  1 08:53:12 demo kernel: [    0.000000]   3 disabled
Oct  1 08:53:12 demo VGAuthService[873]: SAML_Init: Using xmlsec1 1.2.25 for XML signature support
Oct  1 08:53:12 demo kernel: [    0.000000]   4 disabled
Oct  1 08:53:12 demo kernel: [    0.000000]   5 disabled
Oct  1 08:53:12 demo kernel: [    0.000000]   6 disabled
Oct  1 08:53:12 demo VGAuthService[873]: ServiceNetworkCreateSocketDir: Created socket directory '/var/run/vmware'
Oct  1 08:53:12 demo kernel: [    0.000000]   7 disabled
Oct  1 08:53:12 demo kernel: [    0.000000] x86/PAT: Configuration [0-7]: WB  WC  UC- UC  WB  WP  UC- WT  
Oct  1 08:53:12 demo kernel: [    0.000000] total RAM covered: 31744M
Oct  1 08:53:12 demo kernel: [    0.000000] Found optimal setting for mtrr clean up
Oct  1 08:53:12 demo VGAuthService[873]: BEGIN SERVICE
Oct  1 08:53:12 demo systemd[1]: Started ebtables ruleset management.
Oct  1 08:53:12 demo apparmor[847]: Skipping profile in /etc/apparmor.d/disable: usr.sbin.rsyslogd
Oct  1 08:53:12 demo kernel: [    0.000000]  gran_size: 64K 	chunk_size: 64K 	num_reg: 5  	lose cover RAM: 0G
Oct  1 08:53:12 demo apparmor[847]:    ...done.
Oct  1 08:53:12 demo systemd[1]: Started AppArmor initialization.
Oct  1 08:53:12 demo kernel: [    0.000000] e820: update [mem 0xc0000000-0xffffffff] usable ==> reserved
Oct  1 08:53:12 demo kernel: [    0.000000] e820: last_pfn = 0xc0000 max_arch_pfn = 0x400000000
Oct  1 08:53:12 demo kernel: [    0.000000] found SMP MP-table at [mem 0x000f6a80-0x000f6a8f] mapped at [        (ptrval)]
Oct  1 08:53:12 demo kernel: [    0.000000] Scanning 1 areas for low memory corruption
Oct  1 08:53:12 demo systemd[1]: Started Service for virtual machines hosted on VMware.
Oct  1 08:53:12 demo kernel: [    0.000000] Base memory trampoline at [        (ptrval)] 99000 size 24576
Oct  1 08:53:12 demo systemd[1]: Starting Initial cloud-init job (pre-networking)...
Oct  1 08:53:12 demo kernel: [    0.000000] BRK [0x27e540000, 0x27e540fff] PGTABLE
Oct  1 08:53:12 demo systemd[1]: Started Set console font and keymap.
Oct  1 08:53:12 demo kernel: [    0.000000] BRK [0x27e541000, 0x27e541fff] PGTABLE
Oct  1 08:53:12 demo kernel: [    0.000000] BRK [0x27e542000, 0x27e542fff] PGTABLE
Oct  1 08:53:12 demo kernel: [    0.000000] BRK [0x27e543000, 0x27e543fff] PGTABLE
Oct  1 08:53:12 demo cloud-init[1007]: Cloud-init v. 19.1-1-gbaa47854-0ubuntu1~18.04.1 running 'init-local' at Fri, 01 Oct 2021 08:53:08 +0000. Up 13.62 seconds.
Oct  1 08:53:12 demo kernel: [    0.000000] BRK [0x27e544000, 0x27e544fff] PGTABLE
Oct  1 08:53:12 demo kernel: [    0.000000] BRK [0x27e545000, 0x27e545fff] PGTABLE
Oct  1 08:53:12 demo kernel: [    0.000000] BRK [0x27e546000, 0x27e546fff] PGTABLE
Oct  1 08:53:12 demo kernel: [    0.000000] BRK [0x27e547000, 0x27e547fff] PGTABLE
Oct  1 08:53:12 demo kernel: [    0.000000] RAMDISK: [mem 0x313cb000-0x349dcfff]
Oct  1 08:53:12 demo systemd[1]: Started Initial cloud-init job (pre-networking).
Oct  1 08:53:12 demo kernel: [    0.000000] ACPI: Early table checksum verification disabled
Oct  1 08:53:12 demo kernel: [    0.000000] ACPI: RSDP 0x00000000000F6A10 000024 (v02 PTLTD )
Oct  1 08:53:12 demo systemd[1]: Reached target Network (Pre).
Oct  1 08:53:12 demo kernel: [    0.000000] ACPI: XSDT 0x00000000BFEEFA2B 00005C (v01 INTEL  440BX    06040000 VMW  01324272)
Oct  1 08:53:12 demo kernel: [    0.000000] ACPI: FACP 0x00000000BFEFEE73 0000F4 (v04 INTEL  440BX    06040000 PTL  000F4240)
Oct  1 08:53:12 demo kernel: [    0.000000] ACPI: DSDT 0x00000000BFEEFE7D 00EFF6 (v01 PTLTD  Custom   06040000 MSFT 03000001)
Oct  1 08:53:12 demo kernel: [    0.000000] ACPI: FACS 0x00000000BFEFFFC0 000040
Oct  1 08:53:12 demo kernel: [    0.000000] ACPI: FACS 0x00000000BFEFFFC0 000040
Oct  1 08:53:12 demo kernel: [    0.000000] ACPI: BOOT 0x00000000BFEEFE55 000028 (v01 PTLTD  $SBFTBL$ 06040000  LTP 00000001)
Oct  1 08:53:12 demo kernel: [    0.000000] ACPI: APIC 0x00000000BFEEFD33 000122 (v01 PTLTD  ? APIC   06040000  LTP 00000000)
Oct  1 08:53:12 demo kernel: [    0.000000] ACPI: MCFG 0x00000000BFEEFCF7 00003C (v01 PTLTD  $PCITBL$ 06040000  LTP 00000001)
Oct  1 08:53:12 demo kernel: [    0.000000] ACPI: SRAT 0x00000000BFEEFB27 0001D0 (v02 VMWARE MEMPLUG  06040000 VMW  00000001)
Oct  1 08:53:12 demo kernel: [    0.000000] ACPI: HPET 0x00000000BFEEFAEF 000038 (v01 VMWARE VMW HPET 06040000 VMW  00000001)
Oct  1 08:53:12 demo kernel: [    0.000000] ACPI: WAET 0x00000000BFEEFAC7 000028 (v01 VMWARE VMW WAET 06040000 VMW  00000001)
Oct  1 08:53:12 demo kernel: [    0.000000] ACPI: Local APIC address 0xfee00000
Oct  1 08:53:12 demo kernel: [    0.000000] SRAT: PXM 0 -> APIC 0x00 -> Node 0
Oct  1 08:53:12 demo kernel: [    0.000000] SRAT: PXM 0 -> APIC 0x02 -> Node 0
Oct  1 08:53:12 demo systemd[1]: Starting Network Service...
Oct  1 08:53:12 demo kernel: [    0.000000] SRAT: PXM 0 -> APIC 0x04 -> Node 0
Oct  1 08:53:12 demo kernel: [    0.000000] SRAT: PXM 0 -> APIC 0x06 -> Node 0
Oct  1 08:53:12 demo systemd-networkd[1261]: Enumeration completed
Oct  1 08:53:12 demo kernel: [    0.000000] SRAT: PXM 0 -> APIC 0x08 -> Node 0
Oct  1 08:53:12 demo systemd[1]: Started Network Service.
Oct  1 08:53:12 demo kernel: [    0.000000] SRAT: PXM 0 -> APIC 0x0a -> Node 0
Oct  1 08:53:12 demo systemd[1]: Starting Network Name Resolution...
Oct  1 08:53:12 demo kernel: [    0.000000] SRAT: PXM 0 -> APIC 0x0c -> Node 0
Oct  1 08:53:12 demo kernel: [    0.000000] SRAT: PXM 0 -> APIC 0x0e -> Node 0
Oct  1 08:53:12 demo systemd[1]: Starting Wait for Network to be Configured...
Oct  1 08:53:12 demo kernel: [    0.000000] SRAT: PXM 1 -> APIC 0x10 -> Node 1
Oct  1 08:53:12 demo systemd-networkd-wait-online[1280]: ignoring: lo
Oct  1 08:53:12 demo kernel: [    0.000000] SRAT: PXM 1 -> APIC 0x12 -> Node 1
Oct  1 08:53:12 demo kernel: [    0.000000] SRAT: PXM 1 -> APIC 0x14 -> Node 1
Oct  1 08:53:12 demo kernel: [    0.000000] SRAT: PXM 1 -> APIC 0x16 -> Node 1
Oct  1 08:53:12 demo kernel: [    0.000000] SRAT: PXM 1 -> APIC 0x18 -> Node 1
Oct  1 08:53:12 demo kernel: [    0.000000] SRAT: PXM 1 -> APIC 0x1a -> Node 1
Oct  1 08:53:12 demo systemd[1]: Started Wait for Network to be Configured.
Oct  1 08:53:12 demo kernel: [    0.000000] SRAT: PXM 1 -> APIC 0x1c -> Node 1
Oct  1 08:53:12 demo kernel: [    0.000000] SRAT: PXM 1 -> APIC 0x1e -> Node 1
Oct  1 08:53:12 demo kernel: [    0.000000] ACPI: SRAT: Node 0 PXM 0 [mem 0x00000000-0x0009ffff]
Oct  1 08:53:12 demo kernel: [    0.000000] ACPI: SRAT: Node 0 PXM 0 [mem 0x00100000-0xbfffffff]
Oct  1 08:53:12 demo kernel: [    0.000000] ACPI: SRAT: Node 0 PXM 0 [mem 0x100000000-0x23fffffff]
Oct  1 08:53:12 demo systemd[1]: Starting Initial cloud-init job (metadata service crawler)...
Oct  1 08:53:12 demo kernel: [    0.000000] ACPI: SRAT: Node 1 PXM 1 [mem 0x240000000-0x43fffffff]
Oct  1 08:53:12 demo systemd-resolved[1279]: Positive Trust Anchors:
Oct  1 08:53:12 demo systemd-resolved[1279]: . IN DS 19036 8 2 49aac11d7b6f6446702e54a1607371607a1a41855200fd2ce1cdde32f24e8fb5
Oct  1 08:53:12 demo kernel: [    0.000000] NUMA: Node 0 [mem 0x00000000-0x0009ffff] + [mem 0x00100000-0xbfffffff] -> [mem 0x00000000-0xbfffffff]
Oct  1 08:53:12 demo systemd-resolved[1279]: . IN DS 20326 8 2 e06d44b80b8f1d39a95c0b0d7c65d08458e880409bbc683457104237c7f8ec8d
Oct  1 08:53:12 demo kernel: [    0.000000] NUMA: Node 0 [mem 0x00000000-0xbfffffff] + [mem 0x100000000-0x23fffffff] -> [mem 0x00000000-0x23fffffff]
Oct  1 08:53:12 demo kernel: [    0.000000] NODE_DATA(0) allocated [mem 0x23ffd5000-0x23fffffff]
Oct  1 08:53:12 demo kernel: [    0.000000] NODE_DATA(1) allocated [mem 0x43ffc9000-0x43fff3fff]
Oct  1 08:53:12 demo kernel: [    0.000000] Zone ranges:
Oct  1 08:53:12 demo kernel: [    0.000000]   DMA      [mem 0x0000000000001000-0x0000000000ffffff]
Oct  1 08:53:12 demo systemd-resolved[1279]: Negative trust anchors: 10.in-addr.arpa 16.172.in-addr.arpa 17.172.in-addr.arpa 18.172.in-addr.arpa 19.172.in-addr.arpa 20.172.in-addr.arpa 21.172.in-addr.arpa 22.172.in-addr.arpa 23.172.in-addr.arpa 24.172.in-addr.arpa 25.172.in-addr.arpa 26.172.in-addr.arpa 27.172.in-addr.arpa 28.172.in-addr.arpa 29.172.in-addr.arpa 30.172.in-addr.arpa 31.172.in-addr.arpa 168.192.in-addr.arpa d.f.ip6.arpa corp home internal intranet lan local private test
Oct  1 08:53:12 demo kernel: [    0.000000]   DMA32    [mem 0x0000000001000000-0x00000000ffffffff]
Oct  1 08:53:12 demo kernel: [    0.000000]   Normal   [mem 0x0000000100000000-0x000000043fffffff]
Oct  1 08:53:12 demo systemd-resolved[1279]: Using system hostname 'demo'.
Oct  1 08:53:12 demo kernel: [    0.000000]   Device   empty
Oct  1 08:53:12 demo systemd[1]: Started Network Name Resolution.
Oct  1 08:53:12 demo kernel: [    0.000000] Movable zone start for each node
Oct  1 08:53:12 demo kernel: [    0.000000] Early memory node ranges
Oct  1 08:53:12 demo kernel: [    0.000000]   node   0: [mem 0x0000000000001000-0x000000000009efff]
Oct  1 08:53:12 demo kernel: [    0.000000]   node   0: [mem 0x0000000000100000-0x00000000bfedffff]
Oct  1 08:53:12 demo systemd[1]: Reached target Network.
Oct  1 08:53:12 demo kernel: [    0.000000]   node   0: [mem 0x00000000bff00000-0x00000000bfffffff]
Oct  1 08:53:12 demo kernel: [    0.000000]   node   0: [mem 0x0000000100000000-0x000000023fffffff]
Oct  1 08:53:12 demo kernel: [    0.000000]   node   1: [mem 0x0000000240000000-0x000000043fffffff]
Oct  1 08:53:12 demo kernel: [    0.000000] Reserved but unavailable: 130 pages
Oct  1 08:53:12 demo systemd[1]: Reached target Host and Network Name Lookups.
Oct  1 08:53:12 demo cloud-init[1296]: Cloud-init v. 19.1-1-gbaa47854-0ubuntu1~18.04.1 running 'init' at Fri, 01 Oct 2021 08:53:09 +0000. Up 15.50 seconds.
Oct  1 08:53:12 demo cloud-init[1296]: ci-info: +++++++++++++++++++++++++++Net device info++++++++++++++++++++++++++++
Oct  1 08:53:12 demo cloud-init[1296]: ci-info: +--------+-------+-----------+-----------+-------+-------------------+
Oct  1 08:53:12 demo kernel: [    0.000000] Initmem setup node 0 [mem 0x0000000000001000-0x000000023fffffff]
Oct  1 08:53:12 demo cloud-init[1296]: ci-info: | Device |   Up  |  Address  |    Mask   | Scope |     Hw-Address    |
Oct  1 08:53:12 demo kernel: [    0.000000] On node 0 totalpages: 2097022
Oct  1 08:53:12 demo kernel: [    0.000000]   DMA zone: 64 pages used for memmap
Oct  1 08:53:12 demo cloud-init[1296]: ci-info: +--------+-------+-----------+-----------+-------+-------------------+
Oct  1 08:53:12 demo kernel: [    0.000000]   DMA zone: 21 pages reserved
Oct  1 08:53:12 demo cloud-init[1296]: ci-info: | ens160 | False |     .     |     .     |   .   | 00:50:56:86:49:0a |
Oct  1 08:53:12 demo kernel: [    0.000000]   DMA zone: 3998 pages, LIFO batch:0
Oct  1 08:53:12 demo kernel: [    0.000000]   DMA32 zone: 12224 pages used for memmap
Oct  1 08:53:12 demo cloud-init[1296]: ci-info: |   lo   |  True | 127.0.0.1 | 255.0.0.0 |  host |         .         |
Oct  1 08:53:12 demo kernel: [    0.000000]   DMA32 zone: 782304 pages, LIFO batch:31
Oct  1 08:53:12 demo kernel: [    0.000000]   Normal zone: 20480 pages used for memmap
Oct  1 08:53:12 demo kernel: [    0.000000]   Normal zone: 1310720 pages, LIFO batch:31
Oct  1 08:53:12 demo kernel: [    0.000000] Initmem setup node 1 [mem 0x0000000240000000-0x000000043fffffff]
Oct  1 08:53:12 demo cloud-init[1296]: ci-info: |   lo   |  True |  ::1/128  |     .     |  host |         .         |
Oct  1 08:53:12 demo kernel: [    0.000000] On node 1 totalpages: 2097152
Oct  1 08:53:12 demo kernel: [    0.000000]   Normal zone: 32768 pages used for memmap
Oct  1 08:53:12 demo kernel: [    0.000000]   Normal zone: 2097152 pages, LIFO batch:31
Oct  1 08:53:12 demo cloud-init[1296]: ci-info: +--------+-------+-----------+-----------+-------+-------------------+
Oct  1 08:53:12 demo cloud-init[1296]: ci-info: +++++++++++++++++++Route IPv6 info+++++++++++++++++++
Oct  1 08:53:12 demo kernel: [    0.000000] ACPI: PM-Timer IO Port: 0x1008
Oct  1 08:53:12 demo kernel: [    0.000000] ACPI: Local APIC address 0xfee00000
Oct  1 08:53:12 demo kernel: [    0.000000] ACPI: LAPIC_NMI (acpi_id[0x00] high edge lint[0x1])
Oct  1 08:53:12 demo cloud-init[1296]: ci-info: +-------+-------------+---------+-----------+-------+
Oct  1 08:53:12 demo kernel: [    0.000000] ACPI: LAPIC_NMI (acpi_id[0x01] high edge lint[0x1])
Oct  1 08:53:12 demo kernel: [    0.000000] ACPI: LAPIC_NMI (acpi_id[0x02] high edge lint[0x1])
Oct  1 08:53:12 demo kernel: [    0.000000] ACPI: LAPIC_NMI (acpi_id[0x03] high edge lint[0x1])
Oct  1 08:53:12 demo kernel: [    0.000000] ACPI: LAPIC_NMI (acpi_id[0x04] high edge lint[0x1])
Oct  1 08:53:12 demo kernel: [    0.000000] ACPI: LAPIC_NMI (acpi_id[0x05] high edge lint[0x1])
Oct  1 08:53:12 demo kernel: [    0.000000] ACPI: LAPIC_NMI (acpi_id[0x06] high edge lint[0x1])
Oct  1 08:53:12 demo kernel: [    0.000000] ACPI: LAPIC_NMI (acpi_id[0x07] high edge lint[0x1])
Oct  1 08:53:12 demo kernel: [    0.000000] ACPI: LAPIC_NMI (acpi_id[0x08] high edge lint[0x1])
Oct  1 08:53:12 demo kernel: [    0.000000] ACPI: LAPIC_NMI (acpi_id[0x09] high edge lint[0x1])
Oct  1 08:53:12 demo kernel: [    0.000000] ACPI: LAPIC_NMI (acpi_id[0x0a] high edge lint[0x1])
Oct  1 08:53:12 demo kernel: [    0.000000] ACPI: LAPIC_NMI (acpi_id[0x0b] high edge lint[0x1])
Oct  1 08:53:12 demo kernel: [    0.000000] ACPI: LAPIC_NMI (acpi_id[0x0c] high edge lint[0x1])
Oct  1 08:53:12 demo cloud-init[1296]: ci-info: | Route | Destination | Gateway | Interface | Flags |
Oct  1 08:53:12 demo kernel: [    0.000000] ACPI: LAPIC_NMI (acpi_id[0x0d] high edge lint[0x1])
Oct  1 08:53:12 demo kernel: [    0.000000] ACPI: LAPIC_NMI (acpi_id[0x0e] high edge lint[0x1])
Oct  1 08:53:12 demo cloud-init[1296]: ci-info: +-------+-------------+---------+-----------+-------+
Oct  1 08:53:12 demo kernel: [    0.000000] ACPI: LAPIC_NMI (acpi_id[0x0f] high edge lint[0x1])
Oct  1 08:53:12 demo kernel: [    0.000000] IOAPIC[0]: apic_id 1, version 17, address 0xfec00000, GSI 0-23
Oct  1 08:53:12 demo kernel: [    0.000000] ACPI: INT_SRC_OVR (bus 0 bus_irq 0 global_irq 2 high edge)
Oct  1 08:53:12 demo kernel: [    0.000000] ACPI: IRQ0 used by override.
Oct  1 08:53:12 demo kernel: [    0.000000] ACPI: IRQ9 used by override.
Oct  1 08:53:12 demo kernel: [    0.000000] Using ACPI (MADT) for SMP configuration information
Oct  1 08:53:12 demo kernel: [    0.000000] ACPI: HPET id: 0x8086af01 base: 0xfed00000
Oct  1 08:53:12 demo kernel: [    0.000000] smpboot: Allowing 16 CPUs, 0 hotplug CPUs
Oct  1 08:53:12 demo kernel: [    0.000000] PM: Registered nosave memory: [mem 0x00000000-0x00000fff]
Oct  1 08:53:12 demo kernel: [    0.000000] PM: Registered nosave memory: [mem 0x0009f000-0x0009ffff]
Oct  1 08:53:12 demo cloud-init[1296]: ci-info: +-------+-------------+---------+-----------+-------+
Oct  1 08:53:12 demo kernel: [    0.000000] PM: Registered nosave memory: [mem 0x000a0000-0x000dbfff]
Oct  1 08:53:12 demo kernel: [    0.000000] PM: Registered nosave memory: [mem 0x000dc000-0x000fffff]
Oct  1 08:53:12 demo kernel: [    0.000000] PM: Registered nosave memory: [mem 0xbfee0000-0xbfefefff]
Oct  1 08:53:12 demo kernel: [    0.000000] PM: Registered nosave memory: [mem 0xbfeff000-0xbfefffff]
Oct  1 08:53:12 demo kernel: [    0.000000] PM: Registered nosave memory: [mem 0xc0000000-0xefffffff]
Oct  1 08:53:12 demo kernel: [    0.000000] PM: Registered nosave memory: [mem 0xf0000000-0xf7ffffff]
Oct  1 08:53:12 demo kernel: [    0.000000] PM: Registered nosave memory: [mem 0xf8000000-0xfebfffff]
Oct  1 08:53:12 demo kernel: [    0.000000] PM: Registered nosave memory: [mem 0xfec00000-0xfec0ffff]
Oct  1 08:53:12 demo kernel: [    0.000000] PM: Registered nosave memory: [mem 0xfec10000-0xfedfffff]
Oct  1 08:53:12 demo kernel: [    0.000000] PM: Registered nosave memory: [mem 0xfee00000-0xfee00fff]
Oct  1 08:53:12 demo kernel: [    0.000000] PM: Registered nosave memory: [mem 0xfee01000-0xfffdffff]
Oct  1 08:53:12 demo kernel: [    0.000000] PM: Registered nosave memory: [mem 0xfffe0000-0xffffffff]
Oct  1 08:53:12 demo kernel: [    0.000000] e820: [mem 0xc0000000-0xefffffff] available for PCI devices
Oct  1 08:53:12 demo kernel: [    0.000000] Booting paravirtualized kernel on VMware hypervisor
Oct  1 08:53:12 demo kernel: [    0.000000] clocksource: refined-jiffies: mask: 0xffffffff max_cycles: 0xffffffff, max_idle_ns: 7645519600211568 ns
Oct  1 08:53:12 demo kernel: [    0.000000] random: get_random_bytes called from start_kernel+0x99/0x4fd with crng_init=0
Oct  1 08:53:12 demo kernel: [    0.000000] setup_percpu: NR_CPUS:8192 nr_cpumask_bits:16 nr_cpu_ids:16 nr_node_ids:2
Oct  1 08:53:12 demo kernel: [    0.000000] percpu: Embedded 46 pages/cpu @        (ptrval) s151552 r8192 d28672 u262144
Oct  1 08:53:12 demo kernel: [    0.000000] pcpu-alloc: s151552 r8192 d28672 u262144 alloc=1*2097152
Oct  1 08:53:12 demo kernel: [    0.000000] pcpu-alloc: [0] 00 01 02 03 04 05 06 07 [1] 08 09 10 11 12 13 14 15 
Oct  1 08:53:12 demo kernel: [    0.000000] Built 2 zonelists, mobility grouping on.  Total pages: 4128617
Oct  1 08:53:12 demo kernel: [    0.000000] Policy zone: Normal
Oct  1 08:53:12 demo kernel: [    0.000000] Kernel command line: BOOT_IMAGE=/vmlinuz-4.15.0-55-generic root=UUID=d157dec1-d072-4563-a536-a4eb98edcf36 ro maybe-ubiquity
Oct  1 08:53:12 demo kernel: [    0.000000] Calgary: detecting Calgary via BIOS EBDA area
Oct  1 08:53:12 demo kernel: [    0.000000] Calgary: Unable to locate Rio Grande table in EBDA - bailing!
Oct  1 08:53:12 demo kernel: [    0.000000] Memory: 16361792K/16776696K available (12300K kernel code, 2473K rwdata, 4276K rodata, 2408K init, 2416K bss, 414904K reserved, 0K cma-reserved)
Oct  1 08:53:12 demo kernel: [    0.000000] SLUB: HWalign=64, Order=0-3, MinObjects=0, CPUs=16, Nodes=2
Oct  1 08:53:12 demo kernel: [    0.000000] Kernel/User page tables isolation: enabled
Oct  1 08:53:12 demo kernel: [    0.000000] ftrace: allocating 39219 entries in 154 pages
Oct  1 08:53:12 demo kernel: [    0.004000] Hierarchical RCU implementation.
Oct  1 08:53:12 demo kernel: [    0.004000] 	RCU restricting CPUs from NR_CPUS=8192 to nr_cpu_ids=16.
Oct  1 08:53:12 demo kernel: [    0.004000] 	Tasks RCU enabled.
Oct  1 08:53:12 demo kernel: [    0.004000] RCU: Adjusting geometry for rcu_fanout_leaf=16, nr_cpu_ids=16
Oct  1 08:53:12 demo kernel: [    0.004000] NR_IRQS: 524544, nr_irqs: 552, preallocated irqs: 16
Oct  1 08:53:12 demo kernel: [    0.004000] Console: colour VGA+ 80x25
Oct  1 08:53:12 demo kernel: [    0.004000] console [tty0] enabled
Oct  1 08:53:12 demo kernel: [    0.004000] mempolicy: Enabling automatic NUMA balancing. Configure with numa_balancing= or the kernel.numa_balancing sysctl
Oct  1 08:53:12 demo kernel: [    0.004000] ACPI: Core revision 20170831
Oct  1 08:53:12 demo cloud-init[1296]: Generating public/private rsa key pair.
Oct  1 08:53:12 demo kernel: [    0.004000] ACPI: 1 ACPI AML tables successfully acquired and loaded
Oct  1 08:53:12 demo kernel: [    0.004000] clocksource: hpet: mask: 0xffffffff max_cycles: 0xffffffff, max_idle_ns: 133484882848 ns
Oct  1 08:53:12 demo kernel: [    0.004000] hpet clockevent registered
Oct  1 08:53:12 demo kernel: [    0.004000] APIC: Switch to symmetric I/O mode setup
Oct  1 08:53:12 demo kernel: [    0.004000] x2apic enabled
Oct  1 08:53:12 demo kernel: [    0.004000] Switched APIC routing to physical x2apic.
Oct  1 08:53:12 demo kernel: [    0.004000] ..TIMER: vector=0x30 apic1=0 pin1=2 apic2=-1 pin2=-1
Oct  1 08:53:12 demo cloud-init[1296]: Your identification has been saved in /etc/ssh/ssh_host_rsa_key.
Oct  1 08:53:12 demo cloud-init[1296]: Your public key has been saved in /etc/ssh/ssh_host_rsa_key.pub.
Oct  1 08:53:12 demo kernel: [    0.004000] tsc: Detected 2600.000 MHz processor
Oct  1 08:53:12 demo kernel: [    0.004000] Calibrating delay loop (skipped) preset value.. 5200.00 BogoMIPS (lpj=10400000)
Oct  1 08:53:12 demo kernel: [    0.004000] pid_max: default: 32768 minimum: 301
Oct  1 08:53:12 demo kernel: [    0.004000] Security Framework initialized
Oct  1 08:53:12 demo kernel: [    0.004013] Yama: becoming mindful.
Oct  1 08:53:12 demo kernel: [    0.004205] AppArmor: AppArmor initialized
Oct  1 08:53:12 demo kernel: [    0.007424] Dentry cache hash table entries: 2097152 (order: 12, 16777216 bytes)
Oct  1 08:53:12 demo kernel: [    0.009356] Inode-cache hash table entries: 1048576 (order: 11, 8388608 bytes)
Oct  1 08:53:12 demo kernel: [    0.009729] Mount-cache hash table entries: 32768 (order: 6, 262144 bytes)
Oct  1 08:53:12 demo cloud-init[1296]: The key fingerprint is:
Oct  1 08:53:12 demo cloud-init[1296]: SHA256:rc/OlGCMDhytPocuRpdFyg8eEsf6Oz09dTGPwPorJAY root@demo
Oct  1 08:53:12 demo cloud-init[1296]: The key's randomart image is:
Oct  1 08:53:12 demo kernel: [    0.010069] Mountpoint-cache hash table entries: 32768 (order: 6, 262144 bytes)
Oct  1 08:53:12 demo cloud-init[1296]: +---[RSA 2048]----+
Oct  1 08:53:12 demo kernel: [    0.010757] Disabled fast string operations
Oct  1 08:53:12 demo kernel: [    0.011007] mce: CPU supports 8 MCE banks
Oct  1 08:53:12 demo kernel: [    0.011255] Last level iTLB entries: 4KB 512, 2MB 8, 4MB 8
Oct  1 08:53:12 demo cloud-init[1296]: |   .             |
Oct  1 08:53:12 demo kernel: [    0.011498] Last level dTLB entries: 4KB 512, 2MB 0, 4MB 0, 1GB 4
Oct  1 08:53:12 demo cloud-init[1296]: |  . o..          |
Oct  1 08:53:12 demo kernel: [    0.011776] Spectre V2 : Mitigation: Full generic retpoline
Oct  1 08:53:12 demo cloud-init[1296]: |   =.o.  .       |
Oct  1 08:53:12 demo kernel: [    0.012019] Spectre V2 : Spectre v2 / SpectreRSB mitigation: Filling RSB on context switch
Oct  1 08:53:12 demo cloud-init[1296]: |  o.Eo.o .o o    |
Oct  1 08:53:12 demo kernel: [    0.015809] Spectre V2 : Enabling Restricted Speculation for firmware calls
Oct  1 08:53:12 demo kernel: [    0.016014] Spectre V2 : mitigation: Enabling conditional Indirect Branch Prediction Barrier
Oct  1 08:53:12 demo cloud-init[1296]: |   ++B. S... =   |
Oct  1 08:53:12 demo cloud-init[1296]: |  ..=++.oo..o .  |
Oct  1 08:53:12 demo cloud-init[1296]: | . .++o+.oo.     |
Oct  1 08:53:12 demo kernel: [    0.016340] Speculative Store Bypass: Vulnerable
Oct  1 08:53:12 demo cloud-init[1296]: |  o.ooo +=.      |
Oct  1 08:53:12 demo kernel: [    0.016550] MDS: Vulnerable: Clear CPU buffers attempted, no microcode
Oct  1 08:53:12 demo kernel: [    0.016919] Freeing SMP alternatives memory: 36K
Oct  1 08:53:12 demo kernel: [    0.020178] TSC deadline timer enabled
Oct  1 08:53:12 demo kernel: [    0.020233] smpboot: CPU0: Intel(R) Xeon(R) CPU E5-2650 v2 @ 2.60GHz (family: 0x6, model: 0x3e, stepping: 0x4)
Oct  1 08:53:12 demo kernel: [    0.020843] Performance Events: IvyBridge events, core PMU driver.
Oct  1 08:53:12 demo cloud-init[1296]: | . ... . +*.     |
Oct  1 08:53:12 demo kernel: [    0.021138] core: CPUID marked event: 'cpu cycles' unavailable
Oct  1 08:53:12 demo kernel: [    0.021390] core: CPUID marked event: 'instructions' unavailable
Oct  1 08:53:12 demo cloud-init[1296]: +----[SHA256]-----+
Oct  1 08:53:12 demo cloud-init[1296]: Generating public/private dsa key pair.
Oct  1 08:53:12 demo kernel: [    0.021650] core: CPUID marked event: 'bus cycles' unavailable
Oct  1 08:53:12 demo kernel: [    0.021903] core: CPUID marked event: 'cache references' unavailable
Oct  1 08:53:12 demo cloud-init[1296]: Your identification has been saved in /etc/ssh/ssh_host_dsa_key.
Oct  1 08:53:12 demo cloud-init[1296]: Your public key has been saved in /etc/ssh/ssh_host_dsa_key.pub.
Oct  1 08:53:12 demo kernel: [    0.022176] core: CPUID marked event: 'cache misses' unavailable
Oct  1 08:53:12 demo cloud-init[1296]: The key fingerprint is:
Oct  1 08:53:12 demo cloud-init[1296]: SHA256:QcK1lircqY3jYK8HGOEGGYy+0tx58U9jwEivp3KsT8A root@demo
Oct  1 08:53:12 demo cloud-init[1296]: The key's randomart image is:
Oct  1 08:53:12 demo kernel: [    0.022436] core: CPUID marked event: 'branch instructions' unavailable
Oct  1 08:53:12 demo kernel: [    0.022721] core: CPUID marked event: 'branch misses' unavailable
Oct  1 08:53:12 demo kernel: [    0.022989] ... version:                1
Oct  1 08:53:12 demo cloud-init[1296]: +---[DSA 1024]----+
Oct  1 08:53:12 demo kernel: [    0.023165] ... bit width:              48
Oct  1 08:53:12 demo kernel: [    0.023346] ... generic registers:      4
Oct  1 08:53:12 demo kernel: [    0.023523] ... value mask:             0000ffffffffffff
Oct  1 08:53:12 demo cloud-init[1296]: |+o   ...o        |
Oct  1 08:53:12 demo kernel: [    0.023752] ... max period:             000000007fffffff
Oct  1 08:53:12 demo kernel: [    0.023980] ... fixed-purpose events:   0
Oct  1 08:53:12 demo kernel: [    0.024000] ... event mask:             000000000000000f
Oct  1 08:53:12 demo kernel: [    0.024095] Hierarchical SRCU implementation.
Oct  1 08:53:12 demo kernel: [    0.025050] NMI watchdog: Perf event create on CPU 0 failed with -2
Oct  1 08:53:12 demo kernel: [    0.025324] NMI watchdog: Perf NMI watchdog permanently disabled
Oct  1 08:53:12 demo cloud-init[1296]: |=.    oo o       |
Oct  1 08:53:12 demo kernel: [    0.025871] smp: Bringing up secondary CPUs ...
Oct  1 08:53:12 demo cloud-init[1296]: |+.   . +=        |
Oct  1 08:53:12 demo kernel: [    0.026284] x86: Booting SMP configuration:
Oct  1 08:53:12 demo cloud-init[1296]: |.+ o .o++.       |
Oct  1 08:53:12 demo kernel: [    0.026481] .... node  #0, CPUs:        #1
Oct  1 08:53:12 demo kernel: [    0.004000] Disabled fast string operations
Oct  1 08:53:12 demo kernel: [    0.004000] smpboot: CPU 1 Converting physical 2 to logical package 1
Oct  1 08:53:12 demo cloud-init[1296]: |.=..E.++S.       |
Oct  1 08:53:12 demo cloud-init[1296]: |o.+ o*o o +      |
Oct  1 08:53:12 demo kernel: [    0.027224]   #2
Oct  1 08:53:12 demo cloud-init[1296]: |. o.+ooo + .     |
Oct  1 08:53:12 demo kernel: [    0.004000] Disabled fast string operations
Oct  1 08:53:12 demo kernel: [    0.004000] smpboot: CPU 2 Converting physical 4 to logical package 2
Oct  1 08:53:12 demo cloud-init[1296]: | . +oo+   .      |
Oct  1 08:53:12 demo cloud-init[1296]: |  .o+=.          |
Oct  1 08:53:12 demo kernel: [    0.028663]   #3
Oct  1 08:53:12 demo kernel: [    0.004000] Disabled fast string operations
Oct  1 08:53:12 demo kernel: [    0.004000] smpboot: CPU 3 Converting physical 6 to logical package 3
Oct  1 08:53:12 demo cloud-init[1296]: +----[SHA256]-----+
Oct  1 08:53:12 demo cloud-init[1296]: Generating public/private ecdsa key pair.
Oct  1 08:53:12 demo kernel: [    0.029403]   #4
Oct  1 08:53:12 demo kernel: [    0.004000] Disabled fast string operations
Oct  1 08:53:12 demo cloud-init[1296]: Your identification has been saved in /etc/ssh/ssh_host_ecdsa_key.
Oct  1 08:53:12 demo kernel: [    0.004000] smpboot: CPU 4 Converting physical 8 to logical package 4
Oct  1 08:53:12 demo cloud-init[1296]: Your public key has been saved in /etc/ssh/ssh_host_ecdsa_key.pub.
Oct  1 08:53:12 demo kernel: [    0.029403]   #5
Oct  1 08:53:12 demo cloud-init[1296]: The key fingerprint is:
Oct  1 08:53:12 demo kernel: [    0.004000] Disabled fast string operations
Oct  1 08:53:12 demo kernel: [    0.004000] smpboot: CPU 5 Converting physical 10 to logical package 5
Oct  1 08:53:12 demo kernel: [    0.032913]   #6
Oct  1 08:53:12 demo cloud-init[1296]: SHA256:CB1dE2wmZ3LcNKU6RDD0D8xosH3X8k+M4YQMZtC34RI root@demo
Oct  1 08:53:12 demo kernel: [    0.004000] Disabled fast string operations
Oct  1 08:53:12 demo kernel: [    0.004000] smpboot: CPU 6 Converting physical 12 to logical package 6
Oct  1 08:53:12 demo kernel: [    0.033364]   #7
Oct  1 08:53:12 demo cloud-init[1296]: The key's randomart image is:
Oct  1 08:53:12 demo kernel: [    0.004000] Disabled fast string operations
Oct  1 08:53:12 demo cloud-init[1296]: +---[ECDSA 256]---+
Oct  1 08:53:12 demo kernel: [    0.004000] smpboot: CPU 7 Converting physical 14 to logical package 7
Oct  1 08:53:12 demo kernel: [    0.036775] .... node  #1, CPUs:    #8
Oct  1 08:53:12 demo kernel: [    0.004000] Disabled fast string operations
Oct  1 08:53:12 demo cloud-init[1296]: |      oo=BO+o..  |
Oct  1 08:53:12 demo kernel: [    0.004000] smpboot: CPU 8 Converting physical 16 to logical package 8
Oct  1 08:53:12 demo cloud-init[1296]: |     . =+XE++=   |
Oct  1 08:53:12 demo kernel: [    0.037460]   #9
Oct  1 08:53:12 demo cloud-init[1296]: |    . o +OB+*o+  |
Oct  1 08:53:12 demo kernel: [    0.004000] Disabled fast string operations
Oct  1 08:53:12 demo kernel: [    0.004000] smpboot: CPU 9 Converting physical 18 to logical package 9
Oct  1 08:53:12 demo kernel: [    0.037521]  #10
Oct  1 08:53:12 demo cloud-init[1296]: |     . o o.=o= + |
Oct  1 08:53:12 demo kernel: [    0.004000] Disabled fast string operations
Oct  1 08:53:12 demo cloud-init[1296]: |      . S o.. + o|
Oct  1 08:53:12 demo kernel: [    0.004000] smpboot: CPU 10 Converting physical 20 to logical package 10
Oct  1 08:53:12 demo cloud-init[1296]: |           .   o |
Oct  1 08:53:12 demo kernel: [    0.040674]  #11
Oct  1 08:53:12 demo cloud-init[1296]: |                .|
Oct  1 08:53:12 demo kernel: [    0.004000] Disabled fast string operations
Oct  1 08:53:12 demo kernel: [    0.004000] smpboot: CPU 11 Converting physical 22 to logical package 11
Oct  1 08:53:12 demo cloud-init[1296]: |                 |
Oct  1 08:53:12 demo kernel: [    0.041418]  #12
Oct  1 08:53:12 demo kernel: [    0.004000] Disabled fast string operations
Oct  1 08:53:12 demo cloud-init[1296]: |                 |
Oct  1 08:53:12 demo cloud-init[1296]: +----[SHA256]-----+
Oct  1 08:53:12 demo cloud-init[1296]: Generating public/private ed25519 key pair.
Oct  1 08:53:12 demo kernel: [    0.004000] smpboot: CPU 12 Converting physical 24 to logical package 12
Oct  1 08:53:12 demo kernel: [    0.044009]  #13
Oct  1 08:53:12 demo kernel: [    0.004000] Disabled fast string operations
Oct  1 08:53:12 demo cloud-init[1296]: Your identification has been saved in /etc/ssh/ssh_host_ed25519_key.
Oct  1 08:53:12 demo cloud-init[1296]: Your public key has been saved in /etc/ssh/ssh_host_ed25519_key.pub.
Oct  1 08:53:12 demo kernel: [    0.004000] smpboot: CPU 13 Converting physical 26 to logical package 13
Oct  1 08:53:12 demo kernel: [    0.045280]  #14
Oct  1 08:53:12 demo cloud-init[1296]: The key fingerprint is:
Oct  1 08:53:12 demo kernel: [    0.004000] Disabled fast string operations
Oct  1 08:53:12 demo kernel: [    0.004000] smpboot: CPU 14 Converting physical 28 to logical package 14
Oct  1 08:53:12 demo cloud-init[1296]: SHA256:XyyjzrJy8djMZUv6xR8NqMFlTvdMz+Tm0i22kOrCVNU root@demo
Oct  1 08:53:12 demo cloud-init[1296]: The key's randomart image is:
Oct  1 08:53:12 demo kernel: [    0.045454]  #15
Oct  1 08:53:12 demo kernel: [    0.004000] Disabled fast string operations
Oct  1 08:53:12 demo kernel: [    0.004000] smpboot: CPU 15 Converting physical 30 to logical package 15
Oct  1 08:53:12 demo cloud-init[1296]: +--[ED25519 256]--+
Oct  1 08:53:12 demo kernel: [    0.048274] smp: Brought up 2 nodes, 16 CPUs
Oct  1 08:53:12 demo kernel: [    0.048274] smpboot: Max logical packages: 16
Oct  1 08:53:12 demo cloud-init[1296]: |             .   |
Oct  1 08:53:12 demo cloud-init[1296]: |            . E  |
Oct  1 08:53:12 demo kernel: [    0.048332] smpboot: Total of 16 processors activated (83200.00 BogoMIPS)
Oct  1 08:53:12 demo cloud-init[1296]: |           .+ . o|
Oct  1 08:53:12 demo kernel: [    0.049741] devtmpfs: initialized
Oct  1 08:53:12 demo kernel: [    0.049741] x86/mm: Memory block size: 128MB
Oct  1 08:53:12 demo kernel: [    0.052645] evm: security.selinux
Oct  1 08:53:12 demo cloud-init[1296]: |         ..* o B.|
Oct  1 08:53:12 demo kernel: [    0.052724] evm: security.SMACK64
Oct  1 08:53:12 demo kernel: [    0.052779] evm: security.SMACK64EXEC
Oct  1 08:53:12 demo kernel: [    0.052838] evm: security.SMACK64TRANSMUTE
Oct  1 08:53:12 demo cloud-init[1296]: |        S.= = . B|
Oct  1 08:53:12 demo kernel: [    0.052902] evm: security.SMACK64MMAP
Oct  1 08:53:12 demo kernel: [    0.052961] evm: security.apparmor
Oct  1 08:53:12 demo cloud-init[1296]: |      . .o+B . *.|
Oct  1 08:53:12 demo kernel: [    0.053017] evm: security.ima
Oct  1 08:53:12 demo kernel: [    0.053068] evm: security.capability
Oct  1 08:53:12 demo kernel: [    0.053178] PM: Registering ACPI NVS region [mem 0xbfeff000-0xbfefffff] (4096 bytes)
Oct  1 08:53:12 demo kernel: [    0.053178] clocksource: jiffies: mask: 0xffffffff max_cycles: 0xffffffff, max_idle_ns: 7645041785100000 ns
Oct  1 08:53:12 demo cloud-init[1296]: |       X.=o.= = =|
Oct  1 08:53:12 demo cloud-init[1296]: |    . +oO .o + = |
Oct  1 08:53:12 demo kernel: [    0.053178] futex hash table entries: 4096 (order: 6, 262144 bytes)
Oct  1 08:53:12 demo kernel: [    0.053178] pinctrl core: initialized pinctrl subsystem
Oct  1 08:53:12 demo kernel: [    0.053178] RTC time:  8:52:54, date: 10/01/21
Oct  1 08:53:12 demo kernel: [    0.053178] NET: Registered protocol family 16
Oct  1 08:53:12 demo cloud-init[1296]: |     o.oo++   o  |
Oct  1 08:53:12 demo kernel: [    0.053281] audit: initializing netlink subsys (disabled)
Oct  1 08:53:12 demo cloud-init[1296]: +----[SHA256]-----+
Oct  1 08:53:12 demo kernel: [    0.053394] audit: type=2000 audit(1633078374.052:1): state=initialized audit_enabled=0 res=1
Oct  1 08:53:12 demo systemd[1]: Started Initial cloud-init job (metadata service crawler).
Oct  1 08:53:12 demo kernel: [    0.053394] cpuidle: using governor ladder
Oct  1 08:53:12 demo systemd[1]: Reached target System Initialization.
Oct  1 08:53:12 demo kernel: [    0.053394] cpuidle: using governor menu
Oct  1 08:53:12 demo systemd[1]: Started Discard unused blocks once a week.
Oct  1 08:53:12 demo kernel: [    0.053394] Simple Boot Flag at 0x36 set to 0x80
Oct  1 08:53:12 demo kernel: [    0.053394] ACPI: bus type PCI registered
Oct  1 08:53:12 demo kernel: [    0.053394] acpiphp: ACPI Hot Plug PCI Controller Driver version: 0.5
Oct  1 08:53:12 demo kernel: [    0.053394] PCI: MMCONFIG for domain 0000 [bus 00-7f] at [mem 0xf0000000-0xf7ffffff] (base 0xf0000000)
Oct  1 08:53:12 demo systemd[1]: Listening on UUID daemon activation socket.
Oct  1 08:53:12 demo systemd[1]: Started ACPI Events Check.
Oct  1 08:53:12 demo kernel: [    0.053394] PCI: MMCONFIG at [mem 0xf0000000-0xf7ffffff] reserved in E820
Oct  1 08:53:12 demo systemd[1]: Listening on ACPID Listen Socket.
Oct  1 08:53:12 demo kernel: [    0.056020] PCI: Using configuration type 1 for base access
Oct  1 08:53:12 demo kernel: [    0.056134] core: PMU erratum BJ122, BV98, HSD29 workaround disabled, HT off
Oct  1 08:53:12 demo kernel: [    0.057576] HugeTLB registered 2.00 MiB page size, pre-allocated 0 pages
Oct  1 08:53:12 demo systemd[1]: Starting Socket activation for snappy daemon.
Oct  1 08:53:12 demo kernel: [    0.057576] ACPI: Added _OSI(Module Device)
Oct  1 08:53:12 demo kernel: [    0.057576] ACPI: Added _OSI(Processor Device)
Oct  1 08:53:12 demo kernel: [    0.057576] ACPI: Added _OSI(3.0 _SCP Extensions)
Oct  1 08:53:12 demo kernel: [    0.057576] ACPI: Added _OSI(Processor Aggregator Device)
Oct  1 08:53:12 demo kernel: [    0.057576] ACPI: Added _OSI(Linux-Dell-Video)
Oct  1 08:53:12 demo kernel: [    0.057576] ACPI: Added _OSI(Linux-Lenovo-NV-HDMI-Audio)
Oct  1 08:53:12 demo kernel: [    0.057576] ACPI: Added _OSI(Linux-HPI-Hybrid-Graphics)
Oct  1 08:53:12 demo systemd[1]: Listening on Open-iSCSI iscsid Socket.
Oct  1 08:53:12 demo kernel: [    0.065452] ACPI: [Firmware Bug]: BIOS _OSI(Linux) query ignored
Oct  1 08:53:12 demo systemd[1]: Starting LXD - unix socket.
Oct  1 08:53:12 demo kernel: [    0.072714] ACPI: Interpreter enabled
Oct  1 08:53:12 demo systemd[1]: Listening on D-Bus System Message Bus Socket.
Oct  1 08:53:12 demo kernel: [    0.072789] ACPI: (supports S0 S1 S4 S5)
Oct  1 08:53:12 demo kernel: [    0.072849] ACPI: Using IOAPIC for interrupt routing
Oct  1 08:53:12 demo systemd[1]: Started Daily Cleanup of Temporary Directories.
Oct  1 08:53:12 demo kernel: [    0.072938] PCI: Using host bridge windows from ACPI; if necessary, use "pci=nocrs" and report a bug
Oct  1 08:53:12 demo systemd[1]: Reached target Paths.
Oct  1 08:53:12 demo kernel: [    0.073633] ACPI: Enabled 4 GPEs in block 00 to 0F
Oct  1 08:53:12 demo kernel: [    0.134755] ACPI: PCI Root Bridge [PCI0] (domain 0000 [bus 00-7f])
Oct  1 08:53:12 demo kernel: [    0.134856] acpi PNP0A03:00: _OSC: OS supports [ExtendedConfig ASPM ClockPM Segments MSI]
Oct  1 08:53:12 demo kernel: [    0.135193] acpi PNP0A03:00: _OSC: platform does not support [AER]
Oct  1 08:53:12 demo kernel: [    0.135513] acpi PNP0A03:00: _OSC: OS now controls [PCIeHotplug PME PCIeCapability]
Oct  1 08:53:12 demo systemd[1]: Started Message of the Day.
Oct  1 08:53:12 demo kernel: [    0.137533] PCI host bridge to bus 0000:00
Oct  1 08:53:12 demo kernel: [    0.137599] pci_bus 0000:00: root bus resource [mem 0x000a0000-0x000bffff window]
Oct  1 08:53:12 demo systemd[1]: Started Daily apt download activities.
Oct  1 08:53:12 demo kernel: [    0.137707] pci_bus 0000:00: root bus resource [mem 0x000d0000-0x000d3fff window]
Oct  1 08:53:12 demo kernel: [    0.137801] pci_bus 0000:00: root bus resource [mem 0x000d4000-0x000d7fff window]
Oct  1 08:53:12 demo systemd[1]: Started Daily apt upgrade and clean activities.
Oct  1 08:53:12 demo kernel: [    0.137909] pci_bus 0000:00: root bus resource [mem 0x000d8000-0x000dbfff window]
Oct  1 08:53:12 demo kernel: [    0.138020] pci_bus 0000:00: root bus resource [mem 0xc0000000-0xfebfffff window]
Oct  1 08:53:12 demo kernel: [    0.138121] pci_bus 0000:00: root bus resource [io  0x0000-0x0cf7 window]
Oct  1 08:53:12 demo systemd[1]: Reached target Timers.
Oct  1 08:53:12 demo systemd[1]: Reached target Network is Online.
Oct  1 08:53:12 demo kernel: [    0.138211] pci_bus 0000:00: root bus resource [io  0x0d00-0xfeff window]
Oct  1 08:53:12 demo systemd[1]: Starting Availability of block devices...
Oct  1 08:53:12 demo kernel: [    0.138312] pci_bus 0000:00: root bus resource [bus 00-7f]
Oct  1 08:53:12 demo kernel: [    0.138462] pci 0000:00:00.0: [8086:7190] type 00 class 0x060000
Oct  1 08:53:12 demo kernel: [    0.139099] pci 0000:00:01.0: [8086:7191] type 01 class 0x060400
Oct  1 08:53:12 demo kernel: [    0.139584] pci 0000:00:07.0: [8086:7110] type 00 class 0x060100
Oct  1 08:53:12 demo kernel: [    0.140224] pci 0000:00:07.1: [8086:7111] type 00 class 0x01018a
Oct  1 08:53:12 demo systemd[1]: Reached target Remote File Systems (Pre).
Oct  1 08:53:12 demo kernel: [    0.141596] pci 0000:00:07.1: reg 0x20: [io  0x1060-0x106f]
Oct  1 08:53:12 demo kernel: [    0.142169] pci 0000:00:07.1: legacy IDE quirk: reg 0x10: [io  0x01f0-0x01f7]
Oct  1 08:53:12 demo kernel: [    0.142272] pci 0000:00:07.1: legacy IDE quirk: reg 0x14: [io  0x03f6]
Oct  1 08:53:12 demo kernel: [    0.142362] pci 0000:00:07.1: legacy IDE quirk: reg 0x18: [io  0x0170-0x0177]
Oct  1 08:53:12 demo systemd[1]: Reached target Remote File Systems.
Oct  1 08:53:12 demo kernel: [    0.142459] pci 0000:00:07.1: legacy IDE quirk: reg 0x1c: [io  0x0376]
Oct  1 08:53:12 demo kernel: [    0.142809] pci 0000:00:07.3: [8086:7113] type 00 class 0x068000
Oct  1 08:53:12 demo kernel: [    0.144508] pci 0000:00:07.3: quirk: [io  0x1000-0x103f] claimed by PIIX4 ACPI
Oct  1 08:53:12 demo systemd[1]: Reached target Cloud-config availability.
Oct  1 08:53:12 demo systemd[1]: Listening on Socket activation for snappy daemon.
Oct  1 08:53:12 demo kernel: [    0.144623] pci 0000:00:07.3: quirk: [io  0x1040-0x104f] claimed by PIIX4 SMB
Oct  1 08:53:12 demo kernel: [    0.145033] pci 0000:00:07.7: [15ad:0740] type 00 class 0x088000
Oct  1 08:53:12 demo kernel: [    0.146163] pci 0000:00:07.7: reg 0x10: [io  0x1080-0x10bf]
Oct  1 08:53:12 demo systemd[1]: Listening on LXD - unix socket.
Oct  1 08:53:12 demo kernel: [    0.147242] pci 0000:00:07.7: reg 0x14: [mem 0xfebfe000-0xfebfffff 64bit]
Oct  1 08:53:12 demo kernel: [    0.151273] pci 0000:00:0f.0: [15ad:0405] type 00 class 0x030000
Oct  1 08:53:12 demo systemd[1]: Reached target Sockets.
Oct  1 08:53:12 demo systemd[1]: Reached target Basic System.
Oct  1 08:53:12 demo systemd[1]: Starting Dispatcher daemon for systemd-networkd...
Oct  1 08:53:12 demo systemd[1]: Starting Pollinate to seed the pseudo random number generator...
Oct  1 08:53:12 demo systemd[1]: Starting LXD - container startup/shutdown...
Oct  1 08:53:12 demo kernel: [    0.153429] pci 0000:00:0f.0: reg 0x10: [io  0x1070-0x107f]
Oct  1 08:53:12 demo systemd[1]: Starting LSB: automatic crash report generation...
Oct  1 08:53:12 demo kernel: [    0.156009] pci 0000:00:0f.0: reg 0x14: [mem 0xe8000000-0xefffffff pref]
Oct  1 08:53:12 demo kernel: [    0.158622] pci 0000:00:0f.0: reg 0x18: [mem 0xfe000000-0xfe7fffff]
Oct  1 08:53:12 demo kernel: [    0.166634] pci 0000:00:0f.0: reg 0x30: [mem 0x00000000-0x00007fff pref]
Oct  1 08:53:12 demo kernel: [    0.167056] pci 0000:00:10.0: [1000:0030] type 00 class 0x010000
Oct  1 08:53:12 demo systemd[1]: Started FUSE filesystem for LXC.
Oct  1 08:53:12 demo kernel: [    0.168009] pci 0000:00:10.0: reg 0x10: [io  0x1400-0x14ff]
Oct  1 08:53:12 demo kernel: [    0.169872] pci 0000:00:10.0: reg 0x14: [mem 0xfeba0000-0xfebbffff 64bit]
Oct  1 08:53:12 demo kernel: [    0.171683] pci 0000:00:10.0: reg 0x1c: [mem 0xfebc0000-0xfebdffff 64bit]
Oct  1 08:53:12 demo systemd[1]: Started Deferred execution scheduler.
Oct  1 08:53:12 demo systemd[1]: Started Regular background program processing daemon.
Oct  1 08:53:12 demo kernel: [    0.174421] pci 0000:00:10.0: reg 0x30: [mem 0x00000000-0x00003fff pref]
Oct  1 08:53:12 demo kernel: [    0.174789] pci 0000:00:11.0: [15ad:0790] type 01 class 0x060401
Oct  1 08:53:12 demo kernel: [    0.175470] pci 0000:00:15.0: [15ad:07a0] type 01 class 0x060400
Oct  1 08:53:12 demo systemd[1]: Starting Accounts Service...
Oct  1 08:53:12 demo kernel: [    0.176077] pci 0000:00:15.0: PME# supported from D0 D3hot D3cold
Oct  1 08:53:12 demo systemd[1]: Starting Thermal Daemon Service...
Oct  1 08:53:12 demo kernel: [    0.176390] pci 0000:00:15.1: [15ad:07a0] type 01 class 0x060400
Oct  1 08:53:12 demo systemd[1]: Started irqbalance daemon.
Oct  1 08:53:12 demo kernel: [    0.176994] pci 0000:00:15.1: PME# supported from D0 D3hot D3cold
Oct  1 08:53:12 demo kernel: [    0.177298] pci 0000:00:15.2: [15ad:07a0] type 01 class 0x060400
Oct  1 08:53:12 demo kernel: [    0.177903] pci 0000:00:15.2: PME# supported from D0 D3hot D3cold
Oct  1 08:53:12 demo systemd[1]: Starting System Logging Service...
Oct  1 08:53:12 demo systemd[1]: Starting Login Service...
Oct  1 08:53:12 demo kernel: [    0.178211] pci 0000:00:15.3: [15ad:07a0] type 01 class 0x060400
Oct  1 08:53:12 demo systemd[1]: Starting Permit User Sessions...
Oct  1 08:53:12 demo kernel: [    0.178819] pci 0000:00:15.3: PME# supported from D0 D3hot D3cold
Oct  1 08:53:12 demo kernel: [    0.179136] pci 0000:00:15.4: [15ad:07a0] type 01 class 0x060400
Oct  1 08:53:12 demo kernel: [    0.179780] pci 0000:00:15.4: PME# supported from D0 D3hot D3cold
Oct  1 08:53:12 demo kernel: [    0.180078] pci 0000:00:15.5: [15ad:07a0] type 01 class 0x060400
Oct  1 08:53:12 demo systemd[1]: Started D-Bus System Message Bus.
Oct  1 08:53:12 demo kernel: [    0.180717] pci 0000:00:15.5: PME# supported from D0 D3hot D3cold
Oct  1 08:53:12 demo kernel: [    0.181022] pci 0000:00:15.6: [15ad:07a0] type 01 class 0x060400
Oct  1 08:53:12 demo kernel: [    0.181624] pci 0000:00:15.6: PME# supported from D0 D3hot D3cold
Oct  1 08:53:12 demo lxcfs[1379]: mount namespace: 5
Oct  1 08:53:12 demo kernel: [    0.181940] pci 0000:00:15.7: [15ad:07a0] type 01 class 0x060400
Oct  1 08:53:12 demo kernel: [    0.182658] pci 0000:00:15.7: PME# supported from D0 D3hot D3cold
Oct  1 08:53:12 demo lxcfs[1379]: hierarchies:
Oct  1 08:53:12 demo kernel: [    0.182983] pci 0000:00:16.0: [15ad:07a0] type 01 class 0x060400
Oct  1 08:53:12 demo kernel: [    0.183549] pci 0000:00:16.0: PME# supported from D0 D3hot D3cold
Oct  1 08:53:12 demo kernel: [    0.183838] pci 0000:00:16.1: [15ad:07a0] type 01 class 0x060400
Oct  1 08:53:12 demo lxcfs[1379]:   0: fd:   6: devices
Oct  1 08:53:12 demo lxcfs[1379]:   1: fd:   7: blkio
Oct  1 08:53:12 demo kernel: [    0.184417] pci 0000:00:16.1: PME# supported from D0 D3hot D3cold
Oct  1 08:53:12 demo lxcfs[1379]:   2: fd:   8: cpuset
Oct  1 08:53:12 demo kernel: [    0.184717] pci 0000:00:16.2: [15ad:07a0] type 01 class 0x060400
Oct  1 08:53:12 demo kernel: [    0.185305] pci 0000:00:16.2: PME# supported from D0 D3hot D3cold
Oct  1 08:53:12 demo kernel: [    0.185635] pci 0000:00:16.3: [15ad:07a0] type 01 class 0x060400
Oct  1 08:53:12 demo kernel: [    0.186235] pci 0000:00:16.3: PME# supported from D0 D3hot D3cold
Oct  1 08:53:12 demo lxcfs[1379]:   3: fd:   9: cpu,cpuacct
Oct  1 08:53:12 demo kernel: [    0.186553] pci 0000:00:16.4: [15ad:07a0] type 01 class 0x060400
Oct  1 08:53:12 demo lxcfs[1379]:   4: fd:  10: freezer
Oct  1 08:53:12 demo kernel: [    0.187146] pci 0000:00:16.4: PME# supported from D0 D3hot D3cold
Oct  1 08:53:12 demo lxcfs[1379]:   5: fd:  11: pids
Oct  1 08:53:12 demo kernel: [    0.187459] pci 0000:00:16.5: [15ad:07a0] type 01 class 0x060400
Oct  1 08:53:12 demo kernel: [    0.188044] pci 0000:00:16.5: PME# supported from D0 D3hot D3cold
Oct  1 08:53:12 demo lxcfs[1379]:   6: fd:  12: perf_event
Oct  1 08:53:12 demo kernel: [    0.188334] pci 0000:00:16.6: [15ad:07a0] type 01 class 0x060400
Oct  1 08:53:12 demo kernel: [    0.188884] pci 0000:00:16.6: PME# supported from D0 D3hot D3cold
Oct  1 08:53:12 demo lxcfs[1379]:   7: fd:  13: net_cls,net_prio
Oct  1 08:53:12 demo kernel: [    0.189180] pci 0000:00:16.7: [15ad:07a0] type 01 class 0x060400
Oct  1 08:53:12 demo kernel: [    0.189781] pci 0000:00:16.7: PME# supported from D0 D3hot D3cold
Oct  1 08:53:12 demo kernel: [    0.190070] pci 0000:00:17.0: [15ad:07a0] type 01 class 0x060400
Oct  1 08:53:12 demo kernel: [    0.190665] pci 0000:00:17.0: PME# supported from D0 D3hot D3cold
Oct  1 08:53:12 demo lxcfs[1379]:   8: fd:  14: hugetlb
Oct  1 08:53:12 demo lxcfs[1379]:   9: fd:  15: rdma
Oct  1 08:53:12 demo kernel: [    0.190982] pci 0000:00:17.1: [15ad:07a0] type 01 class 0x060400
Oct  1 08:53:12 demo lxcfs[1379]:  10: fd:  16: memory
Oct  1 08:53:12 demo kernel: [    0.191514] pci 0000:00:17.1: PME# supported from D0 D3hot D3cold
Oct  1 08:53:12 demo kernel: [    0.191786] pci 0000:00:17.2: [15ad:07a0] type 01 class 0x060400
Oct  1 08:53:12 demo lxcfs[1379]:  11: fd:  17: name=systemd
Oct  1 08:53:12 demo lxcfs[1379]:  12: fd:  18: unified
Oct  1 08:53:12 demo cron[1418]: (CRON) INFO (pidfile fd = 3)
Oct  1 08:53:12 demo kernel: [    0.192343] pci 0000:00:17.2: PME# supported from D0 D3hot D3cold
Oct  1 08:53:12 demo kernel: [    0.192615] pci 0000:00:17.3: [15ad:07a0] type 01 class 0x060400
Oct  1 08:53:12 demo kernel: [    0.193181] pci 0000:00:17.3: PME# supported from D0 D3hot D3cold
Oct  1 08:53:12 demo cron[1418]: (CRON) INFO (Running @reboot jobs)
Oct  1 08:53:12 demo kernel: [    0.193455] pci 0000:00:17.4: [15ad:07a0] type 01 class 0x060400
Oct  1 08:53:12 demo kernel: [    0.194056] pci 0000:00:17.4: PME# supported from D0 D3hot D3cold
Oct  1 08:53:12 demo kernel: [    0.194450] pci 0000:00:17.5: [15ad:07a0] type 01 class 0x060400
Oct  1 08:53:12 demo kernel: [    0.195128] pci 0000:00:17.5: PME# supported from D0 D3hot D3cold
Oct  1 08:53:12 demo kernel: [    0.195401] pci 0000:00:17.6: [15ad:07a0] type 01 class 0x060400
Oct  1 08:53:12 demo kernel: [    0.195935] pci 0000:00:17.6: PME# supported from D0 D3hot D3cold
Oct  1 08:53:12 demo kernel: [    0.196218] pci 0000:00:17.7: [15ad:07a0] type 01 class 0x060400
Oct  1 08:53:12 demo kernel: [    0.196789] pci 0000:00:17.7: PME# supported from D0 D3hot D3cold
Oct  1 08:53:12 demo kernel: [    0.197089] pci 0000:00:18.0: [15ad:07a0] type 01 class 0x060400
Oct  1 08:53:12 demo dbus-daemon[1444]: dbus[1444]: Unknown group "power" in message bus configuration file
Oct  1 08:53:12 demo rsyslogd: imuxsock: Acquired UNIX socket '/run/systemd/journal/syslog' (fd 3) from systemd.  [v8.32.0]
Oct  1 08:53:12 demo kernel: [    0.197670] pci 0000:00:18.0: PME# supported from D0 D3hot D3cold
Oct  1 08:53:12 demo kernel: [    0.197965] pci 0000:00:18.1: [15ad:07a0] type 01 class 0x060400
Oct  1 08:53:12 demo kernel: [    0.198611] pci 0000:00:18.1: PME# supported from D0 D3hot D3cold
Oct  1 08:53:12 demo kernel: [    0.198934] pci 0000:00:18.2: [15ad:07a0] type 01 class 0x060400
Oct  1 08:53:12 demo kernel: [    0.199502] pci 0000:00:18.2: PME# supported from D0 D3hot D3cold
Oct  1 08:53:12 demo kernel: [    0.199790] pci 0000:00:18.3: [15ad:07a0] type 01 class 0x060400
Oct  1 08:53:12 demo kernel: [    0.200377] pci 0000:00:18.3: PME# supported from D0 D3hot D3cold
Oct  1 08:53:12 demo rsyslogd: rsyslogd's groupid changed to 106
Oct  1 08:53:12 demo kernel: [    0.200690] pci 0000:00:18.4: [15ad:07a0] type 01 class 0x060400
Oct  1 08:53:12 demo kernel: [    0.201355] pci 0000:00:18.4: PME# supported from D0 D3hot D3cold
Oct  1 08:53:12 demo kernel: [    0.201662] pci 0000:00:18.5: [15ad:07a0] type 01 class 0x060400
Oct  1 08:53:12 demo rsyslogd: rsyslogd's userid changed to 102
Oct  1 08:53:12 demo rsyslogd:  [origin software="rsyslogd" swVersion="8.32.0" x-pid="1432" x-info="http://www.rsyslog.com"] start
Oct  1 08:53:12 demo kernel: [    0.202245] pci 0000:00:18.5: PME# supported from D0 D3hot D3cold
Oct  1 08:53:12 demo kernel: [    0.202578] pci 0000:00:18.6: [15ad:07a0] type 01 class 0x060400
Oct  1 08:53:12 demo kernel: [    0.203189] pci 0000:00:18.6: PME# supported from D0 D3hot D3cold
Oct  1 08:53:12 demo kernel: [    0.203497] pci 0000:00:18.7: [15ad:07a0] type 01 class 0x060400
Oct  1 08:53:12 demo kernel: [    0.204069] pci 0000:00:18.7: PME# supported from D0 D3hot D3cold
Oct  1 08:53:12 demo kernel: [    0.204721] pci 0000:00:01.0: PCI bridge to [bus 01]
Oct  1 08:53:12 demo kernel: [    0.205236] acpiphp: Slot [32] registered
Oct  1 08:53:12 demo kernel: [    0.205369] acpiphp: Slot [33] registered
Oct  1 08:53:12 demo kernel: [    0.205507] acpiphp: Slot [34] registered
Oct  1 08:53:12 demo kernel: [    0.205641] acpiphp: Slot [35] registered
Oct  1 08:53:12 demo kernel: [    0.205755] acpiphp: Slot [36] registered
Oct  1 08:53:12 demo kernel: [    0.205861] acpiphp: Slot [37] registered
Oct  1 08:53:12 demo kernel: [    0.205960] acpiphp: Slot [38] registered
Oct  1 08:53:12 demo kernel: [    0.206051] acpiphp: Slot [39] registered
Oct  1 08:53:12 demo kernel: [    0.206142] acpiphp: Slot [40] registered
Oct  1 08:53:12 demo kernel: [    0.206237] acpiphp: Slot [41] registered
Oct  1 08:53:12 demo kernel: [    0.206339] acpiphp: Slot [42] registered
Oct  1 08:53:12 demo kernel: [    0.206443] acpiphp: Slot [43] registered
Oct  1 08:53:12 demo kernel: [    0.206573] acpiphp: Slot [44] registered
Oct  1 08:53:12 demo kernel: [    0.206677] acpiphp: Slot [45] registered
Oct  1 08:53:12 demo kernel: [    0.206800] acpiphp: Slot [46] registered
Oct  1 08:53:12 demo kernel: [    0.206908] acpiphp: Slot [47] registered
Oct  1 08:53:12 demo kernel: [    0.206997] acpiphp: Slot [48] registered
Oct  1 08:53:12 demo kernel: [    0.207085] acpiphp: Slot [49] registered
Oct  1 08:53:12 demo kernel: [    0.207173] acpiphp: Slot [50] registered
Oct  1 08:53:12 demo kernel: [    0.207261] acpiphp: Slot [51] registered
Oct  1 08:53:12 demo kernel: [    0.207349] acpiphp: Slot [52] registered
Oct  1 08:53:12 demo kernel: [    0.207441] acpiphp: Slot [53] registered
Oct  1 08:53:12 demo kernel: [    0.207530] acpiphp: Slot [54] registered
Oct  1 08:53:12 demo kernel: [    0.207618] acpiphp: Slot [55] registered
Oct  1 08:53:12 demo kernel: [    0.207706] acpiphp: Slot [56] registered
Oct  1 08:53:12 demo kernel: [    0.207794] acpiphp: Slot [57] registered
Oct  1 08:53:12 demo kernel: [    0.207882] acpiphp: Slot [58] registered
Oct  1 08:53:12 demo kernel: [    0.207974] acpiphp: Slot [59] registered
Oct  1 08:53:12 demo kernel: [    0.208041] acpiphp: Slot [60] registered
Oct  1 08:53:12 demo kernel: [    0.208146] acpiphp: Slot [61] registered
Oct  1 08:53:12 demo kernel: [    0.208504] acpiphp: Slot [62] registered
Oct  1 08:53:12 demo kernel: [    0.208594] acpiphp: Slot [63] registered
Oct  1 08:53:12 demo kernel: [    0.208731] pci 0000:02:01.0: [15ad:07e0] type 00 class 0x010601
Oct  1 08:53:12 demo kernel: [    0.213970] pci 0000:02:01.0: reg 0x24: [mem 0xfd5ff000-0xfd5fffff]
Oct  1 08:53:12 demo kernel: [    0.214765] pci 0000:02:01.0: reg 0x30: [mem 0x00000000-0x0000ffff pref]
Oct  1 08:53:12 demo kernel: [    0.215086] pci 0000:02:01.0: PME# supported from D3hot
Oct  1 08:53:12 demo kernel: [    0.215532] pci 0000:00:11.0: PCI bridge to [bus 02] (subtractive decode)
Oct  1 08:53:12 demo kernel: [    0.215643] pci 0000:00:11.0:   bridge window [io  0x2000-0x3fff]
Oct  1 08:53:12 demo kernel: [    0.215662] pci 0000:00:11.0:   bridge window [mem 0xfd500000-0xfdffffff]
Oct  1 08:53:12 demo kernel: [    0.215695] pci 0000:00:11.0:   bridge window [mem 0xe7b00000-0xe7ffffff 64bit pref]
Oct  1 08:53:12 demo kernel: [    0.215698] pci 0000:00:11.0:   bridge window [mem 0x000a0000-0x000bffff window] (subtractive decode)
Oct  1 08:53:12 demo kernel: [    0.215700] pci 0000:00:11.0:   bridge window [mem 0x000d0000-0x000d3fff window] (subtractive decode)
Oct  1 08:53:12 demo kernel: [    0.215703] pci 0000:00:11.0:   bridge window [mem 0x000d4000-0x000d7fff window] (subtractive decode)
Oct  1 08:53:12 demo kernel: [    0.215705] pci 0000:00:11.0:   bridge window [mem 0x000d8000-0x000dbfff window] (subtractive decode)
Oct  1 08:53:12 demo kernel: [    0.215707] pci 0000:00:11.0:   bridge window [mem 0xc0000000-0xfebfffff window] (subtractive decode)
Oct  1 08:53:12 demo kernel: [    0.215709] pci 0000:00:11.0:   bridge window [io  0x0000-0x0cf7 window] (subtractive decode)
Oct  1 08:53:12 demo kernel: [    0.215711] pci 0000:00:11.0:   bridge window [io  0x0d00-0xfeff window] (subtractive decode)
Oct  1 08:53:12 demo kernel: [    0.216042] pci 0000:03:00.0: [15ad:07b0] type 00 class 0x020000
Oct  1 08:53:12 demo kernel: [    0.218331] pci 0000:03:00.0: reg 0x10: [mem 0xfd4fc000-0xfd4fcfff]
Oct  1 08:53:12 demo kernel: [    0.220009] pci 0000:03:00.0: reg 0x14: [mem 0xfd4fd000-0xfd4fdfff]
Oct  1 08:53:12 demo kernel: [    0.222244] pci 0000:03:00.0: reg 0x18: [mem 0xfd4fe000-0xfd4fffff]
Oct  1 08:53:12 demo kernel: [    0.224009] pci 0000:03:00.0: reg 0x1c: [io  0x4000-0x400f]
Oct  1 08:53:12 demo kernel: [    0.231067] pci 0000:03:00.0: reg 0x30: [mem 0x00000000-0x0000ffff pref]
Oct  1 08:53:12 demo kernel: [    0.231539] pci 0000:03:00.0: supports D1 D2
Oct  1 08:53:12 demo kernel: [    0.231541] pci 0000:03:00.0: PME# supported from D0 D1 D2 D3hot D3cold
Oct  1 08:53:12 demo kernel: [    0.231766] pci 0000:03:00.0: disabling ASPM on pre-1.1 PCIe device.  You can enable it with 'pcie_aspm=force'
Oct  1 08:53:12 demo kernel: [    0.231946] pci 0000:00:15.0: PCI bridge to [bus 03]
Oct  1 08:53:12 demo kernel: [    0.232025] pci 0000:00:15.0:   bridge window [io  0x4000-0x4fff]
Oct  1 08:53:12 demo kernel: [    0.232043] pci 0000:00:15.0:   bridge window [mem 0xfd400000-0xfd4fffff]
Oct  1 08:53:12 demo kernel: [    0.232371] pci 0000:00:15.1: PCI bridge to [bus 04]
Oct  1 08:53:12 demo kernel: [    0.232464] pci 0000:00:15.1:   bridge window [io  0x8000-0x8fff]
Oct  1 08:53:12 demo kernel: [    0.232482] pci 0000:00:15.1:   bridge window [mem 0xfd000000-0xfd0fffff]
Oct  1 08:53:12 demo kernel: [    0.232516] pci 0000:00:15.1:   bridge window [mem 0xe7700000-0xe77fffff 64bit pref]
Oct  1 08:53:12 demo kernel: [    0.232788] pci 0000:00:15.2: PCI bridge to [bus 05]
Oct  1 08:53:12 demo kernel: [    0.232879] pci 0000:00:15.2:   bridge window [io  0xc000-0xcfff]
Oct  1 08:53:12 demo kernel: [    0.232898] pci 0000:00:15.2:   bridge window [mem 0xfcc00000-0xfccfffff]
Oct  1 08:53:12 demo kernel: [    0.232931] pci 0000:00:15.2:   bridge window [mem 0xe7300000-0xe73fffff 64bit pref]
Oct  1 08:53:12 demo kernel: [    0.233221] pci 0000:00:15.3: PCI bridge to [bus 06]
Oct  1 08:53:12 demo kernel: [    0.233364] pci 0000:00:15.3:   bridge window [mem 0xfc800000-0xfc8fffff]
Oct  1 08:53:12 demo kernel: [    0.233409] pci 0000:00:15.3:   bridge window [mem 0xe6f00000-0xe6ffffff 64bit pref]
Oct  1 08:53:12 demo kernel: [    0.233736] pci 0000:00:15.4: PCI bridge to [bus 07]
Oct  1 08:53:12 demo kernel: [    0.233844] pci 0000:00:15.4:   bridge window [mem 0xfc400000-0xfc4fffff]
Oct  1 08:53:12 demo kernel: [    0.233878] pci 0000:00:15.4:   bridge window [mem 0xe6b00000-0xe6bfffff 64bit pref]
Oct  1 08:53:12 demo kernel: [    0.234144] pci 0000:00:15.5: PCI bridge to [bus 08]
Oct  1 08:53:12 demo kernel: [    0.234251] pci 0000:00:15.5:   bridge window [mem 0xfc000000-0xfc0fffff]
Oct  1 08:53:12 demo kernel: [    0.234284] pci 0000:00:15.5:   bridge window [mem 0xe6700000-0xe67fffff 64bit pref]
Oct  1 08:53:12 demo kernel: [    0.234549] pci 0000:00:15.6: PCI bridge to [bus 09]
Oct  1 08:53:12 demo kernel: [    0.234657] pci 0000:00:15.6:   bridge window [mem 0xfbc00000-0xfbcfffff]
Oct  1 08:53:12 demo kernel: [    0.234690] pci 0000:00:15.6:   bridge window [mem 0xe6300000-0xe63fffff 64bit pref]
Oct  1 08:53:12 demo kernel: [    0.234969] pci 0000:00:15.7: PCI bridge to [bus 0a]
Oct  1 08:53:12 demo kernel: [    0.235075] pci 0000:00:15.7:   bridge window [mem 0xfb800000-0xfb8fffff]
Oct  1 08:53:12 demo kernel: [    0.235109] pci 0000:00:15.7:   bridge window [mem 0xe5f00000-0xe5ffffff 64bit pref]
Oct  1 08:53:12 demo kernel: [    0.235371] pci 0000:00:16.0: PCI bridge to [bus 0b]
Oct  1 08:53:12 demo kernel: [    0.235462] pci 0000:00:16.0:   bridge window [io  0x5000-0x5fff]
Oct  1 08:53:12 demo kernel: [    0.235480] pci 0000:00:16.0:   bridge window [mem 0xfd300000-0xfd3fffff]
Oct  1 08:53:12 demo kernel: [    0.235514] pci 0000:00:16.0:   bridge window [mem 0xe7a00000-0xe7afffff 64bit pref]
Oct  1 08:53:12 demo kernel: [    0.235779] pci 0000:00:16.1: PCI bridge to [bus 0c]
Oct  1 08:53:12 demo kernel: [    0.235870] pci 0000:00:16.1:   bridge window [io  0x9000-0x9fff]
Oct  1 08:53:12 demo kernel: [    0.235889] pci 0000:00:16.1:   bridge window [mem 0xfcf00000-0xfcffffff]
Oct  1 08:53:12 demo kernel: [    0.235922] pci 0000:00:16.1:   bridge window [mem 0xe7600000-0xe76fffff 64bit pref]
Oct  1 08:53:12 demo kernel: [    0.236189] pci 0000:00:16.2: PCI bridge to [bus 0d]
Oct  1 08:53:12 demo kernel: [    0.236280] pci 0000:00:16.2:   bridge window [io  0xd000-0xdfff]
Oct  1 08:53:12 demo kernel: [    0.236298] pci 0000:00:16.2:   bridge window [mem 0xfcb00000-0xfcbfffff]
Oct  1 08:53:12 demo kernel: [    0.236332] pci 0000:00:16.2:   bridge window [mem 0xe7200000-0xe72fffff 64bit pref]
Oct  1 08:53:12 demo kernel: [    0.236602] pci 0000:00:16.3: PCI bridge to [bus 0e]
Oct  1 08:53:12 demo kernel: [    0.236708] pci 0000:00:16.3:   bridge window [mem 0xfc700000-0xfc7fffff]
Oct  1 08:53:12 demo kernel: [    0.236742] pci 0000:00:16.3:   bridge window [mem 0xe6e00000-0xe6efffff 64bit pref]
Oct  1 08:53:12 demo kernel: [    0.236998] pci 0000:00:16.4: PCI bridge to [bus 0f]
Oct  1 08:53:12 demo kernel: [    0.237105] pci 0000:00:16.4:   bridge window [mem 0xfc300000-0xfc3fffff]
Oct  1 08:53:12 demo kernel: [    0.237139] pci 0000:00:16.4:   bridge window [mem 0xe6a00000-0xe6afffff 64bit pref]
Oct  1 08:53:12 demo kernel: [    0.237405] pci 0000:00:16.5: PCI bridge to [bus 10]
Oct  1 08:53:12 demo kernel: [    0.237511] pci 0000:00:16.5:   bridge window [mem 0xfbf00000-0xfbffffff]
Oct  1 08:53:12 demo kernel: [    0.237545] pci 0000:00:16.5:   bridge window [mem 0xe6600000-0xe66fffff 64bit pref]
Oct  1 08:53:12 demo kernel: [    0.237808] pci 0000:00:16.6: PCI bridge to [bus 11]
Oct  1 08:53:12 demo kernel: [    0.237915] pci 0000:00:16.6:   bridge window [mem 0xfbb00000-0xfbbfffff]
Oct  1 08:53:12 demo kernel: [    0.237949] pci 0000:00:16.6:   bridge window [mem 0xe6200000-0xe62fffff 64bit pref]
Oct  1 08:53:12 demo kernel: [    0.238217] pci 0000:00:16.7: PCI bridge to [bus 12]
Oct  1 08:53:12 demo kernel: [    0.238324] pci 0000:00:16.7:   bridge window [mem 0xfb700000-0xfb7fffff]
Oct  1 08:53:12 demo kernel: [    0.238357] pci 0000:00:16.7:   bridge window [mem 0xe5e00000-0xe5efffff 64bit pref]
Oct  1 08:53:12 demo kernel: [    0.238636] pci 0000:00:17.0: PCI bridge to [bus 13]
Oct  1 08:53:12 demo kernel: [    0.238748] pci 0000:00:17.0:   bridge window [io  0x6000-0x6fff]
Oct  1 08:53:12 demo kernel: [    0.238767] pci 0000:00:17.0:   bridge window [mem 0xfd200000-0xfd2fffff]
Oct  1 08:53:12 demo kernel: [    0.238800] pci 0000:00:17.0:   bridge window [mem 0xe7900000-0xe79fffff 64bit pref]
Oct  1 08:53:12 demo kernel: [    0.239071] pci 0000:00:17.1: PCI bridge to [bus 14]
Oct  1 08:53:12 demo kernel: [    0.239162] pci 0000:00:17.1:   bridge window [io  0xa000-0xafff]
Oct  1 08:53:12 demo kernel: [    0.239180] pci 0000:00:17.1:   bridge window [mem 0xfce00000-0xfcefffff]
Oct  1 08:53:12 demo kernel: [    0.239226] pci 0000:00:17.1:   bridge window [mem 0xe7500000-0xe75fffff 64bit pref]
Oct  1 08:53:12 demo kernel: [    0.239481] pci 0000:00:17.2: PCI bridge to [bus 15]
Oct  1 08:53:12 demo kernel: [    0.239584] pci 0000:00:17.2:   bridge window [io  0xe000-0xefff]
Oct  1 08:53:12 demo kernel: [    0.239602] pci 0000:00:17.2:   bridge window [mem 0xfca00000-0xfcafffff]
Oct  1 08:53:12 demo kernel: [    0.239636] pci 0000:00:17.2:   bridge window [mem 0xe7100000-0xe71fffff 64bit pref]
Oct  1 08:53:12 demo kernel: [    0.239920] pci 0000:00:17.3: PCI bridge to [bus 16]
Oct  1 08:53:12 demo kernel: [    0.240032] pci 0000:00:17.3:   bridge window [mem 0xfc600000-0xfc6fffff]
Oct  1 08:53:12 demo kernel: [    0.240065] pci 0000:00:17.3:   bridge window [mem 0xe6d00000-0xe6dfffff 64bit pref]
Oct  1 08:53:12 demo kernel: [    0.240343] pci 0000:00:17.4: PCI bridge to [bus 17]
Oct  1 08:53:12 demo kernel: [    0.240446] pci 0000:00:17.4:   bridge window [mem 0xfc200000-0xfc2fffff]
Oct  1 08:53:12 demo kernel: [    0.240478] pci 0000:00:17.4:   bridge window [mem 0xe6900000-0xe69fffff 64bit pref]
Oct  1 08:53:12 demo kernel: [    0.240730] pci 0000:00:17.5: PCI bridge to [bus 18]
Oct  1 08:53:12 demo kernel: [    0.240833] pci 0000:00:17.5:   bridge window [mem 0xfbe00000-0xfbefffff]
Oct  1 08:53:12 demo kernel: [    0.240866] pci 0000:00:17.5:   bridge window [mem 0xe6500000-0xe65fffff 64bit pref]
Oct  1 08:53:12 demo kernel: [    0.241129] pci 0000:00:17.6: PCI bridge to [bus 19]
Oct  1 08:53:12 demo kernel: [    0.241232] pci 0000:00:17.6:   bridge window [mem 0xfba00000-0xfbafffff]
Oct  1 08:53:12 demo kernel: [    0.241265] pci 0000:00:17.6:   bridge window [mem 0xe6100000-0xe61fffff 64bit pref]
Oct  1 08:53:12 demo kernel: [    0.241519] pci 0000:00:17.7: PCI bridge to [bus 1a]
Oct  1 08:53:12 demo kernel: [    0.241623] pci 0000:00:17.7:   bridge window [mem 0xfb600000-0xfb6fffff]
Oct  1 08:53:12 demo kernel: [    0.241656] pci 0000:00:17.7:   bridge window [mem 0xe5d00000-0xe5dfffff 64bit pref]
Oct  1 08:53:12 demo kernel: [    0.241912] pci 0000:00:18.0: PCI bridge to [bus 1b]
Oct  1 08:53:12 demo kernel: [    0.242001] pci 0000:00:18.0:   bridge window [io  0x7000-0x7fff]
Oct  1 08:53:12 demo kernel: [    0.242018] pci 0000:00:18.0:   bridge window [mem 0xfd100000-0xfd1fffff]
Oct  1 08:53:12 demo kernel: [    0.242051] pci 0000:00:18.0:   bridge window [mem 0xe7800000-0xe78fffff 64bit pref]
Oct  1 08:53:12 demo kernel: [    0.242302] pci 0000:00:18.1: PCI bridge to [bus 1c]
Oct  1 08:53:12 demo kernel: [    0.242389] pci 0000:00:18.1:   bridge window [io  0xb000-0xbfff]
Oct  1 08:53:12 demo kernel: [    0.242407] pci 0000:00:18.1:   bridge window [mem 0xfcd00000-0xfcdfffff]
Oct  1 08:53:12 demo kernel: [    0.242439] pci 0000:00:18.1:   bridge window [mem 0xe7400000-0xe74fffff 64bit pref]
Oct  1 08:53:12 demo kernel: [    0.242697] pci 0000:00:18.2: PCI bridge to [bus 1d]
Oct  1 08:53:12 demo kernel: [    0.242800] pci 0000:00:18.2:   bridge window [mem 0xfc900000-0xfc9fffff]
Oct  1 08:53:12 demo kernel: [    0.242833] pci 0000:00:18.2:   bridge window [mem 0xe7000000-0xe70fffff 64bit pref]
Oct  1 08:53:12 demo kernel: [    0.243113] pci 0000:00:18.3: PCI bridge to [bus 1e]
Oct  1 08:53:12 demo kernel: [    0.243231] pci 0000:00:18.3:   bridge window [mem 0xfc500000-0xfc5fffff]
Oct  1 08:53:12 demo kernel: [    0.243263] pci 0000:00:18.3:   bridge window [mem 0xe6c00000-0xe6cfffff 64bit pref]
Oct  1 08:53:12 demo kernel: [    0.243511] pci 0000:00:18.4: PCI bridge to [bus 1f]
Oct  1 08:53:12 demo kernel: [    0.243612] pci 0000:00:18.4:   bridge window [mem 0xfc100000-0xfc1fffff]
Oct  1 08:53:12 demo kernel: [    0.243643] pci 0000:00:18.4:   bridge window [mem 0xe6800000-0xe68fffff 64bit pref]
Oct  1 08:53:12 demo kernel: [    0.243906] pci 0000:00:18.5: PCI bridge to [bus 20]
Oct  1 08:53:12 demo kernel: [    0.244008] pci 0000:00:18.5:   bridge window [mem 0xfbd00000-0xfbdfffff]
Oct  1 08:53:12 demo kernel: [    0.244042] pci 0000:00:18.5:   bridge window [mem 0xe6400000-0xe64fffff 64bit pref]
Oct  1 08:53:12 demo kernel: [    0.244321] pci 0000:00:18.6: PCI bridge to [bus 21]
Oct  1 08:53:12 demo kernel: [    0.244422] pci 0000:00:18.6:   bridge window [mem 0xfb900000-0xfb9fffff]
Oct  1 08:53:12 demo kernel: [    0.244453] pci 0000:00:18.6:   bridge window [mem 0xe6000000-0xe60fffff 64bit pref]
Oct  1 08:53:12 demo kernel: [    0.244703] pci 0000:00:18.7: PCI bridge to [bus 22]
Oct  1 08:53:12 demo kernel: [    0.244803] pci 0000:00:18.7:   bridge window [mem 0xfb500000-0xfb5fffff]
Oct  1 08:53:12 demo kernel: [    0.244834] pci 0000:00:18.7:   bridge window [mem 0xe5c00000-0xe5cfffff 64bit pref]
Oct  1 08:53:12 demo kernel: [    0.246719] ACPI: PCI Interrupt Link [LNKA] (IRQs 3 4 5 6 7 *9 10 11 14 15)
Oct  1 08:53:12 demo kernel: [    0.246916] ACPI: PCI Interrupt Link [LNKB] (IRQs 3 4 5 6 7 9 10 *11 14 15)
Oct  1 08:53:12 demo kernel: [    0.247108] ACPI: PCI Interrupt Link [LNKC] (IRQs 3 4 5 6 *7 9 10 11 14 15)
Oct  1 08:53:12 demo kernel: [    0.247304] ACPI: PCI Interrupt Link [LNKD] (IRQs 3 4 5 6 7 9 *10 11 14 15)
Oct  1 08:53:12 demo kernel: [    0.258621] SCSI subsystem initialized
Oct  1 08:53:12 demo kernel: [    0.258827] libata version 3.00 loaded.
Oct  1 08:53:12 demo kernel: [    0.258827] pci 0000:00:0f.0: vgaarb: setting as boot VGA device
Oct  1 08:53:12 demo kernel: [    0.258827] pci 0000:00:0f.0: vgaarb: VGA device added: decodes=io+mem,owns=io+mem,locks=none
Oct  1 08:53:12 demo kernel: [    0.258827] pci 0000:00:0f.0: vgaarb: bridge control possible
Oct  1 08:53:12 demo kernel: [    0.258827] vgaarb: loaded
Oct  1 08:53:12 demo kernel: [    0.258827] ACPI: bus type USB registered
Oct  1 08:53:12 demo kernel: [    0.258827] usbcore: registered new interface driver usbfs
Oct  1 08:53:12 demo kernel: [    0.258827] usbcore: registered new interface driver hub
Oct  1 08:53:12 demo kernel: [    0.258827] usbcore: registered new device driver usb
Oct  1 08:53:12 demo kernel: [    0.260090] EDAC MC: Ver: 3.0.0
Oct  1 08:53:12 demo kernel: [    0.261145] PCI: Using ACPI for IRQ routing
Oct  1 08:53:12 demo kernel: [    0.283232] PCI: pci_cache_line_size set to 64 bytes
Oct  1 08:53:12 demo kernel: [    0.283876] e820: reserve RAM buffer [mem 0x0009f000-0x0009ffff]
Oct  1 08:53:12 demo kernel: [    0.283878] e820: reserve RAM buffer [mem 0xbfee0000-0xbfffffff]
Oct  1 08:53:12 demo kernel: [    0.283997] NetLabel: Initializing
Oct  1 08:53:12 demo kernel: [    0.284019] NetLabel:  domain hash size = 128
Oct  1 08:53:12 demo kernel: [    0.284082] NetLabel:  protocols = UNLABELED CIPSOv4 CALIPSO
Oct  1 08:53:12 demo kernel: [    0.284173] NetLabel:  unlabeled traffic allowed by default
Oct  1 08:53:12 demo kernel: [    0.284525] hpet0: at MMIO 0xfed00000, IRQs 2, 8, 0, 0, 0, 0, 0, 0, 0, 0, 0, 0, 0, 0, 0, 0
Oct  1 08:53:12 demo kernel: [    0.284632] hpet0: 16 comparators, 64-bit 14.318180 MHz counter
Oct  1 08:53:12 demo kernel: [    0.288627] clocksource: Switched to clocksource hpet
Oct  1 08:53:12 demo kernel: [    0.300363] VFS: Disk quotas dquot_6.6.0
Oct  1 08:53:12 demo kernel: [    0.300452] VFS: Dquot-cache hash table entries: 512 (order 0, 4096 bytes)
Oct  1 08:53:12 demo kernel: [    0.300675] AppArmor: AppArmor Filesystem Enabled
Oct  1 08:53:12 demo kernel: [    0.300766] pnp: PnP ACPI init
Oct  1 08:53:12 demo kernel: [    0.301033] system 00:00: [io  0x1000-0x103f] has been reserved
Oct  1 08:53:12 demo kernel: [    0.301115] system 00:00: [io  0x1040-0x104f] has been reserved
Oct  1 08:53:12 demo kernel: [    0.301194] system 00:00: [io  0x0cf0-0x0cf1] has been reserved
Oct  1 08:53:12 demo kernel: [    0.301277] system 00:00: Plug and Play ACPI device, IDs PNP0c02 (active)
Oct  1 08:53:12 demo kernel: [    0.301308] pnp 00:01: Plug and Play ACPI device, IDs PNP0b00 (active)
Oct  1 08:53:12 demo kernel: [    0.301334] pnp 00:02: Plug and Play ACPI device, IDs PNP0303 (active)
Oct  1 08:53:12 demo kernel: [    0.301360] pnp 00:03: Plug and Play ACPI device, IDs VMW0003 PNP0f13 (active)
Oct  1 08:53:12 demo kernel: [    0.301568] system 00:04: [mem 0xfed00000-0xfed003ff] has been reserved
Oct  1 08:53:12 demo kernel: [    0.301660] system 00:04: Plug and Play ACPI device, IDs PNP0103 PNP0c01 (active)
Oct  1 08:53:12 demo kernel: [    0.303935] system 00:05: [io  0xfce0-0xfcff] has been reserved
Oct  1 08:53:12 demo kernel: [    0.304034] system 00:05: [mem 0xf0000000-0xf7ffffff] has been reserved
Oct  1 08:53:12 demo kernel: [    0.304119] system 00:05: [mem 0xfe800000-0xfe9fffff] has been reserved
Oct  1 08:53:12 demo kernel: [    0.304205] system 00:05: Plug and Play ACPI device, IDs PNP0c02 (active)
Oct  1 08:53:12 demo kernel: [    0.309131] pnp: PnP ACPI: found 6 devices
Oct  1 08:53:12 demo kernel: [    0.317691] clocksource: acpi_pm: mask: 0xffffff max_cycles: 0xffffff, max_idle_ns: 2085701024 ns
Oct  1 08:53:12 demo kernel: [    0.317926] pci 0000:00:15.0: bridge window [mem 0x00100000-0x000fffff 64bit pref] to [bus 03] add_size 200000 add_align 100000
Oct  1 08:53:12 demo kernel: [    0.318061] pci 0000:00:15.3: bridge window [io  0x1000-0x0fff] to [bus 06] add_size 1000
Oct  1 08:53:12 demo kernel: [    0.318108] pci 0000:00:15.4: bridge window [io  0x1000-0x0fff] to [bus 07] add_size 1000
Oct  1 08:53:12 demo kernel: [    0.318154] pci 0000:00:15.5: bridge window [io  0x1000-0x0fff] to [bus 08] add_size 1000
Oct  1 08:53:12 demo kernel: [    0.318201] pci 0000:00:15.6: bridge window [io  0x1000-0x0fff] to [bus 09] add_size 1000
Oct  1 08:53:12 demo kernel: [    0.318247] pci 0000:00:15.7: bridge window [io  0x1000-0x0fff] to [bus 0a] add_size 1000
Oct  1 08:53:12 demo kernel: [    0.318437] pci 0000:00:16.3: bridge window [io  0x1000-0x0fff] to [bus 0e] add_size 1000
Oct  1 08:53:12 demo kernel: [    0.318486] pci 0000:00:16.4: bridge window [io  0x1000-0x0fff] to [bus 0f] add_size 1000
Oct  1 08:53:12 demo kernel: [    0.318534] pci 0000:00:16.5: bridge window [io  0x1000-0x0fff] to [bus 10] add_size 1000
Oct  1 08:53:12 demo kernel: [    0.318582] pci 0000:00:16.6: bridge window [io  0x1000-0x0fff] to [bus 11] add_size 1000
Oct  1 08:53:12 demo kernel: [    0.318630] pci 0000:00:16.7: bridge window [io  0x1000-0x0fff] to [bus 12] add_size 1000
Oct  1 08:53:12 demo kernel: [    0.318822] pci 0000:00:17.3: bridge window [io  0x1000-0x0fff] to [bus 16] add_size 1000
Oct  1 08:53:12 demo kernel: [    0.318869] pci 0000:00:17.4: bridge window [io  0x1000-0x0fff] to [bus 17] add_size 1000
Oct  1 08:53:12 demo kernel: [    0.318921] pci 0000:00:17.5: bridge window [io  0x1000-0x0fff] to [bus 18] add_size 1000
Oct  1 08:53:12 demo kernel: [    0.318968] pci 0000:00:17.6: bridge window [io  0x1000-0x0fff] to [bus 19] add_size 1000
Oct  1 08:53:12 demo kernel: [    0.319014] pci 0000:00:17.7: bridge window [io  0x1000-0x0fff] to [bus 1a] add_size 1000
Oct  1 08:53:12 demo kernel: [    0.319148] pci 0000:00:18.2: bridge window [io  0x1000-0x0fff] to [bus 1d] add_size 1000
Oct  1 08:53:12 demo kernel: [    0.319194] pci 0000:00:18.3: bridge window [io  0x1000-0x0fff] to [bus 1e] add_size 1000
Oct  1 08:53:12 demo kernel: [    0.319241] pci 0000:00:18.4: bridge window [io  0x1000-0x0fff] to [bus 1f] add_size 1000
Oct  1 08:53:12 demo kernel: [    0.319287] pci 0000:00:18.5: bridge window [io  0x1000-0x0fff] to [bus 20] add_size 1000
Oct  1 08:53:12 demo kernel: [    0.319333] pci 0000:00:18.6: bridge window [io  0x1000-0x0fff] to [bus 21] add_size 1000
Oct  1 08:53:12 demo kernel: [    0.319379] pci 0000:00:18.7: bridge window [io  0x1000-0x0fff] to [bus 22] add_size 1000
Oct  1 08:53:12 demo kernel: [    0.319399] pci 0000:00:15.0: BAR 15: assigned [mem 0xc0000000-0xc01fffff 64bit pref]
Oct  1 08:53:12 demo kernel: [    0.319503] pci 0000:00:0f.0: BAR 6: assigned [mem 0xc0200000-0xc0207fff pref]
Oct  1 08:53:12 demo kernel: [    0.319600] pci 0000:00:10.0: BAR 6: assigned [mem 0xc0208000-0xc020bfff pref]
Oct  1 08:53:12 demo kernel: [    0.319697] pci 0000:00:15.3: BAR 13: no space for [io  size 0x1000]
Oct  1 08:53:12 demo kernel: [    0.319779] pci 0000:00:15.3: BAR 13: failed to assign [io  size 0x1000]
Oct  1 08:53:12 demo kernel: [    0.319866] pci 0000:00:15.4: BAR 13: no space for [io  size 0x1000]
Oct  1 08:53:12 demo kernel: [    0.319948] pci 0000:00:15.4: BAR 13: failed to assign [io  size 0x1000]
Oct  1 08:53:12 demo kernel: [    0.320050] pci 0000:00:15.5: BAR 13: no space for [io  size 0x1000]
Oct  1 08:53:12 demo kernel: [    0.320133] pci 0000:00:15.5: BAR 13: failed to assign [io  size 0x1000]
Oct  1 08:53:12 demo kernel: [    0.320220] pci 0000:00:15.6: BAR 13: no space for [io  size 0x1000]
Oct  1 08:53:12 demo kernel: [    0.320302] pci 0000:00:15.6: BAR 13: failed to assign [io  size 0x1000]
Oct  1 08:53:12 demo kernel: [    0.320389] pci 0000:00:15.7: BAR 13: no space for [io  size 0x1000]
Oct  1 08:53:12 demo kernel: [    0.320471] pci 0000:00:15.7: BAR 13: failed to assign [io  size 0x1000]
Oct  1 08:53:12 demo kernel: [    0.320558] pci 0000:00:16.3: BAR 13: no space for [io  size 0x1000]
Oct  1 08:53:12 demo kernel: [    0.320640] pci 0000:00:16.3: BAR 13: failed to assign [io  size 0x1000]
Oct  1 08:53:12 demo kernel: [    0.320726] pci 0000:00:16.4: BAR 13: no space for [io  size 0x1000]
Oct  1 08:53:12 demo kernel: [    0.320809] pci 0000:00:16.4: BAR 13: failed to assign [io  size 0x1000]
Oct  1 08:53:12 demo kernel: [    0.320895] pci 0000:00:16.5: BAR 13: no space for [io  size 0x1000]
Oct  1 08:53:12 demo kernel: [    0.320977] pci 0000:00:16.5: BAR 13: failed to assign [io  size 0x1000]
Oct  1 08:53:12 demo kernel: [    0.321063] pci 0000:00:16.6: BAR 13: no space for [io  size 0x1000]
Oct  1 08:53:12 demo kernel: [    0.321146] pci 0000:00:16.6: BAR 13: failed to assign [io  size 0x1000]
Oct  1 08:53:12 demo kernel: [    0.321232] pci 0000:00:16.7: BAR 13: no space for [io  size 0x1000]
Oct  1 08:53:12 demo kernel: [    0.321314] pci 0000:00:16.7: BAR 13: failed to assign [io  size 0x1000]
Oct  1 08:53:12 demo kernel: [    0.321401] pci 0000:00:17.3: BAR 13: no space for [io  size 0x1000]
Oct  1 08:53:12 demo kernel: [    0.321486] pci 0000:00:17.3: BAR 13: failed to assign [io  size 0x1000]
Oct  1 08:53:12 demo kernel: [    0.321573] pci 0000:00:17.4: BAR 13: no space for [io  size 0x1000]
Oct  1 08:53:12 demo kernel: [    0.321655] pci 0000:00:17.4: BAR 13: failed to assign [io  size 0x1000]
Oct  1 08:53:12 demo kernel: [    0.321742] pci 0000:00:17.5: BAR 13: no space for [io  size 0x1000]
Oct  1 08:53:12 demo kernel: [    0.321825] pci 0000:00:17.5: BAR 13: failed to assign [io  size 0x1000]
Oct  1 08:53:12 demo kernel: [    0.321911] pci 0000:00:17.6: BAR 13: no space for [io  size 0x1000]
Oct  1 08:53:12 demo kernel: [    0.321994] pci 0000:00:17.6: BAR 13: failed to assign [io  size 0x1000]
Oct  1 08:53:12 demo kernel: [    0.322080] pci 0000:00:17.7: BAR 13: no space for [io  size 0x1000]
Oct  1 08:53:12 demo kernel: [    0.322162] pci 0000:00:17.7: BAR 13: failed to assign [io  size 0x1000]
Oct  1 08:53:12 demo kernel: [    0.322249] pci 0000:00:18.2: BAR 13: no space for [io  size 0x1000]
Oct  1 08:53:12 demo kernel: [    0.322331] pci 0000:00:18.2: BAR 13: failed to assign [io  size 0x1000]
Oct  1 08:53:12 demo kernel: [    0.322417] pci 0000:00:18.3: BAR 13: no space for [io  size 0x1000]
Oct  1 08:53:12 demo kernel: [    0.322499] pci 0000:00:18.3: BAR 13: failed to assign [io  size 0x1000]
Oct  1 08:53:12 demo kernel: [    0.322586] pci 0000:00:18.4: BAR 13: no space for [io  size 0x1000]
Oct  1 08:53:12 demo kernel: [    0.322668] pci 0000:00:18.4: BAR 13: failed to assign [io  size 0x1000]
Oct  1 08:53:12 demo kernel: [    0.322754] pci 0000:00:18.5: BAR 13: no space for [io  size 0x1000]
Oct  1 08:53:12 demo kernel: [    0.322837] pci 0000:00:18.5: BAR 13: failed to assign [io  size 0x1000]
Oct  1 08:53:12 demo kernel: [    0.322923] pci 0000:00:18.6: BAR 13: no space for [io  size 0x1000]
Oct  1 08:53:12 demo kernel: [    0.323005] pci 0000:00:18.6: BAR 13: failed to assign [io  size 0x1000]
Oct  1 08:53:12 demo kernel: [    0.323092] pci 0000:00:18.7: BAR 13: no space for [io  size 0x1000]
Oct  1 08:53:12 demo kernel: [    0.323174] pci 0000:00:18.7: BAR 13: failed to assign [io  size 0x1000]
Oct  1 08:53:12 demo kernel: [    0.323263] pci 0000:00:18.7: BAR 13: no space for [io  size 0x1000]
Oct  1 08:53:12 demo kernel: [    0.323346] pci 0000:00:18.7: BAR 13: failed to assign [io  size 0x1000]
Oct  1 08:53:12 demo kernel: [    0.323432] pci 0000:00:18.6: BAR 13: no space for [io  size 0x1000]
Oct  1 08:53:12 demo kernel: [    0.323514] pci 0000:00:18.6: BAR 13: failed to assign [io  size 0x1000]
Oct  1 08:53:12 demo kernel: [    0.323601] pci 0000:00:18.5: BAR 13: no space for [io  size 0x1000]
Oct  1 08:53:12 demo kernel: [    0.323683] pci 0000:00:18.5: BAR 13: failed to assign [io  size 0x1000]
Oct  1 08:53:12 demo kernel: [    0.323770] pci 0000:00:18.4: BAR 13: no space for [io  size 0x1000]
Oct  1 08:53:12 demo kernel: [    0.323852] pci 0000:00:18.4: BAR 13: failed to assign [io  size 0x1000]
Oct  1 08:53:12 demo kernel: [    0.323939] pci 0000:00:18.3: BAR 13: no space for [io  size 0x1000]
Oct  1 08:53:12 demo kernel: [    0.324035] pci 0000:00:18.3: BAR 13: failed to assign [io  size 0x1000]
Oct  1 08:53:12 demo kernel: [    0.324122] pci 0000:00:18.2: BAR 13: no space for [io  size 0x1000]
Oct  1 08:53:12 demo kernel: [    0.324204] pci 0000:00:18.2: BAR 13: failed to assign [io  size 0x1000]
Oct  1 08:53:12 demo kernel: [    0.324291] pci 0000:00:17.7: BAR 13: no space for [io  size 0x1000]
Oct  1 08:53:12 demo kernel: [    0.324373] pci 0000:00:17.7: BAR 13: failed to assign [io  size 0x1000]
Oct  1 08:53:12 demo kernel: [    0.324464] pci 0000:00:17.6: BAR 13: no space for [io  size 0x1000]
Oct  1 08:53:12 demo kernel: [    0.324546] pci 0000:00:17.6: BAR 13: failed to assign [io  size 0x1000]
Oct  1 08:53:12 demo kernel: [    0.324633] pci 0000:00:17.5: BAR 13: no space for [io  size 0x1000]
Oct  1 08:53:12 demo kernel: [    0.324716] pci 0000:00:17.5: BAR 13: failed to assign [io  size 0x1000]
Oct  1 08:53:12 demo kernel: [    0.324803] pci 0000:00:17.4: BAR 13: no space for [io  size 0x1000]
Oct  1 08:53:12 demo kernel: [    0.324885] pci 0000:00:17.4: BAR 13: failed to assign [io  size 0x1000]
Oct  1 08:53:12 demo kernel: [    0.324971] pci 0000:00:17.3: BAR 13: no space for [io  size 0x1000]
Oct  1 08:53:12 demo kernel: [    0.325054] pci 0000:00:17.3: BAR 13: failed to assign [io  size 0x1000]
Oct  1 08:53:12 demo kernel: [    0.325140] pci 0000:00:16.7: BAR 13: no space for [io  size 0x1000]
Oct  1 08:53:12 demo kernel: [    0.325222] pci 0000:00:16.7: BAR 13: failed to assign [io  size 0x1000]
Oct  1 08:53:12 demo kernel: [    0.325309] pci 0000:00:16.6: BAR 13: no space for [io  size 0x1000]
Oct  1 08:53:12 demo kernel: [    0.325391] pci 0000:00:16.6: BAR 13: failed to assign [io  size 0x1000]
Oct  1 08:53:12 demo kernel: [    0.325478] pci 0000:00:16.5: BAR 13: no space for [io  size 0x1000]
Oct  1 08:53:12 demo kernel: [    0.325560] pci 0000:00:16.5: BAR 13: failed to assign [io  size 0x1000]
Oct  1 08:53:12 demo kernel: [    0.325646] pci 0000:00:16.4: BAR 13: no space for [io  size 0x1000]
Oct  1 08:53:12 demo kernel: [    0.325728] pci 0000:00:16.4: BAR 13: failed to assign [io  size 0x1000]
Oct  1 08:53:12 demo kernel: [    0.325815] pci 0000:00:16.3: BAR 13: no space for [io  size 0x1000]
Oct  1 08:53:12 demo kernel: [    0.325897] pci 0000:00:16.3: BAR 13: failed to assign [io  size 0x1000]
Oct  1 08:53:12 demo kernel: [    0.325984] pci 0000:00:15.7: BAR 13: no space for [io  size 0x1000]
Oct  1 08:53:12 demo kernel: [    0.326066] pci 0000:00:15.7: BAR 13: failed to assign [io  size 0x1000]
Oct  1 08:53:12 demo kernel: [    0.326152] pci 0000:00:15.6: BAR 13: no space for [io  size 0x1000]
Oct  1 08:53:12 demo kernel: [    0.326235] pci 0000:00:15.6: BAR 13: failed to assign [io  size 0x1000]
Oct  1 08:53:12 demo kernel: [    0.326321] pci 0000:00:15.5: BAR 13: no space for [io  size 0x1000]
Oct  1 08:53:12 demo kernel: [    0.326403] pci 0000:00:15.5: BAR 13: failed to assign [io  size 0x1000]
Oct  1 08:53:12 demo kernel: [    0.326490] pci 0000:00:15.4: BAR 13: no space for [io  size 0x1000]
Oct  1 08:53:12 demo kernel: [    0.326572] pci 0000:00:15.4: BAR 13: failed to assign [io  size 0x1000]
Oct  1 08:53:12 demo kernel: [    0.326658] pci 0000:00:15.3: BAR 13: no space for [io  size 0x1000]
Oct  1 08:53:12 demo kernel: [    0.326741] pci 0000:00:15.3: BAR 13: failed to assign [io  size 0x1000]
Oct  1 08:53:12 demo kernel: [    0.326827] pci 0000:00:01.0: PCI bridge to [bus 01]
Oct  1 08:53:12 demo kernel: [    0.326967] pci 0000:02:01.0: BAR 6: assigned [mem 0xfd500000-0xfd50ffff pref]
Oct  1 08:53:12 demo kernel: [    0.327063] pci 0000:00:11.0: PCI bridge to [bus 02]
Oct  1 08:53:12 demo kernel: [    0.327141] pci 0000:00:11.0:   bridge window [io  0x2000-0x3fff]
Oct  1 08:53:12 demo kernel: [    0.327244] pci 0000:00:11.0:   bridge window [mem 0xfd500000-0xfdffffff]
Oct  1 08:53:12 demo kernel: [    0.327345] pci 0000:00:11.0:   bridge window [mem 0xe7b00000-0xe7ffffff 64bit pref]
Oct  1 08:53:12 demo kernel: [    0.327477] pci 0000:03:00.0: BAR 6: assigned [mem 0xfd400000-0xfd40ffff pref]
Oct  1 08:53:12 demo kernel: [    0.327572] pci 0000:00:15.0: PCI bridge to [bus 03]
Oct  1 08:53:12 demo kernel: [    0.327649] pci 0000:00:15.0:   bridge window [io  0x4000-0x4fff]
Oct  1 08:53:12 demo kernel: [    0.327752] pci 0000:00:15.0:   bridge window [mem 0xfd400000-0xfd4fffff]
Oct  1 08:53:12 demo kernel: [    0.327854] pci 0000:00:15.0:   bridge window [mem 0xc0000000-0xc01fffff 64bit pref]
Oct  1 08:53:12 demo kernel: [    0.328285] pci 0000:00:15.1: PCI bridge to [bus 04]
Oct  1 08:53:12 demo kernel: [    0.328370] pci 0000:00:15.1:   bridge window [io  0x8000-0x8fff]
Oct  1 08:53:12 demo kernel: [    0.328491] pci 0000:00:15.1:   bridge window [mem 0xfd000000-0xfd0fffff]
Oct  1 08:53:12 demo kernel: [    0.328619] pci 0000:00:15.1:   bridge window [mem 0xe7700000-0xe77fffff 64bit pref]
Oct  1 08:53:12 demo kernel: [    0.328754] pci 0000:00:15.2: PCI bridge to [bus 05]
Oct  1 08:53:12 demo kernel: [    0.328842] pci 0000:00:15.2:   bridge window [io  0xc000-0xcfff]
Oct  1 08:53:12 demo kernel: [    0.328945] pci 0000:00:15.2:   bridge window [mem 0xfcc00000-0xfccfffff]
Oct  1 08:53:12 demo kernel: [    0.329047] pci 0000:00:15.2:   bridge window [mem 0xe7300000-0xe73fffff 64bit pref]
Oct  1 08:53:12 demo kernel: [    0.329196] pci 0000:00:15.3: PCI bridge to [bus 06]
Oct  1 08:53:12 demo kernel: [    0.329287] pci 0000:00:15.3:   bridge window [mem 0xfc800000-0xfc8fffff]
Oct  1 08:53:12 demo kernel: [    0.329386] pci 0000:00:15.3:   bridge window [mem 0xe6f00000-0xe6ffffff 64bit pref]
Oct  1 08:53:12 demo kernel: [    0.329520] pci 0000:00:15.4: PCI bridge to [bus 07]
Oct  1 08:53:12 demo kernel: [    0.329610] pci 0000:00:15.4:   bridge window [mem 0xfc400000-0xfc4fffff]
Oct  1 08:53:12 demo kernel: [    0.329709] pci 0000:00:15.4:   bridge window [mem 0xe6b00000-0xe6bfffff 64bit pref]
Oct  1 08:53:12 demo kernel: [    0.329842] pci 0000:00:15.5: PCI bridge to [bus 08]
Oct  1 08:53:12 demo kernel: [    0.329932] pci 0000:00:15.5:   bridge window [mem 0xfc000000-0xfc0fffff]
Oct  1 08:53:12 demo kernel: [    0.330031] pci 0000:00:15.5:   bridge window [mem 0xe6700000-0xe67fffff 64bit pref]
Oct  1 08:53:12 demo kernel: [    0.330163] pci 0000:00:15.6: PCI bridge to [bus 09]
Oct  1 08:53:12 demo kernel: [    0.330253] pci 0000:00:15.6:   bridge window [mem 0xfbc00000-0xfbcfffff]
Oct  1 08:53:12 demo kernel: [    0.330352] pci 0000:00:15.6:   bridge window [mem 0xe6300000-0xe63fffff 64bit pref]
Oct  1 08:53:12 demo kernel: [    0.330485] pci 0000:00:15.7: PCI bridge to [bus 0a]
Oct  1 08:53:12 demo kernel: [    0.330576] pci 0000:00:15.7:   bridge window [mem 0xfb800000-0xfb8fffff]
Oct  1 08:53:12 demo kernel: [    0.330675] pci 0000:00:15.7:   bridge window [mem 0xe5f00000-0xe5ffffff 64bit pref]
Oct  1 08:53:12 demo kernel: [    0.330808] pci 0000:00:16.0: PCI bridge to [bus 0b]
Oct  1 08:53:12 demo kernel: [    0.330897] pci 0000:00:16.0:   bridge window [io  0x5000-0x5fff]
Oct  1 08:53:12 demo kernel: [    0.331026] pci 0000:00:16.0:   bridge window [mem 0xfd300000-0xfd3fffff]
Oct  1 08:53:12 demo kernel: [    0.331157] pci 0000:00:16.0:   bridge window [mem 0xe7a00000-0xe7afffff 64bit pref]
Oct  1 08:53:12 demo kernel: [    0.331383] pci 0000:00:16.1: PCI bridge to [bus 0c]
Oct  1 08:53:12 demo kernel: [    0.331468] pci 0000:00:16.1:   bridge window [io  0x9000-0x9fff]
Oct  1 08:53:12 demo kernel: [    0.331578] pci 0000:00:16.1:   bridge window [mem 0xfcf00000-0xfcffffff]
Oct  1 08:53:12 demo kernel: [    0.331699] pci 0000:00:16.1:   bridge window [mem 0xe7600000-0xe76fffff 64bit pref]
Oct  1 08:53:12 demo kernel: [    0.331851] pci 0000:00:16.2: PCI bridge to [bus 0d]
Oct  1 08:53:12 demo kernel: [    0.331929] pci 0000:00:16.2:   bridge window [io  0xd000-0xdfff]
Oct  1 08:53:12 demo kernel: [    0.332047] pci 0000:00:16.2:   bridge window [mem 0xfcb00000-0xfcbfffff]
Oct  1 08:53:12 demo kernel: [    0.332150] pci 0000:00:16.2:   bridge window [mem 0xe7200000-0xe72fffff 64bit pref]
Oct  1 08:53:12 demo kernel: [    0.332287] pci 0000:00:16.3: PCI bridge to [bus 0e]
Oct  1 08:53:12 demo kernel: [    0.332380] pci 0000:00:16.3:   bridge window [mem 0xfc700000-0xfc7fffff]
Oct  1 08:53:12 demo kernel: [    0.332483] pci 0000:00:16.3:   bridge window [mem 0xe6e00000-0xe6efffff 64bit pref]
Oct  1 08:53:12 demo kernel: [    0.332620] pci 0000:00:16.4: PCI bridge to [bus 0f]
Oct  1 08:53:12 demo kernel: [    0.332713] pci 0000:00:16.4:   bridge window [mem 0xfc300000-0xfc3fffff]
Oct  1 08:53:12 demo kernel: [    0.332816] pci 0000:00:16.4:   bridge window [mem 0xe6a00000-0xe6afffff 64bit pref]
Oct  1 08:53:12 demo kernel: [    0.332970] pci 0000:00:16.5: PCI bridge to [bus 10]
Oct  1 08:53:12 demo kernel: [    0.333066] pci 0000:00:16.5:   bridge window [mem 0xfbf00000-0xfbffffff]
Oct  1 08:53:12 demo kernel: [    0.333185] pci 0000:00:16.5:   bridge window [mem 0xe6600000-0xe66fffff 64bit pref]
Oct  1 08:53:12 demo kernel: [    0.333322] pci 0000:00:16.6: PCI bridge to [bus 11]
Oct  1 08:53:12 demo kernel: [    0.333414] pci 0000:00:16.6:   bridge window [mem 0xfbb00000-0xfbbfffff]
Oct  1 08:53:12 demo kernel: [    0.333517] pci 0000:00:16.6:   bridge window [mem 0xe6200000-0xe62fffff 64bit pref]
Oct  1 08:53:12 demo kernel: [    0.333654] pci 0000:00:16.7: PCI bridge to [bus 12]
Oct  1 08:53:12 demo kernel: [    0.333746] pci 0000:00:16.7:   bridge window [mem 0xfb700000-0xfb7fffff]
Oct  1 08:53:12 demo kernel: [    0.333848] pci 0000:00:16.7:   bridge window [mem 0xe5e00000-0xe5efffff 64bit pref]
Oct  1 08:53:12 demo kernel: [    0.333986] pci 0000:00:17.0: PCI bridge to [bus 13]
Oct  1 08:53:12 demo kernel: [    0.334065] pci 0000:00:17.0:   bridge window [io  0x6000-0x6fff]
Oct  1 08:53:12 demo kernel: [    0.334167] pci 0000:00:17.0:   bridge window [mem 0xfd200000-0xfd2fffff]
Oct  1 08:53:12 demo kernel: [    0.334269] pci 0000:00:17.0:   bridge window [mem 0xe7900000-0xe79fffff 64bit pref]
Oct  1 08:53:12 demo kernel: [    0.334406] pci 0000:00:17.1: PCI bridge to [bus 14]
Oct  1 08:53:12 demo kernel: [    0.334489] pci 0000:00:17.1:   bridge window [io  0xa000-0xafff]
Oct  1 08:53:12 demo kernel: [    0.334605] pci 0000:00:17.1:   bridge window [mem 0xfce00000-0xfcefffff]
Oct  1 08:53:12 demo kernel: [    0.334710] pci 0000:00:17.1:   bridge window [mem 0xe7500000-0xe75fffff 64bit pref]
Oct  1 08:53:12 demo kernel: [    0.334851] pci 0000:00:17.2: PCI bridge to [bus 15]
Oct  1 08:53:12 demo kernel: [    0.334932] pci 0000:00:17.2:   bridge window [io  0xe000-0xefff]
Oct  1 08:53:12 demo kernel: [    0.335048] pci 0000:00:17.2:   bridge window [mem 0xfca00000-0xfcafffff]
Oct  1 08:53:12 demo kernel: [    0.335150] pci 0000:00:17.2:   bridge window [mem 0xe7100000-0xe71fffff 64bit pref]
Oct  1 08:53:12 demo kernel: [    0.335287] pci 0000:00:17.3: PCI bridge to [bus 16]
Oct  1 08:53:12 demo kernel: [    0.335379] pci 0000:00:17.3:   bridge window [mem 0xfc600000-0xfc6fffff]
Oct  1 08:53:12 demo kernel: [    0.335482] pci 0000:00:17.3:   bridge window [mem 0xe6d00000-0xe6dfffff 64bit pref]
Oct  1 08:53:12 demo kernel: [    0.335634] pci 0000:00:17.4: PCI bridge to [bus 17]
Oct  1 08:53:12 demo kernel: [    0.335729] pci 0000:00:17.4:   bridge window [mem 0xfc200000-0xfc2fffff]
Oct  1 08:53:12 demo kernel: [    0.335847] pci 0000:00:17.4:   bridge window [mem 0xe6900000-0xe69fffff 64bit pref]
Oct  1 08:53:12 demo kernel: [    0.335995] pci 0000:00:17.5: PCI bridge to [bus 18]
Oct  1 08:53:12 demo kernel: [    0.336099] pci 0000:00:17.5:   bridge window [mem 0xfbe00000-0xfbefffff]
Oct  1 08:53:12 demo kernel: [    0.336198] pci 0000:00:17.5:   bridge window [mem 0xe6500000-0xe65fffff 64bit pref]
Oct  1 08:53:12 demo kernel: [    0.336331] pci 0000:00:17.6: PCI bridge to [bus 19]
Oct  1 08:53:12 demo kernel: [    0.336422] pci 0000:00:17.6:   bridge window [mem 0xfba00000-0xfbafffff]
Oct  1 08:53:12 demo kernel: [    0.336536] pci 0000:00:17.6:   bridge window [mem 0xe6100000-0xe61fffff 64bit pref]
Oct  1 08:53:12 demo kernel: [    0.336673] pci 0000:00:17.7: PCI bridge to [bus 1a]
Oct  1 08:53:12 demo kernel: [    0.336777] pci 0000:00:17.7:   bridge window [mem 0xfb600000-0xfb6fffff]
Oct  1 08:53:12 demo kernel: [    0.336890] pci 0000:00:17.7:   bridge window [mem 0xe5d00000-0xe5dfffff 64bit pref]
Oct  1 08:53:12 demo kernel: [    0.337027] pci 0000:00:18.0: PCI bridge to [bus 1b]
Oct  1 08:53:12 demo kernel: [    0.337105] pci 0000:00:18.0:   bridge window [io  0x7000-0x7fff]
Oct  1 08:53:12 demo kernel: [    0.337218] pci 0000:00:18.0:   bridge window [mem 0xfd100000-0xfd1fffff]
Oct  1 08:53:12 demo kernel: [    0.337317] pci 0000:00:18.0:   bridge window [mem 0xe7800000-0xe78fffff 64bit pref]
Oct  1 08:53:12 demo kernel: [    0.337450] pci 0000:00:18.1: PCI bridge to [bus 1c]
