Oct 13 08:49:12 ip-172-31-22-236 systemd-modules-load[458]: Inserted module 'iscsi_tcp'
Oct 13 08:49:12 ip-172-31-22-236 keyboard-setup.sh[460]: cannot open file /run/tmpkbd.1f9MVw
Oct 13 08:49:12 ip-172-31-22-236 systemd[1]: Starting Flush Journal to Persistent Storage...
Oct 13 08:49:12 ip-172-31-22-236 systemd[1]: Starting udev Kernel Device Manager...
Oct 13 08:49:12 ip-172-31-22-236 systemd[1]: Started LVM2 metadata daemon.
Oct 13 08:49:12 ip-172-31-22-236 systemd[1]: Started Monitoring of LVM2 mirrors, snapshots etc. using dmeventd or progress polling.
Oct 13 08:49:12 ip-172-31-22-236 systemd-modules-load[458]: Inserted module 'ib_iser'
Oct 13 08:49:12 ip-172-31-22-236 systemd[1]: Started Load Kernel Modules.
Oct 13 08:49:12 ip-172-31-22-236 systemd[1]: Mounting FUSE Control File System...
Oct 13 08:49:12 ip-172-31-22-236 systemd[1]: Mounting Kernel Configuration File System...
Oct 13 08:49:12 ip-172-31-22-236 systemd[1]: Starting Apply Kernel Variables...
Oct 13 08:49:12 ip-172-31-22-236 systemd[1]: Started udev Coldplug all Devices.
Oct 13 08:49:12 ip-172-31-22-236 systemd[1]: Started Flush Journal to Persistent Storage.
Oct 13 08:49:12 ip-172-31-22-236 systemd[1]: Mounted FUSE Control File System.
Oct 13 08:49:12 ip-172-31-22-236 systemd[1]: Mounted Kernel Configuration File System.
Oct 13 08:49:12 ip-172-31-22-236 systemd[1]: Started Apply Kernel Variables.
Oct 13 08:49:12 ip-172-31-22-236 systemd[1]: Started udev Kernel Device Manager.
Oct 13 08:49:12 ip-172-31-22-236 systemd[1]: Found device /dev/ttyS0.
Oct 13 08:49:12 ip-172-31-22-236 systemd-udevd[533]: link_config: autonegotiation is unset or enabled, the speed and duplex are not writable.
Oct 13 08:49:12 ip-172-31-22-236 systemd[1]: Listening on Load/Save RF Kill Switch Status /dev/rfkill Watch.
Oct 13 08:49:12 ip-172-31-22-236 systemd-udevd[529]: link_config: autonegotiation is unset or enabled, the speed and duplex are not writable.
Oct 13 08:49:12 ip-172-31-22-236 systemd[1]: Started Set the console keyboard layout.
Oct 13 08:49:12 ip-172-31-22-236 systemd[1]: Reached target Local File Systems (Pre).
Oct 13 08:49:12 ip-172-31-22-236 systemd[1]: Reached target Local File Systems.
Oct 13 08:49:12 ip-172-31-22-236 systemd[1]: Starting Set console font and keymap...
Oct 13 08:49:12 ip-172-31-22-236 systemd[1]: Starting Commit a transient machine-id on disk...
Oct 13 08:49:12 ip-172-31-22-236 systemd[1]: Starting Tell Plymouth To Write Out Runtime Data...
Oct 13 08:49:12 ip-172-31-22-236 systemd[1]: Starting AppArmor initialization...
Oct 13 08:49:12 ip-172-31-22-236 systemd[1]: Starting ebtables ruleset management...
Oct 13 08:49:12 ip-172-31-22-236 systemd[1]: Starting Create Volatile Files and Directories...
Oct 13 08:49:12 ip-172-31-22-236 systemd[1]: Started Dispatch Password Requests to Console Directory Watch.
Oct 13 08:49:12 ip-172-31-22-236 systemd[1]: Reached target Local Encrypted Volumes.
Oct 13 08:49:12 ip-172-31-22-236 systemd[1]: Started Set console font and keymap.
Oct 13 08:49:12 ip-172-31-22-236 systemd[1]: Started Commit a transient machine-id on disk.
Oct 13 08:49:12 ip-172-31-22-236 systemd[1]: Started Create Volatile Files and Directories.
Oct 13 08:49:12 ip-172-31-22-236 systemd[1]: Started Tell Plymouth To Write Out Runtime Data.
Oct 13 08:49:12 ip-172-31-22-236 systemd[1]: Starting Network Time Synchronization...
Oct 13 08:49:12 ip-172-31-22-236 systemd[1]: Starting Update UTMP about System Boot/Shutdown...
Oct 13 08:49:12 ip-172-31-22-236 systemd[1]: Started Update UTMP about System Boot/Shutdown.
Oct 13 08:49:12 ip-172-31-22-236 systemd[1]: Started ebtables ruleset management.
Oct 13 08:49:12 ip-172-31-22-236 apparmor[600]:  * Starting AppArmor profiles
Oct 13 08:49:12 ip-172-31-22-236 systemd[1]: Started Network Time Synchronization.
Oct 13 08:49:12 ip-172-31-22-236 systemd[1]: Reached target System Time Synchronized.
Oct 13 08:49:12 ip-172-31-22-236 apparmor[600]: Skipping profile in /etc/apparmor.d/disable: usr.sbin.rsyslogd
Oct 13 08:49:12 ip-172-31-22-236 apparmor[600]:    ...done.
Oct 13 08:49:12 ip-172-31-22-236 systemd[1]: Started AppArmor initialization.
Oct 13 08:49:12 ip-172-31-22-236 systemd[1]: Starting Load AppArmor profiles managed internally by snapd...
Oct 13 08:49:12 ip-172-31-22-236 systemd[1]: Starting Initial cloud-init job (pre-networking)...
Oct 13 08:49:12 ip-172-31-22-236 snapd-apparmor[750]: find: ‘/var/lib/snapd/apparmor/profiles/’: No such file or directory
Oct 13 08:49:12 ip-172-31-22-236 systemd[1]: Started Load AppArmor profiles managed internally by snapd.
Oct 13 08:49:12 ip-172-31-22-236 dhclient[815]: Internet Systems Consortium DHCP Client 4.3.5
Oct 13 08:49:12 ip-172-31-22-236 dhclient[815]: Copyright 2004-2016 Internet Systems Consortium.
Oct 13 08:49:12 ip-172-31-22-236 dhclient[815]: All rights reserved.
Oct 13 08:49:12 ip-172-31-22-236 dhclient[815]: For info, please visit https://www.isc.org/software/dhcp/
Oct 13 08:49:12 ip-172-31-22-236 dhclient[815]: 
Oct 13 08:49:12 ip-172-31-22-236 dhclient[815]: Listening on LPF/eth0/02:02:a5:f3:dd:a9
Oct 13 08:49:12 ip-172-31-22-236 dhclient[815]: Sending on   LPF/eth0/02:02:a5:f3:dd:a9
Oct 13 08:49:12 ip-172-31-22-236 dhclient[815]: Sending on   Socket/fallback
Oct 13 08:49:12 ip-172-31-22-236 dhclient[815]: DHCPDISCOVER on eth0 to 255.255.255.255 port 67 interval 3 (xid=0xd1fb8051)
Oct 13 08:49:12 ip-172-31-22-236 dhclient[815]: DHCPREQUEST of 172.31.22.236 on eth0 to 255.255.255.255 port 67 (xid=0x5180fbd1)
Oct 13 08:49:12 ip-172-31-22-236 dhclient[815]: DHCPOFFER of 172.31.22.236 from 172.31.16.1
Oct 13 08:49:12 ip-172-31-22-236 dhclient[815]: DHCPACK of 172.31.22.236 from 172.31.16.1
Oct 13 08:49:12 ip-172-31-22-236 kernel: [    0.000000] Linux version 5.4.0-1045-aws (buildd@lgw01-amd64-003) (gcc version 7.5.0 (Ubuntu 7.5.0-3ubuntu1~18.04)) #47~18.04.1-Ubuntu SMP Tue Apr 13 15:58:14 UTC 2021 (Ubuntu 5.4.0-1045.47~18.04.1-aws 5.4.101)
Oct 13 08:49:12 ip-172-31-22-236 kernel: [    0.000000] Command line: BOOT_IMAGE=/boot/vmlinuz-5.4.0-1045-aws root=LABEL=cloudimg-rootfs ro console=tty1 console=ttyS0 nvme_core.io_timeout=4294967295
Oct 13 08:49:12 ip-172-31-22-236 kernel: [    0.000000] KERNEL supported cpus:
Oct 13 08:49:12 ip-172-31-22-236 kernel: [    0.000000]   Intel GenuineIntel
Oct 13 08:49:12 ip-172-31-22-236 dhclient[815]: bound to 172.31.22.236 -- renewal in 1663 seconds.
Oct 13 08:49:12 ip-172-31-22-236 cloud-init[758]: Cloud-init v. 21.1-19-gbad84ad4-0ubuntu1~18.04.1 running 'init-local' at Wed, 13 Oct 2021 08:49:07 +0000. Up 9.25 seconds.
Oct 13 08:49:12 ip-172-31-22-236 systemd[1]: Started Initial cloud-init job (pre-networking).
Oct 13 08:49:12 ip-172-31-22-236 systemd[1]: Reached target Network (Pre).
Oct 13 08:49:12 ip-172-31-22-236 systemd[1]: Starting Network Service...
Oct 13 08:49:12 ip-172-31-22-236 systemd-networkd[839]: Enumeration completed
Oct 13 08:49:12 ip-172-31-22-236 systemd[1]: Started Network Service.
Oct 13 08:49:12 ip-172-31-22-236 systemd-networkd[839]: eth0: Link UP
Oct 13 08:49:12 ip-172-31-22-236 systemd-networkd[839]: eth0: Gained carrier
Oct 13 08:49:12 ip-172-31-22-236 systemd-timesyncd[647]: Network configuration changed, trying to establish connection.
Oct 13 08:49:12 ip-172-31-22-236 systemd-networkd[839]: eth0: Link DOWN
Oct 13 08:49:12 ip-172-31-22-236 systemd-networkd[839]: eth0: Lost carrier
Oct 13 08:49:12 ip-172-31-22-236 systemd-networkd[839]: eth0: Removing non-existent address: fe80::2:a5ff:fef3:dda9/64 (valid forever), ignoring
Oct 13 08:49:12 ip-172-31-22-236 systemd-networkd[839]: eth0: IPv6 successfully enabled
Oct 13 08:49:12 ip-172-31-22-236 systemd-networkd[839]: lo: Link is not managed by us
Oct 13 08:49:12 ip-172-31-22-236 systemd-networkd[839]: eth0: Link UP
Oct 13 08:49:12 ip-172-31-22-236 systemd[1]: Starting Network Name Resolution...
Oct 13 08:49:12 ip-172-31-22-236 systemd[1]: Starting Wait for Network to be Configured...
Oct 13 08:49:12 ip-172-31-22-236 systemd-networkd-wait-online[870]: ignoring: lo
Oct 13 08:49:12 ip-172-31-22-236 systemd-resolved[863]: Positive Trust Anchors:
Oct 13 08:49:12 ip-172-31-22-236 systemd-resolved[863]: . IN DS 19036 8 2 49aac11d7b6f6446702e54a1607371607a1a41855200fd2ce1cdde32f24e8fb5
Oct 13 08:49:12 ip-172-31-22-236 systemd-resolved[863]: . IN DS 20326 8 2 e06d44b80b8f1d39a95c0b0d7c65d08458e880409bbc683457104237c7f8ec8d
Oct 13 08:49:12 ip-172-31-22-236 systemd-resolved[863]: Negative trust anchors: 10.in-addr.arpa 16.172.in-addr.arpa 17.172.in-addr.arpa 18.172.in-addr.arpa 19.172.in-addr.arpa 20.172.in-addr.arpa 21.172.in-addr.arpa 22.172.in-addr.arpa 23.172.in-addr.arpa 24.172.in-addr.arpa 25.172.in-addr.arpa 26.172.in-addr.arpa 27.172.in-addr.arpa 28.172.in-addr.arpa 29.172.in-addr.arpa 30.172.in-addr.arpa 31.172.in-addr.arpa 168.192.in-addr.arpa d.f.ip6.arpa corp home internal intranet lan local private test
Oct 13 08:49:12 ip-172-31-22-236 systemd-networkd[839]: eth0: Gained carrier
Oct 13 08:49:12 ip-172-31-22-236 systemd-resolved[863]: Using system hostname 'ip-172-31-22-236'.
Oct 13 08:49:12 ip-172-31-22-236 systemd-networkd-wait-online[870]: ignoring: lo
Oct 13 08:49:12 ip-172-31-22-236 systemd-networkd[839]: eth0: DHCPv4 address 172.31.22.236/20 via 172.31.16.1
Oct 13 08:49:12 ip-172-31-22-236 systemd[1]: Started Network Name Resolution.
Oct 13 08:49:12 ip-172-31-22-236 systemd-networkd[839]: Not connected to system bus, not setting hostname.
Oct 13 08:49:12 ip-172-31-22-236 systemd-networkd-wait-online[870]: ignoring: lo
Oct 13 08:49:12 ip-172-31-22-236 systemd[1]: Reached target Host and Network Name Lookups.
Oct 13 08:49:12 ip-172-31-22-236 systemd[1]: Reached target Network.
Oct 13 08:49:12 ip-172-31-22-236 systemd-networkd-wait-online[870]: ignoring: lo
Oct 13 08:49:12 ip-172-31-22-236 systemd-timesyncd[647]: Network configuration changed, trying to establish connection.
Oct 13 08:49:12 ip-172-31-22-236 systemd-networkd-wait-online[870]: ignoring: lo
Oct 13 08:49:12 ip-172-31-22-236 systemd-networkd[839]: eth0: Gained IPv6LL
Oct 13 08:49:12 ip-172-31-22-236 systemd-networkd[839]: eth0: Configured
Oct 13 08:49:12 ip-172-31-22-236 systemd-timesyncd[647]: Network configuration changed, trying to establish connection.
Oct 13 08:49:12 ip-172-31-22-236 systemd-networkd-wait-online[870]: ignoring: lo
Oct 13 08:49:12 ip-172-31-22-236 systemd-networkd-wait-online[870]: managing: eth0
Oct 13 08:49:12 ip-172-31-22-236 systemd[1]: Started Wait for Network to be Configured.
Oct 13 08:49:12 ip-172-31-22-236 systemd[1]: Starting Initial cloud-init job (metadata service crawler)...
Oct 13 08:49:12 ip-172-31-22-236 cloud-init[890]: Cloud-init v. 21.1-19-gbad84ad4-0ubuntu1~18.04.1 running 'init' at Wed, 13 Oct 2021 08:49:10 +0000. Up 11.66 seconds.
Oct 13 08:49:12 ip-172-31-22-236 cloud-init[890]: ci-info: +++++++++++++++++++++++++++++++++++++Net device info++++++++++++++++++++++++++++++++++++++
Oct 13 08:49:12 ip-172-31-22-236 cloud-init[890]: ci-info: +--------+------+---------------------------+---------------+--------+-------------------+
Oct 13 08:49:12 ip-172-31-22-236 cloud-init[890]: ci-info: | Device |  Up  |          Address          |      Mask     | Scope  |     Hw-Address    |
Oct 13 08:49:12 ip-172-31-22-236 cloud-init[890]: ci-info: +--------+------+---------------------------+---------------+--------+-------------------+
Oct 13 08:49:12 ip-172-31-22-236 cloud-init[890]: ci-info: |  eth0  | True |       172.31.22.236       | 255.255.240.0 | global | 02:02:a5:f3:dd:a9 |
Oct 13 08:49:12 ip-172-31-22-236 cloud-init[890]: ci-info: |  eth0  | True | fe80::2:a5ff:fef3:dda9/64 |       .       |  link  | 02:02:a5:f3:dd:a9 |
Oct 13 08:49:12 ip-172-31-22-236 kernel: [    0.000000]   AMD AuthenticAMD
Oct 13 08:49:12 ip-172-31-22-236 kernel: [    0.000000]   Hygon HygonGenuine
Oct 13 08:49:12 ip-172-31-22-236 kernel: [    0.000000]   Centaur CentaurHauls
Oct 13 08:49:12 ip-172-31-22-236 kernel: [    0.000000]   zhaoxin   Shanghai  
Oct 13 08:49:12 ip-172-31-22-236 kernel: [    0.000000] x86/fpu: Supporting XSAVE feature 0x001: 'x87 floating point registers'
Oct 13 08:49:12 ip-172-31-22-236 kernel: [    0.000000] x86/fpu: Supporting XSAVE feature 0x002: 'SSE registers'
Oct 13 08:49:12 ip-172-31-22-236 kernel: [    0.000000] x86/fpu: Supporting XSAVE feature 0x004: 'AVX registers'
Oct 13 08:49:12 ip-172-31-22-236 kernel: [    0.000000] x86/fpu: xstate_offset[2]:  576, xstate_sizes[2]:  256
Oct 13 08:49:12 ip-172-31-22-236 kernel: [    0.000000] x86/fpu: Enabled xstate features 0x7, context size is 832 bytes, using 'standard' format.
Oct 13 08:49:12 ip-172-31-22-236 kernel: [    0.000000] BIOS-provided physical RAM map:
Oct 13 08:49:12 ip-172-31-22-236 kernel: [    0.000000] BIOS-e820: [mem 0x0000000000000000-0x000000000009dfff] usable
Oct 13 08:49:12 ip-172-31-22-236 kernel: [    0.000000] BIOS-e820: [mem 0x000000000009e000-0x000000000009ffff] reserved
Oct 13 08:49:12 ip-172-31-22-236 kernel: [    0.000000] BIOS-e820: [mem 0x00000000000e0000-0x00000000000fffff] reserved
Oct 13 08:49:12 ip-172-31-22-236 kernel: [    0.000000] BIOS-e820: [mem 0x0000000000100000-0x00000000efffffff] usable
Oct 13 08:49:12 ip-172-31-22-236 kernel: [    0.000000] BIOS-e820: [mem 0x00000000fc000000-0x00000000ffffffff] reserved
Oct 13 08:49:12 ip-172-31-22-236 kernel: [    0.000000] BIOS-e820: [mem 0x0000000100000000-0x000000080fffffff] usable
Oct 13 08:49:12 ip-172-31-22-236 kernel: [    0.000000] NX (Execute Disable) protection: active
Oct 13 08:49:12 ip-172-31-22-236 kernel: [    0.000000] SMBIOS 2.7 present.
Oct 13 08:49:12 ip-172-31-22-236 kernel: [    0.000000] DMI: Xen HVM domU, BIOS 4.2.amazon 08/24/2006
Oct 13 08:49:12 ip-172-31-22-236 kernel: [    0.000000] Hypervisor detected: Xen HVM
Oct 13 08:49:12 ip-172-31-22-236 kernel: [    0.000000] Xen version 4.2.
Oct 13 08:49:12 ip-172-31-22-236 kernel: [    0.000000] Xen Platform PCI: I/O protocol version 1
Oct 13 08:49:12 ip-172-31-22-236 kernel: [    0.000000] Netfront and the Xen platform PCI driver have been compiled for this kernel: unplug emulated NICs.
Oct 13 08:49:12 ip-172-31-22-236 kernel: [    0.000000] Blkfront and the Xen platform PCI driver have been compiled for this kernel: unplug emulated disks.
Oct 13 08:49:12 ip-172-31-22-236 kernel: [    0.000000] You might have to change the root device
Oct 13 08:49:12 ip-172-31-22-236 kernel: [    0.000000] from /dev/hd[a-d] to /dev/xvd[a-d]
Oct 13 08:49:12 ip-172-31-22-236 kernel: [    0.000000] in your root= kernel command line option
Oct 13 08:49:12 ip-172-31-22-236 kernel: [    0.000002] HVMOP_pagetable_dying not supported
Oct 13 08:49:12 ip-172-31-22-236 kernel: [    0.015246] tsc: Fast TSC calibration using PIT
Oct 13 08:49:12 ip-172-31-22-236 kernel: [    0.015247] tsc: Detected 2300.157 MHz processor
Oct 13 08:49:12 ip-172-31-22-236 kernel: [    0.015248] tsc: Detected 2300.092 MHz TSC
Oct 13 08:49:12 ip-172-31-22-236 kernel: [    0.016265] e820: update [mem 0x00000000-0x00000fff] usable ==> reserved
Oct 13 08:49:12 ip-172-31-22-236 kernel: [    0.016267] e820: remove [mem 0x000a0000-0x000fffff] usable
Oct 13 08:49:12 ip-172-31-22-236 kernel: [    0.016270] last_pfn = 0x810000 max_arch_pfn = 0x400000000
Oct 13 08:49:12 ip-172-31-22-236 kernel: [    0.016293] MTRR default type: write-back
Oct 13 08:49:12 ip-172-31-22-236 kernel: [    0.016293] MTRR fixed ranges enabled:
Oct 13 08:49:12 ip-172-31-22-236 kernel: [    0.016294]   00000-9FFFF write-back
Oct 13 08:49:12 ip-172-31-22-236 kernel: [    0.016295]   A0000-BFFFF write-combining
Oct 13 08:49:12 ip-172-31-22-236 kernel: [    0.016296]   C0000-FFFFF write-back
Oct 13 08:49:12 ip-172-31-22-236 kernel: [    0.016296] MTRR variable ranges enabled:
Oct 13 08:49:12 ip-172-31-22-236 kernel: [    0.016298]   0 base 0000F0000000 mask 3FFFF8000000 uncachable
Oct 13 08:49:12 ip-172-31-22-236 kernel: [    0.016298]   1 base 0000F8000000 mask 3FFFFC000000 uncachable
Oct 13 08:49:12 ip-172-31-22-236 kernel: [    0.016299]   2 disabled
Oct 13 08:49:12 ip-172-31-22-236 kernel: [    0.016299]   3 disabled
Oct 13 08:49:12 ip-172-31-22-236 kernel: [    0.016300]   4 disabled
Oct 13 08:49:12 ip-172-31-22-236 kernel: [    0.016300]   5 disabled
Oct 13 08:49:12 ip-172-31-22-236 kernel: [    0.016301]   6 disabled
Oct 13 08:49:12 ip-172-31-22-236 kernel: [    0.016301]   7 disabled
Oct 13 08:49:12 ip-172-31-22-236 kernel: [    0.016308] x86/PAT: Configuration [0-7]: WB  WC  UC- UC  WB  WP  UC- WT  
Oct 13 08:49:12 ip-172-31-22-236 kernel: [    0.016316] last_pfn = 0xf0000 max_arch_pfn = 0x400000000
Oct 13 08:49:12 ip-172-31-22-236 kernel: [    0.023323] found SMP MP-table at [mem 0x000fbc50-0x000fbc5f]
Oct 13 08:49:12 ip-172-31-22-236 kernel: [    0.023388] check: Scanning 1 areas for low memory corruption
Oct 13 08:49:12 ip-172-31-22-236 kernel: [    0.023490] Using GB pages for direct mapping
Oct 13 08:49:12 ip-172-31-22-236 kernel: [    0.023693] RAMDISK: [mem 0x356c9000-0x36b5bfff]
Oct 13 08:49:12 ip-172-31-22-236 kernel: [    0.023752] ACPI: Early table checksum verification disabled
Oct 13 08:49:12 ip-172-31-22-236 kernel: [    0.023754] ACPI: RSDP 0x00000000000EA020 000024 (v02 Xen   )
Oct 13 08:49:12 ip-172-31-22-236 kernel: [    0.023757] ACPI: XSDT 0x00000000FC00E2A0 000054 (v01 Xen    HVM      00000000 HVML 00000000)
Oct 13 08:49:12 ip-172-31-22-236 kernel: [    0.023762] ACPI: FACP 0x00000000FC00DF60 0000F4 (v04 Xen    HVM      00000000 HVML 00000000)
Oct 13 08:49:12 ip-172-31-22-236 kernel: [    0.023766] ACPI: DSDT 0x00000000FC0021C0 00BD19 (v02 Xen    HVM      00000000 INTL 20090123)
Oct 13 08:49:12 ip-172-31-22-236 kernel: [    0.023769] ACPI: FACS 0x00000000FC002180 000040
Oct 13 08:49:12 ip-172-31-22-236 kernel: [    0.023771] ACPI: FACS 0x00000000FC002180 000040
Oct 13 08:49:12 ip-172-31-22-236 kernel: [    0.023773] ACPI: APIC 0x00000000FC00E060 0000D8 (v02 Xen    HVM      00000000 HVML 00000000)
Oct 13 08:49:12 ip-172-31-22-236 kernel: [    0.023776] ACPI: HPET 0x00000000FC00E1B0 000038 (v01 Xen    HVM      00000000 HVML 00000000)
Oct 13 08:49:12 ip-172-31-22-236 kernel: [    0.023778] ACPI: WAET 0x00000000FC00E1F0 000028 (v01 Xen    HVM      00000000 HVML 00000000)
Oct 13 08:49:12 ip-172-31-22-236 kernel: [    0.023780] ACPI: SSDT 0x00000000FC00E220 000031 (v02 Xen    HVM      00000000 INTL 20090123)
Oct 13 08:49:12 ip-172-31-22-236 kernel: [    0.023783] ACPI: SSDT 0x00000000FC00E260 000033 (v02 Xen    HVM      00000000 INTL 20090123)
Oct 13 08:49:12 ip-172-31-22-236 kernel: [    0.023788] ACPI: Local APIC address 0xfee00000
Oct 13 08:49:12 ip-172-31-22-236 kernel: [    0.025261] No NUMA configuration found
Oct 13 08:49:12 ip-172-31-22-236 kernel: [    0.025263] Faking a node at [mem 0x0000000000000000-0x000000080fffffff]
Oct 13 08:49:12 ip-172-31-22-236 kernel: [    0.025271] NODE_DATA(0) allocated [mem 0x80ffd5000-0x80fffffff]
Oct 13 08:49:12 ip-172-31-22-236 kernel: [    0.025524] Zone ranges:
Oct 13 08:49:12 ip-172-31-22-236 kernel: [    0.025525]   DMA      [mem 0x0000000000001000-0x0000000000ffffff]
Oct 13 08:49:12 ip-172-31-22-236 kernel: [    0.025526]   DMA32    [mem 0x0000000001000000-0x00000000ffffffff]
Oct 13 08:49:12 ip-172-31-22-236 kernel: [    0.025527]   Normal   [mem 0x0000000100000000-0x000000080fffffff]
Oct 13 08:49:12 ip-172-31-22-236 kernel: [    0.025528]   Device   empty
Oct 13 08:49:12 ip-172-31-22-236 kernel: [    0.025529] Movable zone start for each node
Oct 13 08:49:12 ip-172-31-22-236 kernel: [    0.025532] Early memory node ranges
Oct 13 08:49:12 ip-172-31-22-236 kernel: [    0.025533]   node   0: [mem 0x0000000000001000-0x000000000009dfff]
Oct 13 08:49:12 ip-172-31-22-236 kernel: [    0.025535]   node   0: [mem 0x0000000000100000-0x00000000efffffff]
Oct 13 08:49:12 ip-172-31-22-236 kernel: [    0.025536]   node   0: [mem 0x0000000100000000-0x000000080fffffff]
Oct 13 08:49:12 ip-172-31-22-236 kernel: [    0.025541] Zeroed struct page in unavailable ranges: 99 pages
Oct 13 08:49:12 ip-172-31-22-236 kernel: [    0.025542] Initmem setup node 0 [mem 0x0000000000001000-0x000000080fffffff]
Oct 13 08:49:12 ip-172-31-22-236 kernel: [    0.025544] On node 0 totalpages: 8388509
Oct 13 08:49:12 ip-172-31-22-236 kernel: [    0.025545]   DMA zone: 64 pages used for memmap
Oct 13 08:49:12 ip-172-31-22-236 kernel: [    0.025545]   DMA zone: 21 pages reserved
Oct 13 08:49:12 ip-172-31-22-236 kernel: [    0.025546]   DMA zone: 3997 pages, LIFO batch:0
Oct 13 08:49:12 ip-172-31-22-236 kernel: [    0.025626]   DMA32 zone: 15296 pages used for memmap
Oct 13 08:49:12 ip-172-31-22-236 kernel: [    0.025627]   DMA32 zone: 978944 pages, LIFO batch:63
Oct 13 08:49:12 ip-172-31-22-236 kernel: [    0.039507]   Normal zone: 115712 pages used for memmap
Oct 13 08:49:12 ip-172-31-22-236 kernel: [    0.039509]   Normal zone: 7405568 pages, LIFO batch:63
Oct 13 08:49:12 ip-172-31-22-236 kernel: [    0.144767] ACPI: PM-Timer IO Port: 0xb008
Oct 13 08:49:12 ip-172-31-22-236 kernel: [    0.144773] ACPI: Local APIC address 0xfee00000
Oct 13 08:49:12 ip-172-31-22-236 kernel: [    0.144831] IOAPIC[0]: apic_id 1, version 17, address 0xfec00000, GSI 0-47
Oct 13 08:49:12 ip-172-31-22-236 kernel: [    0.144834] ACPI: INT_SRC_OVR (bus 0 bus_irq 0 global_irq 2 dfl dfl)
Oct 13 08:49:12 ip-172-31-22-236 kernel: [    0.144835] ACPI: INT_SRC_OVR (bus 0 bus_irq 5 global_irq 5 low level)
Oct 13 08:49:12 ip-172-31-22-236 kernel: [    0.144836] ACPI: INT_SRC_OVR (bus 0 bus_irq 10 global_irq 10 low level)
Oct 13 08:49:12 ip-172-31-22-236 kernel: [    0.144837] ACPI: INT_SRC_OVR (bus 0 bus_irq 11 global_irq 11 low level)
Oct 13 08:49:12 ip-172-31-22-236 kernel: [    0.144839] ACPI: IRQ0 used by override.
Oct 13 08:49:12 ip-172-31-22-236 kernel: [    0.144840] ACPI: IRQ5 used by override.
Oct 13 08:49:12 ip-172-31-22-236 kernel: [    0.144841] ACPI: IRQ9 used by override.
Oct 13 08:49:12 ip-172-31-22-236 kernel: [    0.144841] ACPI: IRQ10 used by override.
Oct 13 08:49:12 ip-172-31-22-236 kernel: [    0.144842] ACPI: IRQ11 used by override.
Oct 13 08:49:12 ip-172-31-22-236 kernel: [    0.144843] Using ACPI (MADT) for SMP configuration information
Oct 13 08:49:12 ip-172-31-22-236 kernel: [    0.144845] ACPI: HPET id: 0x8086a201 base: 0xfed00000
Oct 13 08:49:12 ip-172-31-22-236 kernel: [    0.144849] TSC deadline timer available
Oct 13 08:49:12 ip-172-31-22-236 kernel: [    0.144855] smpboot: Allowing 15 CPUs, 7 hotplug CPUs
Oct 13 08:49:12 ip-172-31-22-236 kernel: [    0.144865] PM: Registered nosave memory: [mem 0x00000000-0x00000fff]
Oct 13 08:49:12 ip-172-31-22-236 kernel: [    0.144867] PM: Registered nosave memory: [mem 0x0009e000-0x0009ffff]
Oct 13 08:49:12 ip-172-31-22-236 kernel: [    0.144867] PM: Registered nosave memory: [mem 0x000a0000-0x000dffff]
Oct 13 08:49:12 ip-172-31-22-236 kernel: [    0.144868] PM: Registered nosave memory: [mem 0x000e0000-0x000fffff]
Oct 13 08:49:12 ip-172-31-22-236 kernel: [    0.144870] PM: Registered nosave memory: [mem 0xf0000000-0xfbffffff]
Oct 13 08:49:12 ip-172-31-22-236 kernel: [    0.144870] PM: Registered nosave memory: [mem 0xfc000000-0xffffffff]
Oct 13 08:49:12 ip-172-31-22-236 kernel: [    0.144873] [mem 0xf0000000-0xfbffffff] available for PCI devices
Oct 13 08:49:12 ip-172-31-22-236 kernel: [    0.144874] Booting paravirtualized kernel on Xen HVM
Oct 13 08:49:12 ip-172-31-22-236 kernel: [    0.144877] clocksource: refined-jiffies: mask: 0xffffffff max_cycles: 0xffffffff, max_idle_ns: 7645519600211568 ns
Oct 13 08:49:12 ip-172-31-22-236 kernel: [    0.144882] setup_percpu: NR_CPUS:8192 nr_cpumask_bits:15 nr_cpu_ids:15 nr_node_ids:1
Oct 13 08:49:12 ip-172-31-22-236 kernel: [    0.145855] percpu: Embedded 54 pages/cpu s184320 r8192 d28672 u262144
Oct 13 08:49:12 ip-172-31-22-236 kernel: [    0.145860] pcpu-alloc: s184320 r8192 d28672 u262144 alloc=1*2097152
Oct 13 08:49:12 ip-172-31-22-236 kernel: [    0.145861] pcpu-alloc: [0] 00 01 02 03 04 05 06 07 [0] 08 09 10 11 12 13 14 -- 
Oct 13 08:49:12 ip-172-31-22-236 kernel: [    0.145887] xen: PV spinlocks enabled
Oct 13 08:49:12 ip-172-31-22-236 kernel: [    0.145890] PV qspinlock hash table entries: 256 (order: 0, 4096 bytes, linear)
Oct 13 08:49:12 ip-172-31-22-236 kernel: [    0.145896] Built 1 zonelists, mobility grouping on.  Total pages: 8257416
Oct 13 08:49:12 ip-172-31-22-236 kernel: [    0.145897] Policy zone: Normal
Oct 13 08:49:12 ip-172-31-22-236 kernel: [    0.145899] Kernel command line: BOOT_IMAGE=/boot/vmlinuz-5.4.0-1045-aws root=LABEL=cloudimg-rootfs ro console=tty1 console=ttyS0 nvme_core.io_timeout=4294967295
Oct 13 08:49:12 ip-172-31-22-236 kernel: [    0.152111] Dentry cache hash table entries: 4194304 (order: 13, 33554432 bytes, linear)
Oct 13 08:49:12 ip-172-31-22-236 kernel: [    0.155202] Inode-cache hash table entries: 2097152 (order: 12, 16777216 bytes, linear)
Oct 13 08:49:12 ip-172-31-22-236 kernel: [    0.155391] mem auto-init: stack:off, heap alloc:on, heap free:off
Oct 13 08:49:12 ip-172-31-22-236 kernel: [    0.167887] Calgary: detecting Calgary via BIOS EBDA area
Oct 13 08:49:12 ip-172-31-22-236 kernel: [    0.167889] Calgary: Unable to locate Rio Grande table in EBDA - bailing!
Oct 13 08:49:12 ip-172-31-22-236 kernel: [    0.261099] Memory: 32857220K/33554036K available (14339K kernel code, 2313K rwdata, 4656K rodata, 2656K init, 5136K bss, 696816K reserved, 0K cma-reserved)
Oct 13 08:49:12 ip-172-31-22-236 kernel: [    0.261108] random: get_random_u64 called from __kmem_cache_create+0x41/0x550 with crng_init=0
Oct 13 08:49:12 ip-172-31-22-236 kernel: [    0.261277] SLUB: HWalign=64, Order=0-3, MinObjects=0, CPUs=15, Nodes=1
Oct 13 08:49:12 ip-172-31-22-236 kernel: [    0.261292] Kernel/User page tables isolation: enabled
Oct 13 08:49:12 ip-172-31-22-236 kernel: [    0.261308] ftrace: allocating 42787 entries in 168 pages
Oct 13 08:49:12 ip-172-31-22-236 kernel: [    0.277539] rcu: Hierarchical RCU implementation.
Oct 13 08:49:12 ip-172-31-22-236 kernel: [    0.277541] rcu: 	RCU restricting CPUs from NR_CPUS=8192 to nr_cpu_ids=15.
Oct 13 08:49:12 ip-172-31-22-236 kernel: [    0.277542] 	Tasks RCU enabled.
Oct 13 08:49:12 ip-172-31-22-236 kernel: [    0.277543] rcu: RCU calculated value of scheduler-enlistment delay is 25 jiffies.
Oct 13 08:49:12 ip-172-31-22-236 kernel: [    0.277544] rcu: Adjusting geometry for rcu_fanout_leaf=16, nr_cpu_ids=15
Oct 13 08:49:12 ip-172-31-22-236 kernel: [    0.280233] NR_IRQS: 524544, nr_irqs: 952, preallocated irqs: 16
Oct 13 08:49:12 ip-172-31-22-236 kernel: [    0.280272] xen:events: Using 2-level ABI
Oct 13 08:49:12 ip-172-31-22-236 kernel: [    0.280320] xen:events: Xen HVM callback vector for event delivery is enabled
Oct 13 08:49:12 ip-172-31-22-236 kernel: [    0.280483] random: crng done (trusting CPU's manufacturer)
Oct 13 08:49:12 ip-172-31-22-236 kernel: [    0.293715] Console: colour VGA+ 80x25
Oct 13 08:49:12 ip-172-31-22-236 kernel: [    0.425108] printk: console [tty1] enabled
Oct 13 08:49:12 ip-172-31-22-236 kernel: [    0.426144] Cannot get hvm parameter CONSOLE_EVTCHN (18): -22!
Oct 13 08:49:12 ip-172-31-22-236 kernel: [    0.814927] printk: console [ttyS0] enabled
Oct 13 08:49:12 ip-172-31-22-236 kernel: [    0.818263] ACPI: Core revision 20190816
Oct 13 08:49:12 ip-172-31-22-236 kernel: [    0.821636] clocksource: hpet: mask: 0xffffffff max_cycles: 0xffffffff, max_idle_ns: 30580167144 ns
Oct 13 08:49:12 ip-172-31-22-236 kernel: [    0.829459] APIC: Switch to symmetric I/O mode setup
Oct 13 08:49:12 ip-172-31-22-236 kernel: [    0.834168] x2apic: IRQ remapping doesn't support X2APIC mode
Oct 13 08:49:12 ip-172-31-22-236 kernel: [    0.839304] Switched APIC routing to physical flat.
Oct 13 08:49:12 ip-172-31-22-236 kernel: [    0.845849] ..TIMER: vector=0x30 apic1=0 pin1=2 apic2=0 pin2=0
Oct 13 08:49:12 ip-172-31-22-236 kernel: [    0.850399] clocksource: tsc-early: mask: 0xffffffffffffffff max_cycles: 0x21278c1489a, max_idle_ns: 440795263297 ns
Oct 13 08:49:12 ip-172-31-22-236 kernel: [    0.858262] Calibrating delay loop (skipped), value calculated using timer frequency.. 4600.18 BogoMIPS (lpj=9200368)
Oct 13 08:49:12 ip-172-31-22-236 kernel: [    0.866265] pid_max: default: 32768 minimum: 301
Oct 13 08:49:12 ip-172-31-22-236 kernel: [    0.870307] LSM: Security Framework initializing
Oct 13 08:49:12 ip-172-31-22-236 kernel: [    0.874272] Yama: becoming mindful.
Oct 13 08:49:12 ip-172-31-22-236 kernel: [    0.878354] AppArmor: AppArmor initialized
Oct 13 08:49:12 ip-172-31-22-236 kernel: [    0.882386] Mount-cache hash table entries: 65536 (order: 7, 524288 bytes, linear)
Oct 13 08:49:12 ip-172-31-22-236 kernel: [    0.886346] Mountpoint-cache hash table entries: 65536 (order: 7, 524288 bytes, linear)
Oct 13 08:49:12 ip-172-31-22-236 kernel: [    0.894278] *** VALIDATE tmpfs ***
Oct 13 08:49:12 ip-172-31-22-236 kernel: [    0.898427] *** VALIDATE proc ***
Oct 13 08:49:12 ip-172-31-22-236 kernel: [    0.901284] *** VALIDATE cgroup1 ***
Oct 13 08:49:12 ip-172-31-22-236 kernel: [    0.902263] *** VALIDATE cgroup2 ***
Oct 13 08:49:12 ip-172-31-22-236 kernel: [    0.906374] Last level iTLB entries: 4KB 64, 2MB 8, 4MB 8
Oct 13 08:49:12 ip-172-31-22-236 kernel: [    0.910261] Last level dTLB entries: 4KB 64, 2MB 0, 4MB 0, 1GB 4
Oct 13 08:49:12 ip-172-31-22-236 kernel: [    0.914265] Spectre V1 : Mitigation: usercopy/swapgs barriers and __user pointer sanitization
Oct 13 08:49:12 ip-172-31-22-236 kernel: [    0.922263] Spectre V2 : Mitigation: Full generic retpoline
Oct 13 08:49:12 ip-172-31-22-236 kernel: [    0.926261] Spectre V2 : Spectre v2 / SpectreRSB mitigation: Filling RSB on context switch
Oct 13 08:49:12 ip-172-31-22-236 kernel: [    0.930261] Speculative Store Bypass: Vulnerable
Oct 13 08:49:12 ip-172-31-22-236 kernel: [    0.934266] MDS: Vulnerable: Clear CPU buffers attempted, no microcode
Oct 13 08:49:12 ip-172-31-22-236 kernel: [    0.942450] Freeing SMP alternatives memory: 40K
Oct 13 08:49:12 ip-172-31-22-236 kernel: [    0.948123] clocksource: xen: mask: 0xffffffffffffffff max_cycles: 0x1cd42e4dffb, max_idle_ns: 881590591483 ns
Oct 13 08:49:12 ip-172-31-22-236 kernel: [    0.954280] Xen: using vcpuop timer interface
Oct 13 08:49:12 ip-172-31-22-236 kernel: [    0.954286] installing Xen timer for CPU 0
Oct 13 08:49:12 ip-172-31-22-236 kernel: [    0.958335] smpboot: CPU0: Intel(R) Xeon(R) CPU E5-2686 v4 @ 2.30GHz (family: 0x6, model: 0x4f, stepping: 0x1)
Oct 13 08:49:12 ip-172-31-22-236 kernel: [    0.962300] cpu 0 spinlock event irq 53
Oct 13 08:49:12 ip-172-31-22-236 kernel: [    0.965686] Performance Events: unsupported p6 CPU model 79 no PMU driver, software events only.
Oct 13 08:49:12 ip-172-31-22-236 kernel: [    0.966316] rcu: Hierarchical SRCU implementation.
Oct 13 08:49:12 ip-172-31-22-236 kernel: [    0.970831] NMI watchdog: Perf NMI watchdog permanently disabled
Oct 13 08:49:12 ip-172-31-22-236 kernel: [    0.974465] smp: Bringing up secondary CPUs ...
Oct 13 08:49:12 ip-172-31-22-236 kernel: [    0.978259] installing Xen timer for CPU 1
Oct 13 08:49:12 ip-172-31-22-236 kernel: [    0.978330] x86: Booting SMP configuration:
Oct 13 08:49:12 ip-172-31-22-236 kernel: [    0.982265] .... node  #0, CPUs:        #1
Oct 13 08:49:12 ip-172-31-22-236 kernel: [    0.982779] cpu 1 spinlock event irq 59
Oct 13 08:49:12 ip-172-31-22-236 kernel: [    0.986361] installing Xen timer for CPU 2
Oct 13 08:49:12 ip-172-31-22-236 kernel: [    0.990335]   #2
Oct 13 08:49:12 ip-172-31-22-236 kernel: [    0.990857] cpu 2 spinlock event irq 65
Oct 13 08:49:12 ip-172-31-22-236 kernel: [    0.994363] installing Xen timer for CPU 3
Oct 13 08:49:12 ip-172-31-22-236 kernel: [    0.998342]   #3
Oct 13 08:49:12 ip-172-31-22-236 kernel: [    0.998854] cpu 3 spinlock event irq 71
Oct 13 08:49:12 ip-172-31-22-236 kernel: [    1.002386] installing Xen timer for CPU 4
Oct 13 08:49:12 ip-172-31-22-236 kernel: [    1.006337]   #4
Oct 13 08:49:12 ip-172-31-22-236 kernel: [    1.006855] cpu 4 spinlock event irq 77
Oct 13 08:49:12 ip-172-31-22-236 kernel: [    1.010365] installing Xen timer for CPU 5
Oct 13 08:49:12 ip-172-31-22-236 kernel: [    1.014342]   #5
Oct 13 08:49:12 ip-172-31-22-236 kernel: [    1.014848] cpu 5 spinlock event irq 83
Oct 13 08:49:12 ip-172-31-22-236 kernel: [    1.018372] installing Xen timer for CPU 6
Oct 13 08:49:12 ip-172-31-22-236 kernel: [    1.022341]   #6
Oct 13 08:49:12 ip-172-31-22-236 kernel: [    1.022887] cpu 6 spinlock event irq 89
Oct 13 08:49:12 ip-172-31-22-236 kernel: [    1.026384] installing Xen timer for CPU 7
Oct 13 08:49:12 ip-172-31-22-236 kernel: [    1.030337]   #7
Oct 13 08:49:12 ip-172-31-22-236 kernel: [    1.030841] cpu 7 spinlock event irq 95
Oct 13 08:49:12 ip-172-31-22-236 kernel: [    1.034365] smp: Brought up 1 node, 8 CPUs
Oct 13 08:49:12 ip-172-31-22-236 kernel: [    1.038269] smpboot: Max logical packages: 2
Oct 13 08:49:12 ip-172-31-22-236 kernel: [    1.042008] smpboot: Total of 8 processors activated (36801.47 BogoMIPS)
Oct 13 08:49:12 ip-172-31-22-236 kernel: [    1.043801] devtmpfs: initialized
Oct 13 08:49:12 ip-172-31-22-236 kernel: [    1.046311] x86/mm: Memory block size: 128MB
Oct 13 08:49:12 ip-172-31-22-236 kernel: [    1.054462] clocksource: jiffies: mask: 0xffffffff max_cycles: 0xffffffff, max_idle_ns: 7645041785100000 ns
Oct 13 08:49:12 ip-172-31-22-236 kernel: [    1.058335] futex hash table entries: 4096 (order: 6, 262144 bytes, linear)
Oct 13 08:49:12 ip-172-31-22-236 kernel: [    1.062360] pinctrl core: initialized pinctrl subsystem
Oct 13 08:49:12 ip-172-31-22-236 kernel: [    1.066382] PM: RTC time: 08:48:58, date: 2021-10-13
Oct 13 08:49:12 ip-172-31-22-236 kernel: [    1.070526] NET: Registered protocol family 16
Oct 13 08:49:12 ip-172-31-22-236 kernel: [    1.074259] audit: initializing netlink subsys (disabled)
Oct 13 08:49:12 ip-172-31-22-236 kernel: [    1.074282] audit: type=2000 audit(1634114938.551:1): state=initialized audit_enabled=0 res=1
Oct 13 08:49:12 ip-172-31-22-236 kernel: [    1.074404] EISA bus registered
Oct 13 08:49:12 ip-172-31-22-236 kernel: [    1.082275] cpuidle: using governor ladder
Oct 13 08:49:12 ip-172-31-22-236 kernel: [    1.086269] cpuidle: using governor menu
Oct 13 08:49:12 ip-172-31-22-236 kernel: [    1.090312] ACPI: bus type PCI registered
Oct 13 08:49:12 ip-172-31-22-236 kernel: [    1.094265] acpiphp: ACPI Hot Plug PCI Controller Driver version: 0.5
Oct 13 08:49:12 ip-172-31-22-236 kernel: [    1.098786] PCI: Using configuration type 1 for base access
Oct 13 08:49:12 ip-172-31-22-236 kernel: [    1.106313] HugeTLB registered 1.00 GiB page size, pre-allocated 0 pages
Oct 13 08:49:12 ip-172-31-22-236 kernel: [    1.110266] HugeTLB registered 2.00 MiB page size, pre-allocated 0 pages
Oct 13 08:49:12 ip-172-31-22-236 kernel: [    1.114331] ACPI: Added _OSI(Module Device)
Oct 13 08:49:12 ip-172-31-22-236 kernel: [    1.118278] ACPI: Added _OSI(Processor Device)
Oct 13 08:49:12 ip-172-31-22-236 kernel: [    1.122267] ACPI: Added _OSI(3.0 _SCP Extensions)
Oct 13 08:49:12 ip-172-31-22-236 kernel: [    1.126265] ACPI: Added _OSI(Processor Aggregator Device)
Oct 13 08:49:12 ip-172-31-22-236 kernel: [    1.130265] ACPI: Added _OSI(Linux-Dell-Video)
Oct 13 08:49:12 ip-172-31-22-236 kernel: [    1.134266] ACPI: Added _OSI(Linux-Lenovo-NV-HDMI-Audio)
Oct 13 08:49:12 ip-172-31-22-236 kernel: [    1.138268] ACPI: Added _OSI(Linux-HPI-Hybrid-Graphics)
Oct 13 08:49:12 ip-172-31-22-236 kernel: [    1.146431] ACPI: 3 ACPI AML tables successfully acquired and loaded
Oct 13 08:49:12 ip-172-31-22-236 kernel: [    1.151026] xen: --> pirq=16 -> irq=9 (gsi=9)
Oct 13 08:49:12 ip-172-31-22-236 kernel: [    1.152031] ACPI: Interpreter enabled
Oct 13 08:49:12 ip-172-31-22-236 kernel: [    1.154280] ACPI: (supports S0 S4 S5)
Oct 13 08:49:12 ip-172-31-22-236 kernel: [    1.158267] ACPI: Using IOAPIC for interrupt routing
Oct 13 08:49:12 ip-172-31-22-236 kernel: [    1.162292] PCI: Using host bridge windows from ACPI; if necessary, use "pci=nocrs" and report a bug
Oct 13 08:49:12 ip-172-31-22-236 kernel: [    1.166641] ACPI: Enabled 2 GPEs in block 00 to 0F
Oct 13 08:49:12 ip-172-31-22-236 kernel: [    1.204950] ACPI: PCI Root Bridge [PCI0] (domain 0000 [bus 00-ff])
Oct 13 08:49:12 ip-172-31-22-236 kernel: [    1.206274] acpi PNP0A03:00: _OSC: OS supports [ASPM ClockPM Segments MSI HPX-Type3]
Oct 13 08:49:12 ip-172-31-22-236 kernel: [    1.210288] acpi PNP0A03:00: fail to add MMCONFIG information, can't access extended PCI configuration space under this bridge.
Oct 13 08:49:12 ip-172-31-22-236 kernel: [    1.215449] acpiphp: Slot [0] registered
Oct 13 08:49:12 ip-172-31-22-236 kernel: [    1.219712] acpiphp: Slot [3] registered
Oct 13 08:49:12 ip-172-31-22-236 kernel: [    1.222790] acpiphp: Slot [4] registered
Oct 13 08:49:12 ip-172-31-22-236 kernel: [    1.226779] acpiphp: Slot [5] registered
Oct 13 08:49:12 ip-172-31-22-236 kernel: [    1.230765] acpiphp: Slot [6] registered
Oct 13 08:49:12 ip-172-31-22-236 kernel: [    1.234765] acpiphp: Slot [7] registered
Oct 13 08:49:12 ip-172-31-22-236 kernel: [    1.238773] acpiphp: Slot [8] registered
Oct 13 08:49:12 ip-172-31-22-236 kernel: [    1.242761] acpiphp: Slot [9] registered
Oct 13 08:49:12 ip-172-31-22-236 kernel: [    1.246801] acpiphp: Slot [10] registered
Oct 13 08:49:12 ip-172-31-22-236 kernel: [    1.250800] acpiphp: Slot [11] registered
Oct 13 08:49:12 ip-172-31-22-236 kernel: [    1.254765] acpiphp: Slot [12] registered
Oct 13 08:49:12 ip-172-31-22-236 kernel: [    1.258763] acpiphp: Slot [13] registered
Oct 13 08:49:12 ip-172-31-22-236 kernel: [    1.262770] acpiphp: Slot [14] registered
Oct 13 08:49:12 ip-172-31-22-236 kernel: [    1.266848] acpiphp: Slot [15] registered
Oct 13 08:49:12 ip-172-31-22-236 kernel: [    1.270764] acpiphp: Slot [16] registered
Oct 13 08:49:12 ip-172-31-22-236 kernel: [    1.274768] acpiphp: Slot [17] registered
Oct 13 08:49:12 ip-172-31-22-236 kernel: [    1.278761] acpiphp: Slot [18] registered
Oct 13 08:49:12 ip-172-31-22-236 kernel: [    1.282760] acpiphp: Slot [19] registered
Oct 13 08:49:12 ip-172-31-22-236 kernel: [    1.286784] acpiphp: Slot [20] registered
Oct 13 08:49:12 ip-172-31-22-236 kernel: [    1.290766] acpiphp: Slot [21] registered
Oct 13 08:49:12 ip-172-31-22-236 kernel: [    1.294822] acpiphp: Slot [22] registered
Oct 13 08:49:12 ip-172-31-22-236 kernel: [    1.298672] acpiphp: Slot [23] registered
Oct 13 08:49:12 ip-172-31-22-236 kernel: [    1.302863] acpiphp: Slot [24] registered
Oct 13 08:49:12 ip-172-31-22-236 kernel: [    1.306796] acpiphp: Slot [25] registered
Oct 13 08:49:12 ip-172-31-22-236 kernel: [    1.310767] acpiphp: Slot [26] registered
Oct 13 08:49:12 ip-172-31-22-236 kernel: [    1.314796] acpiphp: Slot [27] registered
Oct 13 08:49:12 ip-172-31-22-236 kernel: [    1.318766] acpiphp: Slot [28] registered
Oct 13 08:49:12 ip-172-31-22-236 kernel: [    1.322797] acpiphp: Slot [29] registered
Oct 13 08:49:12 ip-172-31-22-236 kernel: [    1.326646] acpiphp: Slot [30] registered
Oct 13 08:49:12 ip-172-31-22-236 kernel: [    1.330503] acpiphp: Slot [31] registered
Oct 13 08:49:12 ip-172-31-22-236 kernel: [    1.334425] PCI host bridge to bus 0000:00
Oct 13 08:49:12 ip-172-31-22-236 kernel: [    1.337927] pci_bus 0000:00: root bus resource [io  0x0000-0x0cf7 window]
Oct 13 08:49:12 ip-172-31-22-236 kernel: [    1.338268] pci_bus 0000:00: root bus resource [io  0x0d00-0xffff window]
Oct 13 08:49:12 ip-172-31-22-236 kernel: [    1.342266] pci_bus 0000:00: root bus resource [mem 0x000a0000-0x000bffff window]
Oct 13 08:49:12 ip-172-31-22-236 kernel: [    1.346267] pci_bus 0000:00: root bus resource [mem 0xf0000000-0xfbffffff window]
Oct 13 08:49:12 ip-172-31-22-236 kernel: [    1.350268] pci_bus 0000:00: root bus resource [bus 00-ff]
Oct 13 08:49:12 ip-172-31-22-236 kernel: [    1.354526] pci 0000:00:00.0: [8086:1237] type 00 class 0x060000
Oct 13 08:49:12 ip-172-31-22-236 kernel: [    1.361744] pci 0000:00:01.0: [8086:7000] type 00 class 0x060100
Oct 13 08:49:12 ip-172-31-22-236 kernel: [    1.366912] pci 0000:00:01.1: [8086:7010] type 00 class 0x010180
Oct 13 08:49:12 ip-172-31-22-236 kernel: [    1.372748] pci 0000:00:01.1: reg 0x20: [io  0xc100-0xc10f]
Oct 13 08:49:12 ip-172-31-22-236 kernel: [    1.375267] pci 0000:00:01.1: legacy IDE quirk: reg 0x10: [io  0x01f0-0x01f7]
Oct 13 08:49:12 ip-172-31-22-236 kernel: [    1.378264] pci 0000:00:01.1: legacy IDE quirk: reg 0x14: [io  0x03f6]
Oct 13 08:49:12 ip-172-31-22-236 kernel: [    1.382268] pci 0000:00:01.1: legacy IDE quirk: reg 0x18: [io  0x0170-0x0177]
Oct 13 08:49:12 ip-172-31-22-236 kernel: [    1.386265] pci 0000:00:01.1: legacy IDE quirk: reg 0x1c: [io  0x0376]
Oct 13 08:49:12 ip-172-31-22-236 kernel: [    1.391458] pci 0000:00:01.3: [8086:7113] type 00 class 0x068000
Oct 13 08:49:12 ip-172-31-22-236 kernel: [    1.394326] * Found PM-Timer Bug on the chipset. Due to workarounds for a bug,
Oct 13 08:49:12 ip-172-31-22-236 kernel: [    1.394326] * this clock source is slow. Consider trying other clock sources
Oct 13 08:49:12 ip-172-31-22-236 kernel: [    1.400147] pci 0000:00:01.3: quirk: [io  0xb000-0xb03f] claimed by PIIX4 ACPI
Oct 13 08:49:12 ip-172-31-22-236 kernel: [    1.403650] pci 0000:00:02.0: [1013:00b8] type 00 class 0x030000
Oct 13 08:49:12 ip-172-31-22-236 kernel: [    1.406796] pci 0000:00:02.0: reg 0x10: [mem 0xf0000000-0xf1ffffff pref]
Oct 13 08:49:12 ip-172-31-22-236 kernel: [    1.410550] pci 0000:00:02.0: reg 0x14: [mem 0xf3000000-0xf3000fff]
Oct 13 08:49:12 ip-172-31-22-236 kernel: [    1.417767] pci 0000:00:03.0: [5853:0001] type 00 class 0xff8000
Oct 13 08:49:12 ip-172-31-22-236 kernel: [    1.419110] pci 0000:00:03.0: reg 0x10: [io  0xc000-0xc0ff]
Oct 13 08:49:12 ip-172-31-22-236 kernel: [    1.422676] pci 0000:00:03.0: reg 0x14: [mem 0xf2000000-0xf2ffffff pref]
Oct 13 08:49:12 ip-172-31-22-236 kernel: [    1.435609] ACPI: PCI Interrupt Link [LNKA] (IRQs *5 10 11)
Oct 13 08:49:12 ip-172-31-22-236 kernel: [    1.438502] ACPI: PCI Interrupt Link [LNKB] (IRQs 5 *10 11)
Oct 13 08:49:12 ip-172-31-22-236 kernel: [    1.442493] ACPI: PCI Interrupt Link [LNKC] (IRQs 5 10 *11)
Oct 13 08:49:12 ip-172-31-22-236 kernel: [    1.446505] ACPI: PCI Interrupt Link [LNKD] (IRQs *5 10 11)
Oct 13 08:49:12 ip-172-31-22-236 kernel: [    1.472220] xen:balloon: Initialising balloon driver
Oct 13 08:49:12 ip-172-31-22-236 kernel: [    1.474311] iommu: Default domain type: Translated 
Oct 13 08:49:12 ip-172-31-22-236 kernel: [    1.478415] SCSI subsystem initialized
Oct 13 08:49:12 ip-172-31-22-236 kernel: [    1.482126] libata version 3.00 loaded.
Oct 13 08:49:12 ip-172-31-22-236 kernel: [    1.482126] pci 0000:00:02.0: vgaarb: setting as boot VGA device
Oct 13 08:49:12 ip-172-31-22-236 kernel: [    1.482259] pci 0000:00:02.0: vgaarb: VGA device added: decodes=io+mem,owns=io+mem,locks=none
Oct 13 08:49:12 ip-172-31-22-236 kernel: [    1.482267] pci 0000:00:02.0: vgaarb: bridge control possible
Oct 13 08:49:12 ip-172-31-22-236 kernel: [    1.486264] vgaarb: loaded
Oct 13 08:49:12 ip-172-31-22-236 kernel: [    1.488866] ACPI: bus type USB registered
Oct 13 08:49:12 ip-172-31-22-236 kernel: [    1.490288] usbcore: registered new interface driver usbfs
Oct 13 08:49:12 ip-172-31-22-236 kernel: [    1.494282] usbcore: registered new interface driver hub
Oct 13 08:49:12 ip-172-31-22-236 kernel: [    1.498277] usbcore: registered new device driver usb
Oct 13 08:49:12 ip-172-31-22-236 kernel: [    1.502259] pps_core: LinuxPPS API ver. 1 registered
Oct 13 08:49:12 ip-172-31-22-236 kernel: [    1.502265] pps_core: Software ver. 5.3.6 - Copyright 2005-2007 Rodolfo Giometti <giometti@linux.it>
Oct 13 08:49:12 ip-172-31-22-236 kernel: [    1.506268] PTP clock support registered
Oct 13 08:49:12 ip-172-31-22-236 kernel: [    1.509705] EDAC MC: Ver: 3.0.0
Oct 13 08:49:12 ip-172-31-22-236 kernel: [    1.510907] PCI: Using ACPI for IRQ routing
Oct 13 08:49:12 ip-172-31-22-236 kernel: [    1.514267] PCI: pci_cache_line_size set to 64 bytes
Oct 13 08:49:12 ip-172-31-22-236 kernel: [    1.514755] e820: reserve RAM buffer [mem 0x0009e000-0x0009ffff]
Oct 13 08:49:12 ip-172-31-22-236 kernel: [    1.514868] NetLabel: Initializing
Oct 13 08:49:12 ip-172-31-22-236 kernel: [    1.518040] NetLabel:  domain hash size = 128
Oct 13 08:49:12 ip-172-31-22-236 kernel: [    1.518266] NetLabel:  protocols = UNLABELED CIPSOv4 CALIPSO
Oct 13 08:49:12 ip-172-31-22-236 kernel: [    1.522283] NetLabel:  unlabeled traffic allowed by default
Oct 13 08:49:12 ip-172-31-22-236 kernel: [    1.526318] hpet: 3 channels of 0 reserved for per-cpu timers
Oct 13 08:49:12 ip-172-31-22-236 kernel: [    1.530273] hpet0: at MMIO 0xfed00000, IRQs 2, 8, 0
Oct 13 08:49:12 ip-172-31-22-236 kernel: [    1.534267] hpet0: 3 comparators, 64-bit 62.500000 MHz counter
Oct 13 08:49:12 ip-172-31-22-236 kernel: [    1.543358] clocksource: Switched to clocksource xen
Oct 13 08:49:12 ip-172-31-22-236 kernel: [    1.560319] *** VALIDATE bpf ***
Oct 13 08:49:12 ip-172-31-22-236 kernel: [    1.563410] VFS: Disk quotas dquot_6.6.0
Oct 13 08:49:12 ip-172-31-22-236 kernel: [    1.566681] VFS: Dquot-cache hash table entries: 512 (order 0, 4096 bytes)
Oct 13 08:49:12 ip-172-31-22-236 kernel: [    1.571825] *** VALIDATE ramfs ***
Oct 13 08:49:12 ip-172-31-22-236 kernel: [    1.574803] *** VALIDATE hugetlbfs ***
Oct 13 08:49:12 ip-172-31-22-236 kernel: [    1.578193] AppArmor: AppArmor Filesystem Enabled
Oct 13 08:49:12 ip-172-31-22-236 kernel: [    1.582104] pnp: PnP ACPI init
Oct 13 08:49:12 ip-172-31-22-236 kernel: [    1.584887] system 00:00: [mem 0x00000000-0x0009ffff] could not be reserved
Oct 13 08:49:12 ip-172-31-22-236 kernel: [    1.589952] system 00:00: Plug and Play ACPI device, IDs PNP0c02 (active)
Oct 13 08:49:12 ip-172-31-22-236 kernel: [    1.590018] system 00:01: [io  0x08a0-0x08a3] has been reserved
Oct 13 08:49:12 ip-172-31-22-236 kernel: [    1.595000] system 00:01: [io  0x0cc0-0x0ccf] has been reserved
Oct 13 08:49:12 ip-172-31-22-236 kernel: [    1.599423] system 00:01: [io  0x04d0-0x04d1] has been reserved
Oct 13 08:49:12 ip-172-31-22-236 kernel: [    1.603923] system 00:01: Plug and Play ACPI device, IDs PNP0c02 (active)
Oct 13 08:49:12 ip-172-31-22-236 kernel: [    1.603954] xen: --> pirq=17 -> irq=8 (gsi=8)
Oct 13 08:49:12 ip-172-31-22-236 kernel: [    1.603975] pnp 00:02: Plug and Play ACPI device, IDs PNP0b00 (active)
Oct 13 08:49:12 ip-172-31-22-236 kernel: [    1.603999] xen: --> pirq=18 -> irq=12 (gsi=12)
Oct 13 08:49:12 ip-172-31-22-236 kernel: [    1.604012] pnp 00:03: Plug and Play ACPI device, IDs PNP0f13 (active)
Oct 13 08:49:12 ip-172-31-22-236 kernel: [    1.604031] xen: --> pirq=19 -> irq=1 (gsi=1)
Oct 13 08:49:12 ip-172-31-22-236 kernel: [    1.604042] pnp 00:04: Plug and Play ACPI device, IDs PNP0303 PNP030b (active)
Oct 13 08:49:12 ip-172-31-22-236 kernel: [    1.604059] xen: --> pirq=20 -> irq=6 (gsi=6)
Oct 13 08:49:12 ip-172-31-22-236 kernel: [    1.604061] pnp 00:05: [dma 2]
Oct 13 08:49:12 ip-172-31-22-236 kernel: [    1.604073] pnp 00:05: Plug and Play ACPI device, IDs PNP0700 (active)
Oct 13 08:49:12 ip-172-31-22-236 kernel: [    1.604098] xen: --> pirq=21 -> irq=4 (gsi=4)
Oct 13 08:49:12 ip-172-31-22-236 kernel: [    1.604108] pnp 00:06: Plug and Play ACPI device, IDs PNP0501 (active)
Oct 13 08:49:12 ip-172-31-22-236 kernel: [    1.604150] system 00:07: [io  0x10c0-0x1141] has been reserved
Oct 13 08:49:12 ip-172-31-22-236 kernel: [    1.608646] system 00:07: [io  0xb044-0xb047] has been reserved
Oct 13 08:49:12 ip-172-31-22-236 kernel: [    1.613140] system 00:07: Plug and Play ACPI device, IDs PNP0c02 (active)
Oct 13 08:49:12 ip-172-31-22-236 kernel: [    1.634578] pnp: PnP ACPI: found 8 devices
Oct 13 08:49:12 ip-172-31-22-236 kernel: [    1.641276] thermal_sys: Registered thermal governor 'fair_share'
Oct 13 08:49:12 ip-172-31-22-236 kernel: [    1.641277] thermal_sys: Registered thermal governor 'bang_bang'
Oct 13 08:49:12 ip-172-31-22-236 kernel: [    1.646769] thermal_sys: Registered thermal governor 'step_wise'
Oct 13 08:49:12 ip-172-31-22-236 kernel: [    1.651375] thermal_sys: Registered thermal governor 'user_space'
Oct 13 08:49:12 ip-172-31-22-236 kernel: [    1.655944] thermal_sys: Registered thermal governor 'power_allocator'
Oct 13 08:49:12 ip-172-31-22-236 kernel: [    1.665111] clocksource: acpi_pm: mask: 0xffffff max_cycles: 0xffffff, max_idle_ns: 2085701024 ns
Oct 13 08:49:12 ip-172-31-22-236 kernel: [    1.676883] pci_bus 0000:00: resource 4 [io  0x0000-0x0cf7 window]
Oct 13 08:49:12 ip-172-31-22-236 kernel: [    1.681613] pci_bus 0000:00: resource 5 [io  0x0d00-0xffff window]
Oct 13 08:49:12 ip-172-31-22-236 kernel: [    1.686338] pci_bus 0000:00: resource 6 [mem 0x000a0000-0x000bffff window]
Oct 13 08:49:12 ip-172-31-22-236 kernel: [    1.691630] pci_bus 0000:00: resource 7 [mem 0xf0000000-0xfbffffff window]
Oct 13 08:49:12 ip-172-31-22-236 kernel: [    1.696902] NET: Registered protocol family 2
Oct 13 08:49:12 ip-172-31-22-236 kernel: [    1.700808] tcp_listen_portaddr_hash hash table entries: 16384 (order: 6, 262144 bytes, linear)
Oct 13 08:49:12 ip-172-31-22-236 kernel: [    1.708024] TCP established hash table entries: 262144 (order: 9, 2097152 bytes, linear)
Oct 13 08:49:12 ip-172-31-22-236 kernel: [    1.714793] TCP bind hash table entries: 65536 (order: 8, 1048576 bytes, linear)
Oct 13 08:49:12 ip-172-31-22-236 kernel: [    1.721881] TCP: Hash tables configured (established 262144 bind 65536)
Oct 13 08:49:12 ip-172-31-22-236 kernel: [    1.727076] UDP hash table entries: 16384 (order: 7, 524288 bytes, linear)
Oct 13 08:49:12 ip-172-31-22-236 kernel: [    1.732451] UDP-Lite hash table entries: 16384 (order: 7, 524288 bytes, linear)
Oct 13 08:49:12 ip-172-31-22-236 kernel: [    1.738448] NET: Registered protocol family 1
Oct 13 08:49:12 ip-172-31-22-236 kernel: [    1.742016] NET: Registered protocol family 44
Oct 13 08:49:12 ip-172-31-22-236 kernel: [    1.745671] pci 0000:00:01.0: PIIX3: Enabling Passive Release
Oct 13 08:49:12 ip-172-31-22-236 kernel: [    1.750216] pci 0000:00:00.0: Limiting direct PCI/PCI transfers
Oct 13 08:49:12 ip-172-31-22-236 kernel: [    1.754899] pci 0000:00:01.0: Activating ISA DMA hang workarounds
Oct 13 08:49:12 ip-172-31-22-236 kernel: [    1.759907] pci 0000:00:02.0: Video device with shadowed ROM at [mem 0x000c0000-0x000dffff]
Oct 13 08:49:12 ip-172-31-22-236 kernel: [    1.766645] PCI: CLS 0 bytes, default 64
Oct 13 08:49:12 ip-172-31-22-236 kernel: [    1.770064] Trying to unpack rootfs image as initramfs...
Oct 13 08:49:12 ip-172-31-22-236 kernel: [    2.073576] Freeing initrd memory: 21068K
Oct 13 08:49:12 ip-172-31-22-236 kernel: [    2.077770] PCI-DMA: Using software bounce buffering for IO (SWIOTLB)
Oct 13 08:49:12 ip-172-31-22-236 kernel: [    2.083294] software IO TLB: mapped [mem 0xec000000-0xf0000000] (64MB)
Oct 13 08:49:12 ip-172-31-22-236 kernel: [    2.088383] check: Scanning for low memory corruption every 60 seconds
Oct 13 08:49:12 ip-172-31-22-236 kernel: [    2.093906] Initialise system trusted keyrings
Oct 13 08:49:12 ip-172-31-22-236 kernel: [    2.097819] Key type blacklist registered
Oct 13 08:49:12 ip-172-31-22-236 kernel: [    2.101293] workingset: timestamp_bits=36 max_order=23 bucket_order=0
Oct 13 08:49:12 ip-172-31-22-236 kernel: [    2.107435] zbud: loaded
Oct 13 08:49:12 ip-172-31-22-236 kernel: [    2.110273] squashfs: version 4.0 (2009/01/31) Phillip Lougher
Oct 13 08:49:12 ip-172-31-22-236 kernel: [    2.115052] fuse: init (API version 7.31)
Oct 13 08:49:12 ip-172-31-22-236 kernel: [    2.118434] *** VALIDATE fuse ***
Oct 13 08:49:12 ip-172-31-22-236 kernel: [    2.121357] *** VALIDATE fuse ***
Oct 13 08:49:12 ip-172-31-22-236 kernel: [    2.124515] Platform Keyring initialized
Oct 13 08:49:12 ip-172-31-22-236 kernel: [    2.131727] Key type asymmetric registered
Oct 13 08:49:12 ip-172-31-22-236 kernel: [    2.135275] Asymmetric key parser 'x509' registered
Oct 13 08:49:12 ip-172-31-22-236 kernel: [    2.139275] Block layer SCSI generic (bsg) driver version 0.4 loaded (major 244)
Oct 13 08:49:12 ip-172-31-22-236 kernel: [    2.145207] io scheduler mq-deadline registered
Oct 13 08:49:12 ip-172-31-22-236 kernel: [    2.149329] shpchp: Standard Hot Plug PCI Controller Driver version: 0.4
Oct 13 08:49:12 ip-172-31-22-236 kernel: [    2.154362] intel_idle: Please enable MWAIT in BIOS SETUP
Oct 13 08:49:12 ip-172-31-22-236 kernel: [    2.154479] input: Power Button as /devices/LNXSYSTM:00/LNXPWRBN:00/input/input0
Oct 13 08:49:12 ip-172-31-22-236 kernel: [    2.160418] ACPI: Power Button [PWRF]
Oct 13 08:49:12 ip-172-31-22-236 kernel: [    2.163776] input: Sleep Button as /devices/LNXSYSTM:00/LNXSLPBN:00/input/input1
Oct 13 08:49:12 ip-172-31-22-236 kernel: [    2.169846] ACPI: Sleep Button [SLPF]
Oct 13 08:49:12 ip-172-31-22-236 kernel: [    2.176815] xen: --> pirq=22 -> irq=28 (gsi=28)
Oct 13 08:49:12 ip-172-31-22-236 kernel: [    2.176937] xen:grant_table: Grant tables using version 1 layout
Oct 13 08:49:12 ip-172-31-22-236 kernel: [    2.181635] Grant table initialized
Oct 13 08:49:12 ip-172-31-22-236 kernel: [    2.184836] Cannot get hvm parameter CONSOLE_EVTCHN (18): -22!
Oct 13 08:49:12 ip-172-31-22-236 kernel: [    2.189465] Serial: 8250/16550 driver, 4 ports, IRQ sharing enabled
Oct 13 08:49:12 ip-172-31-22-236 kernel: [    2.224458] 00:06: ttyS0 at I/O 0x3f8 (irq = 4, base_baud = 115200) is a 16550A
Oct 13 08:49:12 ip-172-31-22-236 kernel: [    2.231279] Linux agpgart interface v0.103
Oct 13 08:49:12 ip-172-31-22-236 kernel: [    2.238551] loop: module loaded
Oct 13 08:49:12 ip-172-31-22-236 kernel: [    2.242363] ata_piix 0000:00:01.1: version 2.13
Oct 13 08:49:12 ip-172-31-22-236 kernel: [    2.243410] scsi host0: ata_piix
Oct 13 08:49:12 ip-172-31-22-236 kernel: [    2.246731] scsi host1: ata_piix
Oct 13 08:49:12 ip-172-31-22-236 kernel: [    2.248793] blkfront: xvda: barrier or flush: disabled; persistent grants: disabled; indirect descriptors: enabled;
Oct 13 08:49:12 ip-172-31-22-236 kernel: [    2.249874] ata1: PATA max MWDMA2 cmd 0x1f0 ctl 0x3f6 bmdma 0xc100 irq 14
Oct 13 08:49:12 ip-172-31-22-236 kernel: [    2.263529] ata2: PATA max MWDMA2 cmd 0x170 ctl 0x376 bmdma 0xc108 irq 15
Oct 13 08:49:12 ip-172-31-22-236 kernel: [    2.269110] libphy: Fixed MDIO Bus: probed
Oct 13 08:49:12 ip-172-31-22-236 kernel: [    2.269680]  xvda: xvda1
Oct 13 08:49:12 ip-172-31-22-236 kernel: [    2.273318] tun: Universal TUN/TAP device driver, 1.6
Oct 13 08:49:12 ip-172-31-22-236 kernel: [    2.280435] PPP generic driver version 2.4.2
Oct 13 08:49:12 ip-172-31-22-236 kernel: [    2.284084] ehci_hcd: USB 2.0 'Enhanced' Host Controller (EHCI) Driver
Oct 13 08:49:12 ip-172-31-22-236 kernel: [    2.289117] ehci-pci: EHCI PCI platform driver
Oct 13 08:49:12 ip-172-31-22-236 kernel: [    2.292909] ehci-platform: EHCI generic platform driver
Oct 13 08:49:12 ip-172-31-22-236 kernel: [    2.297500] ohci_hcd: USB 1.1 'Open' Host Controller (OHCI) Driver
Oct 13 08:49:12 ip-172-31-22-236 kernel: [    2.302428] ohci-pci: OHCI PCI platform driver
Oct 13 08:49:12 ip-172-31-22-236 kernel: [    2.306090] ohci-platform: OHCI generic platform driver
Oct 13 08:49:12 ip-172-31-22-236 kernel: [    2.310283] uhci_hcd: USB Universal Host Controller Interface driver
Oct 13 08:49:12 ip-172-31-22-236 kernel: [    2.315534] i8042: PNP: PS/2 Controller [PNP0303:PS2K,PNP0f13:PS2M] at 0x60,0x64 irq 1,12
Oct 13 08:49:12 ip-172-31-22-236 kernel: [    2.324703] serio: i8042 KBD port at 0x60,0x64 irq 1
Oct 13 08:49:12 ip-172-31-22-236 kernel: [    2.329105] serio: i8042 AUX port at 0x60,0x64 irq 12
Oct 13 08:49:12 ip-172-31-22-236 kernel: [    2.333452] mousedev: PS/2 mouse device common for all mice
Oct 13 08:49:12 ip-172-31-22-236 kernel: [    2.339083] rtc_cmos 00:02: registered as rtc0
Oct 13 08:49:12 ip-172-31-22-236 kernel: [    2.339935] input: AT Translated Set 2 keyboard as /devices/platform/i8042/serio0/input/input2
Oct 13 08:49:12 ip-172-31-22-236 kernel: [    2.343243] rtc_cmos 00:02: alarms up to one day, 114 bytes nvram, hpet irqs
Oct 13 08:49:12 ip-172-31-22-236 kernel: [    2.355525] device-mapper: uevent: version 1.0.3
Oct 13 08:49:12 ip-172-31-22-236 kernel: [    2.359820] device-mapper: ioctl: 4.41.0-ioctl (2019-09-16) initialised: dm-devel@redhat.com
Oct 13 08:49:12 ip-172-31-22-236 kernel: [    2.366527] platform eisa.0: Probing EISA bus 0
Oct 13 08:49:12 ip-172-31-22-236 kernel: [    2.370174] platform eisa.0: EISA: Cannot allocate resource for mainboard
Oct 13 08:49:12 ip-172-31-22-236 kernel: [    2.375352] platform eisa.0: Cannot allocate resource for EISA slot 1
Oct 13 08:49:12 ip-172-31-22-236 kernel: [    2.380284] platform eisa.0: Cannot allocate resource for EISA slot 2
Oct 13 08:49:12 ip-172-31-22-236 kernel: [    2.386091] platform eisa.0: Cannot allocate resource for EISA slot 3
Oct 13 08:49:12 ip-172-31-22-236 kernel: [    2.391210] platform eisa.0: Cannot allocate resource for EISA slot 4
Oct 13 08:49:12 ip-172-31-22-236 kernel: [    2.396147] platform eisa.0: Cannot allocate resource for EISA slot 5
Oct 13 08:49:12 ip-172-31-22-236 kernel: [    2.400972] platform eisa.0: Cannot allocate resource for EISA slot 6
Oct 13 08:49:12 ip-172-31-22-236 kernel: [    2.406479] platform eisa.0: Cannot allocate resource for EISA slot 7
Oct 13 08:49:12 ip-172-31-22-236 kernel: [    2.411384] platform eisa.0: Cannot allocate resource for EISA slot 8
Oct 13 08:49:12 ip-172-31-22-236 kernel: [    2.416226] platform eisa.0: EISA: Detected 0 cards
Oct 13 08:49:12 ip-172-31-22-236 kernel: [    2.420171] intel_pstate: CPU model not supported
Oct 13 08:49:12 ip-172-31-22-236 kernel: [    2.424116] drop_monitor: Initializing network drop monitor service
Oct 13 08:49:12 ip-172-31-22-236 kernel: [    2.429419] NET: Registered protocol family 10
Oct 13 08:49:12 ip-172-31-22-236 kernel: [    2.437724] Segment Routing with IPv6
Oct 13 08:49:12 ip-172-31-22-236 kernel: [    2.440948] NET: Registered protocol family 17
Oct 13 08:49:12 ip-172-31-22-236 kernel: [    2.444649] Key type dns_resolver registered
Oct 13 08:49:12 ip-172-31-22-236 kernel: [    2.448777] RAS: Correctable Errors collector initialized.
Oct 13 08:49:12 ip-172-31-22-236 kernel: [    2.453299] IPI shorthand broadcast: enabled
Oct 13 08:49:12 ip-172-31-22-236 kernel: [    2.456909] sched_clock: Marking stable (1911079307, 545814252)->(2713098272, -256204713)
Oct 13 08:49:12 ip-172-31-22-236 kernel: [    2.464524] registered taskstats version 1
Oct 13 08:49:12 ip-172-31-22-236 kernel: [    2.467954] Loading compiled-in X.509 certificates
Oct 13 08:49:12 ip-172-31-22-236 kernel: [    2.472891] Loaded X.509 cert 'Build time autogenerated kernel key: 8286cd69e9f8b235cc87c05595d9618d16929256'
Oct 13 08:49:12 ip-172-31-22-236 kernel: [    2.481031] Loaded X.509 cert 'Canonical Ltd. Live Patch Signing: 14df34d1a87cf37625abec039ef2bf521249b969'
Oct 13 08:49:12 ip-172-31-22-236 kernel: [    2.488912] Loaded X.509 cert 'Canonical Ltd. Kernel Module Signing: 88f752e560a1e0737e31163a466ad7b70a850c19'
Oct 13 08:49:12 ip-172-31-22-236 kernel: [    2.496525] zswap: loaded using pool lzo/zbud
Oct 13 08:49:12 ip-172-31-22-236 kernel: [    2.500428] Key type ._fscrypt registered
Oct 13 08:49:12 ip-172-31-22-236 kernel: [    2.503896] Key type .fscrypt registered
Oct 13 08:49:12 ip-172-31-22-236 kernel: [    2.510796] Key type big_key registered
Oct 13 08:49:12 ip-172-31-22-236 kernel: [    2.516160] Key type encrypted registered
Oct 13 08:49:12 ip-172-31-22-236 kernel: [    2.519849] AppArmor: AppArmor sha1 policy hashing enabled
Oct 13 08:49:12 ip-172-31-22-236 kernel: [    2.525818] ima: No TPM chip found, activating TPM-bypass!
Oct 13 08:49:12 ip-172-31-22-236 kernel: [    2.531770] ima: Allocated hash algorithm: sha1
Oct 13 08:49:12 ip-172-31-22-236 kernel: [    2.537156] ima: No architecture policies found
Oct 13 08:49:12 ip-172-31-22-236 kernel: [    2.542269] evm: Initialising EVM extended attributes:
Oct 13 08:49:12 ip-172-31-22-236 kernel: [    2.547793] evm: security.selinux
Oct 13 08:49:12 ip-172-31-22-236 kernel: [    2.552125] evm: security.SMACK64
Oct 13 08:49:12 ip-172-31-22-236 kernel: [    2.556306] evm: security.SMACK64EXEC
Oct 13 08:49:12 ip-172-31-22-236 kernel: [    2.560681] evm: security.SMACK64TRANSMUTE
Oct 13 08:49:12 ip-172-31-22-236 kernel: [    2.565741] evm: security.SMACK64MMAP
Oct 13 08:49:12 ip-172-31-22-236 kernel: [    2.570084] evm: security.apparmor
Oct 13 08:49:12 ip-172-31-22-236 kernel: [    2.574685] evm: security.ima
Oct 13 08:49:12 ip-172-31-22-236 kernel: [    2.578584] evm: security.capability
Oct 13 08:49:12 ip-172-31-22-236 kernel: [    2.582831] evm: HMAC attrs: 0x1
Oct 13 08:49:12 ip-172-31-22-236 kernel: [    2.587724] xenbus_probe_frontend: Device with no driver: device/vif/0
Oct 13 08:49:12 ip-172-31-22-236 kernel: [    2.594510] PM:   Magic number: 9:635:826
Oct 13 08:49:12 ip-172-31-22-236 kernel: [    2.600220] acpi device:b1: hash matches
Oct 13 08:49:12 ip-172-31-22-236 kernel: [    2.604843] rtc_cmos 00:02: setting system clock to 2021-10-13T08:49:00 UTC (1634114940)
Oct 13 08:49:12 ip-172-31-22-236 kernel: [    2.616761] Freeing unused decrypted memory: 2036K
Oct 13 08:49:12 ip-172-31-22-236 kernel: [    2.623197] Freeing unused kernel image memory: 2656K
Oct 13 08:49:12 ip-172-31-22-236 kernel: [    2.642332] Write protecting the kernel read-only data: 22528k
Oct 13 08:49:12 ip-172-31-22-236 kernel: [    2.650187] Freeing unused kernel image memory: 2008K
Oct 13 08:49:12 ip-172-31-22-236 kernel: [    2.656449] Freeing unused kernel image memory: 1488K
Oct 13 08:49:12 ip-172-31-22-236 kernel: [    2.671477] x86/mm: Checked W+X mappings: passed, no W+X pages found.
Oct 13 08:49:12 ip-172-31-22-236 kernel: [    2.678799] x86/mm: Checking user space page tables
Oct 13 08:49:12 ip-172-31-22-236 kernel: [    2.694046] x86/mm: Checked W+X mappings: passed, no W+X pages found.
Oct 13 08:49:12 ip-172-31-22-236 kernel: [    2.700526] Run /init as init process
Oct 13 08:49:12 ip-172-31-22-236 kernel: [    2.800459] cryptd: max_cpu_qlen set to 1000
Oct 13 08:49:12 ip-172-31-22-236 kernel: [    2.810260] AVX2 version of gcm_enc/dec engaged.
Oct 13 08:49:12 ip-172-31-22-236 kernel: [    2.816441] AES CTR mode by8 optimization enabled
Oct 13 08:49:12 ip-172-31-22-236 kernel: [    2.822801] xen_netfront: Initialising Xen virtual ethernet driver
Oct 13 08:49:12 ip-172-31-22-236 kernel: [    3.094372] tsc: Refined TSC clocksource calibration: 2299.998 MHz
Oct 13 08:49:12 ip-172-31-22-236 kernel: [    3.100097] clocksource: tsc: mask: 0xffffffffffffffff max_cycles: 0x212733415c7, max_idle_ns: 440795236380 ns
Oct 13 08:49:12 ip-172-31-22-236 kernel: [    4.622326] raid6: avx2x4   gen() 23460 MB/s
Oct 13 08:49:12 ip-172-31-22-236 kernel: [    4.674349] raid6: avx2x4   xor() 14750 MB/s
Oct 13 08:49:12 ip-172-31-22-236 kernel: [    4.722323] raid6: avx2x2   gen() 20840 MB/s
Oct 13 08:49:12 ip-172-31-22-236 kernel: [    4.770351] raid6: avx2x2   xor() 12288 MB/s
Oct 13 08:49:12 ip-172-31-22-236 kernel: [    4.822324] raid6: avx2x1   gen() 17706 MB/s
Oct 13 08:49:12 ip-172-31-22-236 kernel: [    4.874327] raid6: avx2x1   xor() 11674 MB/s
Oct 13 08:49:12 ip-172-31-22-236 kernel: [    4.922328] raid6: sse2x4   gen() 12873 MB/s
Oct 13 08:49:12 ip-172-31-22-236 kernel: [    4.970325] raid6: sse2x4   xor()  8289 MB/s
Oct 13 08:49:12 ip-172-31-22-236 kernel: [    5.022328] raid6: sse2x2   gen() 11004 MB/s
Oct 13 08:49:12 ip-172-31-22-236 kernel: [    5.070353] raid6: sse2x2   xor()  6981 MB/s
Oct 13 08:49:12 ip-172-31-22-236 kernel: [    5.122348] raid6: sse2x1   gen()  9269 MB/s
Oct 13 08:49:12 ip-172-31-22-236 kernel: [    5.170331] raid6: sse2x1   xor()  6402 MB/s
Oct 13 08:49:12 ip-172-31-22-236 kernel: [    5.174728] raid6: using algorithm avx2x4 gen() 23460 MB/s
Oct 13 08:49:12 ip-172-31-22-236 kernel: [    5.180905] raid6: .... xor() 14750 MB/s, rmw enabled
Oct 13 08:49:12 ip-172-31-22-236 kernel: [    5.185444] raid6: using avx2x2 recovery algorithm
Oct 13 08:49:12 ip-172-31-22-236 kernel: [    5.190979] xor: automatically using best checksumming function   avx       
Oct 13 08:49:12 ip-172-31-22-236 kernel: [    5.199035] async_tx: api initialized (async)
Oct 13 08:49:12 ip-172-31-22-236 kernel: [    5.256139] Btrfs loaded, crc32c=crc32c-intel
Oct 13 08:49:12 ip-172-31-22-236 kernel: [    5.332254] EXT4-fs (xvda1): mounted filesystem with ordered data mode. Opts: (null)
Oct 13 08:49:12 ip-172-31-22-236 kernel: [    6.086035] systemd[1]: systemd 237 running in system mode. (+PAM +AUDIT +SELINUX +IMA +APPARMOR +SMACK +SYSVINIT +UTMP +LIBCRYPTSETUP +GCRYPT +GNUTLS +ACL +XZ +LZ4 +SECCOMP +BLKID +ELFUTILS +KMOD -IDN2 +IDN -PCRE2 default-hierarchy=hybrid)
Oct 13 08:49:12 ip-172-31-22-236 kernel: [    6.101885] systemd[1]: Detected virtualization xen.
Oct 13 08:49:12 ip-172-31-22-236 kernel: [    6.106213] systemd[1]: Detected architecture x86-64.
Oct 13 08:49:12 ip-172-31-22-236 kernel: [    6.141214] systemd[1]: Set hostname to <ubuntu>.
Oct 13 08:49:12 ip-172-31-22-236 kernel: [    6.170669] systemd[1]: Initializing machine ID from random generator.
Oct 13 08:49:12 ip-172-31-22-236 kernel: [    6.175748] systemd[1]: Installed transient /etc/machine-id file.
Oct 13 08:49:12 ip-172-31-22-236 kernel: [    6.617625] systemd[1]: Reached target User and Group Name Lookups.
Oct 13 08:49:12 ip-172-31-22-236 kernel: [    6.627412] systemd[1]: Created slice User and Session Slice.
Oct 13 08:49:12 ip-172-31-22-236 kernel: [    6.635070] systemd[1]: Started Forward Password Requests to Wall Directory Watch.
Oct 13 08:49:12 ip-172-31-22-236 kernel: [    6.645567] systemd[1]: Set up automount Arbitrary Executable File Formats File System Automount Point.
Oct 13 08:49:12 ip-172-31-22-236 kernel: [    6.741316] EXT4-fs (xvda1): re-mounted. Opts: discard
Oct 13 08:49:12 ip-172-31-22-236 kernel: [    6.750928] Loading iSCSI transport class v2.0-870.
Oct 13 08:49:12 ip-172-31-22-236 kernel: [    6.800652] iscsi: registered transport (tcp)
Oct 13 08:49:12 ip-172-31-22-236 kernel: [    6.820001] systemd-journald[469]: Received request to flush runtime journal from PID 1
Oct 13 08:49:12 ip-172-31-22-236 kernel: [    6.860416] iscsi: registered transport (iser)
Oct 13 08:49:12 ip-172-31-22-236 kernel: [    7.828720] audit: type=1400 audit(1634114945.720:2): apparmor="STATUS" operation="profile_load" profile="unconfined" name="/usr/bin/lxc-start" pid=748 comm="apparmor_parser"
Oct 13 08:49:12 ip-172-31-22-236 kernel: [    7.885068] audit: type=1400 audit(1634114945.776:3): apparmor="STATUS" operation="profile_load" profile="unconfined" name="/usr/bin/man" pid=745 comm="apparmor_parser"
Oct 13 08:49:12 ip-172-31-22-236 kernel: [    7.885387] audit: type=1400 audit(1634114945.776:4): apparmor="STATUS" operation="profile_load" profile="unconfined" name="man_filter" pid=745 comm="apparmor_parser"
Oct 13 08:49:12 ip-172-31-22-236 kernel: [    7.885734] audit: type=1400 audit(1634114945.776:5): apparmor="STATUS" operation="profile_load" profile="unconfined" name="man_groff" pid=745 comm="apparmor_parser"
Oct 13 08:49:12 ip-172-31-22-236 kernel: [    7.896896] audit: type=1400 audit(1634114945.788:6): apparmor="STATUS" operation="profile_load" profile="unconfined" name="/usr/sbin/tcpdump" pid=743 comm="apparmor_parser"
Oct 13 08:49:12 ip-172-31-22-236 kernel: [    7.963787] audit: type=1400 audit(1634114945.856:7): apparmor="STATUS" operation="profile_load" profile="unconfined" name="/sbin/dhclient" pid=742 comm="apparmor_parser"
Oct 13 08:49:12 ip-172-31-22-236 kernel: [    7.964268] audit: type=1400 audit(1634114945.856:8): apparmor="STATUS" operation="profile_load" profile="unconfined" name="/usr/lib/NetworkManager/nm-dhcp-client.action" pid=742 comm="apparmor_parser"
Oct 13 08:49:12 ip-172-31-22-236 kernel: [    7.964648] audit: type=1400 audit(1634114945.856:9): apparmor="STATUS" operation="profile_load" profile="unconfined" name="/usr/lib/NetworkManager/nm-dhcp-helper" pid=742 comm="apparmor_parser"
Oct 13 08:49:12 ip-172-31-22-236 kernel: [    7.964997] audit: type=1400 audit(1634114945.856:10): apparmor="STATUS" operation="profile_load" profile="unconfined" name="/usr/lib/connman/scripts/dhclient-script" pid=742 comm="apparmor_parser"
Oct 13 08:49:12 ip-172-31-22-236 kernel: [    8.032196] audit: type=1400 audit(1634114945.924:11): apparmor="STATUS" operation="profile_load" profile="unconfined" name="/usr/lib/snapd/snap-confine" pid=744 comm="apparmor_parser"
Oct 13 08:49:12 ip-172-31-22-236 kernel: [   12.758752] EXT4-fs (xvda1): resizing filesystem from 2096891 to 34078459 blocks
Oct 13 08:49:12 ip-172-31-22-236 kernel: [   13.524972] EXT4-fs (xvda1): resized filesystem to 34078459
Oct 13 08:49:12 ip-172-31-22-236 kernel: [   14.593186] new mount options do not match the existing superblock, will be ignored
Oct 13 08:49:12 ip-172-31-22-236 cloud-init[890]: ci-info: |   lo   | True |         127.0.0.1         |   255.0.0.0   |  host  |         .         |
Oct 13 08:49:12 ip-172-31-22-236 cloud-init[890]: ci-info: |   lo   | True |          ::1/128          |       .       |  host  |         .         |
Oct 13 08:49:12 ip-172-31-22-236 cloud-init[890]: ci-info: +--------+------+---------------------------+---------------+--------+-------------------+
Oct 13 08:49:12 ip-172-31-22-236 cloud-init[890]: ci-info: ++++++++++++++++++++++++++++++Route IPv4 info++++++++++++++++++++++++++++++
Oct 13 08:49:12 ip-172-31-22-236 cloud-init[890]: ci-info: +-------+-------------+-------------+-----------------+-----------+-------+
Oct 13 08:49:12 ip-172-31-22-236 cloud-init[890]: ci-info: | Route | Destination |   Gateway   |     Genmask     | Interface | Flags |
Oct 13 08:49:12 ip-172-31-22-236 cloud-init[890]: ci-info: +-------+-------------+-------------+-----------------+-----------+-------+
Oct 13 08:49:12 ip-172-31-22-236 cloud-init[890]: ci-info: |   0   |   0.0.0.0   | 172.31.16.1 |     0.0.0.0     |    eth0   |   UG  |
Oct 13 08:49:12 ip-172-31-22-236 cloud-init[890]: ci-info: |   1   | 172.31.16.0 |   0.0.0.0   |  255.255.240.0  |    eth0   |   U   |
Oct 13 08:49:12 ip-172-31-22-236 cloud-init[890]: ci-info: |   2   | 172.31.16.1 |   0.0.0.0   | 255.255.255.255 |    eth0   |   UH  |
Oct 13 08:49:12 ip-172-31-22-236 cloud-init[890]: ci-info: +-------+-------------+-------------+-----------------+-----------+-------+
Oct 13 08:49:12 ip-172-31-22-236 cloud-init[890]: ci-info: +++++++++++++++++++Route IPv6 info+++++++++++++++++++
Oct 13 08:49:12 ip-172-31-22-236 cloud-init[890]: ci-info: +-------+-------------+---------+-----------+-------+
Oct 13 08:49:12 ip-172-31-22-236 cloud-init[890]: ci-info: | Route | Destination | Gateway | Interface | Flags |
Oct 13 08:49:12 ip-172-31-22-236 cloud-init[890]: ci-info: +-------+-------------+---------+-----------+-------+
Oct 13 08:49:12 ip-172-31-22-236 cloud-init[890]: ci-info: |   1   |  fe80::/64  |    ::   |    eth0   |   U   |
Oct 13 08:49:12 ip-172-31-22-236 cloud-init[890]: ci-info: |   3   |    local    |    ::   |    eth0   |   U   |
Oct 13 08:49:12 ip-172-31-22-236 cloud-init[890]: ci-info: |   4   |  multicast  |    ::   |    eth0   |   U   |
Oct 13 08:49:12 ip-172-31-22-236 cloud-init[890]: ci-info: +-------+-------------+---------+-----------+-------+
Oct 13 08:49:12 ip-172-31-22-236 cloud-init[890]: Generating public/private rsa key pair.
Oct 13 08:49:12 ip-172-31-22-236 cloud-init[890]: Your identification has been saved in /etc/ssh/ssh_host_rsa_key.
Oct 13 08:49:12 ip-172-31-22-236 cloud-init[890]: Your public key has been saved in /etc/ssh/ssh_host_rsa_key.pub.
Oct 13 08:49:12 ip-172-31-22-236 cloud-init[890]: The key fingerprint is:
Oct 13 08:49:12 ip-172-31-22-236 cloud-init[890]: SHA256:hBU80WW05dktnFRPAypkiPJStLZgIYV3M/Clh48JcXU root@ip-172-31-22-236
Oct 13 08:49:12 ip-172-31-22-236 cloud-init[890]: The key's randomart image is:
Oct 13 08:49:12 ip-172-31-22-236 cloud-init[890]: +---[RSA 2048]----+
Oct 13 08:49:12 ip-172-31-22-236 cloud-init[890]: | .o=ooo+=E o+.+oo|
Oct 13 08:49:12 ip-172-31-22-236 cloud-init[890]: | ..o=*=+* ...* =+|
Oct 13 08:49:12 ip-172-31-22-236 cloud-init[890]: |  .+=*+..o .. * +|
Oct 13 08:49:12 ip-172-31-22-236 cloud-init[890]: |  ..+.*.  .    . |
Oct 13 08:49:12 ip-172-31-22-236 cloud-init[890]: |    .+ .S        |
Oct 13 08:49:12 ip-172-31-22-236 cloud-init[890]: |                 |
Oct 13 08:49:12 ip-172-31-22-236 cloud-init[890]: message repeated 3 times: [ |                 |]
Oct 13 08:49:12 ip-172-31-22-236 cloud-init[890]: +----[SHA256]-----+
Oct 13 08:49:12 ip-172-31-22-236 cloud-init[890]: Generating public/private dsa key pair.
Oct 13 08:49:12 ip-172-31-22-236 cloud-init[890]: Your identification has been saved in /etc/ssh/ssh_host_dsa_key.
Oct 13 08:49:12 ip-172-31-22-236 cloud-init[890]: Your public key has been saved in /etc/ssh/ssh_host_dsa_key.pub.
Oct 13 08:49:12 ip-172-31-22-236 cloud-init[890]: The key fingerprint is:
Oct 13 08:49:12 ip-172-31-22-236 cloud-init[890]: SHA256:03tD/FJ0MwB2j+gm+M+UkVt+H/bjL5poQQpyM8GQ97M root@ip-172-31-22-236
Oct 13 08:49:12 ip-172-31-22-236 cloud-init[890]: The key's randomart image is:
Oct 13 08:49:12 ip-172-31-22-236 cloud-init[890]: +---[DSA 1024]----+
Oct 13 08:49:12 ip-172-31-22-236 cloud-init[890]: |    .+     o.o   |
Oct 13 08:49:12 ip-172-31-22-236 cloud-init[890]: |    . +   . o +  |
Oct 13 08:49:12 ip-172-31-22-236 cloud-init[890]: |     . o   . ..+.|
Oct 13 08:49:12 ip-172-31-22-236 cloud-init[890]: |    . = +.o... .o|
Oct 13 08:49:12 ip-172-31-22-236 cloud-init[890]: |     o =S*.=o..  |
Oct 13 08:49:12 ip-172-31-22-236 cloud-init[890]: |        E.+o*o   |
Oct 13 08:49:12 ip-172-31-22-236 cloud-init[890]: |         ..=+..+ |
Oct 13 08:49:12 ip-172-31-22-236 cloud-init[890]: |          =o ++.+|
Oct 13 08:49:12 ip-172-31-22-236 cloud-init[890]: |         ..oo..o*|
Oct 13 08:49:12 ip-172-31-22-236 cloud-init[890]: +----[SHA256]-----+
Oct 13 08:49:12 ip-172-31-22-236 cloud-init[890]: Generating public/private ecdsa key pair.
Oct 13 08:49:12 ip-172-31-22-236 cloud-init[890]: Your identification has been saved in /etc/ssh/ssh_host_ecdsa_key.
Oct 13 08:49:12 ip-172-31-22-236 cloud-init[890]: Your public key has been saved in /etc/ssh/ssh_host_ecdsa_key.pub.
Oct 13 08:49:12 ip-172-31-22-236 cloud-init[890]: The key fingerprint is:
Oct 13 08:49:12 ip-172-31-22-236 cloud-init[890]: SHA256:g+yjyvyhPp+1KnYEHkkDTNOot9s05qrcU/cpdkgEdEg root@ip-172-31-22-236
Oct 13 08:49:12 ip-172-31-22-236 cloud-init[890]: The key's randomart image is:
Oct 13 08:49:12 ip-172-31-22-236 cloud-init[890]: +---[ECDSA 256]---+
Oct 13 08:49:12 ip-172-31-22-236 cloud-init[890]: |++o oE..         |
Oct 13 08:49:12 ip-172-31-22-236 cloud-init[890]: | o+. o.          |
Oct 13 08:49:12 ip-172-31-22-236 cloud-init[890]: |.. o  .          |
Oct 13 08:49:12 ip-172-31-22-236 cloud-init[890]: |. =  . o         |
Oct 13 08:49:12 ip-172-31-22-236 cloud-init[890]: | o +  + S        |
Oct 13 08:49:12 ip-172-31-22-236 cloud-init[890]: |  o =o o .       |
Oct 13 08:49:12 ip-172-31-22-236 cloud-init[890]: |   Bo.* o .      |
Oct 13 08:49:12 ip-172-31-22-236 cloud-init[890]: |.o*o+= * +       |
Oct 13 08:49:12 ip-172-31-22-236 cloud-init[890]: |.=BXB.o o        |
Oct 13 08:49:12 ip-172-31-22-236 cloud-init[890]: +----[SHA256]-----+
Oct 13 08:49:12 ip-172-31-22-236 cloud-init[890]: Generating public/private ed25519 key pair.
Oct 13 08:49:12 ip-172-31-22-236 cloud-init[890]: Your identification has been saved in /etc/ssh/ssh_host_ed25519_key.
Oct 13 08:49:12 ip-172-31-22-236 cloud-init[890]: Your public key has been saved in /etc/ssh/ssh_host_ed25519_key.pub.
Oct 13 08:49:12 ip-172-31-22-236 cloud-init[890]: The key fingerprint is:
Oct 13 08:49:12 ip-172-31-22-236 cloud-init[890]: SHA256:cvVGWxNyv/Lcgi5KOijxQCk9jydAG0wn/ydNs2+cmHQ root@ip-172-31-22-236
Oct 13 08:49:12 ip-172-31-22-236 cloud-init[890]: The key's randomart image is:
Oct 13 08:49:12 ip-172-31-22-236 cloud-init[890]: +--[ED25519 256]--+
Oct 13 08:49:12 ip-172-31-22-236 cloud-init[890]: |oo .        . o  |
Oct 13 08:49:12 ip-172-31-22-236 cloud-init[890]: | ++          o o |
Oct 13 08:49:12 ip-172-31-22-236 cloud-init[890]: |..oo   o  . . o .|
Oct 13 08:49:12 ip-172-31-22-236 cloud-init[890]: |o.= . o o. o o ..|
Oct 13 08:49:12 ip-172-31-22-236 cloud-init[890]: | + + o.=SE  +. . |
Oct 13 08:49:12 ip-172-31-22-236 cloud-init[890]: |  = o +o* .. .+ .|
Oct 13 08:49:12 ip-172-31-22-236 cloud-init[890]: |   * . o.=  . .o.|
Oct 13 08:49:12 ip-172-31-22-236 cloud-init[890]: |  . o .o. ..   . |
Oct 13 08:49:12 ip-172-31-22-236 systemd[1]: Started Initial cloud-init job (metadata service crawler).
Oct 13 08:49:12 ip-172-31-22-236 cron[1015]: (CRON) INFO (pidfile fd = 3)
Oct 13 08:49:12 ip-172-31-22-236 cloud-init[890]: |   .  .... ..    |
Oct 13 08:49:12 ip-172-31-22-236 cloud-init[890]: +----[SHA256]-----+
Oct 13 08:49:12 ip-172-31-22-236 systemd[1]: Reached target Cloud-config availability.
Oct 13 08:49:12 ip-172-31-22-236 cron[1015]: (CRON) INFO (Running @reboot jobs)
Oct 13 08:49:12 ip-172-31-22-236 systemd[1]: Reached target Network is Online.
Oct 13 08:49:12 ip-172-31-22-236 pollinate[1022]: client sent challenge to [https://entropy.ubuntu.com/]
Oct 13 08:49:12 ip-172-31-22-236 systemd[1]: Reached target Remote File Systems (Pre).
Oct 13 08:49:12 ip-172-31-22-236 systemd[1]: Reached target Remote File Systems.
Oct 13 08:49:12 ip-172-31-22-236 systemd[1]: Starting Availability of block devices...
Oct 13 08:49:12 ip-172-31-22-236 systemd[1]: Reached target System Initialization.
Oct 13 08:49:12 ip-172-31-22-236 systemd[1]: Listening on ACPID Listen Socket.
Oct 13 08:49:12 ip-172-31-22-236 systemd[1]: Started Daily Cleanup of Temporary Directories.
Oct 13 08:49:12 ip-172-31-22-236 systemd[1]: Listening on D-Bus System Message Bus Socket.
Oct 13 08:49:12 ip-172-31-22-236 systemd[1]: Started Daily apt download activities.
Oct 13 08:49:12 ip-172-31-22-236 systemd[1]: Started Daily apt upgrade and clean activities.
Oct 13 08:49:12 ip-172-31-22-236 systemd[1]: Started Discard unused blocks once a week.
Oct 13 08:49:12 ip-172-31-22-236 systemd[1]: Starting Socket activation for snappy daemon.
Oct 13 08:49:12 ip-172-31-22-236 systemd[1]: Listening on UUID daemon activation socket.
Oct 13 08:49:12 ip-172-31-22-236 systemd[1]: Started ACPI Events Check.
Oct 13 08:49:12 ip-172-31-22-236 systemd[1]: Reached target Paths.
Oct 13 08:49:12 ip-172-31-22-236 systemd[1]: Started Message of the Day.
Oct 13 08:49:12 ip-172-31-22-236 systemd[1]: Reached target Timers.
Oct 13 08:49:12 ip-172-31-22-236 systemd[1]: Starting LXD - unix socket.
Oct 13 08:49:12 ip-172-31-22-236 systemd[1]: Listening on Open-iSCSI iscsid Socket.
Oct 13 08:49:12 ip-172-31-22-236 systemd[1]: Started Availability of block devices.
Oct 13 08:49:12 ip-172-31-22-236 systemd[1]: Listening on Socket activation for snappy daemon.
Oct 13 08:49:12 ip-172-31-22-236 systemd[1]: Listening on LXD - unix socket.
Oct 13 08:49:12 ip-172-31-22-236 systemd[1]: Reached target Sockets.
Oct 13 08:49:12 ip-172-31-22-236 systemd[1]: Reached target Basic System.
Oct 13 08:49:12 ip-172-31-22-236 systemd[1]: Started Deferred execution scheduler.
Oct 13 08:49:12 ip-172-31-22-236 systemd[1]: Started Regular background program processing daemon.
Oct 13 08:49:12 ip-172-31-22-236 systemd[1]: Started irqbalance daemon.
Oct 13 08:49:12 ip-172-31-22-236 systemd[1]: Starting Dispatcher daemon for systemd-networkd...
Oct 13 08:49:12 ip-172-31-22-236 systemd[1]: Starting Pollinate to seed the pseudo random number generator...
Oct 13 08:49:12 ip-172-31-22-236 systemd[1]: Starting Permit User Sessions...
Oct 13 08:49:12 ip-172-31-22-236 systemd[1]: Starting LXD - container startup/shutdown...
Oct 13 08:49:12 ip-172-31-22-236 systemd[1]: Started D-Bus System Message Bus.
Oct 13 08:49:12 ip-172-31-22-236 dbus-daemon[1026]: [system] AppArmor D-Bus mediation is enabled
Oct 13 08:49:12 ip-172-31-22-236 dbus-daemon[1026]: [system] Activating via systemd: service name='org.freedesktop.hostname1' unit='dbus-org.freedesktop.hostname1.service' requested by ':1.2' (uid=100 pid=839 comm="/lib/systemd/systemd-networkd " label="unconfined")
Oct 13 08:49:12 ip-172-31-22-236 systemd[1]: Started ACPI event daemon.
Oct 13 08:49:12 ip-172-31-22-236 systemd[1]: Starting LSB: Record successful boot for GRUB...
Oct 13 08:49:12 ip-172-31-22-236 acpid: starting up with netlink and the input layer
Oct 13 08:49:12 ip-172-31-22-236 acpid: 2 rules loaded
Oct 13 08:49:12 ip-172-31-22-236 acpid: waiting for events: event logging is off
Oct 13 08:49:12 ip-172-31-22-236 systemd[1]: Starting Login Service...
Oct 13 08:49:12 ip-172-31-22-236 systemd[1]: Starting Accounts Service...
Oct 13 08:49:12 ip-172-31-22-236 systemd[1]: Started FUSE filesystem for LXC.
Oct 13 08:49:12 ip-172-31-22-236 systemd[1]: Starting System Logging Service...
Oct 13 08:49:12 ip-172-31-22-236 systemd[1]: Starting LSB: automatic crash report generation...
Oct 13 08:49:12 ip-172-31-22-236 systemd[1]: Starting Snap Daemon...
Oct 13 08:49:12 ip-172-31-22-236 systemd[1]: Started Permit User Sessions.
Oct 13 08:49:12 ip-172-31-22-236 lxcfs[1102]: mount namespace: 5
Oct 13 08:49:12 ip-172-31-22-236 lxcfs[1102]: hierarchies:
Oct 13 08:49:12 ip-172-31-22-236 lxcfs[1102]:   0: fd:   6: blkio
Oct 13 08:49:12 ip-172-31-22-236 lxcfs[1102]:   1: fd:   7: perf_event
Oct 13 08:49:12 ip-172-31-22-236 lxcfs[1102]:   2: fd:   8: net_cls,net_prio
Oct 13 08:49:12 ip-172-31-22-236 lxcfs[1102]:   3: fd:   9: pids
Oct 13 08:49:12 ip-172-31-22-236 lxcfs[1102]:   4: fd:  10: freezer
Oct 13 08:49:12 ip-172-31-22-236 lxcfs[1102]:   5: fd:  11: devices
Oct 13 08:49:12 ip-172-31-22-236 lxcfs[1102]:   6: fd:  12: memory
Oct 13 08:49:12 ip-172-31-22-236 lxcfs[1102]:   7: fd:  13: rdma
Oct 13 08:49:12 ip-172-31-22-236 lxcfs[1102]:   8: fd:  14: cpu,cpuacct
Oct 13 08:49:12 ip-172-31-22-236 lxcfs[1102]:   9: fd:  15: cpuset
Oct 13 08:49:12 ip-172-31-22-236 lxcfs[1102]:  10: fd:  16: hugetlb
Oct 13 08:49:12 ip-172-31-22-236 lxcfs[1102]:  11: fd:  17: name=systemd
Oct 13 08:49:12 ip-172-31-22-236 lxcfs[1102]:  12: fd:  18: unified
Oct 13 08:49:12 ip-172-31-22-236 grub-common[1071]:  * Recording successful boot for GRUB
Oct 13 08:49:12 ip-172-31-22-236 apport[1110]:  * Starting automatic crash report generation: apport
Oct 13 08:49:12 ip-172-31-22-236 systemd[1]: Started Login Service.
Oct 13 08:49:12 ip-172-31-22-236 systemd[1]: Started Unattended Upgrades Shutdown.
Oct 13 08:49:12 ip-172-31-22-236 systemd[1]: Starting Hostname Service...
Oct 13 08:49:12 ip-172-31-22-236 systemd[1]: Starting Hold until boot process finishes up...
Oct 13 08:49:12 ip-172-31-22-236 systemd[1]: Starting Terminate Plymouth Boot Screen...
Oct 13 08:49:12 ip-172-31-22-236 networkd-dispatcher[1021]: No valid path found for iwconfig
Oct 13 08:49:12 ip-172-31-22-236 networkd-dispatcher[1021]: No valid path found for iw
Oct 13 08:49:12 ip-172-31-22-236 apport[1110]:    ...done.
Oct 13 08:49:12 ip-172-31-22-236 systemd[1]: Started Hold until boot process finishes up.
Oct 13 08:49:12 ip-172-31-22-236 systemd[1]: Started LSB: automatic crash report generation.
Oct 13 08:49:12 ip-172-31-22-236 systemd[1]: Started Terminate Plymouth Boot Screen.
Oct 13 08:49:12 ip-172-31-22-236 dbus-daemon[1026]: [system] Activating via systemd: service name='org.freedesktop.PolicyKit1' unit='polkit.service' requested by ':1.4' (uid=0 pid=1092 comm="/usr/lib/accountsservice/accounts-daemon " label="unconfined")
Oct 13 08:49:12 ip-172-31-22-236 systemd[1]: Started Serial Getty on ttyS0.
Oct 13 08:49:12 ip-172-31-22-236 systemd[1]: Starting Set console scheme...
Oct 13 08:49:12 ip-172-31-22-236 systemd[1]: Started Dispatcher daemon for systemd-networkd.
Oct 13 08:49:12 ip-172-31-22-236 systemd[1]: Starting Authorization Manager...
Oct 13 08:49:12 ip-172-31-22-236 systemd[1]: Started Set console scheme.
Oct 13 08:49:12 ip-172-31-22-236 systemd[1]: Created slice system-getty.slice.
Oct 13 08:49:12 ip-172-31-22-236 systemd[1]: Started Getty on tty1.
Oct 13 08:49:12 ip-172-31-22-236 grub-common[1071]:    ...done.
Oct 13 08:49:12 ip-172-31-22-236 systemd[1]: Reached target Login Prompts.
Oct 13 08:49:12 ip-172-31-22-236 systemd[1]: Started LSB: Record successful boot for GRUB.
Oct 13 08:49:12 ip-172-31-22-236 rsyslogd: imuxsock: Acquired UNIX socket '/run/systemd/journal/syslog' (fd 3) from systemd.  [v8.32.0]
Oct 13 08:49:12 ip-172-31-22-236 rsyslogd: rsyslogd's groupid changed to 106
Oct 13 08:49:12 ip-172-31-22-236 systemd[1]: Started System Logging Service.
Oct 13 08:49:12 ip-172-31-22-236 rsyslogd: rsyslogd's userid changed to 102
Oct 13 08:49:12 ip-172-31-22-236 rsyslogd:  [origin software="rsyslogd" swVersion="8.32.0" x-pid="1106" x-info="http://www.rsyslog.com"] start
Oct 13 08:49:12 ip-172-31-22-236 dbus-daemon[1026]: [system] Successfully activated service 'org.freedesktop.hostname1'
Oct 13 08:49:12 ip-172-31-22-236 systemd[1]: Started Hostname Service.
Oct 13 08:49:12 ip-172-31-22-236 polkitd[1194]: started daemon version 0.105 using authority implementation `local' version `0.105'
Oct 13 08:49:12 ip-172-31-22-236 dbus-daemon[1026]: [system] Successfully activated service 'org.freedesktop.PolicyKit1'
Oct 13 08:49:12 ip-172-31-22-236 systemd[1]: Started Authorization Manager.
Oct 13 08:49:12 ip-172-31-22-236 accounts-daemon[1092]: started daemon version 0.6.45
Oct 13 08:49:12 ip-172-31-22-236 systemd[1]: Started Accounts Service.
Oct 13 08:49:12 ip-172-31-22-236 snapd[1119]: AppArmor status: apparmor is enabled and all features are available
Oct 13 08:49:12 ip-172-31-22-236 systemd[1]: Started LXD - container startup/shutdown.
Oct 13 08:49:12 ip-172-31-22-236 snapd[1119]: daemon.go:347: started snapd/2.48.3+18.04 (series 16; classic) ubuntu/18.04 (amd64) linux/5.4.0-1045-aws.
Oct 13 08:49:13 ip-172-31-22-236 snapd[1119]: daemon.go:440: adjusting startup timeout by 30s (pessimistic estimate of 30s plus 5s per snap)
Oct 13 08:49:13 ip-172-31-22-236 snapd[1119]: helpers.go:105: error trying to compare the snap system key: system-key missing on disk
Oct 13 08:49:13 ip-172-31-22-236 systemd[1]: Started Snap Daemon.
Oct 13 08:49:13 ip-172-31-22-236 systemd[1]: Starting Wait until snapd is fully seeded...
Oct 13 08:49:13 ip-172-31-22-236 pollinate[1022]: client verified challenge/response with [https://entropy.ubuntu.com/]
Oct 13 08:49:13 ip-172-31-22-236 pollinate[1022]: client hashed response from [https://entropy.ubuntu.com/]
Oct 13 08:49:13 ip-172-31-22-236 pollinate[1022]: client successfully seeded [/dev/urandom]
Oct 13 08:49:13 ip-172-31-22-236 systemd[1]: Started Pollinate to seed the pseudo random number generator.
Oct 13 08:49:13 ip-172-31-22-236 systemd[1]: Starting OpenBSD Secure Shell server...
Oct 13 08:49:13 ip-172-31-22-236 systemd[1]: Started OpenBSD Secure Shell server.
Oct 13 08:49:16 ip-172-31-22-236 systemd[1]: Reloading.
Oct 13 08:49:16 ip-172-31-22-236 systemd[1]: Reloading.
Oct 13 08:49:16 ip-172-31-22-236 systemd[1]: Mounting Mount unit for snapd, revision 11588...
Oct 13 08:49:16 ip-172-31-22-236 systemd[1]: Mounted Mount unit for snapd, revision 11588.
Oct 13 08:49:17 ip-172-31-22-236 kernel: [   19.376257] kauditd_printk_skb: 5 callbacks suppressed
Oct 13 08:49:17 ip-172-31-22-236 kernel: [   19.376259] audit: type=1400 audit(1634114957.268:17): apparmor="STATUS" operation="profile_load" profile="unconfined" name="/snap/snapd/11588/usr/lib/snapd/snap-confine" pid=1733 comm="apparmor_parser"
Oct 13 08:49:17 ip-172-31-22-236 kernel: [   19.376445] audit: type=1400 audit(1634114957.268:18): apparmor="STATUS" operation="profile_load" profile="unconfined" name="/snap/snapd/11588/usr/lib/snapd/snap-confine//mount-namespace-capture-helper" pid=1733 comm="apparmor_parser"
Oct 13 08:49:17 ip-172-31-22-236 snapd[1119]: daemon.go:589: gracefully waiting for running hooks
Oct 13 08:49:17 ip-172-31-22-236 snapd[1119]: daemon.go:591: done waiting for running hooks
Oct 13 08:49:19 ip-172-31-22-236 systemd[1]: snapd.service: Service hold-off time over, scheduling restart.
Oct 13 08:49:19 ip-172-31-22-236 systemd[1]: snapd.service: Scheduled restart job, restart counter is at 1.
Oct 13 08:49:19 ip-172-31-22-236 systemd[1]: Stopped Snap Daemon.
Oct 13 08:49:19 ip-172-31-22-236 systemd[1]: Starting Snap Daemon...
Oct 13 08:49:19 ip-172-31-22-236 snapd[1769]: AppArmor status: apparmor is enabled and all features are available
Oct 13 08:49:19 ip-172-31-22-236 snapd[1769]: AppArmor status: apparmor is enabled and all features are available
Oct 13 08:49:19 ip-172-31-22-236 snapd[1769]: patch.go:64: Patching system state level 6 to sublevel 1...
Oct 13 08:49:19 ip-172-31-22-236 snapd[1769]: patch.go:64: Patching system state level 6 to sublevel 2...
Oct 13 08:49:19 ip-172-31-22-236 snapd[1769]: patch.go:64: Patching system state level 6 to sublevel 3...
Oct 13 08:49:19 ip-172-31-22-236 snapd[1769]: daemon.go:347: started snapd/2.49.2 (series 16; classic) ubuntu/18.04 (amd64) linux/5.4.0-1045-aws.
Oct 13 08:49:19 ip-172-31-22-236 snapd[1769]: daemon.go:440: adjusting startup timeout by 35s (pessimistic estimate of 30s plus 5s per snap)
Oct 13 08:49:20 ip-172-31-22-236 kernel: [   22.106958] audit: type=1400 audit(1634114960.000:19): apparmor="STATUS" operation="profile_replace" profile="unconfined" name="/snap/snapd/11588/usr/lib/snapd/snap-confine" pid=1839 comm="apparmor_parser"
Oct 13 08:49:20 ip-172-31-22-236 kernel: [   22.118420] audit: type=1400 audit(1634114960.012:20): apparmor="STATUS" operation="profile_replace" profile="unconfined" name="/snap/snapd/11588/usr/lib/snapd/snap-confine//mount-namespace-capture-helper" pid=1839 comm="apparmor_parser"
Oct 13 08:49:20 ip-172-31-22-236 systemd[1]: Started Snap Daemon.
Oct 13 08:49:20 ip-172-31-22-236 systemd[1]: Reloading.
Oct 13 08:49:20 ip-172-31-22-236 systemd[1]: Reloading.
Oct 13 08:49:20 ip-172-31-22-236 systemd[1]: Mounting Mount unit for core18, revision 1997...
Oct 13 08:49:20 ip-172-31-22-236 systemd[1]: Mounted Mount unit for core18, revision 1997.
Oct 13 08:49:21 ip-172-31-22-236 systemd[1]: Reloading.
Oct 13 08:49:21 ip-172-31-22-236 systemd[1]: Reloading.
Oct 13 08:49:21 ip-172-31-22-236 systemd[1]: Mounting Mount unit for amazon-ssm-agent, revision 3552...
Oct 13 08:49:21 ip-172-31-22-236 systemd[1]: Mounted Mount unit for amazon-ssm-agent, revision 3552.
Oct 13 08:49:21 ip-172-31-22-236 kernel: [   23.685463] audit: type=1400 audit(1634114961.576:21): apparmor="STATUS" operation="profile_load" profile="unconfined" name="snap.amazon-ssm-agent.amazon-ssm-agent" pid=2149 comm="apparmor_parser"
Oct 13 08:49:21 ip-172-31-22-236 kernel: [   23.685488] audit: type=1400 audit(1634114961.576:22): apparmor="STATUS" operation="profile_load" profile="unconfined" name="snap.amazon-ssm-agent.ssm-cli" pid=2150 comm="apparmor_parser"
Oct 13 08:49:21 ip-172-31-22-236 kernel: [   23.692324] audit: type=1400 audit(1634114961.584:23): apparmor="STATUS" operation="profile_load" profile="unconfined" name="snap-update-ns.amazon-ssm-agent" pid=2148 comm="apparmor_parser"
Oct 13 08:49:21 ip-172-31-22-236 systemd[1]: Reloading.
Oct 13 08:49:21 ip-172-31-22-236 systemd[1]: Reloading.
Oct 13 08:49:21 ip-172-31-22-236 systemd[1]: Started Service for snap application amazon-ssm-agent.amazon-ssm-agent.
Oct 13 08:49:22 ip-172-31-22-236 amazon-ssm-agent.amazon-ssm-agent[2206]: Error occurred fetching the seelog config file path:  open /etc/amazon/ssm/seelog.xml: no such file or directory
Oct 13 08:49:22 ip-172-31-22-236 amazon-ssm-agent.amazon-ssm-agent[2206]: Initializing new seelog logger
Oct 13 08:49:22 ip-172-31-22-236 amazon-ssm-agent.amazon-ssm-agent[2206]: New Seelog Logger Creation Complete
Oct 13 08:49:22 ip-172-31-22-236 amazon-ssm-agent.amazon-ssm-agent[2206]: 2021-10-13 08:49:22 WARN Error adding the directory '/etc/amazon/ssm' to watcher: no such file or directory
Oct 13 08:49:23 ip-172-31-22-236 amazon-ssm-agent.amazon-ssm-agent[2206]: 2021-10-13 08:49:23 INFO [amazon-ssm-agent] amazon-ssm-agent - v3.0.529.0
Oct 13 08:49:23 ip-172-31-22-236 amazon-ssm-agent.amazon-ssm-agent[2206]: 2021-10-13 08:49:23 INFO [amazon-ssm-agent] OS: linux, Arch: amd64
Oct 13 08:49:23 ip-172-31-22-236 systemd[1]: Started Wait until snapd is fully seeded.
Oct 13 08:49:23 ip-172-31-22-236 systemd[1]: Starting Apply the settings specified in cloud-config...
Oct 13 08:49:24 ip-172-31-22-236 amazon-ssm-agent.amazon-ssm-agent[2206]: 2021-10-13 08:49:24 INFO [amazon-ssm-agent] [LongRunningWorkerContainer] [WorkerProvider] Worker ssm-agent-worker is not running, starting worker process
Oct 13 08:49:24 ip-172-31-22-236 amazon-ssm-agent.amazon-ssm-agent[2206]: 2021-10-13 08:49:24 INFO [amazon-ssm-agent] [LongRunningWorkerContainer] [WorkerProvider] Worker ssm-agent-worker (pid:2290) started
Oct 13 08:49:24 ip-172-31-22-236 amazon-ssm-agent.amazon-ssm-agent[2206]: 2021-10-13 08:49:24 INFO [amazon-ssm-agent] [LongRunningWorkerContainer] Monitor long running worker health every 60 seconds
Oct 13 08:49:24 ip-172-31-22-236 cloud-init[2258]: Cloud-init v. 21.1-19-gbad84ad4-0ubuntu1~18.04.1 running 'modules:config' at Wed, 13 Oct 2021 08:49:23 +0000. Up 25.51 seconds.
Oct 13 08:49:24 ip-172-31-22-236 systemd[1]: Started Apply the settings specified in cloud-config.
Oct 13 08:49:24 ip-172-31-22-236 systemd[1]: Starting EC2 instance hibernation setup agent...
Oct 13 08:49:24 ip-172-31-22-236 /hibinit-agent: Instance Launch has not enabled Hibernation Configured Flag. hibinit-agent exiting!!
Oct 13 08:49:24 ip-172-31-22-236 hibinit-agent[2312]: Instance Launch has not enabled Hibernation Configured Flag. hibinit-agent exiting!!
Oct 13 08:49:24 ip-172-31-22-236 systemd[1]: Started EC2 instance hibernation setup agent.
Oct 13 08:49:24 ip-172-31-22-236 systemd[1]: Reached target Multi-User System.
Oct 13 08:49:24 ip-172-31-22-236 systemd[1]: Reached target Graphical Interface.
Oct 13 08:49:24 ip-172-31-22-236 systemd[1]: Starting Execute cloud user/final scripts...
Oct 13 08:49:24 ip-172-31-22-236 systemd[1]: Starting Update UTMP about System Runlevel Changes...
Oct 13 08:49:24 ip-172-31-22-236 systemd[1]: Started Update UTMP about System Runlevel Changes.
Oct 13 08:49:25 ip-172-31-22-236 ec2: 
Oct 13 08:49:25 ip-172-31-22-236 ec2: #############################################################
Oct 13 08:49:25 ip-172-31-22-236 ec2: -----BEGIN SSH HOST KEY FINGERPRINTS-----
Oct 13 08:49:25 ip-172-31-22-236 ec2: 1024 SHA256:03tD/FJ0MwB2j+gm+M+UkVt+H/bjL5poQQpyM8GQ97M root@ip-172-31-22-236 (DSA)
Oct 13 08:49:25 ip-172-31-22-236 ec2: 256 SHA256:g+yjyvyhPp+1KnYEHkkDTNOot9s05qrcU/cpdkgEdEg root@ip-172-31-22-236 (ECDSA)
Oct 13 08:49:25 ip-172-31-22-236 ec2: 256 SHA256:cvVGWxNyv/Lcgi5KOijxQCk9jydAG0wn/ydNs2+cmHQ root@ip-172-31-22-236 (ED25519)
Oct 13 08:49:25 ip-172-31-22-236 ec2: 2048 SHA256:hBU80WW05dktnFRPAypkiPJStLZgIYV3M/Clh48JcXU root@ip-172-31-22-236 (RSA)
Oct 13 08:49:25 ip-172-31-22-236 ec2: -----END SSH HOST KEY FINGERPRINTS-----
Oct 13 08:49:25 ip-172-31-22-236 ec2: #############################################################
Oct 13 08:49:25 ip-172-31-22-236 systemd[1]: Started Execute cloud user/final scripts.
Oct 13 08:49:25 ip-172-31-22-236 systemd[1]: Reached target Cloud-init target.
Oct 13 08:49:25 ip-172-31-22-236 systemd[1]: Startup finished in 5.355s (kernel) + 21.626s (userspace) = 26.982s.
Oct 13 08:49:25 ip-172-31-22-236 cloud-init[2338]: Cloud-init v. 21.1-19-gbad84ad4-0ubuntu1~18.04.1 running 'modules:final' at Wed, 13 Oct 2021 08:49:25 +0000. Up 26.74 seconds.
Oct 13 08:49:25 ip-172-31-22-236 cloud-init[2338]: Cloud-init v. 21.1-19-gbad84ad4-0ubuntu1~18.04.1 finished at Wed, 13 Oct 2021 08:49:25 +0000. Datasource DataSourceEc2Local.  Up 26.93 seconds
Oct 13 08:49:39 ip-172-31-22-236 systemd-timesyncd[647]: Synchronized to time server 91.189.91.157:123 (ntp.ubuntu.com).
Oct 13 09:03:59 ip-172-31-22-236 systemd[1]: Starting Cleanup of Temporary Directories...
Oct 13 09:03:59 ip-172-31-22-236 systemd[1]: Started Cleanup of Temporary Directories.
Oct 13 09:17:01 ip-172-31-22-236 CRON[2484]: (root) CMD (   cd / && run-parts --report /etc/cron.hourly)
Oct 13 09:19:09 ip-172-31-22-236 systemd-timesyncd[647]: Network configuration changed, trying to establish connection.
Oct 13 09:19:09 ip-172-31-22-236 systemd-networkd[839]: eth0: Configured
Oct 13 09:19:09 ip-172-31-22-236 systemd-timesyncd[647]: Synchronized to time server 91.189.91.157:123 (ntp.ubuntu.com).
Oct 13 09:49:09 ip-172-31-22-236 systemd-timesyncd[647]: Network configuration changed, trying to establish connection.
Oct 13 09:49:09 ip-172-31-22-236 systemd-networkd[839]: eth0: Configured
Oct 13 09:49:09 ip-172-31-22-236 systemd-timesyncd[647]: Synchronized to time server 91.189.91.157:123 (ntp.ubuntu.com).
Oct 13 10:06:49 ip-172-31-22-236 systemd[1]: Created slice User Slice of ubuntu.
Oct 13 10:06:49 ip-172-31-22-236 systemd[1]: Starting User Manager for UID 1000...
Oct 13 10:06:49 ip-172-31-22-236 systemd[1]: Started Session 2 of user ubuntu.
Oct 13 10:06:49 ip-172-31-22-236 systemd[2553]: Reached target Timers.
Oct 13 10:06:49 ip-172-31-22-236 systemd[2553]: Listening on GnuPG cryptographic agent and passphrase cache.
Oct 13 10:06:49 ip-172-31-22-236 systemd[2553]: Listening on GnuPG cryptographic agent and passphrase cache (restricted).
Oct 13 10:06:49 ip-172-31-22-236 systemd[2553]: Listening on GnuPG cryptographic agent and passphrase cache (access for web browsers).
Oct 13 10:06:49 ip-172-31-22-236 systemd[2553]: Listening on GnuPG cryptographic agent (ssh-agent emulation).
Oct 13 10:06:49 ip-172-31-22-236 systemd[2553]: Reached target Paths.
Oct 13 10:06:49 ip-172-31-22-236 systemd[2553]: Listening on GnuPG network certificate management daemon.
Oct 13 10:06:49 ip-172-31-22-236 systemd[2553]: Listening on REST API socket for snapd user session agent.
Oct 13 10:06:49 ip-172-31-22-236 systemd[2553]: Reached target Sockets.
Oct 13 10:06:49 ip-172-31-22-236 systemd[2553]: Reached target Basic System.
Oct 13 10:06:49 ip-172-31-22-236 systemd[2553]: Reached target Default.
Oct 13 10:06:49 ip-172-31-22-236 systemd[2553]: Startup finished in 62ms.
Oct 13 10:06:49 ip-172-31-22-236 systemd[1]: Started User Manager for UID 1000.
Oct 13 10:06:53 ip-172-31-22-236 systemd[1]: Started Session 4 of user ubuntu.
Oct 13 10:17:01 ip-172-31-22-236 CRON[2786]: (root) CMD (   cd / && run-parts --report /etc/cron.hourly)
Oct 13 10:19:09 ip-172-31-22-236 systemd-timesyncd[647]: Network configuration changed, trying to establish connection.
Oct 13 10:19:09 ip-172-31-22-236 systemd-networkd[839]: eth0: Configured
Oct 13 10:19:09 ip-172-31-22-236 systemd-timesyncd[647]: Synchronized to time server 91.189.91.157:123 (ntp.ubuntu.com).
Oct 13 10:21:18 ip-172-31-22-236 kernel: [ 5540.665080] SGI XFS with ACLs, security attributes, realtime, no debug enabled
Oct 13 10:23:41 ip-172-31-22-236 systemd[1]: Stopped target Timers.
Oct 13 10:23:41 ip-172-31-22-236 systemd[1]: Stopping Availability of block devices...
Oct 13 10:23:41 ip-172-31-22-236 systemd[1]: Stopping Authorization Manager...
Oct 13 10:23:41 ip-172-31-22-236 systemd[1]: Stopped Daily apt upgrade and clean activities.
Oct 13 10:23:41 ip-172-31-22-236 systemd[1]: Stopped target Cloud-init target.
Oct 13 10:23:41 ip-172-31-22-236 systemd[1]: Stopped target Host and Network Name Lookups.
Oct 13 10:23:41 ip-172-31-22-236 systemd[1]: Stopping ACPI event daemon...
Oct 13 10:23:41 ip-172-31-22-236 systemd[1]: Closed Load/Save RF Kill Switch Status /dev/rfkill Watch.
Oct 13 10:23:41 ip-172-31-22-236 blkdeactivate[11651]: Deactivating block devices:
Oct 13 10:23:41 ip-172-31-22-236 snapd[1769]: main.go:155: Exiting on terminated signal.
Oct 13 10:23:41 ip-172-31-22-236 systemd[1]: Stopped Daily Cleanup of Temporary Directories.
Oct 13 10:23:41 ip-172-31-22-236 systemd[1]: Stopping Session 2 of user ubuntu.
Oct 13 10:23:41 ip-172-31-22-236 systemd[1]: Stopped Message of the Day.
Oct 13 10:23:41 ip-172-31-22-236 systemd[1]: Stopping Session 4 of user ubuntu.
Oct 13 10:23:41 ip-172-31-22-236 systemd[1]: Stopped Discard unused blocks once a week.
Oct 13 10:23:41 ip-172-31-22-236 systemd[1]: Stopped target Graphical Interface.
