Oct 13 08:46:59 ip-172-31-27-41 keyboard-setup.sh[460]: cannot open file /run/tmpkbd.1f9MVw
Oct 13 08:46:59 ip-172-31-27-41 kernel: [    0.000000] Linux version 5.4.0-1045-aws (buildd@lgw01-amd64-003) (gcc version 7.5.0 (Ubuntu 7.5.0-3ubuntu1~18.04)) #47~18.04.1-Ubuntu SMP Tue Apr 13 15:58:14 UTC 2021 (Ubuntu 5.4.0-1045.47~18.04.1-aws 5.4.101)
Oct 13 08:46:59 ip-172-31-27-41 kernel: [    0.000000] Command line: BOOT_IMAGE=/boot/vmlinuz-5.4.0-1045-aws root=LABEL=cloudimg-rootfs ro console=tty1 console=ttyS0 nvme_core.io_timeout=4294967295
Oct 13 08:46:59 ip-172-31-27-41 kernel: [    0.000000] KERNEL supported cpus:
Oct 13 08:46:59 ip-172-31-27-41 kernel: [    0.000000]   Intel GenuineIntel
Oct 13 08:46:59 ip-172-31-27-41 kernel: [    0.000000]   AMD AuthenticAMD
Oct 13 08:46:59 ip-172-31-27-41 systemd-modules-load[457]: Inserted module 'iscsi_tcp'
Oct 13 08:46:59 ip-172-31-27-41 kernel: [    0.000000]   Hygon HygonGenuine
Oct 13 08:46:59 ip-172-31-27-41 systemd[1]: Mounted Kernel Debug File System.
Oct 13 08:46:59 ip-172-31-27-41 kernel: [    0.000000]   Centaur CentaurHauls
Oct 13 08:46:59 ip-172-31-27-41 kernel: [    0.000000]   zhaoxin   Shanghai  
Oct 13 08:46:59 ip-172-31-27-41 kernel: [    0.000000] x86/fpu: Supporting XSAVE feature 0x001: 'x87 floating point registers'
Oct 13 08:46:59 ip-172-31-27-41 systemd[1]: Starting Create Static Device Nodes in /dev...
Oct 13 08:46:59 ip-172-31-27-41 kernel: [    0.000000] x86/fpu: Supporting XSAVE feature 0x002: 'SSE registers'
Oct 13 08:46:59 ip-172-31-27-41 kernel: [    0.000000] x86/fpu: Supporting XSAVE feature 0x004: 'AVX registers'
Oct 13 08:46:59 ip-172-31-27-41 kernel: [    0.000000] x86/fpu: xstate_offset[2]:  576, xstate_sizes[2]:  256
Oct 13 08:46:59 ip-172-31-27-41 kernel: [    0.000000] x86/fpu: Enabled xstate features 0x7, context size is 832 bytes, using 'standard' format.
Oct 13 08:46:59 ip-172-31-27-41 kernel: [    0.000000] BIOS-provided physical RAM map:
Oct 13 08:46:59 ip-172-31-27-41 kernel: [    0.000000] BIOS-e820: [mem 0x0000000000000000-0x000000000009dfff] usable
Oct 13 08:46:59 ip-172-31-27-41 kernel: [    0.000000] BIOS-e820: [mem 0x000000000009e000-0x000000000009ffff] reserved
Oct 13 08:46:59 ip-172-31-27-41 systemd[1]: Started Remount Root and Kernel File Systems.
Oct 13 08:46:59 ip-172-31-27-41 kernel: [    0.000000] BIOS-e820: [mem 0x00000000000e0000-0x00000000000fffff] reserved
Oct 13 08:46:59 ip-172-31-27-41 systemd[1]: Starting Load/Save Random Seed...
Oct 13 08:46:59 ip-172-31-27-41 kernel: [    0.000000] BIOS-e820: [mem 0x0000000000100000-0x00000000efffffff] usable
Oct 13 08:46:59 ip-172-31-27-41 kernel: [    0.000000] BIOS-e820: [mem 0x00000000fc000000-0x00000000ffffffff] reserved
Oct 13 08:46:59 ip-172-31-27-41 kernel: [    0.000000] BIOS-e820: [mem 0x0000000100000000-0x000000080fffffff] usable
Oct 13 08:46:59 ip-172-31-27-41 systemd[1]: Starting Flush Journal to Persistent Storage...
Oct 13 08:46:59 ip-172-31-27-41 kernel: [    0.000000] NX (Execute Disable) protection: active
Oct 13 08:46:59 ip-172-31-27-41 kernel: [    0.000000] SMBIOS 2.7 present.
Oct 13 08:46:59 ip-172-31-27-41 kernel: [    0.000000] DMI: Xen HVM domU, BIOS 4.2.amazon 08/24/2006
Oct 13 08:46:59 ip-172-31-27-41 systemd[1]: Started Load/Save Random Seed.
Oct 13 08:46:59 ip-172-31-27-41 kernel: [    0.000000] Hypervisor detected: Xen HVM
Oct 13 08:46:59 ip-172-31-27-41 kernel: [    0.000000] Xen version 4.2.
Oct 13 08:46:59 ip-172-31-27-41 kernel: [    0.000000] Xen Platform PCI: I/O protocol version 1
Oct 13 08:46:59 ip-172-31-27-41 systemd[1]: Started Create Static Device Nodes in /dev.
Oct 13 08:46:59 ip-172-31-27-41 kernel: [    0.000000] Netfront and the Xen platform PCI driver have been compiled for this kernel: unplug emulated NICs.
Oct 13 08:46:59 ip-172-31-27-41 kernel: [    0.000000] Blkfront and the Xen platform PCI driver have been compiled for this kernel: unplug emulated disks.
Oct 13 08:46:59 ip-172-31-27-41 systemd[1]: Starting udev Kernel Device Manager...
Oct 13 08:46:59 ip-172-31-27-41 kernel: [    0.000000] You might have to change the root device
Oct 13 08:46:59 ip-172-31-27-41 kernel: [    0.000000] from /dev/hd[a-d] to /dev/xvd[a-d]
Oct 13 08:46:59 ip-172-31-27-41 systemd[1]: Started LVM2 metadata daemon.
Oct 13 08:46:59 ip-172-31-27-41 kernel: [    0.000000] in your root= kernel command line option
Oct 13 08:46:59 ip-172-31-27-41 kernel: [    0.000002] HVMOP_pagetable_dying not supported
Oct 13 08:46:59 ip-172-31-27-41 kernel: [    0.015460] tsc: Fast TSC calibration using PIT
Oct 13 08:46:59 ip-172-31-27-41 kernel: [    0.015463] tsc: Detected 2300.125 MHz processor
Oct 13 08:46:59 ip-172-31-27-41 systemd-modules-load[457]: Inserted module 'ib_iser'
Oct 13 08:46:59 ip-172-31-27-41 kernel: [    0.015464] tsc: Detected 2300.026 MHz TSC
Oct 13 08:46:59 ip-172-31-27-41 kernel: [    0.016481] e820: update [mem 0x00000000-0x00000fff] usable ==> reserved
Oct 13 08:46:59 ip-172-31-27-41 systemd[1]: Started Load Kernel Modules.
Oct 13 08:46:59 ip-172-31-27-41 kernel: [    0.016483] e820: remove [mem 0x000a0000-0x000fffff] usable
Oct 13 08:46:59 ip-172-31-27-41 kernel: [    0.016487] last_pfn = 0x810000 max_arch_pfn = 0x400000000
Oct 13 08:46:59 ip-172-31-27-41 kernel: [    0.016512] MTRR default type: write-back
Oct 13 08:46:59 ip-172-31-27-41 systemd[1]: Mounting FUSE Control File System...
Oct 13 08:46:59 ip-172-31-27-41 kernel: [    0.016512] MTRR fixed ranges enabled:
Oct 13 08:46:59 ip-172-31-27-41 kernel: [    0.016514]   00000-9FFFF write-back
Oct 13 08:46:59 ip-172-31-27-41 kernel: [    0.016514]   A0000-BFFFF write-combining
Oct 13 08:46:59 ip-172-31-27-41 systemd[1]: Starting Apply Kernel Variables...
Oct 13 08:46:59 ip-172-31-27-41 kernel: [    0.016515]   C0000-FFFFF write-back
Oct 13 08:46:59 ip-172-31-27-41 systemd[1]: Mounting Kernel Configuration File System...
Oct 13 08:46:59 ip-172-31-27-41 kernel: [    0.016516] MTRR variable ranges enabled:
Oct 13 08:46:59 ip-172-31-27-41 kernel: [    0.016517]   0 base 0000F0000000 mask 3FFFF8000000 uncachable
Oct 13 08:46:59 ip-172-31-27-41 systemd[1]: Started udev Coldplug all Devices.
Oct 13 08:46:59 ip-172-31-27-41 systemd[1]: Mounted FUSE Control File System.
Oct 13 08:46:59 ip-172-31-27-41 systemd[1]: Mounted Kernel Configuration File System.
Oct 13 08:46:59 ip-172-31-27-41 systemd[1]: Started Monitoring of LVM2 mirrors, snapshots etc. using dmeventd or progress polling.
Oct 13 08:46:59 ip-172-31-27-41 kernel: [    0.016518]   1 base 0000F8000000 mask 3FFFFC000000 uncachable
Oct 13 08:46:59 ip-172-31-27-41 systemd[1]: Started Flush Journal to Persistent Storage.
Oct 13 08:46:59 ip-172-31-27-41 kernel: [    0.016519]   2 disabled
Oct 13 08:46:59 ip-172-31-27-41 systemd[1]: Started Apply Kernel Variables.
Oct 13 08:46:59 ip-172-31-27-41 kernel: [    0.016519]   3 disabled
Oct 13 08:46:59 ip-172-31-27-41 kernel: [    0.016520]   4 disabled
Oct 13 08:46:59 ip-172-31-27-41 kernel: [    0.016520]   5 disabled
Oct 13 08:46:59 ip-172-31-27-41 systemd[1]: Started udev Kernel Device Manager.
Oct 13 08:46:59 ip-172-31-27-41 systemd[1]: Found device /dev/ttyS0.
Oct 13 08:46:59 ip-172-31-27-41 kernel: [    0.016521]   6 disabled
Oct 13 08:46:59 ip-172-31-27-41 kernel: [    0.016521]   7 disabled
Oct 13 08:46:59 ip-172-31-27-41 kernel: [    0.016530] x86/PAT: Configuration [0-7]: WB  WC  UC- UC  WB  WP  UC- WT  
Oct 13 08:46:59 ip-172-31-27-41 kernel: [    0.016538] last_pfn = 0xf0000 max_arch_pfn = 0x400000000
Oct 13 08:46:59 ip-172-31-27-41 kernel: [    0.023589] found SMP MP-table at [mem 0x000fbc50-0x000fbc5f]
Oct 13 08:46:59 ip-172-31-27-41 systemd-udevd[555]: link_config: autonegotiation is unset or enabled, the speed and duplex are not writable.
Oct 13 08:46:59 ip-172-31-27-41 kernel: [    0.023669] check: Scanning 1 areas for low memory corruption
Oct 13 08:46:59 ip-172-31-27-41 systemd[1]: Listening on Load/Save RF Kill Switch Status /dev/rfkill Watch.
Oct 13 08:46:59 ip-172-31-27-41 systemd-udevd[553]: link_config: autonegotiation is unset or enabled, the speed and duplex are not writable.
Oct 13 08:46:59 ip-172-31-27-41 kernel: [    0.023752] Using GB pages for direct mapping
Oct 13 08:46:59 ip-172-31-27-41 systemd[1]: Started Set the console keyboard layout.
Oct 13 08:46:59 ip-172-31-27-41 kernel: [    0.023961] RAMDISK: [mem 0x356c9000-0x36b5bfff]
Oct 13 08:46:59 ip-172-31-27-41 kernel: [    0.024006] ACPI: Early table checksum verification disabled
Oct 13 08:46:59 ip-172-31-27-41 systemd[1]: Started Dispatch Password Requests to Console Directory Watch.
Oct 13 08:46:59 ip-172-31-27-41 kernel: [    0.024010] ACPI: RSDP 0x00000000000EA020 000024 (v02 Xen   )
Oct 13 08:46:59 ip-172-31-27-41 kernel: [    0.024013] ACPI: XSDT 0x00000000FC00E2A0 000054 (v01 Xen    HVM      00000000 HVML 00000000)
Oct 13 08:46:59 ip-172-31-27-41 kernel: [    0.024018] ACPI: FACP 0x00000000FC00DF60 0000F4 (v04 Xen    HVM      00000000 HVML 00000000)
Oct 13 08:46:59 ip-172-31-27-41 systemd[1]: Reached target Local Encrypted Volumes.
Oct 13 08:46:59 ip-172-31-27-41 kernel: [    0.024023] ACPI: DSDT 0x00000000FC0021C0 00BD19 (v02 Xen    HVM      00000000 INTL 20090123)
Oct 13 08:46:59 ip-172-31-27-41 kernel: [    0.024026] ACPI: FACS 0x00000000FC002180 000040
Oct 13 08:46:59 ip-172-31-27-41 kernel: [    0.024028] ACPI: FACS 0x00000000FC002180 000040
Oct 13 08:46:59 ip-172-31-27-41 kernel: [    0.024030] ACPI: APIC 0x00000000FC00E060 0000D8 (v02 Xen    HVM      00000000 HVML 00000000)
Oct 13 08:46:59 ip-172-31-27-41 kernel: [    0.024033] ACPI: HPET 0x00000000FC00E1B0 000038 (v01 Xen    HVM      00000000 HVML 00000000)
Oct 13 08:46:59 ip-172-31-27-41 kernel: [    0.024035] ACPI: WAET 0x00000000FC00E1F0 000028 (v01 Xen    HVM      00000000 HVML 00000000)
Oct 13 08:46:59 ip-172-31-27-41 systemd[1]: Reached target Local File Systems (Pre).
Oct 13 08:46:59 ip-172-31-27-41 kernel: [    0.024038] ACPI: SSDT 0x00000000FC00E220 000031 (v02 Xen    HVM      00000000 INTL 20090123)
Oct 13 08:46:59 ip-172-31-27-41 systemd[1]: Reached target Local File Systems.
Oct 13 08:46:59 ip-172-31-27-41 kernel: [    0.024040] ACPI: SSDT 0x00000000FC00E260 000033 (v02 Xen    HVM      00000000 INTL 20090123)
Oct 13 08:46:59 ip-172-31-27-41 kernel: [    0.024047] ACPI: Local APIC address 0xfee00000
Oct 13 08:46:59 ip-172-31-27-41 kernel: [    0.025140] No NUMA configuration found
Oct 13 08:46:59 ip-172-31-27-41 systemd[1]: Starting Create Volatile Files and Directories...
Oct 13 08:46:59 ip-172-31-27-41 kernel: [    0.025143] Faking a node at [mem 0x0000000000000000-0x000000080fffffff]
Oct 13 08:46:59 ip-172-31-27-41 kernel: [    0.025153] NODE_DATA(0) allocated [mem 0x80ffd5000-0x80fffffff]
Oct 13 08:46:59 ip-172-31-27-41 kernel: [    0.025414] Zone ranges:
Oct 13 08:46:59 ip-172-31-27-41 systemd[1]: Starting Tell Plymouth To Write Out Runtime Data...
Oct 13 08:46:59 ip-172-31-27-41 kernel: [    0.025419]   DMA      [mem 0x0000000000001000-0x0000000000ffffff]
Oct 13 08:46:59 ip-172-31-27-41 kernel: [    0.025420]   DMA32    [mem 0x0000000001000000-0x00000000ffffffff]
Oct 13 08:46:59 ip-172-31-27-41 systemd[1]: Starting Set console font and keymap...
Oct 13 08:46:59 ip-172-31-27-41 kernel: [    0.025422]   Normal   [mem 0x0000000100000000-0x000000080fffffff]
Oct 13 08:46:59 ip-172-31-27-41 kernel: [    0.025423]   Device   empty
Oct 13 08:46:59 ip-172-31-27-41 kernel: [    0.025424] Movable zone start for each node
Oct 13 08:46:59 ip-172-31-27-41 systemd[1]: Starting Commit a transient machine-id on disk...
Oct 13 08:46:59 ip-172-31-27-41 kernel: [    0.025427] Early memory node ranges
Oct 13 08:46:59 ip-172-31-27-41 kernel: [    0.025428]   node   0: [mem 0x0000000000001000-0x000000000009dfff]
Oct 13 08:46:59 ip-172-31-27-41 systemd[1]: Starting AppArmor initialization...
Oct 13 08:46:59 ip-172-31-27-41 kernel: [    0.025430]   node   0: [mem 0x0000000000100000-0x00000000efffffff]
Oct 13 08:46:59 ip-172-31-27-41 kernel: [    0.025431]   node   0: [mem 0x0000000100000000-0x000000080fffffff]
Oct 13 08:46:59 ip-172-31-27-41 kernel: [    0.025439] Zeroed struct page in unavailable ranges: 99 pages
Oct 13 08:46:59 ip-172-31-27-41 kernel: [    0.025440] Initmem setup node 0 [mem 0x0000000000001000-0x000000080fffffff]
Oct 13 08:46:59 ip-172-31-27-41 systemd[1]: Starting ebtables ruleset management...
Oct 13 08:46:59 ip-172-31-27-41 kernel: [    0.025442] On node 0 totalpages: 8388509
Oct 13 08:46:59 ip-172-31-27-41 kernel: [    0.025443]   DMA zone: 64 pages used for memmap
Oct 13 08:46:59 ip-172-31-27-41 kernel: [    0.025443]   DMA zone: 21 pages reserved
Oct 13 08:46:59 ip-172-31-27-41 systemd[1]: Started Create Volatile Files and Directories.
Oct 13 08:46:59 ip-172-31-27-41 kernel: [    0.025444]   DMA zone: 3997 pages, LIFO batch:0
Oct 13 08:46:59 ip-172-31-27-41 kernel: [    0.025532]   DMA32 zone: 15296 pages used for memmap
Oct 13 08:46:59 ip-172-31-27-41 systemd[1]: Started Set console font and keymap.
Oct 13 08:46:59 ip-172-31-27-41 kernel: [    0.025533]   DMA32 zone: 978944 pages, LIFO batch:63
Oct 13 08:46:59 ip-172-31-27-41 kernel: [    0.039381]   Normal zone: 115712 pages used for memmap
Oct 13 08:46:59 ip-172-31-27-41 systemd[1]: Starting Network Time Synchronization...
Oct 13 08:46:59 ip-172-31-27-41 kernel: [    0.039382]   Normal zone: 7405568 pages, LIFO batch:63
Oct 13 08:46:59 ip-172-31-27-41 kernel: [    0.145203] ACPI: PM-Timer IO Port: 0xb008
Oct 13 08:46:59 ip-172-31-27-41 kernel: [    0.145208] ACPI: Local APIC address 0xfee00000
Oct 13 08:46:59 ip-172-31-27-41 kernel: [    0.145262] IOAPIC[0]: apic_id 1, version 17, address 0xfec00000, GSI 0-47
Oct 13 08:46:59 ip-172-31-27-41 kernel: [    0.145265] ACPI: INT_SRC_OVR (bus 0 bus_irq 0 global_irq 2 dfl dfl)
Oct 13 08:46:59 ip-172-31-27-41 kernel: [    0.145267] ACPI: INT_SRC_OVR (bus 0 bus_irq 5 global_irq 5 low level)
Oct 13 08:46:59 ip-172-31-27-41 systemd[1]: Starting Update UTMP about System Boot/Shutdown...
Oct 13 08:46:59 ip-172-31-27-41 systemd[1]: Started Commit a transient machine-id on disk.
Oct 13 08:46:59 ip-172-31-27-41 kernel: [    0.145268] ACPI: INT_SRC_OVR (bus 0 bus_irq 10 global_irq 10 low level)
Oct 13 08:46:59 ip-172-31-27-41 systemd[1]: Started Tell Plymouth To Write Out Runtime Data.
Oct 13 08:46:59 ip-172-31-27-41 systemd[1]: Started Update UTMP about System Boot/Shutdown.
Oct 13 08:46:59 ip-172-31-27-41 kernel: [    0.145269] ACPI: INT_SRC_OVR (bus 0 bus_irq 11 global_irq 11 low level)
Oct 13 08:46:59 ip-172-31-27-41 kernel: [    0.145270] ACPI: IRQ0 used by override.
Oct 13 08:46:59 ip-172-31-27-41 kernel: [    0.145271] ACPI: IRQ5 used by override.
Oct 13 08:46:59 ip-172-31-27-41 kernel: [    0.145272] ACPI: IRQ9 used by override.
Oct 13 08:46:59 ip-172-31-27-41 apparmor[628]:  * Starting AppArmor profiles
Oct 13 08:46:59 ip-172-31-27-41 kernel: [    0.145272] ACPI: IRQ10 used by override.
Oct 13 08:46:59 ip-172-31-27-41 kernel: [    0.145273] ACPI: IRQ11 used by override.
Oct 13 08:46:59 ip-172-31-27-41 kernel: [    0.145275] Using ACPI (MADT) for SMP configuration information
Oct 13 08:46:59 ip-172-31-27-41 systemd[1]: Started ebtables ruleset management.
Oct 13 08:46:59 ip-172-31-27-41 kernel: [    0.145276] ACPI: HPET id: 0x8086a201 base: 0xfed00000
Oct 13 08:46:59 ip-172-31-27-41 kernel: [    0.145281] TSC deadline timer available
Oct 13 08:46:59 ip-172-31-27-41 systemd[1]: Started Network Time Synchronization.
Oct 13 08:46:59 ip-172-31-27-41 kernel: [    0.145287] smpboot: Allowing 15 CPUs, 7 hotplug CPUs
Oct 13 08:46:59 ip-172-31-27-41 systemd[1]: Reached target System Time Synchronized.
Oct 13 08:46:59 ip-172-31-27-41 apparmor[628]: Skipping profile in /etc/apparmor.d/disable: usr.sbin.rsyslogd
Oct 13 08:46:59 ip-172-31-27-41 apparmor[628]:    ...done.
Oct 13 08:46:59 ip-172-31-27-41 systemd[1]: Started AppArmor initialization.
Oct 13 08:46:59 ip-172-31-27-41 systemd[1]: Starting Load AppArmor profiles managed internally by snapd...
Oct 13 08:46:59 ip-172-31-27-41 systemd[1]: Starting Initial cloud-init job (pre-networking)...
Oct 13 08:46:59 ip-172-31-27-41 snapd-apparmor[748]: find: ‘/var/lib/snapd/apparmor/profiles/’: No such file or directory
Oct 13 08:46:59 ip-172-31-27-41 systemd[1]: Started Load AppArmor profiles managed internally by snapd.
Oct 13 08:46:59 ip-172-31-27-41 dhclient[812]: Internet Systems Consortium DHCP Client 4.3.5
Oct 13 08:46:59 ip-172-31-27-41 dhclient[812]: Copyright 2004-2016 Internet Systems Consortium.
Oct 13 08:46:59 ip-172-31-27-41 dhclient[812]: All rights reserved.
Oct 13 08:46:59 ip-172-31-27-41 dhclient[812]: For info, please visit https://www.isc.org/software/dhcp/
Oct 13 08:46:59 ip-172-31-27-41 dhclient[812]: 
Oct 13 08:46:59 ip-172-31-27-41 dhclient[812]: Listening on LPF/eth0/02:d9:06:4e:3e:81
Oct 13 08:46:59 ip-172-31-27-41 dhclient[812]: Sending on   LPF/eth0/02:d9:06:4e:3e:81
Oct 13 08:46:59 ip-172-31-27-41 dhclient[812]: Sending on   Socket/fallback
Oct 13 08:46:59 ip-172-31-27-41 dhclient[812]: DHCPDISCOVER on eth0 to 255.255.255.255 port 67 interval 3 (xid=0x3ccd0b2d)
Oct 13 08:46:59 ip-172-31-27-41 dhclient[812]: DHCPREQUEST of 172.31.27.41 on eth0 to 255.255.255.255 port 67 (xid=0x2d0bcd3c)
Oct 13 08:46:59 ip-172-31-27-41 dhclient[812]: DHCPOFFER of 172.31.27.41 from 172.31.16.1
Oct 13 08:46:59 ip-172-31-27-41 dhclient[812]: DHCPACK of 172.31.27.41 from 172.31.16.1
Oct 13 08:46:59 ip-172-31-27-41 dhclient[812]: bound to 172.31.27.41 -- renewal in 1423 seconds.
Oct 13 08:46:59 ip-172-31-27-41 cloud-init[754]: Cloud-init v. 21.1-19-gbad84ad4-0ubuntu1~18.04.1 running 'init-local' at Wed, 13 Oct 2021 08:46:54 +0000. Up 8.73 seconds.
Oct 13 08:46:59 ip-172-31-27-41 systemd[1]: Started Initial cloud-init job (pre-networking).
Oct 13 08:46:59 ip-172-31-27-41 systemd[1]: Reached target Network (Pre).
Oct 13 08:46:59 ip-172-31-27-41 systemd[1]: Starting Network Service...
Oct 13 08:46:59 ip-172-31-27-41 systemd-networkd[836]: Enumeration completed
Oct 13 08:46:59 ip-172-31-27-41 systemd[1]: Started Network Service.
Oct 13 08:46:59 ip-172-31-27-41 systemd-networkd[836]: eth0: Link UP
Oct 13 08:46:59 ip-172-31-27-41 systemd-networkd[836]: eth0: Gained carrier
Oct 13 08:46:59 ip-172-31-27-41 systemd-timesyncd[650]: Network configuration changed, trying to establish connection.
Oct 13 08:46:59 ip-172-31-27-41 systemd-networkd[836]: eth0: Link DOWN
Oct 13 08:46:59 ip-172-31-27-41 systemd-networkd[836]: eth0: Lost carrier
Oct 13 08:46:59 ip-172-31-27-41 systemd-networkd[836]: eth0: Removing non-existent address: fe80::d9:6ff:fe4e:3e81/64 (valid forever), ignoring
Oct 13 08:46:59 ip-172-31-27-41 systemd-networkd[836]: eth0: IPv6 successfully enabled
Oct 13 08:46:59 ip-172-31-27-41 systemd-networkd[836]: lo: Link is not managed by us
Oct 13 08:46:59 ip-172-31-27-41 systemd-networkd[836]: eth0: Link UP
Oct 13 08:46:59 ip-172-31-27-41 systemd[1]: Starting Network Name Resolution...
Oct 13 08:46:59 ip-172-31-27-41 systemd[1]: Starting Wait for Network to be Configured...
Oct 13 08:46:59 ip-172-31-27-41 systemd-resolved[859]: Positive Trust Anchors:
Oct 13 08:46:59 ip-172-31-27-41 systemd-resolved[859]: . IN DS 19036 8 2 49aac11d7b6f6446702e54a1607371607a1a41855200fd2ce1cdde32f24e8fb5
Oct 13 08:46:59 ip-172-31-27-41 systemd-resolved[859]: . IN DS 20326 8 2 e06d44b80b8f1d39a95c0b0d7c65d08458e880409bbc683457104237c7f8ec8d
Oct 13 08:46:59 ip-172-31-27-41 systemd-resolved[859]: Negative trust anchors: 10.in-addr.arpa 16.172.in-addr.arpa 17.172.in-addr.arpa 18.172.in-addr.arpa 19.172.in-addr.arpa 20.172.in-addr.arpa 21.172.in-addr.arpa 22.172.in-addr.arpa 23.172.in-addr.arpa 24.172.in-addr.arpa 25.172.in-addr.arpa 26.172.in-addr.arpa 27.172.in-addr.arpa 28.172.in-addr.arpa 29.172.in-addr.arpa 30.172.in-addr.arpa 31.172.in-addr.arpa 168.192.in-addr.arpa d.f.ip6.arpa corp home internal intranet lan local private test
Oct 13 08:46:59 ip-172-31-27-41 systemd-resolved[859]: Using system hostname 'ip-172-31-27-41'.
Oct 13 08:46:59 ip-172-31-27-41 kernel: [    0.145297] PM: Registered nosave memory: [mem 0x00000000-0x00000fff]
Oct 13 08:46:59 ip-172-31-27-41 kernel: [    0.145299] PM: Registered nosave memory: [mem 0x0009e000-0x0009ffff]
Oct 13 08:46:59 ip-172-31-27-41 kernel: [    0.145300] PM: Registered nosave memory: [mem 0x000a0000-0x000dffff]
Oct 13 08:46:59 ip-172-31-27-41 systemd[1]: Started Network Name Resolution.
Oct 13 08:46:59 ip-172-31-27-41 systemd-networkd[836]: eth0: Gained carrier
Oct 13 08:46:59 ip-172-31-27-41 systemd[1]: Reached target Host and Network Name Lookups.
Oct 13 08:46:59 ip-172-31-27-41 kernel: [    0.145300] PM: Registered nosave memory: [mem 0x000e0000-0x000fffff]
Oct 13 08:46:59 ip-172-31-27-41 kernel: [    0.145302] PM: Registered nosave memory: [mem 0xf0000000-0xfbffffff]
Oct 13 08:46:59 ip-172-31-27-41 kernel: [    0.145302] PM: Registered nosave memory: [mem 0xfc000000-0xffffffff]
Oct 13 08:46:59 ip-172-31-27-41 kernel: [    0.145305] [mem 0xf0000000-0xfbffffff] available for PCI devices
Oct 13 08:46:59 ip-172-31-27-41 kernel: [    0.145306] Booting paravirtualized kernel on Xen HVM
Oct 13 08:46:59 ip-172-31-27-41 kernel: [    0.145309] clocksource: refined-jiffies: mask: 0xffffffff max_cycles: 0xffffffff, max_idle_ns: 7645519600211568 ns
Oct 13 08:46:59 ip-172-31-27-41 kernel: [    0.145314] setup_percpu: NR_CPUS:8192 nr_cpumask_bits:15 nr_cpu_ids:15 nr_node_ids:1
Oct 13 08:46:59 ip-172-31-27-41 kernel: [    0.146283] percpu: Embedded 54 pages/cpu s184320 r8192 d28672 u262144
Oct 13 08:46:59 ip-172-31-27-41 systemd[1]: Reached target Network.
Oct 13 08:46:59 ip-172-31-27-41 systemd-networkd[836]: eth0: DHCPv4 address 172.31.27.41/20 via 172.31.16.1
Oct 13 08:46:59 ip-172-31-27-41 systemd-networkd[836]: Not connected to system bus, not setting hostname.
Oct 13 08:46:59 ip-172-31-27-41 systemd-timesyncd[650]: Network configuration changed, trying to establish connection.
Oct 13 08:46:59 ip-172-31-27-41 systemd-networkd[836]: eth0: Gained IPv6LL
Oct 13 08:46:59 ip-172-31-27-41 kernel: [    0.146289] pcpu-alloc: s184320 r8192 d28672 u262144 alloc=1*2097152
Oct 13 08:46:59 ip-172-31-27-41 systemd-networkd[836]: eth0: Configured
Oct 13 08:46:59 ip-172-31-27-41 kernel: [    0.146290] pcpu-alloc: [0] 00 01 02 03 04 05 06 07 [0] 08 09 10 11 12 13 14 -- 
Oct 13 08:46:59 ip-172-31-27-41 kernel: [    0.146315] xen: PV spinlocks enabled
Oct 13 08:46:59 ip-172-31-27-41 kernel: [    0.146318] PV qspinlock hash table entries: 256 (order: 0, 4096 bytes, linear)
Oct 13 08:46:59 ip-172-31-27-41 systemd-timesyncd[650]: Network configuration changed, trying to establish connection.
Oct 13 08:46:59 ip-172-31-27-41 kernel: [    0.146324] Built 1 zonelists, mobility grouping on.  Total pages: 8257416
Oct 13 08:46:59 ip-172-31-27-41 kernel: [    0.146325] Policy zone: Normal
Oct 13 08:46:59 ip-172-31-27-41 kernel: [    0.146327] Kernel command line: BOOT_IMAGE=/boot/vmlinuz-5.4.0-1045-aws root=LABEL=cloudimg-rootfs ro console=tty1 console=ttyS0 nvme_core.io_timeout=4294967295
Oct 13 08:46:59 ip-172-31-27-41 systemd-networkd-wait-online[865]: managing: eth0
Oct 13 08:46:59 ip-172-31-27-41 kernel: [    0.152542] Dentry cache hash table entries: 4194304 (order: 13, 33554432 bytes, linear)
Oct 13 08:46:59 ip-172-31-27-41 systemd-networkd-wait-online[865]: ignoring: lo
Oct 13 08:46:59 ip-172-31-27-41 systemd[1]: Started Wait for Network to be Configured.
Oct 13 08:46:59 ip-172-31-27-41 systemd[1]: Starting Initial cloud-init job (metadata service crawler)...
Oct 13 08:46:59 ip-172-31-27-41 cloud-init[895]: Cloud-init v. 21.1-19-gbad84ad4-0ubuntu1~18.04.1 running 'init' at Wed, 13 Oct 2021 08:46:57 +0000. Up 11.73 seconds.
Oct 13 08:46:59 ip-172-31-27-41 kernel: [    0.155621] Inode-cache hash table entries: 2097152 (order: 12, 16777216 bytes, linear)
Oct 13 08:46:59 ip-172-31-27-41 cloud-init[895]: ci-info: +++++++++++++++++++++++++++++++++++++Net device info++++++++++++++++++++++++++++++++++++++
Oct 13 08:46:59 ip-172-31-27-41 kernel: [    0.155810] mem auto-init: stack:off, heap alloc:on, heap free:off
Oct 13 08:46:59 ip-172-31-27-41 cloud-init[895]: ci-info: +--------+------+---------------------------+---------------+--------+-------------------+
Oct 13 08:46:59 ip-172-31-27-41 cloud-init[895]: ci-info: | Device |  Up  |          Address          |      Mask     | Scope  |     Hw-Address    |
Oct 13 08:46:59 ip-172-31-27-41 cloud-init[895]: ci-info: +--------+------+---------------------------+---------------+--------+-------------------+
Oct 13 08:46:59 ip-172-31-27-41 cloud-init[895]: ci-info: |  eth0  | True |        172.31.27.41       | 255.255.240.0 | global | 02:d9:06:4e:3e:81 |
Oct 13 08:46:59 ip-172-31-27-41 kernel: [    0.168203] Calgary: detecting Calgary via BIOS EBDA area
Oct 13 08:46:59 ip-172-31-27-41 cloud-init[895]: ci-info: |  eth0  | True | fe80::d9:6ff:fe4e:3e81/64 |       .       |  link  | 02:d9:06:4e:3e:81 |
Oct 13 08:46:59 ip-172-31-27-41 cloud-init[895]: ci-info: |   lo   | True |         127.0.0.1         |   255.0.0.0   |  host  |         .         |
Oct 13 08:46:59 ip-172-31-27-41 cloud-init[895]: ci-info: |   lo   | True |          ::1/128          |       .       |  host  |         .         |
Oct 13 08:46:59 ip-172-31-27-41 cloud-init[895]: ci-info: +--------+------+---------------------------+---------------+--------+-------------------+
Oct 13 08:46:59 ip-172-31-27-41 cloud-init[895]: ci-info: ++++++++++++++++++++++++++++++Route IPv4 info++++++++++++++++++++++++++++++
Oct 13 08:46:59 ip-172-31-27-41 cloud-init[895]: ci-info: +-------+-------------+-------------+-----------------+-----------+-------+
Oct 13 08:46:59 ip-172-31-27-41 cloud-init[895]: ci-info: | Route | Destination |   Gateway   |     Genmask     | Interface | Flags |
Oct 13 08:46:59 ip-172-31-27-41 cloud-init[895]: ci-info: +-------+-------------+-------------+-----------------+-----------+-------+
Oct 13 08:46:59 ip-172-31-27-41 cloud-init[895]: ci-info: |   0   |   0.0.0.0   | 172.31.16.1 |     0.0.0.0     |    eth0   |   UG  |
Oct 13 08:46:59 ip-172-31-27-41 cloud-init[895]: ci-info: |   1   | 172.31.16.0 |   0.0.0.0   |  255.255.240.0  |    eth0   |   U   |
Oct 13 08:46:59 ip-172-31-27-41 cloud-init[895]: ci-info: |   2   | 172.31.16.1 |   0.0.0.0   | 255.255.255.255 |    eth0   |   UH  |
Oct 13 08:46:59 ip-172-31-27-41 cloud-init[895]: ci-info: +-------+-------------+-------------+-----------------+-----------+-------+
Oct 13 08:46:59 ip-172-31-27-41 cloud-init[895]: ci-info: +++++++++++++++++++Route IPv6 info+++++++++++++++++++
Oct 13 08:46:59 ip-172-31-27-41 cloud-init[895]: ci-info: +-------+-------------+---------+-----------+-------+
Oct 13 08:46:59 ip-172-31-27-41 cloud-init[895]: ci-info: | Route | Destination | Gateway | Interface | Flags |
Oct 13 08:46:59 ip-172-31-27-41 cloud-init[895]: ci-info: +-------+-------------+---------+-----------+-------+
Oct 13 08:46:59 ip-172-31-27-41 cloud-init[895]: ci-info: |   1   |  fe80::/64  |    ::   |    eth0   |   U   |
Oct 13 08:46:59 ip-172-31-27-41 cloud-init[895]: ci-info: |   3   |    local    |    ::   |    eth0   |   U   |
Oct 13 08:46:59 ip-172-31-27-41 cloud-init[895]: ci-info: |   4   |  multicast  |    ::   |    eth0   |   U   |
Oct 13 08:46:59 ip-172-31-27-41 cloud-init[895]: ci-info: +-------+-------------+---------+-----------+-------+
Oct 13 08:46:59 ip-172-31-27-41 cloud-init[895]: Generating public/private rsa key pair.
Oct 13 08:46:59 ip-172-31-27-41 cloud-init[895]: Your identification has been saved in /etc/ssh/ssh_host_rsa_key.
Oct 13 08:46:59 ip-172-31-27-41 kernel: [    0.168205] Calgary: Unable to locate Rio Grande table in EBDA - bailing!
Oct 13 08:46:59 ip-172-31-27-41 kernel: [    0.262195] Memory: 32857220K/33554036K available (14339K kernel code, 2313K rwdata, 4656K rodata, 2656K init, 5136K bss, 696816K reserved, 0K cma-reserved)
Oct 13 08:46:59 ip-172-31-27-41 cloud-init[895]: Your public key has been saved in /etc/ssh/ssh_host_rsa_key.pub.
Oct 13 08:46:59 ip-172-31-27-41 kernel: [    0.262205] random: get_random_u64 called from __kmem_cache_create+0x41/0x550 with crng_init=0
Oct 13 08:46:59 ip-172-31-27-41 kernel: [    0.262379] SLUB: HWalign=64, Order=0-3, MinObjects=0, CPUs=15, Nodes=1
Oct 13 08:46:59 ip-172-31-27-41 kernel: [    0.262394] Kernel/User page tables isolation: enabled
Oct 13 08:46:59 ip-172-31-27-41 kernel: [    0.262412] ftrace: allocating 42787 entries in 168 pages
Oct 13 08:46:59 ip-172-31-27-41 kernel: [    0.278848] rcu: Hierarchical RCU implementation.
Oct 13 08:46:59 ip-172-31-27-41 kernel: [    0.278851] rcu: 	RCU restricting CPUs from NR_CPUS=8192 to nr_cpu_ids=15.
Oct 13 08:46:59 ip-172-31-27-41 kernel: [    0.278852] 	Tasks RCU enabled.
Oct 13 08:46:59 ip-172-31-27-41 kernel: [    0.278853] rcu: RCU calculated value of scheduler-enlistment delay is 25 jiffies.
Oct 13 08:46:59 ip-172-31-27-41 kernel: [    0.278854] rcu: Adjusting geometry for rcu_fanout_leaf=16, nr_cpu_ids=15
Oct 13 08:46:59 ip-172-31-27-41 kernel: [    0.281573] NR_IRQS: 524544, nr_irqs: 952, preallocated irqs: 16
Oct 13 08:46:59 ip-172-31-27-41 cloud-init[895]: The key fingerprint is:
Oct 13 08:46:59 ip-172-31-27-41 cloud-init[895]: SHA256:7XqhexusxlmM4cpvzWnuxzbb2NTknrDje/KhTLZDpg8 root@ip-172-31-27-41
Oct 13 08:46:59 ip-172-31-27-41 cloud-init[895]: The key's randomart image is:
Oct 13 08:46:59 ip-172-31-27-41 cloud-init[895]: +---[RSA 2048]----+
Oct 13 08:46:59 ip-172-31-27-41 cloud-init[895]: |                 |
Oct 13 08:46:59 ip-172-31-27-41 kernel: [    0.281611] xen:events: Using 2-level ABI
Oct 13 08:46:59 ip-172-31-27-41 kernel: [    0.281658] xen:events: Xen HVM callback vector for event delivery is enabled
Oct 13 08:46:59 ip-172-31-27-41 kernel: [    0.281820] random: crng done (trusting CPU's manufacturer)
Oct 13 08:46:59 ip-172-31-27-41 kernel: [    0.293173] Console: colour VGA+ 80x25
Oct 13 08:46:59 ip-172-31-27-41 cloud-init[895]: message repeated 2 times: [ |                 |]
Oct 13 08:46:59 ip-172-31-27-41 cloud-init[895]: |        ..       |
Oct 13 08:46:59 ip-172-31-27-41 cloud-init[895]: |       .S+.     .|
Oct 13 08:46:59 ip-172-31-27-41 cloud-init[895]: |        oo+  o + |
Oct 13 08:46:59 ip-172-31-27-41 kernel: [    0.428698] printk: console [tty1] enabled
Oct 13 08:46:59 ip-172-31-27-41 cloud-init[895]: |     . o *+E++..o|
Oct 13 08:46:59 ip-172-31-27-41 kernel: [    0.429850] Cannot get hvm parameter CONSOLE_EVTCHN (18): -22!
Oct 13 08:46:59 ip-172-31-27-41 kernel: [    0.857171] printk: console [ttyS0] enabled
Oct 13 08:46:59 ip-172-31-27-41 kernel: [    0.860325] ACPI: Core revision 20190816
Oct 13 08:46:59 ip-172-31-27-41 kernel: [    0.863547] clocksource: hpet: mask: 0xffffffff max_cycles: 0xffffffff, max_idle_ns: 30580167144 ns
Oct 13 08:46:59 ip-172-31-27-41 kernel: [    0.870065] APIC: Switch to symmetric I/O mode setup
Oct 13 08:46:59 ip-172-31-27-41 kernel: [    0.874340] x2apic: IRQ remapping doesn't support X2APIC mode
Oct 13 08:46:59 ip-172-31-27-41 cloud-init[895]: |      o *oBoXO=oo|
Oct 13 08:46:59 ip-172-31-27-41 kernel: [    0.879077] Switched APIC routing to physical flat.
Oct 13 08:46:59 ip-172-31-27-41 kernel: [    0.885136] ..TIMER: vector=0x30 apic1=0 pin1=2 apic2=0 pin2=0
Oct 13 08:46:59 ip-172-31-27-41 cloud-init[895]: |       +=B++=@Xo.|
Oct 13 08:46:59 ip-172-31-27-41 cloud-init[895]: +----[SHA256]-----+
Oct 13 08:46:59 ip-172-31-27-41 cloud-init[895]: Generating public/private dsa key pair.
Oct 13 08:46:59 ip-172-31-27-41 kernel: [    0.889068] clocksource: tsc-early: mask: 0xffffffffffffffff max_cycles: 0x21274dd24f4, max_idle_ns: 440795262072 ns
Oct 13 08:46:59 ip-172-31-27-41 cloud-init[895]: Your identification has been saved in /etc/ssh/ssh_host_dsa_key.
Oct 13 08:46:59 ip-172-31-27-41 kernel: [    0.896369] Calibrating delay loop (skipped), value calculated using timer frequency.. 4600.05 BogoMIPS (lpj=9200104)
Oct 13 08:46:59 ip-172-31-27-41 cloud-init[895]: Your public key has been saved in /etc/ssh/ssh_host_dsa_key.pub.
Oct 13 08:46:59 ip-172-31-27-41 kernel: [    0.904368] pid_max: default: 32768 minimum: 301
Oct 13 08:46:59 ip-172-31-27-41 kernel: [    0.908425] LSM: Security Framework initializing
Oct 13 08:46:59 ip-172-31-27-41 kernel: [    0.912386] Yama: becoming mindful.
Oct 13 08:46:59 ip-172-31-27-41 cloud-init[895]: The key fingerprint is:
Oct 13 08:46:59 ip-172-31-27-41 kernel: [    0.915218] AppArmor: AppArmor initialized
Oct 13 08:46:59 ip-172-31-27-41 cloud-init[895]: SHA256:hNXXPiGTV6b0cG1FGin1YMsaC6xVQb7S2z2CnC+EQzM root@ip-172-31-27-41
Oct 13 08:46:59 ip-172-31-27-41 cloud-init[895]: The key's randomart image is:
Oct 13 08:46:59 ip-172-31-27-41 cloud-init[895]: +---[DSA 1024]----+
Oct 13 08:46:59 ip-172-31-27-41 cloud-init[895]: |        .. .+=B+O|
Oct 13 08:46:59 ip-172-31-27-41 kernel: [    0.916481] Mount-cache hash table entries: 65536 (order: 7, 524288 bytes, linear)
Oct 13 08:46:59 ip-172-31-27-41 cloud-init[895]: |       o ..o*+=%o|
Oct 13 08:46:59 ip-172-31-27-41 kernel: [    0.920452] Mountpoint-cache hash table entries: 65536 (order: 7, 524288 bytes, linear)
Oct 13 08:46:59 ip-172-31-27-41 kernel: [    0.928390] *** VALIDATE tmpfs ***
Oct 13 08:46:59 ip-172-31-27-41 cloud-init[895]: |      . . +.o*=oo|
Oct 13 08:46:59 ip-172-31-27-41 kernel: [    0.931161] *** VALIDATE proc ***
Oct 13 08:46:59 ip-172-31-27-41 kernel: [    0.932436] *** VALIDATE cgroup1 ***
Oct 13 08:46:59 ip-172-31-27-41 cloud-init[895]: |       . E o =o  |
Oct 13 08:46:59 ip-172-31-27-41 cloud-init[895]: |        S = =  . |
Oct 13 08:46:59 ip-172-31-27-41 cloud-init[895]: |         o.ooo . |
Oct 13 08:46:59 ip-172-31-27-41 kernel: [    0.936368] *** VALIDATE cgroup2 ***
Oct 13 08:46:59 ip-172-31-27-41 kernel: [    0.940489] Last level iTLB entries: 4KB 64, 2MB 8, 4MB 8
Oct 13 08:46:59 ip-172-31-27-41 kernel: [    0.944205] Last level dTLB entries: 4KB 64, 2MB 0, 4MB 0, 1GB 4
Oct 13 08:46:59 ip-172-31-27-41 kernel: [    0.944371] Spectre V1 : Mitigation: usercopy/swapgs barriers and __user pointer sanitization
Oct 13 08:46:59 ip-172-31-27-41 kernel: [    0.952368] Spectre V2 : Mitigation: Full generic retpoline
Oct 13 08:46:59 ip-172-31-27-41 kernel: [    0.956368] Spectre V2 : Spectre v2 / SpectreRSB mitigation: Filling RSB on context switch
Oct 13 08:46:59 ip-172-31-27-41 kernel: [    0.960369] Speculative Store Bypass: Vulnerable
Oct 13 08:46:59 ip-172-31-27-41 kernel: [    0.964371] MDS: Vulnerable: Clear CPU buffers attempted, no microcode
Oct 13 08:46:59 ip-172-31-27-41 kernel: [    0.968558] Freeing SMP alternatives memory: 40K
Oct 13 08:46:59 ip-172-31-27-41 kernel: [    0.976476] clocksource: xen: mask: 0xffffffffffffffff max_cycles: 0x1cd42e4dffb, max_idle_ns: 881590591483 ns
Oct 13 08:46:59 ip-172-31-27-41 cloud-init[895]: |          o+.....|
Oct 13 08:46:59 ip-172-31-27-41 cloud-init[895]: |           .. . .|
Oct 13 08:46:59 ip-172-31-27-41 cloud-init[895]: |            ..   |
Oct 13 08:46:59 ip-172-31-27-41 kernel: [    0.980378] Xen: using vcpuop timer interface
Oct 13 08:46:59 ip-172-31-27-41 cloud-init[895]: +----[SHA256]-----+
Oct 13 08:46:59 ip-172-31-27-41 kernel: [    0.980385] installing Xen timer for CPU 0
Oct 13 08:46:59 ip-172-31-27-41 cloud-init[895]: Generating public/private ecdsa key pair.
Oct 13 08:46:59 ip-172-31-27-41 kernel: [    0.984450] smpboot: CPU0: Intel(R) Xeon(R) CPU E5-2686 v4 @ 2.30GHz (family: 0x6, model: 0x4f, stepping: 0x1)
Oct 13 08:46:59 ip-172-31-27-41 kernel: [    0.988404] cpu 0 spinlock event irq 53
Oct 13 08:46:59 ip-172-31-27-41 kernel: [    0.991443] Performance Events: unsupported p6 CPU model 79 no PMU driver, software events only.
Oct 13 08:46:59 ip-172-31-27-41 kernel: [    0.992424] rcu: Hierarchical SRCU implementation.
Oct 13 08:46:59 ip-172-31-27-41 cloud-init[895]: Your identification has been saved in /etc/ssh/ssh_host_ecdsa_key.
Oct 13 08:46:59 ip-172-31-27-41 kernel: [    0.996466] NMI watchdog: Perf NMI watchdog permanently disabled
Oct 13 08:46:59 ip-172-31-27-41 kernel: [    1.000589] smp: Bringing up secondary CPUs ...
Oct 13 08:46:59 ip-172-31-27-41 kernel: [    1.003937] installing Xen timer for CPU 1
Oct 13 08:46:59 ip-172-31-27-41 kernel: [    1.004445] x86: Booting SMP configuration:
Oct 13 08:46:59 ip-172-31-27-41 cloud-init[895]: Your public key has been saved in /etc/ssh/ssh_host_ecdsa_key.pub.
Oct 13 08:46:59 ip-172-31-27-41 kernel: [    1.008372] .... node  #0, CPUs:        #1
Oct 13 08:46:59 ip-172-31-27-41 cloud-init[895]: The key fingerprint is:
Oct 13 08:46:59 ip-172-31-27-41 cloud-init[895]: SHA256:2BrhfMnniCMWmLVQ8MkWnlCWpBUvdx7ZWJJLFj+hFH8 root@ip-172-31-27-41
Oct 13 08:46:59 ip-172-31-27-41 cloud-init[895]: The key's randomart image is:
Oct 13 08:46:59 ip-172-31-27-41 cloud-init[895]: +---[ECDSA 256]---+
Oct 13 08:46:59 ip-172-31-27-41 kernel: [    1.008874] cpu 1 spinlock event irq 59
Oct 13 08:46:59 ip-172-31-27-41 cloud-init[895]: |  o+Oo  =+o      |
Oct 13 08:46:59 ip-172-31-27-41 cloud-init[895]: |   X.= .+X .     |
Oct 13 08:46:59 ip-172-31-27-41 cloud-init[895]: |  o X +o*.= E    |
Oct 13 08:46:59 ip-172-31-27-41 kernel: [    1.012474] installing Xen timer for CPU 2
Oct 13 08:46:59 ip-172-31-27-41 cloud-init[895]: |   * * B.o o     |
Oct 13 08:46:59 ip-172-31-27-41 kernel: [    1.016440]   #2
Oct 13 08:46:59 ip-172-31-27-41 kernel: [    1.016932] cpu 2 spinlock event irq 65
Oct 13 08:46:59 ip-172-31-27-41 cloud-init[895]: |  o o = S .      |
Oct 13 08:46:59 ip-172-31-27-41 cloud-init[895]: |     . = +       |
Oct 13 08:46:59 ip-172-31-27-41 cloud-init[895]: |    o + . .      |
Oct 13 08:46:59 ip-172-31-27-41 kernel: [    1.020468] installing Xen timer for CPU 3
Oct 13 08:46:59 ip-172-31-27-41 cloud-init[895]: |   . . .         |
Oct 13 08:46:59 ip-172-31-27-41 cloud-init[895]: |                 |
Oct 13 08:46:59 ip-172-31-27-41 cloud-init[895]: +----[SHA256]-----+
Oct 13 08:46:59 ip-172-31-27-41 kernel: [    1.024393]   #3
Oct 13 08:46:59 ip-172-31-27-41 cloud-init[895]: Generating public/private ed25519 key pair.
Oct 13 08:46:59 ip-172-31-27-41 kernel: [    1.024860] cpu 3 spinlock event irq 71
Oct 13 08:46:59 ip-172-31-27-41 kernel: [    1.028481] installing Xen timer for CPU 4
Oct 13 08:46:59 ip-172-31-27-41 kernel: [    1.032433]   #4
Oct 13 08:46:59 ip-172-31-27-41 kernel: [    1.032899] cpu 4 spinlock event irq 77
Oct 13 08:46:59 ip-172-31-27-41 kernel: [    1.036481] installing Xen timer for CPU 5
Oct 13 08:46:59 ip-172-31-27-41 kernel: [    1.040451]   #5
Oct 13 08:46:59 ip-172-31-27-41 kernel: [    1.040932] cpu 5 spinlock event irq 83
Oct 13 08:46:59 ip-172-31-27-41 kernel: [    1.044499] installing Xen timer for CPU 6
Oct 13 08:46:59 ip-172-31-27-41 kernel: [    1.048443]   #6
Oct 13 08:46:59 ip-172-31-27-41 kernel: [    1.048930] cpu 6 spinlock event irq 89
Oct 13 08:46:59 ip-172-31-27-41 kernel: [    1.052491] installing Xen timer for CPU 7
Oct 13 08:46:59 ip-172-31-27-41 kernel: [    1.056452]   #7
Oct 13 08:46:59 ip-172-31-27-41 kernel: [    1.056982] cpu 7 spinlock event irq 95
Oct 13 08:46:59 ip-172-31-27-41 kernel: [    1.060478] smp: Brought up 1 node, 8 CPUs
Oct 13 08:46:59 ip-172-31-27-41 kernel: [    1.064374] smpboot: Max logical packages: 2
Oct 13 08:46:59 ip-172-31-27-41 kernel: [    1.068371] smpboot: Total of 8 processors activated (36800.41 BogoMIPS)
Oct 13 08:46:59 ip-172-31-27-41 kernel: [    1.073924] devtmpfs: initialized
Oct 13 08:46:59 ip-172-31-27-41 kernel: [    1.076421] x86/mm: Memory block size: 128MB
Oct 13 08:46:59 ip-172-31-27-41 kernel: [    1.083823] clocksource: jiffies: mask: 0xffffffff max_cycles: 0xffffffff, max_idle_ns: 7645041785100000 ns
Oct 13 08:46:59 ip-172-31-27-41 kernel: [    1.084442] futex hash table entries: 4096 (order: 6, 262144 bytes, linear)
Oct 13 08:46:59 ip-172-31-27-41 kernel: [    1.088473] pinctrl core: initialized pinctrl subsystem
Oct 13 08:46:59 ip-172-31-27-41 kernel: [    1.092177] PM: RTC time: 08:46:45, date: 2021-10-13
Oct 13 08:46:59 ip-172-31-27-41 kernel: [    1.092662] NET: Registered protocol family 16
Oct 13 08:46:59 ip-172-31-27-41 kernel: [    1.096168] audit: initializing netlink subsys (disabled)
Oct 13 08:46:59 ip-172-31-27-41 kernel: [    1.096394] audit: type=2000 audit(1634114805.884:1): state=initialized audit_enabled=0 res=1
Oct 13 08:46:59 ip-172-31-27-41 kernel: [    1.096527] EISA bus registered
Oct 13 08:46:59 ip-172-31-27-41 kernel: [    1.102922] cpuidle: using governor ladder
Oct 13 08:46:59 ip-172-31-27-41 kernel: [    1.104381] cpuidle: using governor menu
Oct 13 08:46:59 ip-172-31-27-41 kernel: [    1.107440] ACPI: bus type PCI registered
Oct 13 08:46:59 ip-172-31-27-41 kernel: [    1.108380] acpiphp: ACPI Hot Plug PCI Controller Driver version: 0.5
Oct 13 08:46:59 ip-172-31-27-41 kernel: [    1.112705] PCI: Using configuration type 1 for base access
Oct 13 08:46:59 ip-172-31-27-41 kernel: [    1.120410] HugeTLB registered 1.00 GiB page size, pre-allocated 0 pages
Oct 13 08:46:59 ip-172-31-27-41 kernel: [    1.124373] HugeTLB registered 2.00 MiB page size, pre-allocated 0 pages
Oct 13 08:46:59 ip-172-31-27-41 kernel: [    1.128448] ACPI: Added _OSI(Module Device)
Oct 13 08:46:59 ip-172-31-27-41 kernel: [    1.132378] ACPI: Added _OSI(Processor Device)
Oct 13 08:46:59 ip-172-31-27-41 kernel: [    1.135455] ACPI: Added _OSI(3.0 _SCP Extensions)
Oct 13 08:46:59 ip-172-31-27-41 kernel: [    1.136374] ACPI: Added _OSI(Processor Aggregator Device)
Oct 13 08:46:59 ip-172-31-27-41 kernel: [    1.140365] ACPI: Added _OSI(Linux-Dell-Video)
Oct 13 08:46:59 ip-172-31-27-41 kernel: [    1.140373] ACPI: Added _OSI(Linux-Lenovo-NV-HDMI-Audio)
Oct 13 08:46:59 ip-172-31-27-41 kernel: [    1.144125] ACPI: Added _OSI(Linux-HPI-Hybrid-Graphics)
Oct 13 08:46:59 ip-172-31-27-41 kernel: [    1.148529] ACPI: 3 ACPI AML tables successfully acquired and loaded
Oct 13 08:46:59 ip-172-31-27-41 kernel: [    1.153054] xen: --> pirq=16 -> irq=9 (gsi=9)
Oct 13 08:46:59 ip-172-31-27-41 kernel: [    1.154068] ACPI: Interpreter enabled
Oct 13 08:46:59 ip-172-31-27-41 kernel: [    1.156387] ACPI: (supports S0 S4 S5)
Oct 13 08:46:59 ip-172-31-27-41 kernel: [    1.159718] ACPI: Using IOAPIC for interrupt routing
Oct 13 08:46:59 ip-172-31-27-41 kernel: [    1.160408] PCI: Using host bridge windows from ACPI; if necessary, use "pci=nocrs" and report a bug
Oct 13 08:46:59 ip-172-31-27-41 kernel: [    1.164708] ACPI: Enabled 2 GPEs in block 00 to 0F
Oct 13 08:46:59 ip-172-31-27-41 kernel: [    1.204578] ACPI: PCI Root Bridge [PCI0] (domain 0000 [bus 00-ff])
Oct 13 08:46:59 ip-172-31-27-41 kernel: [    1.208380] acpi PNP0A03:00: _OSC: OS supports [ASPM ClockPM Segments MSI HPX-Type3]
Oct 13 08:46:59 ip-172-31-27-41 kernel: [    1.212394] acpi PNP0A03:00: fail to add MMCONFIG information, can't access extended PCI configuration space under this bridge.
Oct 13 08:46:59 ip-172-31-27-41 kernel: [    1.217550] acpiphp: Slot [0] registered
Oct 13 08:46:59 ip-172-31-27-41 kernel: [    1.221335] acpiphp: Slot [3] registered
Oct 13 08:46:59 ip-172-31-27-41 kernel: [    1.224544] acpiphp: Slot [4] registered
Oct 13 08:46:59 ip-172-31-27-41 kernel: [    1.227813] acpiphp: Slot [5] registered
Oct 13 08:46:59 ip-172-31-27-41 kernel: [    1.228682] acpiphp: Slot [6] registered
Oct 13 08:46:59 ip-172-31-27-41 kernel: [    1.231995] acpiphp: Slot [7] registered
Oct 13 08:46:59 ip-172-31-27-41 kernel: [    1.232706] acpiphp: Slot [8] registered
Oct 13 08:46:59 ip-172-31-27-41 kernel: [    1.236140] acpiphp: Slot [9] registered
Oct 13 08:46:59 ip-172-31-27-41 kernel: [    1.236703] acpiphp: Slot [10] registered
Oct 13 08:46:59 ip-172-31-27-41 kernel: [    1.240061] acpiphp: Slot [11] registered
Oct 13 08:46:59 ip-172-31-27-41 kernel: [    1.240699] acpiphp: Slot [12] registered
Oct 13 08:46:59 ip-172-31-27-41 kernel: [    1.244057] acpiphp: Slot [13] registered
Oct 13 08:46:59 ip-172-31-27-41 kernel: [    1.244704] acpiphp: Slot [14] registered
Oct 13 08:46:59 ip-172-31-27-41 kernel: [    1.248845] acpiphp: Slot [15] registered
Oct 13 08:46:59 ip-172-31-27-41 kernel: [    1.252840] acpiphp: Slot [16] registered
Oct 13 08:46:59 ip-172-31-27-41 kernel: [    1.256862] acpiphp: Slot [17] registered
Oct 13 08:46:59 ip-172-31-27-41 kernel: [    1.260836] acpiphp: Slot [18] registered
Oct 13 08:46:59 ip-172-31-27-41 kernel: [    1.264912] acpiphp: Slot [19] registered
Oct 13 08:46:59 ip-172-31-27-41 kernel: [    1.268365] acpiphp: Slot [20] registered
Oct 13 08:46:59 ip-172-31-27-41 kernel: [    1.268868] acpiphp: Slot [21] registered
Oct 13 08:46:59 ip-172-31-27-41 kernel: [    1.272981] acpiphp: Slot [22] registered
Oct 13 08:46:59 ip-172-31-27-41 kernel: [    1.277115] acpiphp: Slot [23] registered
Oct 13 08:46:59 ip-172-31-27-41 kernel: [    1.280992] acpiphp: Slot [24] registered
Oct 13 08:46:59 ip-172-31-27-41 kernel: [    1.285017] acpiphp: Slot [25] registered
Oct 13 08:46:59 ip-172-31-27-41 kernel: [    1.289027] acpiphp: Slot [26] registered
Oct 13 08:46:59 ip-172-31-27-41 kernel: [    1.292999] acpiphp: Slot [27] registered
Oct 13 08:46:59 ip-172-31-27-41 kernel: [    1.296983] acpiphp: Slot [28] registered
Oct 13 08:46:59 ip-172-31-27-41 kernel: [    1.300988] acpiphp: Slot [29] registered
Oct 13 08:46:59 ip-172-31-27-41 kernel: [    1.304995] acpiphp: Slot [30] registered
Oct 13 08:46:59 ip-172-31-27-41 kernel: [    1.308987] acpiphp: Slot [31] registered
Oct 13 08:46:59 ip-172-31-27-41 kernel: [    1.312798] PCI host bridge to bus 0000:00
Oct 13 08:46:59 ip-172-31-27-41 kernel: [    1.315795] pci_bus 0000:00: root bus resource [io  0x0000-0x0cf7 window]
Oct 13 08:46:59 ip-172-31-27-41 kernel: [    1.316374] pci_bus 0000:00: root bus resource [io  0x0d00-0xffff window]
Oct 13 08:46:59 ip-172-31-27-41 kernel: [    1.320371] pci_bus 0000:00: root bus resource [mem 0x000a0000-0x000bffff window]
Oct 13 08:46:59 ip-172-31-27-41 kernel: [    1.324374] pci_bus 0000:00: root bus resource [mem 0xf0000000-0xfbffffff window]
Oct 13 08:46:59 ip-172-31-27-41 kernel: [    1.328375] pci_bus 0000:00: root bus resource [bus 00-ff]
Oct 13 08:46:59 ip-172-31-27-41 kernel: [    1.332742] pci 0000:00:00.0: [8086:1237] type 00 class 0x060000
Oct 13 08:46:59 ip-172-31-27-41 kernel: [    1.340924] pci 0000:00:01.0: [8086:7000] type 00 class 0x060100
Oct 13 08:46:59 ip-172-31-27-41 kernel: [    1.350783] pci 0000:00:01.1: [8086:7010] type 00 class 0x010180
Oct 13 08:46:59 ip-172-31-27-41 kernel: [    1.355806] pci 0000:00:01.1: reg 0x20: [io  0xc100-0xc10f]
Oct 13 08:46:59 ip-172-31-27-41 kernel: [    1.357739] pci 0000:00:01.1: legacy IDE quirk: reg 0x10: [io  0x01f0-0x01f7]
Oct 13 08:46:59 ip-172-31-27-41 kernel: [    1.360374] pci 0000:00:01.1: legacy IDE quirk: reg 0x14: [io  0x03f6]
Oct 13 08:46:59 ip-172-31-27-41 kernel: [    1.364373] pci 0000:00:01.1: legacy IDE quirk: reg 0x18: [io  0x0170-0x0177]
Oct 13 08:46:59 ip-172-31-27-41 kernel: [    1.368374] pci 0000:00:01.1: legacy IDE quirk: reg 0x1c: [io  0x0376]
Oct 13 08:46:59 ip-172-31-27-41 kernel: [    1.373786] pci 0000:00:01.3: [8086:7113] type 00 class 0x068000
Oct 13 08:46:59 ip-172-31-27-41 kernel: [    1.376412] * Found PM-Timer Bug on the chipset. Due to workarounds for a bug,
Oct 13 08:46:59 ip-172-31-27-41 kernel: [    1.376412] * this clock source is slow. Consider trying other clock sources
Oct 13 08:46:59 ip-172-31-27-41 kernel: [    1.381982] pci 0000:00:01.3: quirk: [io  0xb000-0xb03f] claimed by PIIX4 ACPI
Oct 13 08:46:59 ip-172-31-27-41 kernel: [    1.385719] pci 0000:00:02.0: [1013:00b8] type 00 class 0x030000
Oct 13 08:46:59 ip-172-31-27-41 kernel: [    1.388824] pci 0000:00:02.0: reg 0x10: [mem 0xf0000000-0xf1ffffff pref]
Oct 13 08:46:59 ip-172-31-27-41 kernel: [    1.392613] pci 0000:00:02.0: reg 0x14: [mem 0xf3000000-0xf3000fff]
Oct 13 08:46:59 ip-172-31-27-41 kernel: [    1.399684] pci 0000:00:03.0: [5853:0001] type 00 class 0xff8000
Oct 13 08:46:59 ip-172-31-27-41 kernel: [    1.401120] pci 0000:00:03.0: reg 0x10: [io  0xc000-0xc0ff]
Oct 13 08:46:59 ip-172-31-27-41 kernel: [    1.404622] pci 0000:00:03.0: reg 0x14: [mem 0xf2000000-0xf2ffffff pref]
Oct 13 08:46:59 ip-172-31-27-41 kernel: [    1.415841] ACPI: PCI Interrupt Link [LNKA] (IRQs *5 10 11)
Oct 13 08:46:59 ip-172-31-27-41 kernel: [    1.416579] ACPI: PCI Interrupt Link [LNKB] (IRQs 5 *10 11)
Oct 13 08:46:59 ip-172-31-27-41 kernel: [    1.420567] ACPI: PCI Interrupt Link [LNKC] (IRQs 5 10 *11)
Oct 13 08:46:59 ip-172-31-27-41 kernel: [    1.424489] ACPI: PCI Interrupt Link [LNKD] (IRQs *5 10 11)
Oct 13 08:46:59 ip-172-31-27-41 kernel: [    1.451514] xen:balloon: Initialising balloon driver
Oct 13 08:46:59 ip-172-31-27-41 kernel: [    1.452411] iommu: Default domain type: Translated 
Oct 13 08:46:59 ip-172-31-27-41 kernel: [    1.456023] SCSI subsystem initialized
Oct 13 08:46:59 ip-172-31-27-41 kernel: [    1.456402] libata version 3.00 loaded.
Oct 13 08:46:59 ip-172-31-27-41 kernel: [    1.456415] pci 0000:00:02.0: vgaarb: setting as boot VGA device
Oct 13 08:46:59 ip-172-31-27-41 kernel: [    1.460365] pci 0000:00:02.0: vgaarb: VGA device added: decodes=io+mem,owns=io+mem,locks=none
Oct 13 08:46:59 ip-172-31-27-41 kernel: [    1.460375] pci 0000:00:02.0: vgaarb: bridge control possible
Oct 13 08:46:59 ip-172-31-27-41 kernel: [    1.464372] vgaarb: loaded
Oct 13 08:46:59 ip-172-31-27-41 kernel: [    1.466691] ACPI: bus type USB registered
Oct 13 08:46:59 ip-172-31-27-41 kernel: [    1.468393] usbcore: registered new interface driver usbfs
Oct 13 08:46:59 ip-172-31-27-41 kernel: [    1.472194] usbcore: registered new interface driver hub
Oct 13 08:46:59 ip-172-31-27-41 kernel: [    1.472389] usbcore: registered new device driver usb
Oct 13 08:46:59 ip-172-31-27-41 kernel: [    1.475990] pps_core: LinuxPPS API ver. 1 registered
Oct 13 08:46:59 ip-172-31-27-41 kernel: [    1.476371] pps_core: Software ver. 5.3.6 - Copyright 2005-2007 Rodolfo Giometti <giometti@linux.it>
Oct 13 08:46:59 ip-172-31-27-41 kernel: [    1.480382] PTP clock support registered
Oct 13 08:46:59 ip-172-31-27-41 kernel: [    1.482721] EDAC MC: Ver: 3.0.0
Oct 13 08:46:59 ip-172-31-27-41 kernel: [    1.484825] PCI: Using ACPI for IRQ routing
Oct 13 08:46:59 ip-172-31-27-41 kernel: [    1.487585] PCI: pci_cache_line_size set to 64 bytes
Oct 13 08:46:59 ip-172-31-27-41 kernel: [    1.488579] e820: reserve RAM buffer [mem 0x0009e000-0x0009ffff]
Oct 13 08:46:59 ip-172-31-27-41 kernel: [    1.488704] NetLabel: Initializing
Oct 13 08:46:59 ip-172-31-27-41 kernel: [    1.491411] NetLabel:  domain hash size = 128
Oct 13 08:46:59 ip-172-31-27-41 kernel: [    1.492370] NetLabel:  protocols = UNLABELED CIPSOv4 CALIPSO
Oct 13 08:46:59 ip-172-31-27-41 kernel: [    1.496393] NetLabel:  unlabeled traffic allowed by default
Oct 13 08:46:59 ip-172-31-27-41 kernel: [    1.500430] hpet: 3 channels of 0 reserved for per-cpu timers
Oct 13 08:46:59 ip-172-31-27-41 kernel: [    1.504379] hpet0: at MMIO 0xfed00000, IRQs 2, 8, 0
Oct 13 08:46:59 ip-172-31-27-41 kernel: [    1.508373] hpet0: 3 comparators, 64-bit 62.500000 MHz counter
Oct 13 08:46:59 ip-172-31-27-41 kernel: [    1.515823] clocksource: Switched to clocksource xen
Oct 13 08:46:59 ip-172-31-27-41 kernel: [    1.531360] *** VALIDATE bpf ***
Oct 13 08:46:59 ip-172-31-27-41 kernel: [    1.535017] VFS: Disk quotas dquot_6.6.0
Oct 13 08:46:59 ip-172-31-27-41 kernel: [    1.539087] VFS: Dquot-cache hash table entries: 512 (order 0, 4096 bytes)
Oct 13 08:46:59 ip-172-31-27-41 kernel: [    1.543881] *** VALIDATE ramfs ***
Oct 13 08:46:59 ip-172-31-27-41 kernel: [    1.546569] *** VALIDATE hugetlbfs ***
Oct 13 08:46:59 ip-172-31-27-41 kernel: [    1.549586] AppArmor: AppArmor Filesystem Enabled
Oct 13 08:46:59 ip-172-31-27-41 kernel: [    1.552725] pnp: PnP ACPI init
Oct 13 08:46:59 ip-172-31-27-41 kernel: [    1.555331] system 00:00: [mem 0x00000000-0x0009ffff] could not be reserved
Oct 13 08:46:59 ip-172-31-27-41 kernel: [    1.559722] system 00:00: Plug and Play ACPI device, IDs PNP0c02 (active)
Oct 13 08:46:59 ip-172-31-27-41 kernel: [    1.559808] system 00:01: [io  0x08a0-0x08a3] has been reserved
Oct 13 08:46:59 ip-172-31-27-41 kernel: [    1.565582] system 00:01: [io  0x0cc0-0x0ccf] has been reserved
Oct 13 08:46:59 ip-172-31-27-41 kernel: [    1.571485] system 00:01: [io  0x04d0-0x04d1] has been reserved
Oct 13 08:46:59 ip-172-31-27-41 kernel: [    1.577324] system 00:01: Plug and Play ACPI device, IDs PNP0c02 (active)
Oct 13 08:46:59 ip-172-31-27-41 kernel: [    1.577362] xen: --> pirq=17 -> irq=8 (gsi=8)
Oct 13 08:46:59 ip-172-31-27-41 kernel: [    1.577388] pnp 00:02: Plug and Play ACPI device, IDs PNP0b00 (active)
Oct 13 08:46:59 ip-172-31-27-41 kernel: [    1.577416] xen: --> pirq=18 -> irq=12 (gsi=12)
Oct 13 08:46:59 ip-172-31-27-41 kernel: [    1.577429] pnp 00:03: Plug and Play ACPI device, IDs PNP0f13 (active)
Oct 13 08:46:59 ip-172-31-27-41 kernel: [    1.577448] xen: --> pirq=19 -> irq=1 (gsi=1)
Oct 13 08:46:59 ip-172-31-27-41 kernel: [    1.577458] pnp 00:04: Plug and Play ACPI device, IDs PNP0303 PNP030b (active)
Oct 13 08:46:59 ip-172-31-27-41 kernel: [    1.577475] xen: --> pirq=20 -> irq=6 (gsi=6)
Oct 13 08:46:59 ip-172-31-27-41 kernel: [    1.577477] pnp 00:05: [dma 2]
Oct 13 08:46:59 ip-172-31-27-41 kernel: [    1.577489] pnp 00:05: Plug and Play ACPI device, IDs PNP0700 (active)
Oct 13 08:46:59 ip-172-31-27-41 kernel: [    1.577515] xen: --> pirq=21 -> irq=4 (gsi=4)
Oct 13 08:46:59 ip-172-31-27-41 kernel: [    1.577525] pnp 00:06: Plug and Play ACPI device, IDs PNP0501 (active)
Oct 13 08:46:59 ip-172-31-27-41 kernel: [    1.577570] system 00:07: [io  0x10c0-0x1141] has been reserved
Oct 13 08:46:59 ip-172-31-27-41 kernel: [    1.583223] system 00:07: [io  0xb044-0xb047] has been reserved
Oct 13 08:46:59 ip-172-31-27-41 kernel: [    1.588808] system 00:07: Plug and Play ACPI device, IDs PNP0c02 (active)
Oct 13 08:46:59 ip-172-31-27-41 kernel: [    1.612550] pnp: PnP ACPI: found 8 devices
Oct 13 08:46:59 ip-172-31-27-41 kernel: [    1.620126] thermal_sys: Registered thermal governor 'fair_share'
Oct 13 08:46:59 ip-172-31-27-41 kernel: [    1.620127] thermal_sys: Registered thermal governor 'bang_bang'
Oct 13 08:46:59 ip-172-31-27-41 kernel: [    1.625984] thermal_sys: Registered thermal governor 'step_wise'
Oct 13 08:46:59 ip-172-31-27-41 kernel: [    1.631733] thermal_sys: Registered thermal governor 'user_space'
Oct 13 08:46:59 ip-172-31-27-41 kernel: [    1.637486] thermal_sys: Registered thermal governor 'power_allocator'
Oct 13 08:46:59 ip-172-31-27-41 kernel: [    1.647936] clocksource: acpi_pm: mask: 0xffffff max_cycles: 0xffffff, max_idle_ns: 2085701024 ns
Oct 13 08:46:59 ip-172-31-27-41 kernel: [    1.662327] pci_bus 0000:00: resource 4 [io  0x0000-0x0cf7 window]
Oct 13 08:46:59 ip-172-31-27-41 kernel: [    1.667732] pci_bus 0000:00: resource 5 [io  0x0d00-0xffff window]
Oct 13 08:46:59 ip-172-31-27-41 kernel: [    1.671679] pci_bus 0000:00: resource 6 [mem 0x000a0000-0x000bffff window]
Oct 13 08:46:59 ip-172-31-27-41 kernel: [    1.676294] pci_bus 0000:00: resource 7 [mem 0xf0000000-0xfbffffff window]
Oct 13 08:46:59 ip-172-31-27-41 kernel: [    1.681057] NET: Registered protocol family 2
Oct 13 08:46:59 ip-172-31-27-41 kernel: [    1.684607] tcp_listen_portaddr_hash hash table entries: 16384 (order: 6, 262144 bytes, linear)
Oct 13 08:46:59 ip-172-31-27-41 kernel: [    1.691205] TCP established hash table entries: 262144 (order: 9, 2097152 bytes, linear)
Oct 13 08:46:59 ip-172-31-27-41 kernel: [    1.697895] TCP bind hash table entries: 65536 (order: 8, 1048576 bytes, linear)
Oct 13 08:46:59 ip-172-31-27-41 kernel: [    1.706290] TCP: Hash tables configured (established 262144 bind 65536)
Oct 13 08:46:59 ip-172-31-27-41 kernel: [    1.712761] UDP hash table entries: 16384 (order: 7, 524288 bytes, linear)
Oct 13 08:46:59 ip-172-31-27-41 kernel: [    1.719436] UDP-Lite hash table entries: 16384 (order: 7, 524288 bytes, linear)
Oct 13 08:46:59 ip-172-31-27-41 kernel: [    1.724872] NET: Registered protocol family 1
Oct 13 08:46:59 ip-172-31-27-41 kernel: [    1.728145] NET: Registered protocol family 44
Oct 13 08:46:59 ip-172-31-27-41 kernel: [    1.731426] pci 0000:00:01.0: PIIX3: Enabling Passive Release
Oct 13 08:46:59 ip-172-31-27-41 kernel: [    1.735363] pci 0000:00:00.0: Limiting direct PCI/PCI transfers
Oct 13 08:46:59 ip-172-31-27-41 kernel: [    1.739830] pci 0000:00:01.0: Activating ISA DMA hang workarounds
Oct 13 08:46:59 ip-172-31-27-41 kernel: [    1.746017] pci 0000:00:02.0: Video device with shadowed ROM at [mem 0x000c0000-0x000dffff]
Oct 13 08:46:59 ip-172-31-27-41 kernel: [    1.752630] PCI: CLS 0 bytes, default 64
Oct 13 08:46:59 ip-172-31-27-41 kernel: [    1.755555] Trying to unpack rootfs image as initramfs...
Oct 13 08:46:59 ip-172-31-27-41 kernel: [    2.059691] Freeing initrd memory: 21068K
Oct 13 08:46:59 ip-172-31-27-41 kernel: [    2.062624] PCI-DMA: Using software bounce buffering for IO (SWIOTLB)
Oct 13 08:46:59 ip-172-31-27-41 kernel: [    2.067608] software IO TLB: mapped [mem 0xec000000-0xf0000000] (64MB)
Oct 13 08:46:59 ip-172-31-27-41 kernel: [    2.073152] check: Scanning for low memory corruption every 60 seconds
Oct 13 08:46:59 ip-172-31-27-41 kernel: [    2.079778] Initialise system trusted keyrings
Oct 13 08:46:59 ip-172-31-27-41 kernel: [    2.084236] Key type blacklist registered
Oct 13 08:46:59 ip-172-31-27-41 kernel: [    2.086941] workingset: timestamp_bits=36 max_order=23 bucket_order=0
Oct 13 08:46:59 ip-172-31-27-41 kernel: [    2.093162] zbud: loaded
Oct 13 08:46:59 ip-172-31-27-41 kernel: [    2.095837] squashfs: version 4.0 (2009/01/31) Phillip Lougher
Oct 13 08:46:59 ip-172-31-27-41 kernel: [    2.100218] fuse: init (API version 7.31)
Oct 13 08:46:59 ip-172-31-27-41 kernel: [    2.103150] *** VALIDATE fuse ***
Oct 13 08:46:59 ip-172-31-27-41 kernel: [    2.105406] *** VALIDATE fuse ***
Oct 13 08:46:59 ip-172-31-27-41 kernel: [    2.108337] Platform Keyring initialized
Oct 13 08:46:59 ip-172-31-27-41 kernel: [    2.116318] Key type asymmetric registered
Oct 13 08:46:59 ip-172-31-27-41 kernel: [    2.121742] Asymmetric key parser 'x509' registered
Oct 13 08:46:59 ip-172-31-27-41 kernel: [    2.128023] Block layer SCSI generic (bsg) driver version 0.4 loaded (major 244)
Oct 13 08:46:59 ip-172-31-27-41 kernel: [    2.132951] io scheduler mq-deadline registered
Oct 13 08:46:59 ip-172-31-27-41 kernel: [    2.136717] shpchp: Standard Hot Plug PCI Controller Driver version: 0.4
Oct 13 08:46:59 ip-172-31-27-41 kernel: [    2.141393] intel_idle: Please enable MWAIT in BIOS SETUP
Oct 13 08:46:59 ip-172-31-27-41 kernel: [    2.141506] input: Power Button as /devices/LNXSYSTM:00/LNXPWRBN:00/input/input0
Oct 13 08:46:59 ip-172-31-27-41 kernel: [    2.146843] ACPI: Power Button [PWRF]
Oct 13 08:46:59 ip-172-31-27-41 kernel: [    2.149862] input: Sleep Button as /devices/LNXSYSTM:00/LNXSLPBN:00/input/input1
Oct 13 08:46:59 ip-172-31-27-41 kernel: [    2.155938] ACPI: Sleep Button [SLPF]
Oct 13 08:46:59 ip-172-31-27-41 kernel: [    2.163319] xen: --> pirq=22 -> irq=28 (gsi=28)
Oct 13 08:46:59 ip-172-31-27-41 kernel: [    2.163452] xen:grant_table: Grant tables using version 1 layout
Oct 13 08:46:59 ip-172-31-27-41 kernel: [    2.167844] Grant table initialized
Oct 13 08:46:59 ip-172-31-27-41 kernel: [    2.170595] Cannot get hvm parameter CONSOLE_EVTCHN (18): -22!
Oct 13 08:46:59 ip-172-31-27-41 kernel: [    2.174829] Serial: 8250/16550 driver, 4 ports, IRQ sharing enabled
Oct 13 08:46:59 ip-172-31-27-41 kernel: [    2.210076] 00:06: ttyS0 at I/O 0x3f8 (irq = 4, base_baud = 115200) is a 16550A
Oct 13 08:46:59 ip-172-31-27-41 kernel: [    2.216019] Linux agpgart interface v0.103
Oct 13 08:46:59 ip-172-31-27-41 kernel: [    2.223202] loop: module loaded
Oct 13 08:46:59 ip-172-31-27-41 kernel: [    2.226944] ata_piix 0000:00:01.1: version 2.13
Oct 13 08:46:59 ip-172-31-27-41 kernel: [    2.228128] scsi host0: ata_piix
Oct 13 08:46:59 ip-172-31-27-41 kernel: [    2.232839] scsi host1: ata_piix
Oct 13 08:46:59 ip-172-31-27-41 kernel: [    2.232876] blkfront: xvda: barrier or flush: disabled; persistent grants: disabled; indirect descriptors: enabled;
Oct 13 08:46:59 ip-172-31-27-41 kernel: [    2.236153] ata1: PATA max MWDMA2 cmd 0x1f0 ctl 0x3f6 bmdma 0xc100 irq 14
Oct 13 08:46:59 ip-172-31-27-41 kernel: [    2.255637] ata2: PATA max MWDMA2 cmd 0x170 ctl 0x376 bmdma 0xc108 irq 15
Oct 13 08:46:59 ip-172-31-27-41 kernel: [    2.261593] libphy: Fixed MDIO Bus: probed
Oct 13 08:46:59 ip-172-31-27-41 kernel: [    2.262105]  xvda: xvda1
Oct 13 08:46:59 ip-172-31-27-41 kernel: [    2.265980] tun: Universal TUN/TAP device driver, 1.6
Oct 13 08:46:59 ip-172-31-27-41 kernel: [    2.274169] PPP generic driver version 2.4.2
Oct 13 08:46:59 ip-172-31-27-41 kernel: [    2.277743] ehci_hcd: USB 2.0 'Enhanced' Host Controller (EHCI) Driver
Oct 13 08:46:59 ip-172-31-27-41 kernel: [    2.282962] ehci-pci: EHCI PCI platform driver
Oct 13 08:46:59 ip-172-31-27-41 kernel: [    2.286470] ehci-platform: EHCI generic platform driver
Oct 13 08:46:59 ip-172-31-27-41 kernel: [    2.291303] ohci_hcd: USB 1.1 'Open' Host Controller (OHCI) Driver
Oct 13 08:46:59 ip-172-31-27-41 kernel: [    2.297845] ohci-pci: OHCI PCI platform driver
Oct 13 08:46:59 ip-172-31-27-41 kernel: [    2.303339] ohci-platform: OHCI generic platform driver
Oct 13 08:46:59 ip-172-31-27-41 kernel: [    2.309600] uhci_hcd: USB Universal Host Controller Interface driver
Oct 13 08:46:59 ip-172-31-27-41 kernel: [    2.313177] i8042: PNP: PS/2 Controller [PNP0303:PS2K,PNP0f13:PS2M] at 0x60,0x64 irq 1,12
Oct 13 08:46:59 ip-172-31-27-41 kernel: [    2.321806] serio: i8042 KBD port at 0x60,0x64 irq 1
Oct 13 08:46:59 ip-172-31-27-41 kernel: [    2.325367] serio: i8042 AUX port at 0x60,0x64 irq 12
Oct 13 08:46:59 ip-172-31-27-41 kernel: [    2.329163] mousedev: PS/2 mouse device common for all mice
Oct 13 08:46:59 ip-172-31-27-41 kernel: [    2.334184] rtc_cmos 00:02: registered as rtc0
Oct 13 08:46:59 ip-172-31-27-41 kernel: [    2.338807] rtc_cmos 00:02: alarms up to one day, 114 bytes nvram, hpet irqs
Oct 13 08:46:59 ip-172-31-27-41 kernel: [    2.344394] device-mapper: uevent: version 1.0.3
Oct 13 08:46:59 ip-172-31-27-41 kernel: [    2.349333] device-mapper: ioctl: 4.41.0-ioctl (2019-09-16) initialised: dm-devel@redhat.com
Oct 13 08:46:59 ip-172-31-27-41 kernel: [    2.349372] input: AT Translated Set 2 keyboard as /devices/platform/i8042/serio0/input/input2
Oct 13 08:46:59 ip-172-31-27-41 kernel: [    2.356196] platform eisa.0: Probing EISA bus 0
Oct 13 08:46:59 ip-172-31-27-41 kernel: [    2.370631] platform eisa.0: EISA: Cannot allocate resource for mainboard
Oct 13 08:46:59 ip-172-31-27-41 kernel: [    2.375828] platform eisa.0: Cannot allocate resource for EISA slot 1
Oct 13 08:46:59 ip-172-31-27-41 kernel: [    2.380796] platform eisa.0: Cannot allocate resource for EISA slot 2
Oct 13 08:46:59 ip-172-31-27-41 kernel: [    2.385367] platform eisa.0: Cannot allocate resource for EISA slot 3
Oct 13 08:46:59 ip-172-31-27-41 kernel: [    2.390496] platform eisa.0: Cannot allocate resource for EISA slot 4
Oct 13 08:46:59 ip-172-31-27-41 kernel: [    2.394662] platform eisa.0: Cannot allocate resource for EISA slot 5
Oct 13 08:46:59 ip-172-31-27-41 kernel: [    2.398657] platform eisa.0: Cannot allocate resource for EISA slot 6
Oct 13 08:46:59 ip-172-31-27-41 kernel: [    2.402947] platform eisa.0: Cannot allocate resource for EISA slot 7
Oct 13 08:46:59 ip-172-31-27-41 kernel: [    2.407274] platform eisa.0: Cannot allocate resource for EISA slot 8
Oct 13 08:46:59 ip-172-31-27-41 kernel: [    2.412539] platform eisa.0: EISA: Detected 0 cards
Oct 13 08:46:59 ip-172-31-27-41 kernel: [    2.416096] intel_pstate: CPU model not supported
Oct 13 08:46:59 ip-172-31-27-41 kernel: [    2.419747] drop_monitor: Initializing network drop monitor service
Oct 13 08:46:59 ip-172-31-27-41 kernel: [    2.424362] NET: Registered protocol family 10
Oct 13 08:46:59 ip-172-31-27-41 kernel: [    2.431692] Segment Routing with IPv6
Oct 13 08:46:59 ip-172-31-27-41 kernel: [    2.434361] NET: Registered protocol family 17
Oct 13 08:46:59 ip-172-31-27-41 kernel: [    2.437816] Key type dns_resolver registered
Oct 13 08:46:59 ip-172-31-27-41 kernel: [    2.441780] RAS: Correctable Errors collector initialized.
Oct 13 08:46:59 ip-172-31-27-41 kernel: [    2.445709] IPI shorthand broadcast: enabled
Oct 13 08:46:59 ip-172-31-27-41 kernel: [    2.449085] sched_clock: Marking stable (1862490433, 586582875)->(2682914779, -233841471)
Oct 13 08:46:59 ip-172-31-27-41 kernel: [    2.456405] registered taskstats version 1
Oct 13 08:46:59 ip-172-31-27-41 kernel: [    2.459420] Loading compiled-in X.509 certificates
Oct 13 08:46:59 ip-172-31-27-41 kernel: [    2.463731] Loaded X.509 cert 'Build time autogenerated kernel key: 8286cd69e9f8b235cc87c05595d9618d16929256'
Oct 13 08:46:59 ip-172-31-27-41 kernel: [    2.471073] Loaded X.509 cert 'Canonical Ltd. Live Patch Signing: 14df34d1a87cf37625abec039ef2bf521249b969'
Oct 13 08:46:59 ip-172-31-27-41 kernel: [    2.478006] Loaded X.509 cert 'Canonical Ltd. Kernel Module Signing: 88f752e560a1e0737e31163a466ad7b70a850c19'
Oct 13 08:46:59 ip-172-31-27-41 kernel: [    2.484596] zswap: loaded using pool lzo/zbud
Oct 13 08:46:59 ip-172-31-27-41 kernel: [    2.488046] Key type ._fscrypt registered
Oct 13 08:46:59 ip-172-31-27-41 kernel: [    2.491020] Key type .fscrypt registered
Oct 13 08:46:59 ip-172-31-27-41 kernel: [    2.497713] Key type big_key registered
Oct 13 08:46:59 ip-172-31-27-41 kernel: [    2.502162] Key type encrypted registered
Oct 13 08:46:59 ip-172-31-27-41 kernel: [    2.505052] AppArmor: AppArmor sha1 policy hashing enabled
Oct 13 08:46:59 ip-172-31-27-41 kernel: [    2.509573] ima: No TPM chip found, activating TPM-bypass!
Oct 13 08:46:59 ip-172-31-27-41 kernel: [    2.515004] ima: Allocated hash algorithm: sha1
Oct 13 08:46:59 ip-172-31-27-41 kernel: [    2.519679] ima: No architecture policies found
Oct 13 08:46:59 ip-172-31-27-41 kernel: [    2.524389] evm: Initialising EVM extended attributes:
Oct 13 08:46:59 ip-172-31-27-41 kernel: [    2.529504] evm: security.selinux
Oct 13 08:46:59 ip-172-31-27-41 kernel: [    2.532109] evm: security.SMACK64
Oct 13 08:46:59 ip-172-31-27-41 kernel: [    2.534759] evm: security.SMACK64EXEC
Oct 13 08:46:59 ip-172-31-27-41 kernel: [    2.537584] evm: security.SMACK64TRANSMUTE
Oct 13 08:46:59 ip-172-31-27-41 kernel: [    2.540612] evm: security.SMACK64MMAP
Oct 13 08:46:59 ip-172-31-27-41 kernel: [    2.543971] evm: security.apparmor
Oct 13 08:46:59 ip-172-31-27-41 kernel: [    2.547236] evm: security.ima
Oct 13 08:46:59 ip-172-31-27-41 kernel: [    2.549573] evm: security.capability
Oct 13 08:46:59 ip-172-31-27-41 kernel: [    2.552219] evm: HMAC attrs: 0x1
Oct 13 08:46:59 ip-172-31-27-41 kernel: [    2.555041] xenbus_probe_frontend: Device with no driver: device/vif/0
Oct 13 08:46:59 ip-172-31-27-41 kernel: [    2.559594] PM:   Magic number: 9:85:776
Oct 13 08:46:59 ip-172-31-27-41 kernel: [    2.562757] rtc_cmos 00:02: setting system clock to 2021-10-13T08:46:47 UTC (1634114807)
Oct 13 08:46:59 ip-172-31-27-41 kernel: [    2.571101] Freeing unused decrypted memory: 2036K
Oct 13 08:46:59 ip-172-31-27-41 kernel: [    2.575389] Freeing unused kernel image memory: 2656K
Oct 13 08:46:59 ip-172-31-27-41 kernel: [    2.584486] Write protecting the kernel read-only data: 22528k
Oct 13 08:46:59 ip-172-31-27-41 kernel: [    2.591493] Freeing unused kernel image memory: 2008K
Oct 13 08:46:59 ip-172-31-27-41 kernel: [    2.597332] Freeing unused kernel image memory: 1488K
Oct 13 08:46:59 ip-172-31-27-41 kernel: [    2.612094] x86/mm: Checked W+X mappings: passed, no W+X pages found.
Oct 13 08:46:59 ip-172-31-27-41 kernel: [    2.618344] x86/mm: Checking user space page tables
Oct 13 08:46:59 ip-172-31-27-41 kernel: [    2.632258] x86/mm: Checked W+X mappings: passed, no W+X pages found.
Oct 13 08:46:59 ip-172-31-27-41 kernel: [    2.637129] Run /init as init process
Oct 13 08:46:59 ip-172-31-27-41 kernel: [    2.738595] cryptd: max_cpu_qlen set to 1000
Oct 13 08:46:59 ip-172-31-27-41 kernel: [    2.746732] AVX2 version of gcm_enc/dec engaged.
Oct 13 08:46:59 ip-172-31-27-41 kernel: [    2.750341] AES CTR mode by8 optimization enabled
Oct 13 08:46:59 ip-172-31-27-41 kernel: [    2.754380] xen_netfront: Initialising Xen virtual ethernet driver
Oct 13 08:46:59 ip-172-31-27-41 kernel: [    3.104494] tsc: Refined TSC clocksource calibration: 2300.000 MHz
Oct 13 08:46:59 ip-172-31-27-41 kernel: [    3.108983] clocksource: tsc: mask: 0xffffffffffffffff max_cycles: 0x212735223b2, max_idle_ns: 440795277976 ns
Oct 13 08:46:59 ip-172-31-27-41 kernel: [    4.520450] raid6: avx2x4   gen() 23662 MB/s
Oct 13 08:46:59 ip-172-31-27-41 kernel: [    4.568434] raid6: avx2x4   xor() 14638 MB/s
Oct 13 08:46:59 ip-172-31-27-41 kernel: [    4.616462] raid6: avx2x2   gen() 20238 MB/s
Oct 13 08:46:59 ip-172-31-27-41 kernel: [    4.664432] raid6: avx2x2   xor() 12269 MB/s
Oct 13 08:46:59 ip-172-31-27-41 kernel: [    4.712440] raid6: avx2x1   gen() 17844 MB/s
Oct 13 08:46:59 ip-172-31-27-41 kernel: [    4.760431] raid6: avx2x1   xor() 11694 MB/s
Oct 13 08:46:59 ip-172-31-27-41 kernel: [    4.808439] raid6: sse2x4   gen() 13047 MB/s
Oct 13 08:46:59 ip-172-31-27-41 kernel: [    4.856434] raid6: sse2x4   xor()  8276 MB/s
Oct 13 08:46:59 ip-172-31-27-41 kernel: [    4.904441] raid6: sse2x2   gen() 10895 MB/s
Oct 13 08:46:59 ip-172-31-27-41 kernel: [    4.952437] raid6: sse2x2   xor()  6985 MB/s
Oct 13 08:46:59 ip-172-31-27-41 kernel: [    5.000438] raid6: sse2x1   gen()  9291 MB/s
Oct 13 08:46:59 ip-172-31-27-41 kernel: [    5.048450] raid6: sse2x1   xor()  6392 MB/s
Oct 13 08:46:59 ip-172-31-27-41 kernel: [    5.051562] raid6: using algorithm avx2x4 gen() 23662 MB/s
Oct 13 08:46:59 ip-172-31-27-41 kernel: [    5.055248] raid6: .... xor() 14638 MB/s, rmw enabled
Oct 13 08:46:59 ip-172-31-27-41 kernel: [    5.059227] raid6: using avx2x2 recovery algorithm
Oct 13 08:46:59 ip-172-31-27-41 kernel: [    5.063848] xor: automatically using best checksumming function   avx       
Oct 13 08:46:59 ip-172-31-27-41 kernel: [    5.069618] async_tx: api initialized (async)
Oct 13 08:46:59 ip-172-31-27-41 kernel: [    5.125964] Btrfs loaded, crc32c=crc32c-intel
Oct 13 08:46:59 ip-172-31-27-41 kernel: [    5.186693] EXT4-fs (xvda1): mounted filesystem with ordered data mode. Opts: (null)
Oct 13 08:46:59 ip-172-31-27-41 kernel: [    5.883395] systemd[1]: systemd 237 running in system mode. (+PAM +AUDIT +SELINUX +IMA +APPARMOR +SMACK +SYSVINIT +UTMP +LIBCRYPTSETUP +GCRYPT +GNUTLS +ACL +XZ +LZ4 +SECCOMP +BLKID +ELFUTILS +KMOD -IDN2 +IDN -PCRE2 default-hierarchy=hybrid)
Oct 13 08:46:59 ip-172-31-27-41 kernel: [    5.896262] systemd[1]: Detected virtualization xen.
Oct 13 08:46:59 ip-172-31-27-41 kernel: [    5.899889] systemd[1]: Detected architecture x86-64.
Oct 13 08:46:59 ip-172-31-27-41 kernel: [    5.931867] systemd[1]: Set hostname to <ubuntu>.
Oct 13 08:46:59 ip-172-31-27-41 kernel: [    5.963263] systemd[1]: Initializing machine ID from random generator.
Oct 13 08:46:59 ip-172-31-27-41 kernel: [    5.967817] systemd[1]: Installed transient /etc/machine-id file.
Oct 13 08:46:59 ip-172-31-27-41 kernel: [    6.333264] systemd[1]: Reached target User and Group Name Lookups.
Oct 13 08:46:59 ip-172-31-27-41 kernel: [    6.341413] systemd[1]: Set up automount Arbitrary Executable File Formats File System Automount Point.
Oct 13 08:46:59 ip-172-31-27-41 kernel: [    6.352537] systemd[1]: Reached target Swap.
Oct 13 08:46:59 ip-172-31-27-41 kernel: [    6.359660] systemd[1]: Created slice System Slice.
Oct 13 08:46:59 ip-172-31-27-41 kernel: [    6.442545] Loading iSCSI transport class v2.0-870.
Oct 13 08:46:59 ip-172-31-27-41 kernel: [    6.496522] iscsi: registered transport (tcp)
Oct 13 08:46:59 ip-172-31-27-41 kernel: [    6.512342] EXT4-fs (xvda1): re-mounted. Opts: discard
Oct 13 08:46:59 ip-172-31-27-41 kernel: [    6.540344] systemd-journald[462]: Received request to flush runtime journal from PID 1
Oct 13 08:46:59 ip-172-31-27-41 kernel: [    6.560114] iscsi: registered transport (iser)
Oct 13 08:46:59 ip-172-31-27-41 kernel: [    7.507727] audit: type=1400 audit(1634114812.440:2): apparmor="STATUS" operation="profile_load" profile="unconfined" name="/usr/bin/lxc-start" pid=743 comm="apparmor_parser"
Oct 13 08:46:59 ip-172-31-27-41 kernel: [    7.565021] audit: type=1400 audit(1634114812.500:3): apparmor="STATUS" operation="profile_load" profile="unconfined" name="/usr/bin/man" pid=745 comm="apparmor_parser"
Oct 13 08:46:59 ip-172-31-27-41 kernel: [    7.565359] audit: type=1400 audit(1634114812.500:4): apparmor="STATUS" operation="profile_load" profile="unconfined" name="man_filter" pid=745 comm="apparmor_parser"
Oct 13 08:46:59 ip-172-31-27-41 kernel: [    7.565733] audit: type=1400 audit(1634114812.500:5): apparmor="STATUS" operation="profile_load" profile="unconfined" name="man_groff" pid=745 comm="apparmor_parser"
Oct 13 08:46:59 ip-172-31-27-41 kernel: [    7.580167] audit: type=1400 audit(1634114812.512:6): apparmor="STATUS" operation="profile_load" profile="unconfined" name="/usr/sbin/tcpdump" pid=740 comm="apparmor_parser"
Oct 13 08:46:59 ip-172-31-27-41 kernel: [    7.654380] audit: type=1400 audit(1634114812.588:7): apparmor="STATUS" operation="profile_load" profile="unconfined" name="/sbin/dhclient" pid=744 comm="apparmor_parser"
Oct 13 08:46:59 ip-172-31-27-41 kernel: [    7.654902] audit: type=1400 audit(1634114812.588:8): apparmor="STATUS" operation="profile_load" profile="unconfined" name="/usr/lib/NetworkManager/nm-dhcp-client.action" pid=744 comm="apparmor_parser"
Oct 13 08:46:59 ip-172-31-27-41 kernel: [    7.655258] audit: type=1400 audit(1634114812.588:9): apparmor="STATUS" operation="profile_load" profile="unconfined" name="/usr/lib/NetworkManager/nm-dhcp-helper" pid=744 comm="apparmor_parser"
Oct 13 08:46:59 ip-172-31-27-41 kernel: [    7.655639] audit: type=1400 audit(1634114812.588:10): apparmor="STATUS" operation="profile_load" profile="unconfined" name="/usr/lib/connman/scripts/dhclient-script" pid=744 comm="apparmor_parser"
Oct 13 08:46:59 ip-172-31-27-41 kernel: [    7.717726] audit: type=1400 audit(1634114812.652:11): apparmor="STATUS" operation="profile_load" profile="unconfined" name="/usr/lib/snapd/snap-confine" pid=741 comm="apparmor_parser"
Oct 13 08:46:59 ip-172-31-27-41 kernel: [   12.798557] EXT4-fs (xvda1): resizing filesystem from 2096891 to 33554171 blocks
Oct 13 08:46:59 ip-172-31-27-41 kernel: [   13.360112] EXT4-fs (xvda1): resized filesystem to 33554171
Oct 13 08:46:59 ip-172-31-27-41 kernel: [   14.111217] new mount options do not match the existing superblock, will be ignored
Oct 13 08:46:59 ip-172-31-27-41 cloud-init[895]: Your identification has been saved in /etc/ssh/ssh_host_ed25519_key.
Oct 13 08:46:59 ip-172-31-27-41 cloud-init[895]: Your public key has been saved in /etc/ssh/ssh_host_ed25519_key.pub.
Oct 13 08:46:59 ip-172-31-27-41 cloud-init[895]: The key fingerprint is:
Oct 13 08:46:59 ip-172-31-27-41 cloud-init[895]: SHA256:raxkUxKeAtzs2DBLZu3Qe1+GuiwjSztN2lvslRPWbeE root@ip-172-31-27-41
Oct 13 08:46:59 ip-172-31-27-41 cloud-init[895]: The key's randomart image is:
Oct 13 08:46:59 ip-172-31-27-41 cloud-init[895]: +--[ED25519 256]--+
Oct 13 08:46:59 ip-172-31-27-41 cloud-init[895]: |                 |
Oct 13 08:46:59 ip-172-31-27-41 cloud-init[895]: | . =             |
Oct 13 08:46:59 ip-172-31-27-41 cloud-init[895]: |  X = .     .    |
Oct 13 08:46:59 ip-172-31-27-41 cloud-init[895]: | + @ o o + o .   |
Oct 13 08:46:59 ip-172-31-27-41 cloud-init[895]: |  o * = S = E    |
Oct 13 08:46:59 ip-172-31-27-41 cloud-init[895]: |    .+ B * .     |
Oct 13 08:46:59 ip-172-31-27-41 cloud-init[895]: |  .=  B B        |
Oct 13 08:46:59 ip-172-31-27-41 cloud-init[895]: | .+.=* = .       |
Oct 13 08:46:59 ip-172-31-27-41 acpid: starting up with netlink and the input layer
Oct 13 08:46:59 ip-172-31-27-41 systemd[1]: Started Initial cloud-init job (metadata service crawler).
Oct 13 08:46:59 ip-172-31-27-41 cloud-init[895]: |  o+.+=          |
Oct 13 08:46:59 ip-172-31-27-41 cloud-init[895]: +----[SHA256]-----+
Oct 13 08:46:59 ip-172-31-27-41 acpid: 2 rules loaded
Oct 13 08:46:59 ip-172-31-27-41 systemd[1]: Reached target System Initialization.
Oct 13 08:46:59 ip-172-31-27-41 acpid: waiting for events: event logging is off
Oct 13 08:46:59 ip-172-31-27-41 systemd[1]: Listening on D-Bus System Message Bus Socket.
Oct 13 08:46:59 ip-172-31-27-41 cron[1120]: (CRON) INFO (pidfile fd = 3)
Oct 13 08:46:59 ip-172-31-27-41 systemd[1]: Started Discard unused blocks once a week.
Oct 13 08:46:59 ip-172-31-27-41 cron[1120]: (CRON) INFO (Running @reboot jobs)
Oct 13 08:46:59 ip-172-31-27-41 systemd[1]: Started Daily apt download activities.
Oct 13 08:46:59 ip-172-31-27-41 lxcfs[1031]: mount namespace: 5
Oct 13 08:46:59 ip-172-31-27-41 lxcfs[1031]: hierarchies:
Oct 13 08:46:59 ip-172-31-27-41 lxcfs[1031]:   0: fd:   6: hugetlb
Oct 13 08:46:59 ip-172-31-27-41 lxcfs[1031]:   1: fd:   7: rdma
Oct 13 08:46:59 ip-172-31-27-41 lxcfs[1031]:   2: fd:   8: freezer
Oct 13 08:46:59 ip-172-31-27-41 lxcfs[1031]:   3: fd:   9: blkio
Oct 13 08:46:59 ip-172-31-27-41 lxcfs[1031]:   4: fd:  10: perf_event
Oct 13 08:46:59 ip-172-31-27-41 lxcfs[1031]:   5: fd:  11: pids
Oct 13 08:46:59 ip-172-31-27-41 lxcfs[1031]:   6: fd:  12: cpuset
Oct 13 08:46:59 ip-172-31-27-41 lxcfs[1031]:   7: fd:  13: memory
Oct 13 08:46:59 ip-172-31-27-41 lxcfs[1031]:   8: fd:  14: cpu,cpuacct
Oct 13 08:46:59 ip-172-31-27-41 lxcfs[1031]:   9: fd:  15: devices
Oct 13 08:46:59 ip-172-31-27-41 lxcfs[1031]:  10: fd:  16: net_cls,net_prio
Oct 13 08:46:59 ip-172-31-27-41 lxcfs[1031]:  11: fd:  17: name=systemd
Oct 13 08:46:59 ip-172-31-27-41 lxcfs[1031]:  12: fd:  18: unified
Oct 13 08:46:59 ip-172-31-27-41 pollinate[1018]: client sent challenge to [https://entropy.ubuntu.com/]
Oct 13 08:46:59 ip-172-31-27-41 systemd[1]: Started Daily Cleanup of Temporary Directories.
Oct 13 08:46:59 ip-172-31-27-41 rsyslogd: imuxsock: Acquired UNIX socket '/run/systemd/journal/syslog' (fd 3) from systemd.  [v8.32.0]
Oct 13 08:46:59 ip-172-31-27-41 systemd[1]: Started Message of the Day.
Oct 13 08:46:59 ip-172-31-27-41 rsyslogd: rsyslogd's groupid changed to 106
Oct 13 08:46:59 ip-172-31-27-41 systemd[1]: Starting Socket activation for snappy daemon.
Oct 13 08:46:59 ip-172-31-27-41 rsyslogd: rsyslogd's userid changed to 102
Oct 13 08:46:59 ip-172-31-27-41 systemd[1]: Listening on UUID daemon activation socket.
Oct 13 08:46:59 ip-172-31-27-41 rsyslogd:  [origin software="rsyslogd" swVersion="8.32.0" x-pid="1116" x-info="http://www.rsyslog.com"] start
Oct 13 08:46:59 ip-172-31-27-41 systemd[1]: Started Daily apt upgrade and clean activities.
Oct 13 08:46:59 ip-172-31-27-41 dbus-daemon[1129]: [system] AppArmor D-Bus mediation is enabled
Oct 13 08:46:59 ip-172-31-27-41 systemd[1]: Reached target Timers.
Oct 13 08:46:59 ip-172-31-27-41 dbus-daemon[1129]: [system] Activating via systemd: service name='org.freedesktop.hostname1' unit='dbus-org.freedesktop.hostname1.service' requested by ':1.1' (uid=100 pid=836 comm="/lib/systemd/systemd-networkd " label="unconfined")
Oct 13 08:46:59 ip-172-31-27-41 systemd[1]: Started ACPI Events Check.
Oct 13 08:46:59 ip-172-31-27-41 systemd[1]: Listening on ACPID Listen Socket.
Oct 13 08:46:59 ip-172-31-27-41 systemd[1]: Starting LXD - unix socket.
Oct 13 08:46:59 ip-172-31-27-41 systemd[1]: Reached target Paths.
Oct 13 08:46:59 ip-172-31-27-41 systemd[1]: Listening on Open-iSCSI iscsid Socket.
Oct 13 08:46:59 ip-172-31-27-41 systemd[1]: Reached target Network is Online.
Oct 13 08:46:59 ip-172-31-27-41 systemd[1]: Reached target Remote File Systems (Pre).
Oct 13 08:46:59 ip-172-31-27-41 systemd[1]: Reached target Remote File Systems.
Oct 13 08:46:59 ip-172-31-27-41 systemd[1]: Starting Availability of block devices...
Oct 13 08:46:59 ip-172-31-27-41 systemd[1]: Reached target Cloud-config availability.
Oct 13 08:46:59 ip-172-31-27-41 systemd[1]: Listening on Socket activation for snappy daemon.
Oct 13 08:46:59 ip-172-31-27-41 systemd[1]: Listening on LXD - unix socket.
Oct 13 08:46:59 ip-172-31-27-41 systemd[1]: Started Availability of block devices.
Oct 13 08:46:59 ip-172-31-27-41 systemd[1]: Reached target Sockets.
Oct 13 08:46:59 ip-172-31-27-41 systemd[1]: Reached target Basic System.
Oct 13 08:46:59 ip-172-31-27-41 systemd[1]: Starting Pollinate to seed the pseudo random number generator...
Oct 13 08:46:59 ip-172-31-27-41 systemd[1]: Starting Accounts Service...
Oct 13 08:46:59 ip-172-31-27-41 systemd[1]: Started FUSE filesystem for LXC.
Oct 13 08:46:59 ip-172-31-27-41 systemd[1]: Starting LSB: automatic crash report generation...
Oct 13 08:46:59 ip-172-31-27-41 systemd[1]: Starting LSB: Record successful boot for GRUB...
Oct 13 08:46:59 ip-172-31-27-41 systemd[1]: Starting Login Service...
Oct 13 08:46:59 ip-172-31-27-41 systemd[1]: Starting LXD - container startup/shutdown...
Oct 13 08:46:59 ip-172-31-27-41 systemd[1]: Starting Dispatcher daemon for systemd-networkd...
Oct 13 08:46:59 ip-172-31-27-41 systemd[1]: Started irqbalance daemon.
Oct 13 08:46:59 ip-172-31-27-41 systemd[1]: Started Deferred execution scheduler.
Oct 13 08:46:59 ip-172-31-27-41 systemd[1]: Starting Permit User Sessions...
Oct 13 08:46:59 ip-172-31-27-41 systemd[1]: Started ACPI event daemon.
Oct 13 08:46:59 ip-172-31-27-41 systemd[1]: Starting System Logging Service...
Oct 13 08:46:59 ip-172-31-27-41 systemd[1]: Started Regular background program processing daemon.
Oct 13 08:46:59 ip-172-31-27-41 systemd[1]: Started D-Bus System Message Bus.
Oct 13 08:46:59 ip-172-31-27-41 systemd[1]: Started Login Service.
Oct 13 08:46:59 ip-172-31-27-41 systemd[1]: Started Unattended Upgrades Shutdown.
Oct 13 08:46:59 ip-172-31-27-41 networkd-dispatcher[1080]: No valid path found for iwconfig
Oct 13 08:46:59 ip-172-31-27-41 networkd-dispatcher[1080]: No valid path found for iw
Oct 13 08:46:59 ip-172-31-27-41 systemd[1]: Starting Snap Daemon...
Oct 13 08:46:59 ip-172-31-27-41 dbus-daemon[1129]: [system] Activating via systemd: service name='org.freedesktop.PolicyKit1' unit='polkit.service' requested by ':1.4' (uid=0 pid=1024 comm="/usr/lib/accountsservice/accounts-daemon " label="unconfined")
Oct 13 08:46:59 ip-172-31-27-41 systemd[1]: Started System Logging Service.
Oct 13 08:46:59 ip-172-31-27-41 systemd[1]: Started Permit User Sessions.
Oct 13 08:46:59 ip-172-31-27-41 systemd[1]: Started Dispatcher daemon for systemd-networkd.
Oct 13 08:46:59 ip-172-31-27-41 grub-common[1053]:  * Recording successful boot for GRUB
Oct 13 08:46:59 ip-172-31-27-41 apport[1046]:  * Starting automatic crash report generation: apport
Oct 13 08:46:59 ip-172-31-27-41 systemd[1]: Starting Authorization Manager...
Oct 13 08:46:59 ip-172-31-27-41 systemd[1]: Starting Hostname Service...
Oct 13 08:46:59 ip-172-31-27-41 systemd[1]: Starting Hold until boot process finishes up...
Oct 13 08:46:59 ip-172-31-27-41 systemd[1]: Starting Terminate Plymouth Boot Screen...
Oct 13 08:46:59 ip-172-31-27-41 systemd[1]: Started Hold until boot process finishes up.
Oct 13 08:46:59 ip-172-31-27-41 systemd[1]: Starting Set console scheme...
Oct 13 08:46:59 ip-172-31-27-41 apport[1046]:    ...done.
Oct 13 08:46:59 ip-172-31-27-41 systemd[1]: Started Serial Getty on ttyS0.
Oct 13 08:46:59 ip-172-31-27-41 systemd[1]: Started LSB: automatic crash report generation.
Oct 13 08:46:59 ip-172-31-27-41 dbus-daemon[1129]: [system] Successfully activated service 'org.freedesktop.hostname1'
Oct 13 08:46:59 ip-172-31-27-41 systemd[1]: Started Terminate Plymouth Boot Screen.
Oct 13 08:46:59 ip-172-31-27-41 systemd[1]: Started Set console scheme.
Oct 13 08:46:59 ip-172-31-27-41 systemd[1]: Started Hostname Service.
Oct 13 08:46:59 ip-172-31-27-41 polkitd[1230]: started daemon version 0.105 using authority implementation `local' version `0.105'
Oct 13 08:46:59 ip-172-31-27-41 dbus-daemon[1129]: [system] Successfully activated service 'org.freedesktop.PolicyKit1'
Oct 13 08:46:59 ip-172-31-27-41 accounts-daemon[1024]: started daemon version 0.6.45
Oct 13 08:46:59 ip-172-31-27-41 systemd[1]: Started Authorization Manager.
Oct 13 08:46:59 ip-172-31-27-41 systemd[1]: Started Accounts Service.
Oct 13 08:46:59 ip-172-31-27-41 grub-common[1053]:    ...done.
Oct 13 08:46:59 ip-172-31-27-41 systemd[1]: Started LSB: Record successful boot for GRUB.
Oct 13 08:46:59 ip-172-31-27-41 systemd[1]: Created slice system-getty.slice.
Oct 13 08:46:59 ip-172-31-27-41 systemd[1]: Started Getty on tty1.
Oct 13 08:46:59 ip-172-31-27-41 systemd[1]: Reached target Login Prompts.
Oct 13 08:46:59 ip-172-31-27-41 systemd[1]: Started LXD - container startup/shutdown.
Oct 13 08:46:59 ip-172-31-27-41 snapd[1205]: AppArmor status: apparmor is enabled and all features are available
Oct 13 08:46:59 ip-172-31-27-41 snapd[1205]: daemon.go:347: started snapd/2.48.3+18.04 (series 16; classic) ubuntu/18.04 (amd64) linux/5.4.0-1045-aws.
Oct 13 08:46:59 ip-172-31-27-41 snapd[1205]: daemon.go:440: adjusting startup timeout by 30s (pessimistic estimate of 30s plus 5s per snap)
Oct 13 08:46:59 ip-172-31-27-41 snapd[1205]: helpers.go:105: error trying to compare the snap system key: system-key missing on disk
Oct 13 08:46:59 ip-172-31-27-41 systemd[1]: Started Snap Daemon.
Oct 13 08:46:59 ip-172-31-27-41 systemd[1]: Starting Wait until snapd is fully seeded...
Oct 13 08:47:00 ip-172-31-27-41 pollinate[1018]: client verified challenge/response with [https://entropy.ubuntu.com/]
Oct 13 08:47:00 ip-172-31-27-41 pollinate[1018]: client hashed response from [https://entropy.ubuntu.com/]
Oct 13 08:47:00 ip-172-31-27-41 pollinate[1018]: client successfully seeded [/dev/urandom]
Oct 13 08:47:00 ip-172-31-27-41 systemd[1]: Started Pollinate to seed the pseudo random number generator.
Oct 13 08:47:00 ip-172-31-27-41 systemd[1]: Starting OpenBSD Secure Shell server...
Oct 13 08:47:00 ip-172-31-27-41 systemd[1]: Started OpenBSD Secure Shell server.
Oct 13 08:47:03 ip-172-31-27-41 systemd[1]: Reloading.
Oct 13 08:47:03 ip-172-31-27-41 systemd[1]: Reloading.
Oct 13 08:47:03 ip-172-31-27-41 systemd[1]: Mounting Mount unit for snapd, revision 11588...
Oct 13 08:47:03 ip-172-31-27-41 systemd[1]: Mounted Mount unit for snapd, revision 11588.
Oct 13 08:47:04 ip-172-31-27-41 kernel: [   19.156601] kauditd_printk_skb: 5 callbacks suppressed
Oct 13 08:47:04 ip-172-31-27-41 kernel: [   19.156603] audit: type=1400 audit(1634114824.092:17): apparmor="STATUS" operation="profile_load" profile="unconfined" name="/snap/snapd/11588/usr/lib/snapd/snap-confine" pid=1765 comm="apparmor_parser"
Oct 13 08:47:04 ip-172-31-27-41 kernel: [   19.156777] audit: type=1400 audit(1634114824.092:18): apparmor="STATUS" operation="profile_load" profile="unconfined" name="/snap/snapd/11588/usr/lib/snapd/snap-confine//mount-namespace-capture-helper" pid=1765 comm="apparmor_parser"
Oct 13 08:47:04 ip-172-31-27-41 snapd[1205]: daemon.go:589: gracefully waiting for running hooks
Oct 13 08:47:04 ip-172-31-27-41 snapd[1205]: daemon.go:591: done waiting for running hooks
Oct 13 08:47:07 ip-172-31-27-41 systemd[1]: snapd.service: Service hold-off time over, scheduling restart.
Oct 13 08:47:07 ip-172-31-27-41 systemd[1]: snapd.service: Scheduled restart job, restart counter is at 1.
Oct 13 08:47:07 ip-172-31-27-41 systemd[1]: Stopped Snap Daemon.
Oct 13 08:47:07 ip-172-31-27-41 systemd[1]: Starting Snap Daemon...
Oct 13 08:47:07 ip-172-31-27-41 snapd[1792]: AppArmor status: apparmor is enabled and all features are available
Oct 13 08:47:07 ip-172-31-27-41 snapd[1792]: AppArmor status: apparmor is enabled and all features are available
Oct 13 08:47:07 ip-172-31-27-41 snapd[1792]: patch.go:64: Patching system state level 6 to sublevel 1...
Oct 13 08:47:07 ip-172-31-27-41 snapd[1792]: patch.go:64: Patching system state level 6 to sublevel 2...
Oct 13 08:47:07 ip-172-31-27-41 snapd[1792]: patch.go:64: Patching system state level 6 to sublevel 3...
Oct 13 08:47:07 ip-172-31-27-41 snapd[1792]: daemon.go:347: started snapd/2.49.2 (series 16; classic) ubuntu/18.04 (amd64) linux/5.4.0-1045-aws.
Oct 13 08:47:07 ip-172-31-27-41 snapd[1792]: daemon.go:440: adjusting startup timeout by 35s (pessimistic estimate of 30s plus 5s per snap)
Oct 13 08:47:07 ip-172-31-27-41 kernel: [   23.018896] audit: type=1400 audit(1634114827.952:19): apparmor="STATUS" operation="profile_replace" profile="unconfined" name="/snap/snapd/11588/usr/lib/snapd/snap-confine" pid=1863 comm="apparmor_parser"
Oct 13 08:47:07 ip-172-31-27-41 kernel: [   23.040547] audit: type=1400 audit(1634114827.976:20): apparmor="STATUS" operation="profile_replace" profile="unconfined" name="/snap/snapd/11588/usr/lib/snapd/snap-confine//mount-namespace-capture-helper" pid=1863 comm="apparmor_parser"
Oct 13 08:47:07 ip-172-31-27-41 systemd[1]: Started Snap Daemon.
Oct 13 08:47:08 ip-172-31-27-41 systemd[1]: Reloading.
Oct 13 08:47:08 ip-172-31-27-41 systemd[1]: Reloading.
Oct 13 08:47:08 ip-172-31-27-41 systemd[1]: Mounting Mount unit for core18, revision 1997...
Oct 13 08:47:08 ip-172-31-27-41 systemd[1]: Mounted Mount unit for core18, revision 1997.
Oct 13 08:47:09 ip-172-31-27-41 systemd[1]: Reloading.
Oct 13 08:47:09 ip-172-31-27-41 systemd[1]: Reloading.
Oct 13 08:47:09 ip-172-31-27-41 systemd[1]: Mounting Mount unit for amazon-ssm-agent, revision 3552...
Oct 13 08:47:09 ip-172-31-27-41 systemd[1]: Mounted Mount unit for amazon-ssm-agent, revision 3552.
Oct 13 08:47:09 ip-172-31-27-41 kernel: [   24.639359] audit: type=1400 audit(1634114829.572:21): apparmor="STATUS" operation="profile_load" profile="unconfined" name="snap.amazon-ssm-agent.amazon-ssm-agent" pid=2180 comm="apparmor_parser"
Oct 13 08:47:09 ip-172-31-27-41 kernel: [   24.639364] audit: type=1400 audit(1634114829.572:22): apparmor="STATUS" operation="profile_load" profile="unconfined" name="snap.amazon-ssm-agent.ssm-cli" pid=2181 comm="apparmor_parser"
Oct 13 08:47:09 ip-172-31-27-41 kernel: [   24.646195] audit: type=1400 audit(1634114829.580:23): apparmor="STATUS" operation="profile_load" profile="unconfined" name="snap-update-ns.amazon-ssm-agent" pid=2179 comm="apparmor_parser"
Oct 13 08:47:09 ip-172-31-27-41 systemd[1]: Reloading.
Oct 13 08:47:09 ip-172-31-27-41 systemd[1]: Reloading.
Oct 13 08:47:09 ip-172-31-27-41 systemd[1]: Started Service for snap application amazon-ssm-agent.amazon-ssm-agent.
Oct 13 08:47:10 ip-172-31-27-41 amazon-ssm-agent.amazon-ssm-agent[2245]: Error occurred fetching the seelog config file path:  open /etc/amazon/ssm/seelog.xml: no such file or directory
Oct 13 08:47:10 ip-172-31-27-41 amazon-ssm-agent.amazon-ssm-agent[2245]: Initializing new seelog logger
Oct 13 08:47:10 ip-172-31-27-41 amazon-ssm-agent.amazon-ssm-agent[2245]: New Seelog Logger Creation Complete
Oct 13 08:47:11 ip-172-31-27-41 amazon-ssm-agent.amazon-ssm-agent[2245]: 2021-10-13 08:47:10 WARN Error adding the directory '/etc/amazon/ssm' to watcher: no such file or directory
Oct 13 08:47:11 ip-172-31-27-41 amazon-ssm-agent.amazon-ssm-agent[2245]: 2021-10-13 08:47:11 INFO [amazon-ssm-agent] amazon-ssm-agent - v3.0.529.0
Oct 13 08:47:11 ip-172-31-27-41 amazon-ssm-agent.amazon-ssm-agent[2245]: 2021-10-13 08:47:11 INFO [amazon-ssm-agent] OS: linux, Arch: amd64
Oct 13 08:47:11 ip-172-31-27-41 systemd[1]: Started Wait until snapd is fully seeded.
Oct 13 08:47:11 ip-172-31-27-41 systemd[1]: Starting Apply the settings specified in cloud-config...
Oct 13 08:47:12 ip-172-31-27-41 amazon-ssm-agent.amazon-ssm-agent[2245]: 2021-10-13 08:47:12 INFO [amazon-ssm-agent] [LongRunningWorkerContainer] [WorkerProvider] Worker ssm-agent-worker is not running, starting worker process
Oct 13 08:47:12 ip-172-31-27-41 amazon-ssm-agent.amazon-ssm-agent[2245]: 2021-10-13 08:47:12 INFO [amazon-ssm-agent] [LongRunningWorkerContainer] [WorkerProvider] Worker ssm-agent-worker (pid:2336) started
Oct 13 08:47:12 ip-172-31-27-41 amazon-ssm-agent.amazon-ssm-agent[2245]: 2021-10-13 08:47:12 INFO [amazon-ssm-agent] [LongRunningWorkerContainer] Monitor long running worker health every 60 seconds
Oct 13 08:47:12 ip-172-31-27-41 cloud-init[2300]: Cloud-init v. 21.1-19-gbad84ad4-0ubuntu1~18.04.1 running 'modules:config' at Wed, 13 Oct 2021 08:47:11 +0000. Up 26.40 seconds.
Oct 13 08:47:12 ip-172-31-27-41 systemd[1]: Started Apply the settings specified in cloud-config.
Oct 13 08:47:12 ip-172-31-27-41 systemd[1]: Starting EC2 instance hibernation setup agent...
Oct 13 08:47:12 ip-172-31-27-41 /hibinit-agent: Instance Launch has not enabled Hibernation Configured Flag. hibinit-agent exiting!!
Oct 13 08:47:12 ip-172-31-27-41 hibinit-agent[2354]: Instance Launch has not enabled Hibernation Configured Flag. hibinit-agent exiting!!
Oct 13 08:47:12 ip-172-31-27-41 systemd[1]: Started EC2 instance hibernation setup agent.
Oct 13 08:47:12 ip-172-31-27-41 systemd[1]: Reached target Multi-User System.
Oct 13 08:47:12 ip-172-31-27-41 systemd[1]: Reached target Graphical Interface.
Oct 13 08:47:12 ip-172-31-27-41 systemd[1]: Starting Update UTMP about System Runlevel Changes...
Oct 13 08:47:12 ip-172-31-27-41 systemd[1]: Starting Execute cloud user/final scripts...
Oct 13 08:47:12 ip-172-31-27-41 systemd[1]: Started Update UTMP about System Runlevel Changes.
Oct 13 08:47:13 ip-172-31-27-41 ec2: 
Oct 13 08:47:13 ip-172-31-27-41 ec2: #############################################################
Oct 13 08:47:13 ip-172-31-27-41 ec2: -----BEGIN SSH HOST KEY FINGERPRINTS-----
Oct 13 08:47:13 ip-172-31-27-41 ec2: 1024 SHA256:hNXXPiGTV6b0cG1FGin1YMsaC6xVQb7S2z2CnC+EQzM root@ip-172-31-27-41 (DSA)
Oct 13 08:47:13 ip-172-31-27-41 ec2: 256 SHA256:2BrhfMnniCMWmLVQ8MkWnlCWpBUvdx7ZWJJLFj+hFH8 root@ip-172-31-27-41 (ECDSA)
Oct 13 08:47:13 ip-172-31-27-41 ec2: 256 SHA256:raxkUxKeAtzs2DBLZu3Qe1+GuiwjSztN2lvslRPWbeE root@ip-172-31-27-41 (ED25519)
Oct 13 08:47:13 ip-172-31-27-41 ec2: 2048 SHA256:7XqhexusxlmM4cpvzWnuxzbb2NTknrDje/KhTLZDpg8 root@ip-172-31-27-41 (RSA)
Oct 13 08:47:13 ip-172-31-27-41 ec2: -----END SSH HOST KEY FINGERPRINTS-----
Oct 13 08:47:13 ip-172-31-27-41 ec2: #############################################################
Oct 13 08:47:13 ip-172-31-27-41 systemd[1]: Started Execute cloud user/final scripts.
Oct 13 08:47:13 ip-172-31-27-41 systemd[1]: Reached target Cloud-init target.
Oct 13 08:47:13 ip-172-31-27-41 systemd[1]: Startup finished in 5.125s (kernel) + 22.775s (userspace) = 27.900s.
Oct 13 08:47:13 ip-172-31-27-41 cloud-init[2395]: Cloud-init v. 21.1-19-gbad84ad4-0ubuntu1~18.04.1 running 'modules:final' at Wed, 13 Oct 2021 08:47:13 +0000. Up 27.67 seconds.
Oct 13 08:47:13 ip-172-31-27-41 cloud-init[2395]: Cloud-init v. 21.1-19-gbad84ad4-0ubuntu1~18.04.1 finished at Wed, 13 Oct 2021 08:47:13 +0000. Datasource DataSourceEc2Local.  Up 27.85 seconds
Oct 13 08:47:27 ip-172-31-27-41 systemd-timesyncd[650]: Synchronized to time server 91.189.91.157:123 (ntp.ubuntu.com).
Oct 13 08:52:30 ip-172-31-27-41 systemd[1]: Created slice User Slice of ubuntu.
Oct 13 08:52:30 ip-172-31-27-41 systemd[1]: Starting User Manager for UID 1000...
Oct 13 08:52:30 ip-172-31-27-41 systemd[1]: Started Session 1 of user ubuntu.
Oct 13 08:52:30 ip-172-31-27-41 systemd[2483]: Listening on GnuPG cryptographic agent and passphrase cache (restricted).
Oct 13 08:52:30 ip-172-31-27-41 systemd[2483]: Listening on GnuPG cryptographic agent and passphrase cache (access for web browsers).
Oct 13 08:52:30 ip-172-31-27-41 systemd[2483]: Listening on GnuPG cryptographic agent (ssh-agent emulation).
Oct 13 08:52:30 ip-172-31-27-41 systemd[2483]: Reached target Timers.
Oct 13 08:52:30 ip-172-31-27-41 systemd[2483]: Reached target Paths.
Oct 13 08:52:30 ip-172-31-27-41 systemd[2483]: Listening on GnuPG network certificate management daemon.
Oct 13 08:52:30 ip-172-31-27-41 systemd[2483]: Listening on REST API socket for snapd user session agent.
Oct 13 08:52:30 ip-172-31-27-41 systemd[2483]: Listening on GnuPG cryptographic agent and passphrase cache.
Oct 13 08:52:30 ip-172-31-27-41 systemd[2483]: Reached target Sockets.
Oct 13 08:52:30 ip-172-31-27-41 systemd[2483]: Reached target Basic System.
Oct 13 08:52:30 ip-172-31-27-41 systemd[2483]: Reached target Default.
Oct 13 08:52:30 ip-172-31-27-41 systemd[2483]: Startup finished in 88ms.
Oct 13 08:52:30 ip-172-31-27-41 systemd[1]: Started User Manager for UID 1000.
Oct 13 08:52:33 ip-172-31-27-41 systemd[1]: Started Session 3 of user ubuntu.
Oct 13 09:01:45 ip-172-31-27-41 systemd[1]: Starting Cleanup of Temporary Directories...
Oct 13 09:01:45 ip-172-31-27-41 systemd[1]: Started Cleanup of Temporary Directories.
Oct 13 09:06:36 ip-172-31-27-41 kernel: [ 1191.678230] SGI XFS with ACLs, security attributes, realtime, no debug enabled
Oct 13 09:08:16 ip-172-31-27-41 systemd[1]: Stopping User Manager for UID 1000...
Oct 13 09:08:16 ip-172-31-27-41 systemd[1]: Stopped target Host and Network Name Lookups.
Oct 13 09:08:16 ip-172-31-27-41 systemd[1]: Stopping ACPI event daemon...
Oct 13 09:08:16 ip-172-31-27-41 systemd[1]: Stopping Authorization Manager...
Oct 13 09:08:16 ip-172-31-27-41 systemd[1]: Stopping Session 3 of user ubuntu.
Oct 13 09:08:16 ip-172-31-27-41 systemd[1]: Stopped target Graphical Interface.
Oct 13 09:08:16 ip-172-31-27-41 systemd[1]: Stopping Accounts Service...
Oct 13 09:08:54 ip-172-31-27-41 systemd-modules-load[549]: Inserted module 'iscsi_tcp'
Oct 13 09:08:54 ip-172-31-27-41 kernel: [    0.000000] Linux version 5.6.0-rc2 (root@ip-172-31-25-170) (gcc version 7.4.0 (Ubuntu 7.4.0-1ubuntu1~18.04.1)) #1 SMP Tue Feb 25 18:54:05 UTC 2020
Oct 13 09:08:54 ip-172-31-27-41 keyboard-setup.sh[546]: cannot open file /run/tmpkbd.1f9MVw
Oct 13 09:08:54 ip-172-31-27-41 systemd[1]: Starting Flush Journal to Persistent Storage...
Oct 13 09:08:54 ip-172-31-27-41 kernel: [    0.000000] Command line: BOOT_IMAGE=/boot/vmlinuz-5.6.0-rc2 root=UUID=db937f23-4ed7-4c4b-8058-b23a860fae08 ro console=tty1 console=ttyS0 nvme_core.io_timeout=4294967295
Oct 13 09:08:54 ip-172-31-27-41 kernel: [    0.000000] KERNEL supported cpus:
Oct 13 09:08:54 ip-172-31-27-41 kernel: [    0.000000]   Intel GenuineIntel
Oct 13 09:08:54 ip-172-31-27-41 systemd[1]: Started Create Static Device Nodes in /dev.
Oct 13 09:08:54 ip-172-31-27-41 kernel: [    0.000000]   AMD AuthenticAMD
Oct 13 09:08:54 ip-172-31-27-41 systemd-modules-load[549]: Inserted module 'ib_iser'
Oct 13 09:08:54 ip-172-31-27-41 kernel: [    0.000000]   Hygon HygonGenuine
Oct 13 09:08:54 ip-172-31-27-41 kernel: [    0.000000]   Centaur CentaurHauls
Oct 13 09:08:54 ip-172-31-27-41 kernel: [    0.000000]   zhaoxin   Shanghai  
Oct 13 09:08:54 ip-172-31-27-41 systemd[1]: Started Load Kernel Modules.
Oct 13 09:08:54 ip-172-31-27-41 kernel: [    0.000000] x86/fpu: Supporting XSAVE feature 0x001: 'x87 floating point registers'
Oct 13 09:08:54 ip-172-31-27-41 kernel: [    0.000000] x86/fpu: Supporting XSAVE feature 0x002: 'SSE registers'
Oct 13 09:08:54 ip-172-31-27-41 kernel: [    0.000000] x86/fpu: Supporting XSAVE feature 0x004: 'AVX registers'
Oct 13 09:08:54 ip-172-31-27-41 systemd[1]: Started LVM2 metadata daemon.
Oct 13 09:08:54 ip-172-31-27-41 kernel: [    0.000000] x86/fpu: xstate_offset[2]:  576, xstate_sizes[2]:  256
Oct 13 09:08:54 ip-172-31-27-41 systemd[1]: Starting Apply Kernel Variables...
Oct 13 09:08:54 ip-172-31-27-41 kernel: [    0.000000] x86/fpu: Enabled xstate features 0x7, context size is 832 bytes, using 'standard' format.
Oct 13 09:08:54 ip-172-31-27-41 kernel: [    0.000000] BIOS-provided physical RAM map:
Oct 13 09:08:54 ip-172-31-27-41 kernel: [    0.000000] BIOS-e820: [mem 0x0000000000000000-0x000000000009dfff] usable
Oct 13 09:08:54 ip-172-31-27-41 systemd[1]: Mounting FUSE Control File System...
Oct 13 09:08:54 ip-172-31-27-41 kernel: [    0.000000] BIOS-e820: [mem 0x000000000009e000-0x000000000009ffff] reserved
Oct 13 09:08:54 ip-172-31-27-41 kernel: [    0.000000] BIOS-e820: [mem 0x00000000000e0000-0x00000000000fffff] reserved
Oct 13 09:08:54 ip-172-31-27-41 systemd[1]: Mounting Kernel Configuration File System...
Oct 13 09:08:54 ip-172-31-27-41 kernel: [    0.000000] BIOS-e820: [mem 0x0000000000100000-0x00000000efffffff] usable
