Oct 14 09:12:13 ip-172-31-31-86 keyboard-setup.sh[457]: cannot open file /run/tmpkbd.1f9MVw
Oct 14 09:12:13 ip-172-31-31-86 systemd[1]: Started Load/Save Random Seed.
Oct 14 09:12:13 ip-172-31-31-86 systemd[1]: Started Create Static Device Nodes in /dev.
Oct 14 09:12:13 ip-172-31-31-86 systemd[1]: Starting udev Kernel Device Manager...
Oct 14 09:12:13 ip-172-31-31-86 systemd[1]: Starting Flush Journal to Persistent Storage...
Oct 14 09:12:13 ip-172-31-31-86 systemd[1]: Started udev Coldplug all Devices.
Oct 14 09:12:13 ip-172-31-31-86 systemd-modules-load[465]: Inserted module 'iscsi_tcp'
Oct 14 09:12:13 ip-172-31-31-86 systemd[1]: Started LVM2 metadata daemon.
Oct 14 09:12:13 ip-172-31-31-86 systemd[1]: Started Monitoring of LVM2 mirrors, snapshots etc. using dmeventd or progress polling.
Oct 14 09:12:13 ip-172-31-31-86 systemd[1]: Started Flush Journal to Persistent Storage.
Oct 14 09:12:13 ip-172-31-31-86 systemd-modules-load[465]: Inserted module 'ib_iser'
Oct 14 09:12:13 ip-172-31-31-86 systemd[1]: Started Load Kernel Modules.
Oct 14 09:12:13 ip-172-31-31-86 systemd[1]: Starting Apply Kernel Variables...
Oct 14 09:12:13 ip-172-31-31-86 systemd[1]: Mounting FUSE Control File System...
Oct 14 09:12:13 ip-172-31-31-86 systemd[1]: Mounting Kernel Configuration File System...
Oct 14 09:12:13 ip-172-31-31-86 systemd[1]: Started udev Kernel Device Manager.
Oct 14 09:12:13 ip-172-31-31-86 systemd[1]: Mounted FUSE Control File System.
Oct 14 09:12:13 ip-172-31-31-86 kernel: [    0.000000] Linux version 5.4.0-1045-aws (buildd@lgw01-amd64-003) (gcc version 7.5.0 (Ubuntu 7.5.0-3ubuntu1~18.04)) #47~18.04.1-Ubuntu SMP Tue Apr 13 15:58:14 UTC 2021 (Ubuntu 5.4.0-1045.47~18.04.1-aws 5.4.101)
Oct 14 09:12:13 ip-172-31-31-86 systemd[1]: Mounted Kernel Configuration File System.
Oct 14 09:12:13 ip-172-31-31-86 systemd[1]: Started Apply Kernel Variables.
Oct 14 09:12:13 ip-172-31-31-86 systemd[1]: Found device /dev/ttyS0.
Oct 14 09:12:13 ip-172-31-31-86 systemd-udevd[529]: link_config: autonegotiation is unset or enabled, the speed and duplex are not writable.
Oct 14 09:12:13 ip-172-31-31-86 kernel: [    0.000000] Command line: BOOT_IMAGE=/boot/vmlinuz-5.4.0-1045-aws root=LABEL=cloudimg-rootfs ro console=tty1 console=ttyS0 nvme_core.io_timeout=4294967295
Oct 14 09:12:13 ip-172-31-31-86 kernel: [    0.000000] KERNEL supported cpus:
Oct 14 09:12:13 ip-172-31-31-86 kernel: [    0.000000]   Intel GenuineIntel
Oct 14 09:12:13 ip-172-31-31-86 kernel: [    0.000000]   AMD AuthenticAMD
Oct 14 09:12:13 ip-172-31-31-86 kernel: [    0.000000]   Hygon HygonGenuine
Oct 14 09:12:13 ip-172-31-31-86 kernel: [    0.000000]   Centaur CentaurHauls
Oct 14 09:12:13 ip-172-31-31-86 kernel: [    0.000000]   zhaoxin   Shanghai  
Oct 14 09:12:13 ip-172-31-31-86 kernel: [    0.000000] x86/fpu: Supporting XSAVE feature 0x001: 'x87 floating point registers'
Oct 14 09:12:13 ip-172-31-31-86 kernel: [    0.000000] x86/fpu: Supporting XSAVE feature 0x002: 'SSE registers'
Oct 14 09:12:13 ip-172-31-31-86 kernel: [    0.000000] x86/fpu: Supporting XSAVE feature 0x004: 'AVX registers'
Oct 14 09:12:13 ip-172-31-31-86 kernel: [    0.000000] x86/fpu: xstate_offset[2]:  576, xstate_sizes[2]:  256
Oct 14 09:12:13 ip-172-31-31-86 kernel: [    0.000000] x86/fpu: Enabled xstate features 0x7, context size is 832 bytes, using 'standard' format.
Oct 14 09:12:13 ip-172-31-31-86 kernel: [    0.000000] BIOS-provided physical RAM map:
Oct 14 09:12:13 ip-172-31-31-86 kernel: [    0.000000] BIOS-e820: [mem 0x0000000000000000-0x000000000009dfff] usable
Oct 14 09:12:13 ip-172-31-31-86 kernel: [    0.000000] BIOS-e820: [mem 0x000000000009e000-0x000000000009ffff] reserved
Oct 14 09:12:13 ip-172-31-31-86 kernel: [    0.000000] BIOS-e820: [mem 0x00000000000e0000-0x00000000000fffff] reserved
Oct 14 09:12:13 ip-172-31-31-86 kernel: [    0.000000] BIOS-e820: [mem 0x0000000000100000-0x00000000efffffff] usable
Oct 14 09:12:13 ip-172-31-31-86 kernel: [    0.000000] BIOS-e820: [mem 0x00000000fc000000-0x00000000ffffffff] reserved
Oct 14 09:12:13 ip-172-31-31-86 kernel: [    0.000000] BIOS-e820: [mem 0x0000000100000000-0x000000080fffffff] usable
Oct 14 09:12:13 ip-172-31-31-86 kernel: [    0.000000] NX (Execute Disable) protection: active
Oct 14 09:12:13 ip-172-31-31-86 kernel: [    0.000000] SMBIOS 2.7 present.
Oct 14 09:12:13 ip-172-31-31-86 kernel: [    0.000000] DMI: Xen HVM domU, BIOS 4.2.amazon 08/24/2006
Oct 14 09:12:13 ip-172-31-31-86 systemd[1]: Listening on Load/Save RF Kill Switch Status /dev/rfkill Watch.
Oct 14 09:12:13 ip-172-31-31-86 kernel: [    0.000000] Hypervisor detected: Xen HVM
Oct 14 09:12:13 ip-172-31-31-86 kernel: [    0.000000] Xen version 4.2.
Oct 14 09:12:13 ip-172-31-31-86 systemd-udevd[515]: link_config: autonegotiation is unset or enabled, the speed and duplex are not writable.
Oct 14 09:12:13 ip-172-31-31-86 systemd[1]: Started Set the console keyboard layout.
Oct 14 09:12:13 ip-172-31-31-86 kernel: [    0.000000] Xen Platform PCI: I/O protocol version 1
Oct 14 09:12:13 ip-172-31-31-86 kernel: [    0.000000] Netfront and the Xen platform PCI driver have been compiled for this kernel: unplug emulated NICs.
Oct 14 09:12:13 ip-172-31-31-86 kernel: [    0.000000] Blkfront and the Xen platform PCI driver have been compiled for this kernel: unplug emulated disks.
Oct 14 09:12:13 ip-172-31-31-86 kernel: [    0.000000] You might have to change the root device
Oct 14 09:12:13 ip-172-31-31-86 kernel: [    0.000000] from /dev/hd[a-d] to /dev/xvd[a-d]
Oct 14 09:12:13 ip-172-31-31-86 systemd[1]: Reached target Local File Systems (Pre).
Oct 14 09:12:13 ip-172-31-31-86 kernel: [    0.000000] in your root= kernel command line option
Oct 14 09:12:13 ip-172-31-31-86 kernel: [    0.000002] HVMOP_pagetable_dying not supported
Oct 14 09:12:13 ip-172-31-31-86 systemd[1]: Reached target Local File Systems.
Oct 14 09:12:13 ip-172-31-31-86 kernel: [    0.015245] tsc: Fast TSC calibration using PIT
Oct 14 09:12:13 ip-172-31-31-86 kernel: [    0.015246] tsc: Detected 2299.954 MHz processor
Oct 14 09:12:13 ip-172-31-31-86 kernel: [    0.015247] tsc: Detected 2300.074 MHz TSC
Oct 14 09:12:13 ip-172-31-31-86 systemd[1]: Starting AppArmor initialization...
Oct 14 09:12:13 ip-172-31-31-86 kernel: [    0.016269] e820: update [mem 0x00000000-0x00000fff] usable ==> reserved
Oct 14 09:12:13 ip-172-31-31-86 systemd[1]: Starting Commit a transient machine-id on disk...
Oct 14 09:12:13 ip-172-31-31-86 kernel: [    0.016271] e820: remove [mem 0x000a0000-0x000fffff] usable
Oct 14 09:12:13 ip-172-31-31-86 kernel: [    0.016274] last_pfn = 0x810000 max_arch_pfn = 0x400000000
Oct 14 09:12:13 ip-172-31-31-86 kernel: [    0.016298] MTRR default type: write-back
Oct 14 09:12:13 ip-172-31-31-86 systemd[1]: Starting Set console font and keymap...
Oct 14 09:12:13 ip-172-31-31-86 kernel: [    0.016298] MTRR fixed ranges enabled:
Oct 14 09:12:13 ip-172-31-31-86 kernel: [    0.016299]   00000-9FFFF write-back
Oct 14 09:12:13 ip-172-31-31-86 kernel: [    0.016300]   A0000-BFFFF write-combining
Oct 14 09:12:13 ip-172-31-31-86 systemd[1]: Starting Tell Plymouth To Write Out Runtime Data...
Oct 14 09:12:13 ip-172-31-31-86 kernel: [    0.016301]   C0000-FFFFF write-back
Oct 14 09:12:13 ip-172-31-31-86 kernel: [    0.016301] MTRR variable ranges enabled:
Oct 14 09:12:13 ip-172-31-31-86 kernel: [    0.016302]   0 base 0000F0000000 mask 3FFFF8000000 uncachable
Oct 14 09:12:13 ip-172-31-31-86 kernel: [    0.016303]   1 base 0000F8000000 mask 3FFFFC000000 uncachable
Oct 14 09:12:13 ip-172-31-31-86 systemd[1]: Starting Create Volatile Files and Directories...
Oct 14 09:12:13 ip-172-31-31-86 kernel: [    0.016304]   2 disabled
Oct 14 09:12:13 ip-172-31-31-86 kernel: [    0.016304]   3 disabled
Oct 14 09:12:13 ip-172-31-31-86 systemd[1]: Starting ebtables ruleset management...
Oct 14 09:12:13 ip-172-31-31-86 kernel: [    0.016304]   4 disabled
Oct 14 09:12:13 ip-172-31-31-86 kernel: [    0.016305]   5 disabled
Oct 14 09:12:13 ip-172-31-31-86 systemd[1]: Started Dispatch Password Requests to Console Directory Watch.
Oct 14 09:12:13 ip-172-31-31-86 kernel: [    0.016305]   6 disabled
Oct 14 09:12:13 ip-172-31-31-86 kernel: [    0.016306]   7 disabled
Oct 14 09:12:13 ip-172-31-31-86 systemd[1]: Reached target Local Encrypted Volumes.
Oct 14 09:12:13 ip-172-31-31-86 kernel: [    0.016314] x86/PAT: Configuration [0-7]: WB  WC  UC- UC  WB  WP  UC- WT  
Oct 14 09:12:13 ip-172-31-31-86 kernel: [    0.016321] last_pfn = 0xf0000 max_arch_pfn = 0x400000000
Oct 14 09:12:13 ip-172-31-31-86 kernel: [    0.023333] found SMP MP-table at [mem 0x000fbc50-0x000fbc5f]
Oct 14 09:12:13 ip-172-31-31-86 kernel: [    0.023404] check: Scanning 1 areas for low memory corruption
Oct 14 09:12:13 ip-172-31-31-86 systemd[1]: Started Set console font and keymap.
Oct 14 09:12:13 ip-172-31-31-86 kernel: [    0.023496] Using GB pages for direct mapping
Oct 14 09:12:13 ip-172-31-31-86 kernel: [    0.023656] RAMDISK: [mem 0x356c9000-0x36b5bfff]
Oct 14 09:12:13 ip-172-31-31-86 systemd[1]: Started Create Volatile Files and Directories.
Oct 14 09:12:13 ip-172-31-31-86 kernel: [    0.023722] ACPI: Early table checksum verification disabled
Oct 14 09:12:13 ip-172-31-31-86 kernel: [    0.023724] ACPI: RSDP 0x00000000000EA020 000024 (v02 Xen   )
Oct 14 09:12:13 ip-172-31-31-86 kernel: [    0.023728] ACPI: XSDT 0x00000000FC00E2A0 000054 (v01 Xen    HVM      00000000 HVML 00000000)
Oct 14 09:12:13 ip-172-31-31-86 systemd[1]: Started Commit a transient machine-id on disk.
Oct 14 09:12:13 ip-172-31-31-86 kernel: [    0.023733] ACPI: FACP 0x00000000FC00DF60 0000F4 (v04 Xen    HVM      00000000 HVML 00000000)
Oct 14 09:12:13 ip-172-31-31-86 kernel: [    0.023737] ACPI: DSDT 0x00000000FC0021C0 00BD19 (v02 Xen    HVM      00000000 INTL 20090123)
Oct 14 09:12:13 ip-172-31-31-86 kernel: [    0.023740] ACPI: FACS 0x00000000FC002180 000040
Oct 14 09:12:13 ip-172-31-31-86 kernel: [    0.023742] ACPI: FACS 0x00000000FC002180 000040
Oct 14 09:12:13 ip-172-31-31-86 systemd[1]: Starting Network Time Synchronization...
Oct 14 09:12:13 ip-172-31-31-86 kernel: [    0.023744] ACPI: APIC 0x00000000FC00E060 0000D8 (v02 Xen    HVM      00000000 HVML 00000000)
Oct 14 09:12:13 ip-172-31-31-86 kernel: [    0.023747] ACPI: HPET 0x00000000FC00E1B0 000038 (v01 Xen    HVM      00000000 HVML 00000000)
Oct 14 09:12:13 ip-172-31-31-86 kernel: [    0.023749] ACPI: WAET 0x00000000FC00E1F0 000028 (v01 Xen    HVM      00000000 HVML 00000000)
Oct 14 09:12:13 ip-172-31-31-86 systemd[1]: Starting Update UTMP about System Boot/Shutdown...
Oct 14 09:12:13 ip-172-31-31-86 kernel: [    0.023752] ACPI: SSDT 0x00000000FC00E220 000031 (v02 Xen    HVM      00000000 INTL 20090123)
Oct 14 09:12:13 ip-172-31-31-86 kernel: [    0.023754] ACPI: SSDT 0x00000000FC00E260 000033 (v02 Xen    HVM      00000000 INTL 20090123)
Oct 14 09:12:13 ip-172-31-31-86 systemd[1]: Started Tell Plymouth To Write Out Runtime Data.
Oct 14 09:12:13 ip-172-31-31-86 kernel: [    0.023760] ACPI: Local APIC address 0xfee00000
Oct 14 09:12:13 ip-172-31-31-86 kernel: [    0.026898] No NUMA configuration found
Oct 14 09:12:13 ip-172-31-31-86 kernel: [    0.026899] Faking a node at [mem 0x0000000000000000-0x000000080fffffff]
Oct 14 09:12:13 ip-172-31-31-86 systemd[1]: Started Update UTMP about System Boot/Shutdown.
Oct 14 09:12:13 ip-172-31-31-86 kernel: [    0.026908] NODE_DATA(0) allocated [mem 0x80ffd5000-0x80fffffff]
Oct 14 09:12:13 ip-172-31-31-86 apparmor[583]:  * Starting AppArmor profiles
Oct 14 09:12:13 ip-172-31-31-86 kernel: [    0.027174] Zone ranges:
Oct 14 09:12:13 ip-172-31-31-86 kernel: [    0.027175]   DMA      [mem 0x0000000000001000-0x0000000000ffffff]
Oct 14 09:12:13 ip-172-31-31-86 systemd[1]: Started ebtables ruleset management.
Oct 14 09:12:13 ip-172-31-31-86 kernel: [    0.027177]   DMA32    [mem 0x0000000001000000-0x00000000ffffffff]
Oct 14 09:12:13 ip-172-31-31-86 systemd[1]: Started Network Time Synchronization.
Oct 14 09:12:13 ip-172-31-31-86 kernel: [    0.027178]   Normal   [mem 0x0000000100000000-0x000000080fffffff]
Oct 14 09:12:13 ip-172-31-31-86 kernel: [    0.027179]   Device   empty
Oct 14 09:12:13 ip-172-31-31-86 kernel: [    0.027180] Movable zone start for each node
Oct 14 09:12:13 ip-172-31-31-86 systemd[1]: Reached target System Time Synchronized.
Oct 14 09:12:13 ip-172-31-31-86 apparmor[583]: Skipping profile in /etc/apparmor.d/disable: usr.sbin.rsyslogd
Oct 14 09:12:13 ip-172-31-31-86 kernel: [    0.027183] Early memory node ranges
Oct 14 09:12:13 ip-172-31-31-86 apparmor[583]:    ...done.
Oct 14 09:12:13 ip-172-31-31-86 kernel: [    0.027184]   node   0: [mem 0x0000000000001000-0x000000000009dfff]
Oct 14 09:12:13 ip-172-31-31-86 kernel: [    0.027185]   node   0: [mem 0x0000000000100000-0x00000000efffffff]
Oct 14 09:12:13 ip-172-31-31-86 systemd[1]: Started AppArmor initialization.
Oct 14 09:12:13 ip-172-31-31-86 kernel: [    0.027186]   node   0: [mem 0x0000000100000000-0x000000080fffffff]
Oct 14 09:12:13 ip-172-31-31-86 kernel: [    0.027195] Zeroed struct page in unavailable ranges: 99 pages
Oct 14 09:12:13 ip-172-31-31-86 systemd[1]: Starting Load AppArmor profiles managed internally by snapd...
Oct 14 09:12:13 ip-172-31-31-86 kernel: [    0.027195] Initmem setup node 0 [mem 0x0000000000001000-0x000000080fffffff]
Oct 14 09:12:13 ip-172-31-31-86 kernel: [    0.027197] On node 0 totalpages: 8388509
Oct 14 09:12:13 ip-172-31-31-86 kernel: [    0.027198]   DMA zone: 64 pages used for memmap
Oct 14 09:12:13 ip-172-31-31-86 systemd[1]: Starting Initial cloud-init job (pre-networking)...
Oct 14 09:12:13 ip-172-31-31-86 kernel: [    0.027199]   DMA zone: 21 pages reserved
Oct 14 09:12:13 ip-172-31-31-86 kernel: [    0.027199]   DMA zone: 3997 pages, LIFO batch:0
Oct 14 09:12:13 ip-172-31-31-86 snapd-apparmor[735]: find: ‘/var/lib/snapd/apparmor/profiles/’: No such file or directory
Oct 14 09:12:13 ip-172-31-31-86 kernel: [    0.027300]   DMA32 zone: 15296 pages used for memmap
Oct 14 09:12:13 ip-172-31-31-86 kernel: [    0.027301]   DMA32 zone: 978944 pages, LIFO batch:63
Oct 14 09:12:13 ip-172-31-31-86 kernel: [    0.041450]   Normal zone: 115712 pages used for memmap
Oct 14 09:12:13 ip-172-31-31-86 systemd[1]: Started Load AppArmor profiles managed internally by snapd.
Oct 14 09:12:13 ip-172-31-31-86 kernel: [    0.041452]   Normal zone: 7405568 pages, LIFO batch:63
Oct 14 09:12:13 ip-172-31-31-86 kernel: [    0.159155] ACPI: PM-Timer IO Port: 0xb008
Oct 14 09:12:13 ip-172-31-31-86 kernel: [    0.159161] ACPI: Local APIC address 0xfee00000
Oct 14 09:12:13 ip-172-31-31-86 kernel: [    0.159222] IOAPIC[0]: apic_id 1, version 17, address 0xfec00000, GSI 0-47
Oct 14 09:12:13 ip-172-31-31-86 dhclient[799]: Internet Systems Consortium DHCP Client 4.3.5
Oct 14 09:12:13 ip-172-31-31-86 kernel: [    0.159225] ACPI: INT_SRC_OVR (bus 0 bus_irq 0 global_irq 2 dfl dfl)
Oct 14 09:12:13 ip-172-31-31-86 kernel: [    0.159227] ACPI: INT_SRC_OVR (bus 0 bus_irq 5 global_irq 5 low level)
Oct 14 09:12:13 ip-172-31-31-86 dhclient[799]: Copyright 2004-2016 Internet Systems Consortium.
Oct 14 09:12:13 ip-172-31-31-86 kernel: [    0.159228] ACPI: INT_SRC_OVR (bus 0 bus_irq 10 global_irq 10 low level)
Oct 14 09:12:13 ip-172-31-31-86 kernel: [    0.159229] ACPI: INT_SRC_OVR (bus 0 bus_irq 11 global_irq 11 low level)
Oct 14 09:12:13 ip-172-31-31-86 kernel: [    0.159231] ACPI: IRQ0 used by override.
Oct 14 09:12:13 ip-172-31-31-86 kernel: [    0.159231] ACPI: IRQ5 used by override.
Oct 14 09:12:13 ip-172-31-31-86 dhclient[799]: All rights reserved.
Oct 14 09:12:13 ip-172-31-31-86 kernel: [    0.159232] ACPI: IRQ9 used by override.
Oct 14 09:12:13 ip-172-31-31-86 kernel: [    0.159232] ACPI: IRQ10 used by override.
Oct 14 09:12:13 ip-172-31-31-86 dhclient[799]: For info, please visit https://www.isc.org/software/dhcp/
Oct 14 09:12:13 ip-172-31-31-86 kernel: [    0.159233] ACPI: IRQ11 used by override.
Oct 14 09:12:13 ip-172-31-31-86 kernel: [    0.159235] Using ACPI (MADT) for SMP configuration information
Oct 14 09:12:13 ip-172-31-31-86 kernel: [    0.159237] ACPI: HPET id: 0x8086a201 base: 0xfed00000
Oct 14 09:12:13 ip-172-31-31-86 kernel: [    0.159242] TSC deadline timer available
Oct 14 09:12:13 ip-172-31-31-86 kernel: [    0.159248] smpboot: Allowing 15 CPUs, 7 hotplug CPUs
Oct 14 09:12:13 ip-172-31-31-86 kernel: [    0.159258] PM: Registered nosave memory: [mem 0x00000000-0x00000fff]
Oct 14 09:12:13 ip-172-31-31-86 kernel: [    0.159259] PM: Registered nosave memory: [mem 0x0009e000-0x0009ffff]
Oct 14 09:12:13 ip-172-31-31-86 dhclient[799]: 
Oct 14 09:12:13 ip-172-31-31-86 kernel: [    0.159260] PM: Registered nosave memory: [mem 0x000a0000-0x000dffff]
Oct 14 09:12:13 ip-172-31-31-86 kernel: [    0.159261] PM: Registered nosave memory: [mem 0x000e0000-0x000fffff]
Oct 14 09:12:13 ip-172-31-31-86 kernel: [    0.159262] PM: Registered nosave memory: [mem 0xf0000000-0xfbffffff]
Oct 14 09:12:13 ip-172-31-31-86 kernel: [    0.159263] PM: Registered nosave memory: [mem 0xfc000000-0xffffffff]
Oct 14 09:12:13 ip-172-31-31-86 kernel: [    0.159265] [mem 0xf0000000-0xfbffffff] available for PCI devices
Oct 14 09:12:13 ip-172-31-31-86 dhclient[799]: Listening on LPF/eth0/02:08:a2:2b:7b:d1
Oct 14 09:12:13 ip-172-31-31-86 kernel: [    0.159266] Booting paravirtualized kernel on Xen HVM
Oct 14 09:12:13 ip-172-31-31-86 kernel: [    0.159270] clocksource: refined-jiffies: mask: 0xffffffff max_cycles: 0xffffffff, max_idle_ns: 7645519600211568 ns
Oct 14 09:12:13 ip-172-31-31-86 dhclient[799]: Sending on   LPF/eth0/02:08:a2:2b:7b:d1
Oct 14 09:12:13 ip-172-31-31-86 kernel: [    0.159275] setup_percpu: NR_CPUS:8192 nr_cpumask_bits:15 nr_cpu_ids:15 nr_node_ids:1
Oct 14 09:12:13 ip-172-31-31-86 kernel: [    0.160263] percpu: Embedded 54 pages/cpu s184320 r8192 d28672 u262144
Oct 14 09:12:13 ip-172-31-31-86 dhclient[799]: Sending on   Socket/fallback
Oct 14 09:12:13 ip-172-31-31-86 dhclient[799]: DHCPDISCOVER on eth0 to 255.255.255.255 port 67 interval 3 (xid=0xfd5f1d1c)
Oct 14 09:12:13 ip-172-31-31-86 dhclient[799]: DHCPREQUEST of 172.31.31.86 on eth0 to 255.255.255.255 port 67 (xid=0x1c1d5ffd)
Oct 14 09:12:13 ip-172-31-31-86 dhclient[799]: DHCPOFFER of 172.31.31.86 from 172.31.16.1
Oct 14 09:12:13 ip-172-31-31-86 kernel: [    0.160268] pcpu-alloc: s184320 r8192 d28672 u262144 alloc=1*2097152
Oct 14 09:12:13 ip-172-31-31-86 kernel: [    0.160269] pcpu-alloc: [0] 00 01 02 03 04 05 06 07 [0] 08 09 10 11 12 13 14 -- 
Oct 14 09:12:13 ip-172-31-31-86 kernel: [    0.160301] xen: PV spinlocks enabled
Oct 14 09:12:13 ip-172-31-31-86 kernel: [    0.160304] PV qspinlock hash table entries: 256 (order: 0, 4096 bytes, linear)
Oct 14 09:12:13 ip-172-31-31-86 kernel: [    0.160311] Built 1 zonelists, mobility grouping on.  Total pages: 8257416
Oct 14 09:12:13 ip-172-31-31-86 kernel: [    0.160312] Policy zone: Normal
Oct 14 09:12:13 ip-172-31-31-86 dhclient[799]: DHCPACK of 172.31.31.86 from 172.31.16.1
Oct 14 09:12:13 ip-172-31-31-86 dhclient[799]: bound to 172.31.31.86 -- renewal in 1673 seconds.
Oct 14 09:12:13 ip-172-31-31-86 cloud-init[738]: Cloud-init v. 21.1-19-gbad84ad4-0ubuntu1~18.04.1 running 'init-local' at Thu, 14 Oct 2021 09:12:08 +0000. Up 10.08 seconds.
Oct 14 09:12:13 ip-172-31-31-86 systemd[1]: Started Initial cloud-init job (pre-networking).
Oct 14 09:12:13 ip-172-31-31-86 systemd[1]: Reached target Network (Pre).
Oct 14 09:12:13 ip-172-31-31-86 systemd[1]: Starting Network Service...
Oct 14 09:12:13 ip-172-31-31-86 systemd-networkd[823]: Enumeration completed
Oct 14 09:12:13 ip-172-31-31-86 systemd[1]: Started Network Service.
Oct 14 09:12:13 ip-172-31-31-86 systemd-networkd[823]: eth0: Link UP
Oct 14 09:12:13 ip-172-31-31-86 systemd-networkd[823]: eth0: Gained carrier
Oct 14 09:12:13 ip-172-31-31-86 systemd-timesyncd[619]: Network configuration changed, trying to establish connection.
Oct 14 09:12:13 ip-172-31-31-86 systemd-networkd[823]: eth0: Link DOWN
Oct 14 09:12:13 ip-172-31-31-86 systemd-networkd[823]: eth0: Lost carrier
Oct 14 09:12:13 ip-172-31-31-86 systemd-networkd[823]: eth0: Removing non-existent address: fe80::8:a2ff:fe2b:7bd1/64 (valid forever), ignoring
Oct 14 09:12:13 ip-172-31-31-86 systemd-networkd[823]: eth0: IPv6 successfully enabled
Oct 14 09:12:13 ip-172-31-31-86 systemd-networkd[823]: lo: Link is not managed by us
Oct 14 09:12:13 ip-172-31-31-86 systemd-networkd[823]: eth0: Link UP
Oct 14 09:12:13 ip-172-31-31-86 systemd[1]: Starting Network Name Resolution...
Oct 14 09:12:13 ip-172-31-31-86 systemd[1]: Starting Wait for Network to be Configured...
Oct 14 09:12:13 ip-172-31-31-86 systemd-networkd[823]: eth0: Gained carrier
Oct 14 09:12:13 ip-172-31-31-86 systemd-networkd[823]: eth0: DHCPv4 address 172.31.31.86/20 via 172.31.16.1
Oct 14 09:12:13 ip-172-31-31-86 systemd-networkd[823]: Not connected to system bus, not setting hostname.
Oct 14 09:12:13 ip-172-31-31-86 systemd-timesyncd[619]: Network configuration changed, trying to establish connection.
Oct 14 09:12:13 ip-172-31-31-86 systemd-resolved[846]: Positive Trust Anchors:
Oct 14 09:12:13 ip-172-31-31-86 systemd-resolved[846]: . IN DS 19036 8 2 49aac11d7b6f6446702e54a1607371607a1a41855200fd2ce1cdde32f24e8fb5
Oct 14 09:12:13 ip-172-31-31-86 systemd-resolved[846]: . IN DS 20326 8 2 e06d44b80b8f1d39a95c0b0d7c65d08458e880409bbc683457104237c7f8ec8d
Oct 14 09:12:13 ip-172-31-31-86 systemd-resolved[846]: Negative trust anchors: 10.in-addr.arpa 16.172.in-addr.arpa 17.172.in-addr.arpa 18.172.in-addr.arpa 19.172.in-addr.arpa 20.172.in-addr.arpa 21.172.in-addr.arpa 22.172.in-addr.arpa 23.172.in-addr.arpa 24.172.in-addr.arpa 25.172.in-addr.arpa 26.172.in-addr.arpa 27.172.in-addr.arpa 28.172.in-addr.arpa 29.172.in-addr.arpa 30.172.in-addr.arpa 31.172.in-addr.arpa 168.192.in-addr.arpa d.f.ip6.arpa corp home internal intranet lan local private test
Oct 14 09:12:13 ip-172-31-31-86 systemd-resolved[846]: Using system hostname 'ip-172-31-31-86'.
Oct 14 09:12:13 ip-172-31-31-86 systemd[1]: Started Network Name Resolution.
Oct 14 09:12:13 ip-172-31-31-86 systemd[1]: Reached target Host and Network Name Lookups.
Oct 14 09:12:13 ip-172-31-31-86 systemd[1]: Reached target Network.
Oct 14 09:12:13 ip-172-31-31-86 systemd-networkd[823]: eth0: Gained IPv6LL
Oct 14 09:12:13 ip-172-31-31-86 systemd-networkd[823]: eth0: Configured
Oct 14 09:12:13 ip-172-31-31-86 systemd-timesyncd[619]: Network configuration changed, trying to establish connection.
Oct 14 09:12:13 ip-172-31-31-86 systemd-networkd-wait-online[857]: managing: eth0
Oct 14 09:12:13 ip-172-31-31-86 systemd-networkd-wait-online[857]: ignoring: lo
Oct 14 09:12:13 ip-172-31-31-86 systemd[1]: Started Wait for Network to be Configured.
Oct 14 09:12:13 ip-172-31-31-86 systemd[1]: Starting Initial cloud-init job (metadata service crawler)...
Oct 14 09:12:13 ip-172-31-31-86 cloud-init[884]: Cloud-init v. 21.1-19-gbad84ad4-0ubuntu1~18.04.1 running 'init' at Thu, 14 Oct 2021 09:12:11 +0000. Up 12.77 seconds.
Oct 14 09:12:13 ip-172-31-31-86 cloud-init[884]: ci-info: +++++++++++++++++++++++++++++++++++++Net device info++++++++++++++++++++++++++++++++++++++
Oct 14 09:12:13 ip-172-31-31-86 cloud-init[884]: ci-info: +--------+------+---------------------------+---------------+--------+-------------------+
Oct 14 09:12:13 ip-172-31-31-86 cloud-init[884]: ci-info: | Device |  Up  |          Address          |      Mask     | Scope  |     Hw-Address    |
Oct 14 09:12:13 ip-172-31-31-86 cloud-init[884]: ci-info: +--------+------+---------------------------+---------------+--------+-------------------+
Oct 14 09:12:13 ip-172-31-31-86 cloud-init[884]: ci-info: |  eth0  | True |        172.31.31.86       | 255.255.240.0 | global | 02:08:a2:2b:7b:d1 |
Oct 14 09:12:13 ip-172-31-31-86 cloud-init[884]: ci-info: |  eth0  | True | fe80::8:a2ff:fe2b:7bd1/64 |       .       |  link  | 02:08:a2:2b:7b:d1 |
Oct 14 09:12:13 ip-172-31-31-86 cloud-init[884]: ci-info: |   lo   | True |         127.0.0.1         |   255.0.0.0   |  host  |         .         |
Oct 14 09:12:13 ip-172-31-31-86 cloud-init[884]: ci-info: |   lo   | True |          ::1/128          |       .       |  host  |         .         |
Oct 14 09:12:13 ip-172-31-31-86 cloud-init[884]: ci-info: +--------+------+---------------------------+---------------+--------+-------------------+
Oct 14 09:12:13 ip-172-31-31-86 cloud-init[884]: ci-info: ++++++++++++++++++++++++++++++Route IPv4 info++++++++++++++++++++++++++++++
Oct 14 09:12:13 ip-172-31-31-86 cloud-init[884]: ci-info: +-------+-------------+-------------+-----------------+-----------+-------+
Oct 14 09:12:13 ip-172-31-31-86 cloud-init[884]: ci-info: | Route | Destination |   Gateway   |     Genmask     | Interface | Flags |
Oct 14 09:12:13 ip-172-31-31-86 cloud-init[884]: ci-info: +-------+-------------+-------------+-----------------+-----------+-------+
Oct 14 09:12:13 ip-172-31-31-86 cloud-init[884]: ci-info: |   0   |   0.0.0.0   | 172.31.16.1 |     0.0.0.0     |    eth0   |   UG  |
Oct 14 09:12:13 ip-172-31-31-86 cloud-init[884]: ci-info: |   1   | 172.31.16.0 |   0.0.0.0   |  255.255.240.0  |    eth0   |   U   |
Oct 14 09:12:13 ip-172-31-31-86 cloud-init[884]: ci-info: |   2   | 172.31.16.1 |   0.0.0.0   | 255.255.255.255 |    eth0   |   UH  |
Oct 14 09:12:13 ip-172-31-31-86 cloud-init[884]: ci-info: +-------+-------------+-------------+-----------------+-----------+-------+
Oct 14 09:12:13 ip-172-31-31-86 cloud-init[884]: ci-info: +++++++++++++++++++Route IPv6 info+++++++++++++++++++
Oct 14 09:12:13 ip-172-31-31-86 kernel: [    0.160314] Kernel command line: BOOT_IMAGE=/boot/vmlinuz-5.4.0-1045-aws root=LABEL=cloudimg-rootfs ro console=tty1 console=ttyS0 nvme_core.io_timeout=4294967295
Oct 14 09:12:13 ip-172-31-31-86 kernel: [    0.166624] Dentry cache hash table entries: 4194304 (order: 13, 33554432 bytes, linear)
Oct 14 09:12:13 ip-172-31-31-86 kernel: [    0.169757] Inode-cache hash table entries: 2097152 (order: 12, 16777216 bytes, linear)
Oct 14 09:12:13 ip-172-31-31-86 kernel: [    0.169950] mem auto-init: stack:off, heap alloc:on, heap free:off
Oct 14 09:12:13 ip-172-31-31-86 kernel: [    0.182615] Calgary: detecting Calgary via BIOS EBDA area
Oct 14 09:12:13 ip-172-31-31-86 kernel: [    0.182617] Calgary: Unable to locate Rio Grande table in EBDA - bailing!
Oct 14 09:12:13 ip-172-31-31-86 kernel: [    0.284210] Memory: 32857220K/33554036K available (14339K kernel code, 2313K rwdata, 4656K rodata, 2656K init, 5136K bss, 696816K reserved, 0K cma-reserved)
Oct 14 09:12:13 ip-172-31-31-86 kernel: [    0.284219] random: get_random_u64 called from __kmem_cache_create+0x41/0x550 with crng_init=0
Oct 14 09:12:13 ip-172-31-31-86 cloud-init[884]: ci-info: +-------+-------------+---------+-----------+-------+
Oct 14 09:12:13 ip-172-31-31-86 kernel: [    0.284413] SLUB: HWalign=64, Order=0-3, MinObjects=0, CPUs=15, Nodes=1
Oct 14 09:12:13 ip-172-31-31-86 kernel: [    0.284429] Kernel/User page tables isolation: enabled
Oct 14 09:12:13 ip-172-31-31-86 kernel: [    0.284447] ftrace: allocating 42787 entries in 168 pages
Oct 14 09:12:13 ip-172-31-31-86 cloud-init[884]: ci-info: | Route | Destination | Gateway | Interface | Flags |
Oct 14 09:12:13 ip-172-31-31-86 kernel: [    0.301037] rcu: Hierarchical RCU implementation.
Oct 14 09:12:13 ip-172-31-31-86 kernel: [    0.301039] rcu: 	RCU restricting CPUs from NR_CPUS=8192 to nr_cpu_ids=15.
Oct 14 09:12:13 ip-172-31-31-86 kernel: [    0.301041] 	Tasks RCU enabled.
Oct 14 09:12:13 ip-172-31-31-86 cloud-init[884]: ci-info: +-------+-------------+---------+-----------+-------+
Oct 14 09:12:13 ip-172-31-31-86 kernel: [    0.301042] rcu: RCU calculated value of scheduler-enlistment delay is 25 jiffies.
Oct 14 09:12:13 ip-172-31-31-86 kernel: [    0.301042] rcu: Adjusting geometry for rcu_fanout_leaf=16, nr_cpu_ids=15
Oct 14 09:12:13 ip-172-31-31-86 kernel: [    0.303747] NR_IRQS: 524544, nr_irqs: 952, preallocated irqs: 16
Oct 14 09:12:13 ip-172-31-31-86 kernel: [    0.303787] xen:events: Using 2-level ABI
Oct 14 09:12:13 ip-172-31-31-86 cloud-init[884]: ci-info: |   1   |  fe80::/64  |    ::   |    eth0   |   U   |
Oct 14 09:12:13 ip-172-31-31-86 kernel: [    0.303834] xen:events: Xen HVM callback vector for event delivery is enabled
Oct 14 09:12:13 ip-172-31-31-86 kernel: [    0.303997] random: crng done (trusting CPU's manufacturer)
Oct 14 09:12:13 ip-172-31-31-86 cloud-init[884]: ci-info: |   3   |    local    |    ::   |    eth0   |   U   |
Oct 14 09:12:13 ip-172-31-31-86 kernel: [    0.321722] Console: colour VGA+ 80x25
Oct 14 09:12:13 ip-172-31-31-86 kernel: [    0.496123] printk: console [tty1] enabled
Oct 14 09:12:13 ip-172-31-31-86 kernel: [    0.497525] Cannot get hvm parameter CONSOLE_EVTCHN (18): -22!
Oct 14 09:12:13 ip-172-31-31-86 kernel: [    1.189725] printk: console [ttyS0] enabled
Oct 14 09:12:13 ip-172-31-31-86 kernel: [    1.195770] ACPI: Core revision 20190816
Oct 14 09:12:13 ip-172-31-31-86 kernel: [    1.200806] clocksource: hpet: mask: 0xffffffff max_cycles: 0xffffffff, max_idle_ns: 30580167144 ns
Oct 14 09:12:13 ip-172-31-31-86 kernel: [    1.212518] APIC: Switch to symmetric I/O mode setup
Oct 14 09:12:13 ip-172-31-31-86 cloud-init[884]: ci-info: |   4   |  multicast  |    ::   |    eth0   |   U   |
Oct 14 09:12:13 ip-172-31-31-86 kernel: [    1.220295] x2apic: IRQ remapping doesn't support X2APIC mode
Oct 14 09:12:13 ip-172-31-31-86 kernel: [    1.229221] Switched APIC routing to physical flat.
Oct 14 09:12:13 ip-172-31-31-86 cloud-init[884]: ci-info: +-------+-------------+---------+-----------+-------+
Oct 14 09:12:13 ip-172-31-31-86 kernel: [    1.238292] ..TIMER: vector=0x30 apic1=0 pin1=2 apic2=0 pin2=0
Oct 14 09:12:13 ip-172-31-31-86 kernel: [    1.246323] clocksource: tsc-early: mask: 0xffffffffffffffff max_cycles: 0x21277b2c64e, max_idle_ns: 440795296329 ns
Oct 14 09:12:13 ip-172-31-31-86 kernel: [    1.259603] Calibrating delay loop (skipped), value calculated using timer frequency.. 4600.14 BogoMIPS (lpj=9200296)
Oct 14 09:12:13 ip-172-31-31-86 kernel: [    1.271603] pid_max: default: 32768 minimum: 301
Oct 14 09:12:13 ip-172-31-31-86 kernel: [    1.279652] LSM: Security Framework initializing
Oct 14 09:12:13 ip-172-31-31-86 kernel: [    1.287615] Yama: becoming mindful.
Oct 14 09:12:13 ip-172-31-31-86 kernel: [    1.291687] AppArmor: AppArmor initialized
Oct 14 09:12:13 ip-172-31-31-86 kernel: [    1.299722] Mount-cache hash table entries: 65536 (order: 7, 524288 bytes, linear)
Oct 14 09:12:13 ip-172-31-31-86 kernel: [    1.307689] Mountpoint-cache hash table entries: 65536 (order: 7, 524288 bytes, linear)
Oct 14 09:12:13 ip-172-31-31-86 kernel: [    1.319623] *** VALIDATE tmpfs ***
Oct 14 09:12:13 ip-172-31-31-86 kernel: [    1.323775] *** VALIDATE proc ***
Oct 14 09:12:13 ip-172-31-31-86 kernel: [    1.331672] *** VALIDATE cgroup1 ***
Oct 14 09:12:13 ip-172-31-31-86 kernel: [    1.335603] *** VALIDATE cgroup2 ***
Oct 14 09:12:13 ip-172-31-31-86 kernel: [    1.343723] Last level iTLB entries: 4KB 64, 2MB 8, 4MB 8
Oct 14 09:12:13 ip-172-31-31-86 kernel: [    1.351602] Last level dTLB entries: 4KB 64, 2MB 0, 4MB 0, 1GB 4
Oct 14 09:12:13 ip-172-31-31-86 kernel: [    1.359603] Spectre V1 : Mitigation: usercopy/swapgs barriers and __user pointer sanitization
Oct 14 09:12:13 ip-172-31-31-86 kernel: [    1.371602] Spectre V2 : Mitigation: Full generic retpoline
Oct 14 09:12:13 ip-172-31-31-86 kernel: [    1.379600] Spectre V2 : Spectre v2 / SpectreRSB mitigation: Filling RSB on context switch
Oct 14 09:12:13 ip-172-31-31-86 kernel: [    1.387601] Speculative Store Bypass: Vulnerable
Oct 14 09:12:13 ip-172-31-31-86 kernel: [    1.395606] MDS: Vulnerable: Clear CPU buffers attempted, no microcode
Oct 14 09:12:13 ip-172-31-31-86 kernel: [    1.403793] Freeing SMP alternatives memory: 40K
Oct 14 09:12:13 ip-172-31-31-86 kernel: [    1.409507] clocksource: xen: mask: 0xffffffffffffffff max_cycles: 0x1cd42e4dffb, max_idle_ns: 881590591483 ns
Oct 14 09:12:13 ip-172-31-31-86 kernel: [    1.419621] Xen: using vcpuop timer interface
Oct 14 09:12:13 ip-172-31-31-86 kernel: [    1.419627] installing Xen timer for CPU 0
Oct 14 09:12:13 ip-172-31-31-86 kernel: [    1.423680] smpboot: CPU0: Intel(R) Xeon(R) CPU E5-2686 v4 @ 2.30GHz (family: 0x6, model: 0x4f, stepping: 0x1)
Oct 14 09:12:13 ip-172-31-31-86 kernel: [    1.427646] cpu 0 spinlock event irq 53
Oct 14 09:12:13 ip-172-31-31-86 kernel: [    1.431149] Performance Events: unsupported p6 CPU model 79 no PMU driver, software events only.
Oct 14 09:12:13 ip-172-31-31-86 kernel: [    1.431654] rcu: Hierarchical SRCU implementation.
Oct 14 09:12:13 ip-172-31-31-86 kernel: [    1.436251] NMI watchdog: Perf NMI watchdog permanently disabled
Oct 14 09:12:13 ip-172-31-31-86 kernel: [    1.439813] smp: Bringing up secondary CPUs ...
Oct 14 09:12:13 ip-172-31-31-86 kernel: [    1.443726] installing Xen timer for CPU 1
Oct 14 09:12:13 ip-172-31-31-86 kernel: [    1.447677] x86: Booting SMP configuration:
Oct 14 09:12:13 ip-172-31-31-86 kernel: [    1.451606] .... node  #0, CPUs:        #1
Oct 14 09:12:13 ip-172-31-31-86 kernel: [    1.452177] cpu 1 spinlock event irq 59
Oct 14 09:12:13 ip-172-31-31-86 kernel: [    1.459709] installing Xen timer for CPU 2
Oct 14 09:12:13 ip-172-31-31-86 kernel: [    1.463675]   #2
Oct 14 09:12:13 ip-172-31-31-86 kernel: [    1.464266] cpu 2 spinlock event irq 65
Oct 14 09:12:13 ip-172-31-31-86 kernel: [    1.471698] installing Xen timer for CPU 3
Oct 14 09:12:13 ip-172-31-31-86 kernel: [    1.475682]   #3
Oct 14 09:12:13 ip-172-31-31-86 kernel: [    1.476256] cpu 3 spinlock event irq 71
Oct 14 09:12:13 ip-172-31-31-86 kernel: [    1.483730] installing Xen timer for CPU 4
Oct 14 09:12:13 ip-172-31-31-86 kernel: [    1.487681]   #4
Oct 14 09:12:13 ip-172-31-31-86 kernel: [    1.488261] cpu 4 spinlock event irq 77
Oct 14 09:12:13 ip-172-31-31-86 kernel: [    1.495720] installing Xen timer for CPU 5
Oct 14 09:12:13 ip-172-31-31-86 kernel: [    1.499671]   #5
Oct 14 09:12:13 ip-172-31-31-86 kernel: [    1.500217] cpu 5 spinlock event irq 83
Oct 14 09:12:13 ip-172-31-31-86 kernel: [    1.507717] installing Xen timer for CPU 6
Oct 14 09:12:13 ip-172-31-31-86 kernel: [    1.511675]   #6
Oct 14 09:12:13 ip-172-31-31-86 kernel: [    1.512223] cpu 6 spinlock event irq 89
Oct 14 09:12:13 ip-172-31-31-86 kernel: [    1.519716] installing Xen timer for CPU 7
Oct 14 09:12:13 ip-172-31-31-86 kernel: [    1.523673]   #7
Oct 14 09:12:13 ip-172-31-31-86 kernel: [    1.524437] cpu 7 spinlock event irq 95
Oct 14 09:12:13 ip-172-31-31-86 kernel: [    1.531733] smp: Brought up 1 node, 8 CPUs
Oct 14 09:12:13 ip-172-31-31-86 kernel: [    1.535605] smpboot: Max logical packages: 2
Oct 14 09:12:13 ip-172-31-31-86 kernel: [    1.539608] smpboot: Total of 8 processors activated (36801.18 BogoMIPS)
Oct 14 09:12:13 ip-172-31-31-86 kernel: [    1.545169] devtmpfs: initialized
Oct 14 09:12:13 ip-172-31-31-86 kernel: [    1.547657] x86/mm: Memory block size: 128MB
Oct 14 09:12:13 ip-172-31-31-86 kernel: [    1.556072] clocksource: jiffies: mask: 0xffffffff max_cycles: 0xffffffff, max_idle_ns: 7645041785100000 ns
Oct 14 09:12:13 ip-172-31-31-86 cloud-init[884]: Generating public/private rsa key pair.
Oct 14 09:12:13 ip-172-31-31-86 cloud-init[884]: Your identification has been saved in /etc/ssh/ssh_host_rsa_key.
Oct 14 09:12:13 ip-172-31-31-86 kernel: [    1.559682] futex hash table entries: 4096 (order: 6, 262144 bytes, linear)
Oct 14 09:12:13 ip-172-31-31-86 cloud-init[884]: Your public key has been saved in /etc/ssh/ssh_host_rsa_key.pub.
Oct 14 09:12:13 ip-172-31-31-86 cloud-init[884]: The key fingerprint is:
Oct 14 09:12:13 ip-172-31-31-86 cloud-init[884]: SHA256:h/qxMpGyVS/4rlUhLDBNeZtC2FENeA4PwdWkNj6L+6o root@ip-172-31-31-86
Oct 14 09:12:13 ip-172-31-31-86 cloud-init[884]: The key's randomart image is:
Oct 14 09:12:13 ip-172-31-31-86 cloud-init[884]: +---[RSA 2048]----+
Oct 14 09:12:13 ip-172-31-31-86 kernel: [    1.563713] pinctrl core: initialized pinctrl subsystem
Oct 14 09:12:13 ip-172-31-31-86 kernel: [    1.567733] PM: RTC time: 09:11:59, date: 2021-10-14
Oct 14 09:12:13 ip-172-31-31-86 kernel: [    1.571927] NET: Registered protocol family 16
Oct 14 09:12:13 ip-172-31-31-86 kernel: [    1.575833] audit: initializing netlink subsys (disabled)
Oct 14 09:12:13 ip-172-31-31-86 kernel: [    1.579626] audit: type=2000 audit(1634202719.516:1): state=initialized audit_enabled=0 res=1
Oct 14 09:12:13 ip-172-31-31-86 kernel: [    1.579753] EISA bus registered
Oct 14 09:12:13 ip-172-31-31-86 kernel: [    1.587616] cpuidle: using governor ladder
Oct 14 09:12:13 ip-172-31-31-86 cloud-init[884]: |    o*+B+=.      |
Oct 14 09:12:13 ip-172-31-31-86 kernel: [    1.591608] cpuidle: using governor menu
Oct 14 09:12:13 ip-172-31-31-86 kernel: [    1.595659] ACPI: bus type PCI registered
Oct 14 09:12:13 ip-172-31-31-86 cloud-init[884]: |    .oX.o.o      |
Oct 14 09:12:13 ip-172-31-31-86 cloud-init[884]: |     ..B*o.      |
Oct 14 09:12:13 ip-172-31-31-86 kernel: [    1.599605] acpiphp: ACPI Hot Plug PCI Controller Driver version: 0.5
Oct 14 09:12:13 ip-172-31-31-86 cloud-init[884]: |      .+*+ .     |
Oct 14 09:12:13 ip-172-31-31-86 kernel: [    1.604203] PCI: Using configuration type 1 for base access
Oct 14 09:12:13 ip-172-31-31-86 kernel: [    1.611679] HugeTLB registered 1.00 GiB page size, pre-allocated 0 pages
Oct 14 09:12:13 ip-172-31-31-86 cloud-init[884]: |       =S.o      |
Oct 14 09:12:13 ip-172-31-31-86 kernel: [    1.615606] HugeTLB registered 2.00 MiB page size, pre-allocated 0 pages
Oct 14 09:12:13 ip-172-31-31-86 kernel: [    1.619690] ACPI: Added _OSI(Module Device)
Oct 14 09:12:13 ip-172-31-31-86 kernel: [    1.623607] ACPI: Added _OSI(Processor Device)
Oct 14 09:12:13 ip-172-31-31-86 kernel: [    1.627571] ACPI: Added _OSI(3.0 _SCP Extensions)
Oct 14 09:12:13 ip-172-31-31-86 cloud-init[884]: |    . =o.=.      |
Oct 14 09:12:13 ip-172-31-31-86 kernel: [    1.635608] ACPI: Added _OSI(Processor Aggregator Device)
Oct 14 09:12:13 ip-172-31-31-86 kernel: [    1.639606] ACPI: Added _OSI(Linux-Dell-Video)
Oct 14 09:12:13 ip-172-31-31-86 kernel: [    1.647604] ACPI: Added _OSI(Linux-Lenovo-NV-HDMI-Audio)
Oct 14 09:12:13 ip-172-31-31-86 cloud-init[884]: |     +oo+.       |
Oct 14 09:12:13 ip-172-31-31-86 kernel: [    1.651607] ACPI: Added _OSI(Linux-HPI-Hybrid-Graphics)
Oct 14 09:12:13 ip-172-31-31-86 kernel: [    1.663775] ACPI: 3 ACPI AML tables successfully acquired and loaded
Oct 14 09:12:13 ip-172-31-31-86 cloud-init[884]: |    . o+.o       |
Oct 14 09:12:13 ip-172-31-31-86 kernel: [    1.672502] xen: --> pirq=16 -> irq=9 (gsi=9)
Oct 14 09:12:13 ip-172-31-31-86 kernel: [    1.673517] ACPI: Interpreter enabled
Oct 14 09:12:13 ip-172-31-31-86 cloud-init[884]: |    E.+B=        |
Oct 14 09:12:13 ip-172-31-31-86 cloud-init[884]: +----[SHA256]-----+
Oct 14 09:12:13 ip-172-31-31-86 cloud-init[884]: Generating public/private dsa key pair.
Oct 14 09:12:13 ip-172-31-31-86 cloud-init[884]: Your identification has been saved in /etc/ssh/ssh_host_dsa_key.
Oct 14 09:12:13 ip-172-31-31-86 kernel: [    1.679617] ACPI: (supports S0 S4 S5)
Oct 14 09:12:13 ip-172-31-31-86 cloud-init[884]: Your public key has been saved in /etc/ssh/ssh_host_dsa_key.pub.
Oct 14 09:12:13 ip-172-31-31-86 kernel: [    1.683607] ACPI: Using IOAPIC for interrupt routing
Oct 14 09:12:13 ip-172-31-31-86 cloud-init[884]: The key fingerprint is:
Oct 14 09:12:13 ip-172-31-31-86 kernel: [    1.687640] PCI: Using host bridge windows from ACPI; if necessary, use "pci=nocrs" and report a bug
Oct 14 09:12:13 ip-172-31-31-86 kernel: [    1.700015] ACPI: Enabled 2 GPEs in block 00 to 0F
Oct 14 09:12:13 ip-172-31-31-86 cloud-init[884]: SHA256:Ua/W2t5/XzRtFPTt+78B7dnI1225on3dOqZUOku59jw root@ip-172-31-31-86
Oct 14 09:12:13 ip-172-31-31-86 cloud-init[884]: The key's randomart image is:
Oct 14 09:12:13 ip-172-31-31-86 kernel: [    1.750734] ACPI: PCI Root Bridge [PCI0] (domain 0000 [bus 00-ff])
Oct 14 09:12:13 ip-172-31-31-86 cloud-init[884]: +---[DSA 1024]----+
Oct 14 09:12:13 ip-172-31-31-86 kernel: [    1.755615] acpi PNP0A03:00: _OSC: OS supports [ASPM ClockPM Segments MSI HPX-Type3]
Oct 14 09:12:13 ip-172-31-31-86 kernel: [    1.763628] acpi PNP0A03:00: fail to add MMCONFIG information, can't access extended PCI configuration space under this bridge.
Oct 14 09:12:13 ip-172-31-31-86 cloud-init[884]: |          .   .o |
Oct 14 09:12:13 ip-172-31-31-86 cloud-init[884]: |         . .    +|
Oct 14 09:12:13 ip-172-31-31-86 cloud-init[884]: |        .   .   +|
Oct 14 09:12:13 ip-172-31-31-86 cloud-init[884]: |         . o  .o.|
Oct 14 09:12:13 ip-172-31-31-86 cloud-init[884]: |        S o ...o=|
Oct 14 09:12:13 ip-172-31-31-86 cloud-init[884]: |         . o =o+O|
Oct 14 09:12:13 ip-172-31-31-86 cloud-init[884]: |          . B o*X|
Oct 14 09:12:13 ip-172-31-31-86 cloud-init[884]: |           +oBE+O|
Oct 14 09:12:13 ip-172-31-31-86 cloud-init[884]: |           o*=BBX|
Oct 14 09:12:13 ip-172-31-31-86 cloud-init[884]: +----[SHA256]-----+
Oct 14 09:12:13 ip-172-31-31-86 kernel: [    1.772806] acpiphp: Slot [0] registered
Oct 14 09:12:13 ip-172-31-31-86 kernel: [    1.776994] acpiphp: Slot [3] registered
Oct 14 09:12:13 ip-172-31-31-86 kernel: [    1.784262] acpiphp: Slot [4] registered
Oct 14 09:12:13 ip-172-31-31-86 kernel: [    1.792068] acpiphp: Slot [5] registered
Oct 14 09:12:13 ip-172-31-31-86 kernel: [    1.796079] acpiphp: Slot [6] registered
Oct 14 09:12:13 ip-172-31-31-86 kernel: [    1.804508] acpiphp: Slot [7] registered
Oct 14 09:12:13 ip-172-31-31-86 kernel: [    1.812319] acpiphp: Slot [8] registered
Oct 14 09:12:13 ip-172-31-31-86 cloud-init[884]: Generating public/private ecdsa key pair.
Oct 14 09:12:13 ip-172-31-31-86 kernel: [    1.816644] acpiphp: Slot [9] registered
Oct 14 09:12:13 ip-172-31-31-86 kernel: [    1.824431] acpiphp: Slot [10] registered
Oct 14 09:12:13 ip-172-31-31-86 cloud-init[884]: Your identification has been saved in /etc/ssh/ssh_host_ecdsa_key.
Oct 14 09:12:13 ip-172-31-31-86 cloud-init[884]: Your public key has been saved in /etc/ssh/ssh_host_ecdsa_key.pub.
Oct 14 09:12:13 ip-172-31-31-86 cloud-init[884]: The key fingerprint is:
Oct 14 09:12:13 ip-172-31-31-86 cloud-init[884]: SHA256:MTKs1dBSuDSv3VIklHl/uLfnn4wCt/CSFzZLELBPtXk root@ip-172-31-31-86
Oct 14 09:12:13 ip-172-31-31-86 kernel: [    1.832245] acpiphp: Slot [11] registered
Oct 14 09:12:13 ip-172-31-31-86 cloud-init[884]: The key's randomart image is:
Oct 14 09:12:13 ip-172-31-31-86 cloud-init[884]: +---[ECDSA 256]---+
Oct 14 09:12:13 ip-172-31-31-86 cloud-init[884]: |      .*+o .     |
Oct 14 09:12:13 ip-172-31-31-86 cloud-init[884]: |     .=o*.+ o    |
Oct 14 09:12:13 ip-172-31-31-86 cloud-init[884]: |     .=*+=.+ E   |
Oct 14 09:12:13 ip-172-31-31-86 kernel: [    1.840278] acpiphp: Slot [12] registered
Oct 14 09:12:13 ip-172-31-31-86 cloud-init[884]: |     o.o++. + .  |
Oct 14 09:12:13 ip-172-31-31-86 kernel: [    1.848691] acpiphp: Slot [13] registered
Oct 14 09:12:13 ip-172-31-31-86 kernel: [    1.856529] acpiphp: Slot [14] registered
Oct 14 09:12:13 ip-172-31-31-86 kernel: [    1.864158] acpiphp: Slot [15] registered
Oct 14 09:12:13 ip-172-31-31-86 kernel: [    1.872385] acpiphp: Slot [16] registered
Oct 14 09:12:13 ip-172-31-31-86 cloud-init[884]: |    .  oS+.  o   |
Oct 14 09:12:13 ip-172-31-31-86 kernel: [    1.875792] acpiphp: Slot [17] registered
Oct 14 09:12:13 ip-172-31-31-86 kernel: [    1.880089] acpiphp: Slot [18] registered
Oct 14 09:12:13 ip-172-31-31-86 kernel: [    1.888438] acpiphp: Slot [19] registered
Oct 14 09:12:13 ip-172-31-31-86 kernel: [    1.896432] acpiphp: Slot [20] registered
Oct 14 09:12:13 ip-172-31-31-86 kernel: [    1.904488] acpiphp: Slot [21] registered
Oct 14 09:12:13 ip-172-31-31-86 kernel: [    1.908349] acpiphp: Slot [22] registered
Oct 14 09:12:13 ip-172-31-31-86 kernel: [    1.916532] acpiphp: Slot [23] registered
Oct 14 09:12:13 ip-172-31-31-86 kernel: [    1.928445] acpiphp: Slot [24] registered
Oct 14 09:12:13 ip-172-31-31-86 cloud-init[884]: |      . oo.*. .  |
Oct 14 09:12:13 ip-172-31-31-86 kernel: [    1.936299] acpiphp: Slot [25] registered
Oct 14 09:12:13 ip-172-31-31-86 kernel: [    1.945639] acpiphp: Slot [26] registered
Oct 14 09:12:13 ip-172-31-31-86 kernel: [    1.952306] acpiphp: Slot [27] registered
Oct 14 09:12:13 ip-172-31-31-86 cloud-init[884]: |         .O =. . |
Oct 14 09:12:13 ip-172-31-31-86 kernel: [    1.960301] acpiphp: Slot [28] registered
Oct 14 09:12:13 ip-172-31-31-86 kernel: [    1.968297] acpiphp: Slot [29] registered
Oct 14 09:12:13 ip-172-31-31-86 cloud-init[884]: |         o *  + o|
Oct 14 09:12:13 ip-172-31-31-86 cloud-init[884]: |          o .. =+|
Oct 14 09:12:13 ip-172-31-31-86 cloud-init[884]: +----[SHA256]-----+
Oct 14 09:12:13 ip-172-31-31-86 kernel: [    1.972259] acpiphp: Slot [30] registered
Oct 14 09:12:13 ip-172-31-31-86 cloud-init[884]: Generating public/private ed25519 key pair.
Oct 14 09:12:13 ip-172-31-31-86 kernel: [    1.980296] acpiphp: Slot [31] registered
Oct 14 09:12:13 ip-172-31-31-86 cloud-init[884]: Your identification has been saved in /etc/ssh/ssh_host_ed25519_key.
Oct 14 09:12:13 ip-172-31-31-86 kernel: [    1.988364] PCI host bridge to bus 0000:00
Oct 14 09:12:13 ip-172-31-31-86 kernel: [    1.991607] pci_bus 0000:00: root bus resource [io  0x0000-0x0cf7 window]
Oct 14 09:12:13 ip-172-31-31-86 cloud-init[884]: Your public key has been saved in /etc/ssh/ssh_host_ed25519_key.pub.
Oct 14 09:12:13 ip-172-31-31-86 cloud-init[884]: The key fingerprint is:
Oct 14 09:12:13 ip-172-31-31-86 cloud-init[884]: SHA256:fcCM1ALXyjJX4BmpALn9dRrAz+VFSDIDmsTDlOVFIo4 root@ip-172-31-31-86
Oct 14 09:12:13 ip-172-31-31-86 cloud-init[884]: The key's randomart image is:
Oct 14 09:12:13 ip-172-31-31-86 kernel: [    1.999609] pci_bus 0000:00: root bus resource [io  0x0d00-0xffff window]
Oct 14 09:12:13 ip-172-31-31-86 cloud-init[884]: +--[ED25519 256]--+
Oct 14 09:12:13 ip-172-31-31-86 kernel: [    2.007605] pci_bus 0000:00: root bus resource [mem 0x000a0000-0x000bffff window]
Oct 14 09:12:13 ip-172-31-31-86 cloud-init[884]: |  .*++=+@*.o.    |
Oct 14 09:12:13 ip-172-31-31-86 kernel: [    2.019605] pci_bus 0000:00: root bus resource [mem 0xf0000000-0xfbffffff window]
Oct 14 09:12:13 ip-172-31-31-86 cloud-init[884]: |  .+*=o*oX* .    |
Oct 14 09:12:13 ip-172-31-31-86 cloud-init[884]: |  Eo+o.*+*+.     |
Oct 14 09:12:13 ip-172-31-31-86 cloud-init[884]: |  . . + O.o.     |
Oct 14 09:12:13 ip-172-31-31-86 cloud-init[884]: |     . =S+. .    |
Oct 14 09:12:13 ip-172-31-31-86 kernel: [    2.027610] pci_bus 0000:00: root bus resource [bus 00-ff]
Oct 14 09:12:13 ip-172-31-31-86 cloud-init[884]: |      . .  .     |
Oct 14 09:12:13 ip-172-31-31-86 kernel: [    2.031879] pci 0000:00:00.0: [8086:1237] type 00 class 0x060000
Oct 14 09:12:13 ip-172-31-31-86 kernel: [    2.043215] pci 0000:00:01.0: [8086:7000] type 00 class 0x060100
Oct 14 09:12:13 ip-172-31-31-86 kernel: [    2.054180] pci 0000:00:01.1: [8086:7010] type 00 class 0x010180
Oct 14 09:12:13 ip-172-31-31-86 cloud-init[884]: |                 |
Oct 14 09:12:13 ip-172-31-31-86 kernel: [    2.066178] pci 0000:00:01.1: reg 0x20: [io  0xc100-0xc10f]
Oct 14 09:12:13 ip-172-31-31-86 cloud-init[884]: |                 |
Oct 14 09:12:13 ip-172-31-31-86 systemd[1]: Started Initial cloud-init job (metadata service crawler).
Oct 14 09:12:13 ip-172-31-31-86 kernel: [    2.073314] pci 0000:00:01.1: legacy IDE quirk: reg 0x10: [io  0x01f0-0x01f7]
Oct 14 09:12:13 ip-172-31-31-86 cloud-init[884]: |                 |
Oct 14 09:12:13 ip-172-31-31-86 kernel: [    2.079607] pci 0000:00:01.1: legacy IDE quirk: reg 0x14: [io  0x03f6]
Oct 14 09:12:13 ip-172-31-31-86 kernel: [    2.091608] pci 0000:00:01.1: legacy IDE quirk: reg 0x18: [io  0x0170-0x0177]
Oct 14 09:12:13 ip-172-31-31-86 kernel: [    2.099608] pci 0000:00:01.1: legacy IDE quirk: reg 0x1c: [io  0x0376]
Oct 14 09:12:13 ip-172-31-31-86 cloud-init[884]: +----[SHA256]-----+
Oct 14 09:12:13 ip-172-31-31-86 kernel: [    2.108913] pci 0000:00:01.3: [8086:7113] type 00 class 0x068000
Oct 14 09:12:13 ip-172-31-31-86 kernel: [    2.115684] * Found PM-Timer Bug on the chipset. Due to workarounds for a bug,
Oct 14 09:12:13 ip-172-31-31-86 kernel: [    2.115684] * this clock source is slow. Consider trying other clock sources
Oct 14 09:12:13 ip-172-31-31-86 kernel: [    2.135616] pci 0000:00:01.3: acpi_pm_check_blacklist+0x0/0x40 took 19531 usecs
Oct 14 09:12:13 ip-172-31-31-86 kernel: [    2.146080] pci 0000:00:01.3: quirk: [io  0xb000-0xb03f] claimed by PIIX4 ACPI
Oct 14 09:12:13 ip-172-31-31-86 kernel: [    2.153882] pci 0000:00:02.0: [1013:00b8] type 00 class 0x030000
Oct 14 09:12:13 ip-172-31-31-86 systemd[1]: Reached target Cloud-config availability.
Oct 14 09:12:13 ip-172-31-31-86 systemd[1]: Reached target System Initialization.
Oct 14 09:12:13 ip-172-31-31-86 systemd[1]: Listening on UUID daemon activation socket.
Oct 14 09:12:13 ip-172-31-31-86 kernel: [    2.164853] pci 0000:00:02.0: reg 0x10: [mem 0xf0000000-0xf1ffffff pref]
Oct 14 09:12:13 ip-172-31-31-86 systemd[1]: Started ACPI Events Check.
Oct 14 09:12:13 ip-172-31-31-86 kernel: [    2.176135] pci 0000:00:02.0: reg 0x14: [mem 0xf3000000-0xf3000fff]
Oct 14 09:12:13 ip-172-31-31-86 kernel: [    2.187201] pci 0000:00:03.0: [5853:0001] type 00 class 0xff8000
Oct 14 09:12:13 ip-172-31-31-86 systemd[1]: Starting LXD - unix socket.
Oct 14 09:12:13 ip-172-31-31-86 kernel: [    2.196422] pci 0000:00:03.0: reg 0x10: [io  0xc000-0xc0ff]
Oct 14 09:12:13 ip-172-31-31-86 kernel: [    2.204657] pci 0000:00:03.0: reg 0x14: [mem 0xf2000000-0xf2ffffff pref]
Oct 14 09:12:13 ip-172-31-31-86 kernel: [    2.220925] ACPI: PCI Interrupt Link [LNKA] (IRQs *5 10 11)
Oct 14 09:12:13 ip-172-31-31-86 kernel: [    2.227866] ACPI: PCI Interrupt Link [LNKB] (IRQs 5 *10 11)
Oct 14 09:12:13 ip-172-31-31-86 kernel: [    2.231950] ACPI: PCI Interrupt Link [LNKC] (IRQs 5 10 *11)
Oct 14 09:12:13 ip-172-31-31-86 kernel: [    2.240136] ACPI: PCI Interrupt Link [LNKD] (IRQs *5 10 11)
Oct 14 09:12:13 ip-172-31-31-86 kernel: [    2.282841] xen:balloon: Initialising balloon driver
Oct 14 09:12:13 ip-172-31-31-86 kernel: [    2.291656] iommu: Default domain type: Translated 
Oct 14 09:12:13 ip-172-31-31-86 systemd[1]: Reached target Paths.
Oct 14 09:12:13 ip-172-31-31-86 kernel: [    2.295759] SCSI subsystem initialized
Oct 14 09:12:13 ip-172-31-31-86 kernel: [    2.299622] libata version 3.00 loaded.
Oct 14 09:12:13 ip-172-31-31-86 kernel: [    2.299686] pci 0000:00:02.0: vgaarb: setting as boot VGA device
Oct 14 09:12:13 ip-172-31-31-86 systemd[1]: Starting Socket activation for snappy daemon.
Oct 14 09:12:13 ip-172-31-31-86 systemd[1]: Listening on D-Bus System Message Bus Socket.
Oct 14 09:12:13 ip-172-31-31-86 systemd[1]: Started Daily Cleanup of Temporary Directories.
Oct 14 09:12:13 ip-172-31-31-86 systemd[1]: Started Message of the Day.
Oct 14 09:12:13 ip-172-31-31-86 kernel: [    2.303599] pci 0000:00:02.0: vgaarb: VGA device added: decodes=io+mem,owns=io+mem,locks=none
Oct 14 09:12:13 ip-172-31-31-86 systemd[1]: Started Discard unused blocks once a week.
Oct 14 09:12:13 ip-172-31-31-86 kernel: [    2.323609] pci 0000:00:02.0: vgaarb: bridge control possible
Oct 14 09:12:13 ip-172-31-31-86 systemd[1]: Started Daily apt download activities.
Oct 14 09:12:13 ip-172-31-31-86 kernel: [    2.331607] vgaarb: loaded
Oct 14 09:12:13 ip-172-31-31-86 kernel: [    2.334477] ACPI: bus type USB registered
Oct 14 09:12:13 ip-172-31-31-86 systemd[1]: Started Daily apt upgrade and clean activities.
Oct 14 09:12:13 ip-172-31-31-86 systemd[1]: Reached target Timers.
Oct 14 09:12:13 ip-172-31-31-86 kernel: [    2.335624] usbcore: registered new interface driver usbfs
Oct 14 09:12:13 ip-172-31-31-86 systemd[1]: Listening on ACPID Listen Socket.
Oct 14 09:12:13 ip-172-31-31-86 systemd[1]: Listening on Open-iSCSI iscsid Socket.
Oct 14 09:12:13 ip-172-31-31-86 systemd[1]: Reached target Network is Online.
Oct 14 09:12:13 ip-172-31-31-86 systemd[1]: Starting Availability of block devices...
Oct 14 09:12:13 ip-172-31-31-86 systemd[1]: Reached target Remote File Systems (Pre).
Oct 14 09:12:13 ip-172-31-31-86 kernel: [    2.343621] usbcore: registered new interface driver hub
Oct 14 09:12:13 ip-172-31-31-86 kernel: [    2.347621] usbcore: registered new device driver usb
Oct 14 09:12:13 ip-172-31-31-86 kernel: [    2.355632] pps_core: LinuxPPS API ver. 1 registered
Oct 14 09:12:13 ip-172-31-31-86 kernel: [    2.363604] pps_core: Software ver. 5.3.6 - Copyright 2005-2007 Rodolfo Giometti <giometti@linux.it>
Oct 14 09:12:13 ip-172-31-31-86 kernel: [    2.371612] PTP clock support registered
Oct 14 09:12:13 ip-172-31-31-86 kernel: [    2.375636] EDAC MC: Ver: 3.0.0
Oct 14 09:12:13 ip-172-31-31-86 kernel: [    2.379646] PCI: Using ACPI for IRQ routing
Oct 14 09:12:13 ip-172-31-31-86 kernel: [    2.387608] PCI: pci_cache_line_size set to 64 bytes
Oct 14 09:12:13 ip-172-31-31-86 kernel: [    2.389280] e820: reserve RAM buffer [mem 0x0009e000-0x0009ffff]
Oct 14 09:12:13 ip-172-31-31-86 kernel: [    2.389409] NetLabel: Initializing
Oct 14 09:12:13 ip-172-31-31-86 kernel: [    2.391605] NetLabel:  domain hash size = 128
Oct 14 09:12:13 ip-172-31-31-86 kernel: [    2.399605] NetLabel:  protocols = UNLABELED CIPSOv4 CALIPSO
Oct 14 09:12:13 ip-172-31-31-86 systemd[1]: Reached target Remote File Systems.
Oct 14 09:12:13 ip-172-31-31-86 kernel: [    2.403632] NetLabel:  unlabeled traffic allowed by default
Oct 14 09:12:13 ip-172-31-31-86 kernel: [    2.411658] hpet: 3 channels of 0 reserved for per-cpu timers
Oct 14 09:12:13 ip-172-31-31-86 kernel: [    2.419614] hpet0: at MMIO 0xfed00000, IRQs 2, 8, 0
Oct 14 09:12:13 ip-172-31-31-86 kernel: [    2.423606] hpet0: 3 comparators, 64-bit 62.500000 MHz counter
Oct 14 09:12:13 ip-172-31-31-86 kernel: [    2.433735] clocksource: Switched to clocksource xen
Oct 14 09:12:13 ip-172-31-31-86 systemd[1]: Listening on LXD - unix socket.
Oct 14 09:12:13 ip-172-31-31-86 kernel: [    2.450416] *** VALIDATE bpf ***
Oct 14 09:12:13 ip-172-31-31-86 systemd[1]: Listening on Socket activation for snappy daemon.
Oct 14 09:12:13 ip-172-31-31-86 systemd[1]: Started Availability of block devices.
Oct 14 09:12:13 ip-172-31-31-86 systemd[1]: Reached target Sockets.
Oct 14 09:12:13 ip-172-31-31-86 kernel: [    2.454531] VFS: Disk quotas dquot_6.6.0
Oct 14 09:12:13 ip-172-31-31-86 systemd[1]: Reached target Basic System.
Oct 14 09:12:13 ip-172-31-31-86 kernel: [    2.459167] VFS: Dquot-cache hash table entries: 512 (order 0, 4096 bytes)
Oct 14 09:12:13 ip-172-31-31-86 kernel: [    2.466194] *** VALIDATE ramfs ***
Oct 14 09:12:13 ip-172-31-31-86 kernel: [    2.470578] *** VALIDATE hugetlbfs ***
Oct 14 09:12:13 ip-172-31-31-86 systemd[1]: Starting System Logging Service...
Oct 14 09:12:13 ip-172-31-31-86 kernel: [    2.476491] AppArmor: AppArmor Filesystem Enabled
Oct 14 09:12:13 ip-172-31-31-86 kernel: [    2.481226] pnp: PnP ACPI init
Oct 14 09:12:13 ip-172-31-31-86 systemd[1]: Starting Pollinate to seed the pseudo random number generator...
Oct 14 09:12:13 ip-172-31-31-86 kernel: [    2.484690] system 00:00: [mem 0x00000000-0x0009ffff] could not be reserved
Oct 14 09:12:13 ip-172-31-31-86 kernel: [    2.491878] system 00:00: Plug and Play ACPI device, IDs PNP0c02 (active)
Oct 14 09:12:13 ip-172-31-31-86 systemd[1]: Starting Accounts Service...
Oct 14 09:12:13 ip-172-31-31-86 kernel: [    2.491979] system 00:01: [io  0x08a0-0x08a3] has been reserved
Oct 14 09:12:13 ip-172-31-31-86 kernel: [    2.497869] system 00:01: [io  0x0cc0-0x0ccf] has been reserved
Oct 14 09:12:13 ip-172-31-31-86 kernel: [    2.504050] system 00:01: [io  0x04d0-0x04d1] has been reserved
Oct 14 09:12:13 ip-172-31-31-86 kernel: [    2.511419] system 00:01: Plug and Play ACPI device, IDs PNP0c02 (active)
Oct 14 09:12:13 ip-172-31-31-86 kernel: [    2.511453] xen: --> pirq=17 -> irq=8 (gsi=8)
Oct 14 09:12:13 ip-172-31-31-86 systemd[1]: Starting Login Service...
Oct 14 09:12:13 ip-172-31-31-86 systemd[1]: Started D-Bus System Message Bus.
Oct 14 09:12:13 ip-172-31-31-86 kernel: [    2.511471] pnp 00:02: Plug and Play ACPI device, IDs PNP0b00 (active)
Oct 14 09:12:13 ip-172-31-31-86 kernel: [    2.511497] xen: --> pirq=18 -> irq=12 (gsi=12)
Oct 14 09:12:13 ip-172-31-31-86 kernel: [    2.511511] pnp 00:03: Plug and Play ACPI device, IDs PNP0f13 (active)
Oct 14 09:12:13 ip-172-31-31-86 kernel: [    2.511529] xen: --> pirq=19 -> irq=1 (gsi=1)
Oct 14 09:12:13 ip-172-31-31-86 pollinate[1007]: client sent challenge to [https://entropy.ubuntu.com/]
Oct 14 09:12:13 ip-172-31-31-86 dbus-daemon[1015]: [system] AppArmor D-Bus mediation is enabled
Oct 14 09:12:13 ip-172-31-31-86 kernel: [    2.511541] pnp 00:04: Plug and Play ACPI device, IDs PNP0303 PNP030b (active)
Oct 14 09:12:13 ip-172-31-31-86 kernel: [    2.511559] xen: --> pirq=20 -> irq=6 (gsi=6)
Oct 14 09:12:13 ip-172-31-31-86 kernel: [    2.511560] pnp 00:05: [dma 2]
Oct 14 09:12:13 ip-172-31-31-86 kernel: [    2.511573] pnp 00:05: Plug and Play ACPI device, IDs PNP0700 (active)
Oct 14 09:12:13 ip-172-31-31-86 kernel: [    2.511599] xen: --> pirq=21 -> irq=4 (gsi=4)
Oct 14 09:12:13 ip-172-31-31-86 kernel: [    2.511612] pnp 00:06: Plug and Play ACPI device, IDs PNP0501 (active)
Oct 14 09:12:13 ip-172-31-31-86 kernel: [    2.511668] system 00:07: [io  0x10c0-0x1141] has been reserved
Oct 14 09:12:13 ip-172-31-31-86 kernel: [    2.517621] system 00:07: [io  0xb044-0xb047] has been reserved
Oct 14 09:12:13 ip-172-31-31-86 kernel: [    2.525227] system 00:07: Plug and Play ACPI device, IDs PNP0c02 (active)
Oct 14 09:12:13 ip-172-31-31-86 kernel: [    2.554353] pnp: PnP ACPI: found 8 devices
Oct 14 09:12:13 ip-172-31-31-86 kernel: [    2.562540] thermal_sys: Registered thermal governor 'fair_share'
Oct 14 09:12:13 ip-172-31-31-86 kernel: [    2.562541] thermal_sys: Registered thermal governor 'bang_bang'
Oct 14 09:12:13 ip-172-31-31-86 kernel: [    2.569399] thermal_sys: Registered thermal governor 'step_wise'
Oct 14 09:12:13 ip-172-31-31-86 dbus-daemon[1015]: [system] Activating via systemd: service name='org.freedesktop.hostname1' unit='dbus-org.freedesktop.hostname1.service' requested by ':1.2' (uid=100 pid=823 comm="/lib/systemd/systemd-networkd " label="unconfined")
Oct 14 09:12:13 ip-172-31-31-86 systemd[1]: Starting LSB: automatic crash report generation...
Oct 14 09:12:13 ip-172-31-31-86 systemd[1]: Started Regular background program processing daemon.
Oct 14 09:12:13 ip-172-31-31-86 kernel: [    2.575553] thermal_sys: Registered thermal governor 'user_space'
Oct 14 09:12:13 ip-172-31-31-86 systemd[1]: Starting Snap Daemon...
Oct 14 09:12:13 ip-172-31-31-86 kernel: [    2.581620] thermal_sys: Registered thermal governor 'power_allocator'
Oct 14 09:12:13 ip-172-31-31-86 rsyslogd: imuxsock: Acquired UNIX socket '/run/systemd/journal/syslog' (fd 3) from systemd.  [v8.32.0]
Oct 14 09:12:13 ip-172-31-31-86 rsyslogd: rsyslogd's groupid changed to 106
Oct 14 09:12:13 ip-172-31-31-86 rsyslogd: rsyslogd's userid changed to 102
Oct 14 09:12:13 ip-172-31-31-86 rsyslogd:  [origin software="rsyslogd" swVersion="8.32.0" x-pid="1006" x-info="http://www.rsyslog.com"] start
Oct 14 09:12:13 ip-172-31-31-86 dbus-daemon[1015]: [system] Activating via systemd: service name='org.freedesktop.PolicyKit1' unit='polkit.service' requested by ':1.4' (uid=0 pid=1008 comm="/usr/lib/accountsservice/accounts-daemon " label="unconfined")
Oct 14 09:12:13 ip-172-31-31-86 kernel: [    2.592102] clocksource: acpi_pm: mask: 0xffffff max_cycles: 0xffffff, max_idle_ns: 2085701024 ns
Oct 14 09:12:13 ip-172-31-31-86 kernel: [    2.609418] pci_bus 0000:00: resource 4 [io  0x0000-0x0cf7 window]
Oct 14 09:12:13 ip-172-31-31-86 kernel: [    2.617009] pci_bus 0000:00: resource 5 [io  0x0d00-0xffff window]
Oct 14 09:12:13 ip-172-31-31-86 kernel: [    2.624578] pci_bus 0000:00: resource 6 [mem 0x000a0000-0x000bffff window]
Oct 14 09:12:13 ip-172-31-31-86 kernel: [    2.632724] pci_bus 0000:00: resource 7 [mem 0xf0000000-0xfbffffff window]
Oct 14 09:12:13 ip-172-31-31-86 kernel: [    2.639395] NET: Registered protocol family 2
Oct 14 09:12:13 ip-172-31-31-86 kernel: [    2.646823] tcp_listen_portaddr_hash hash table entries: 16384 (order: 6, 262144 bytes, linear)
Oct 14 09:12:13 ip-172-31-31-86 kernel: [    2.661673] TCP established hash table entries: 262144 (order: 9, 2097152 bytes, linear)
Oct 14 09:12:13 ip-172-31-31-86 kernel: [    2.677551] TCP bind hash table entries: 65536 (order: 8, 1048576 bytes, linear)
Oct 14 09:12:13 ip-172-31-31-86 kernel: [    2.690038] TCP: Hash tables configured (established 262144 bind 65536)
Oct 14 09:12:13 ip-172-31-31-86 kernel: [    2.701182] UDP hash table entries: 16384 (order: 7, 524288 bytes, linear)
Oct 14 09:12:13 ip-172-31-31-86 kernel: [    2.711275] UDP-Lite hash table entries: 16384 (order: 7, 524288 bytes, linear)
Oct 14 09:12:13 ip-172-31-31-86 kernel: [    2.718655] NET: Registered protocol family 1
Oct 14 09:12:13 ip-172-31-31-86 kernel: [    2.723222] NET: Registered protocol family 44
Oct 14 09:12:13 ip-172-31-31-86 kernel: [    2.728617] pci 0000:00:01.0: PIIX3: Enabling Passive Release
Oct 14 09:12:13 ip-172-31-31-86 kernel: [    2.734165] pci 0000:00:00.0: Limiting direct PCI/PCI transfers
Oct 14 09:12:13 ip-172-31-31-86 kernel: [    2.739829] pci 0000:00:01.0: Activating ISA DMA hang workarounds
Oct 14 09:12:13 ip-172-31-31-86 kernel: [    2.745063] pci 0000:00:02.0: Video device with shadowed ROM at [mem 0x000c0000-0x000dffff]
Oct 14 09:12:13 ip-172-31-31-86 kernel: [    2.753706] PCI: CLS 0 bytes, default 64
Oct 14 09:12:13 ip-172-31-31-86 kernel: [    2.757905] Trying to unpack rootfs image as initramfs...
Oct 14 09:12:13 ip-172-31-31-86 kernel: [    3.063181] Freeing initrd memory: 21068K
Oct 14 09:12:13 ip-172-31-31-86 kernel: [    3.068139] PCI-DMA: Using software bounce buffering for IO (SWIOTLB)
Oct 14 09:12:13 ip-172-31-31-86 kernel: [    3.076050] software IO TLB: mapped [mem 0xec000000-0xf0000000] (64MB)
Oct 14 09:12:13 ip-172-31-31-86 kernel: [    3.082552] check: Scanning for low memory corruption every 60 seconds
Oct 14 09:12:13 ip-172-31-31-86 kernel: [    3.091204] Initialise system trusted keyrings
Oct 14 09:12:13 ip-172-31-31-86 kernel: [    3.096073] Key type blacklist registered
Oct 14 09:12:13 ip-172-31-31-86 kernel: [    3.102067] workingset: timestamp_bits=36 max_order=23 bucket_order=0
Oct 14 09:12:13 ip-172-31-31-86 kernel: [    3.110340] zbud: loaded
Oct 14 09:12:13 ip-172-31-31-86 kernel: [    3.113401] squashfs: version 4.0 (2009/01/31) Phillip Lougher
Oct 14 09:12:13 ip-172-31-31-86 kernel: [    3.118731] fuse: init (API version 7.31)
Oct 14 09:12:13 ip-172-31-31-86 kernel: [    3.123580] *** VALIDATE fuse ***
Oct 14 09:12:13 ip-172-31-31-86 kernel: [    3.127801] *** VALIDATE fuse ***
Oct 14 09:12:13 ip-172-31-31-86 kernel: [    3.132155] Platform Keyring initialized
Oct 14 09:12:13 ip-172-31-31-86 kernel: [    3.139569] Key type asymmetric registered
Oct 14 09:12:13 ip-172-31-31-86 kernel: [    3.143184] Asymmetric key parser 'x509' registered
Oct 14 09:12:13 ip-172-31-31-86 kernel: [    3.147701] Block layer SCSI generic (bsg) driver version 0.4 loaded (major 244)
Oct 14 09:12:13 ip-172-31-31-86 kernel: [    3.154453] io scheduler mq-deadline registered
Oct 14 09:12:13 ip-172-31-31-86 kernel: [    3.159342] shpchp: Standard Hot Plug PCI Controller Driver version: 0.4
Oct 14 09:12:13 ip-172-31-31-86 kernel: [    3.165101] intel_idle: Please enable MWAIT in BIOS SETUP
Oct 14 09:12:13 ip-172-31-31-86 kernel: [    3.165216] input: Power Button as /devices/LNXSYSTM:00/LNXPWRBN:00/input/input0
Oct 14 09:12:13 ip-172-31-31-86 kernel: [    3.171869] ACPI: Power Button [PWRF]
Oct 14 09:12:13 ip-172-31-31-86 kernel: [    3.175484] input: Sleep Button as /devices/LNXSYSTM:00/LNXSLPBN:00/input/input1
Oct 14 09:12:13 ip-172-31-31-86 kernel: [    3.181614] ACPI: Sleep Button [SLPF]
Oct 14 09:12:13 ip-172-31-31-86 kernel: [    3.189568] xen: --> pirq=22 -> irq=28 (gsi=28)
Oct 14 09:12:13 ip-172-31-31-86 kernel: [    3.189682] xen:grant_table: Grant tables using version 1 layout
Oct 14 09:12:13 ip-172-31-31-86 kernel: [    3.194492] Grant table initialized
Oct 14 09:12:13 ip-172-31-31-86 kernel: [    3.197792] Cannot get hvm parameter CONSOLE_EVTCHN (18): -22!
Oct 14 09:12:13 ip-172-31-31-86 kernel: [    3.203360] Serial: 8250/16550 driver, 4 ports, IRQ sharing enabled
Oct 14 09:12:13 ip-172-31-31-86 kernel: [    3.245017] 00:06: ttyS0 at I/O 0x3f8 (irq = 4, base_baud = 115200) is a 16550A
Oct 14 09:12:13 ip-172-31-31-86 kernel: [    3.256447] Linux agpgart interface v0.103
Oct 14 09:12:13 ip-172-31-31-86 kernel: [    3.266517] loop: module loaded
Oct 14 09:12:13 ip-172-31-31-86 kernel: [    3.272612] ata_piix 0000:00:01.1: version 2.13
Oct 14 09:12:13 ip-172-31-31-86 kernel: [    3.274150] scsi host0: ata_piix
Oct 14 09:12:13 ip-172-31-31-86 kernel: [    3.279152] scsi host1: ata_piix
Oct 14 09:12:13 ip-172-31-31-86 kernel: [    3.282324] blkfront: xvda: barrier or flush: disabled; persistent grants: disabled; indirect descriptors: enabled;
Oct 14 09:12:13 ip-172-31-31-86 kernel: [    3.284053] ata1: PATA max MWDMA2 cmd 0x1f0 ctl 0x3f6 bmdma 0xc100 irq 14
Oct 14 09:12:13 ip-172-31-31-86 kernel: [    3.306679] ata2: PATA max MWDMA2 cmd 0x170 ctl 0x376 bmdma 0xc108 irq 15
Oct 14 09:12:13 ip-172-31-31-86 kernel: [    3.315426] libphy: Fixed MDIO Bus: probed
Oct 14 09:12:13 ip-172-31-31-86 kernel: [    3.316142]  xvda: xvda1
Oct 14 09:12:13 ip-172-31-31-86 kernel: [    3.320359] tun: Universal TUN/TAP device driver, 1.6
Oct 14 09:12:13 ip-172-31-31-86 kernel: [    3.331788] PPP generic driver version 2.4.2
Oct 14 09:12:13 ip-172-31-31-86 kernel: [    3.337451] ehci_hcd: USB 2.0 'Enhanced' Host Controller (EHCI) Driver
Oct 14 09:12:13 ip-172-31-31-86 kernel: [    3.345646] ehci-pci: EHCI PCI platform driver
Oct 14 09:12:13 ip-172-31-31-86 kernel: [    3.351669] ehci-platform: EHCI generic platform driver
Oct 14 09:12:13 ip-172-31-31-86 kernel: [    3.358320] ohci_hcd: USB 1.1 'Open' Host Controller (OHCI) Driver
Oct 14 09:12:13 ip-172-31-31-86 kernel: [    3.366090] ohci-pci: OHCI PCI platform driver
Oct 14 09:12:13 ip-172-31-31-86 kernel: [    3.370560] ohci-platform: OHCI generic platform driver
Oct 14 09:12:13 ip-172-31-31-86 kernel: [    3.375104] uhci_hcd: USB Universal Host Controller Interface driver
Oct 14 09:12:13 ip-172-31-31-86 kernel: [    3.380347] i8042: PNP: PS/2 Controller [PNP0303:PS2K,PNP0f13:PS2M] at 0x60,0x64 irq 1,12
Oct 14 09:12:13 ip-172-31-31-86 kernel: [    3.394319] serio: i8042 KBD port at 0x60,0x64 irq 1
Oct 14 09:12:13 ip-172-31-31-86 kernel: [    3.401445] serio: i8042 AUX port at 0x60,0x64 irq 12
Oct 14 09:12:13 ip-172-31-31-86 kernel: [    3.409114] mousedev: PS/2 mouse device common for all mice
Oct 14 09:12:13 ip-172-31-31-86 kernel: [    3.417183] rtc_cmos 00:02: registered as rtc0
Oct 14 09:12:13 ip-172-31-31-86 kernel: [    3.423695] rtc_cmos 00:02: alarms up to one day, 114 bytes nvram, hpet irqs
Oct 14 09:12:13 ip-172-31-31-86 kernel: [    3.432854] device-mapper: uevent: version 1.0.3
Oct 14 09:12:13 ip-172-31-31-86 kernel: [    3.433564] input: AT Translated Set 2 keyboard as /devices/platform/i8042/serio0/input/input2
Oct 14 09:12:13 ip-172-31-31-86 kernel: [    3.439463] device-mapper: ioctl: 4.41.0-ioctl (2019-09-16) initialised: dm-devel@redhat.com
Oct 14 09:12:13 ip-172-31-31-86 kernel: [    3.462599] platform eisa.0: Probing EISA bus 0
Oct 14 09:12:13 ip-172-31-31-86 kernel: [    3.467761] platform eisa.0: EISA: Cannot allocate resource for mainboard
Oct 14 09:12:13 ip-172-31-31-86 kernel: [    3.473401] platform eisa.0: Cannot allocate resource for EISA slot 1
Oct 14 09:12:13 ip-172-31-31-86 kernel: [    3.482044] platform eisa.0: Cannot allocate resource for EISA slot 2
Oct 14 09:12:13 ip-172-31-31-86 kernel: [    3.487318] platform eisa.0: Cannot allocate resource for EISA slot 3
Oct 14 09:12:13 ip-172-31-31-86 kernel: [    3.492836] platform eisa.0: Cannot allocate resource for EISA slot 4
Oct 14 09:12:13 ip-172-31-31-86 kernel: [    3.498102] platform eisa.0: Cannot allocate resource for EISA slot 5
Oct 14 09:12:13 ip-172-31-31-86 kernel: [    3.505806] platform eisa.0: Cannot allocate resource for EISA slot 6
Oct 14 09:12:13 ip-172-31-31-86 kernel: [    3.514553] platform eisa.0: Cannot allocate resource for EISA slot 7
Oct 14 09:12:13 ip-172-31-31-86 kernel: [    3.522363] platform eisa.0: Cannot allocate resource for EISA slot 8
Oct 14 09:12:13 ip-172-31-31-86 kernel: [    3.530046] platform eisa.0: EISA: Detected 0 cards
Oct 14 09:12:13 ip-172-31-31-86 kernel: [    3.534188] intel_pstate: CPU model not supported
Oct 14 09:12:13 ip-172-31-31-86 kernel: [    3.538396] drop_monitor: Initializing network drop monitor service
Oct 14 09:12:13 ip-172-31-31-86 kernel: [    3.547053] NET: Registered protocol family 10
Oct 14 09:12:13 ip-172-31-31-86 kernel: [    3.558038] Segment Routing with IPv6
Oct 14 09:12:13 ip-172-31-31-86 kernel: [    3.563808] NET: Registered protocol family 17
Oct 14 09:12:13 ip-172-31-31-86 kernel: [    3.570506] Key type dns_resolver registered
Oct 14 09:12:13 ip-172-31-31-86 kernel: [    3.578053] RAS: Correctable Errors collector initialized.
Oct 14 09:12:13 ip-172-31-31-86 kernel: [    3.585768] IPI shorthand broadcast: enabled
Oct 14 09:12:13 ip-172-31-31-86 kernel: [    3.592263] sched_clock: Marking stable (2684592132, 907640292)->(3701488035, -109255611)
Oct 14 09:12:13 ip-172-31-31-86 kernel: [    3.603707] registered taskstats version 1
Oct 14 09:12:13 ip-172-31-31-86 kernel: [    3.610002] Loading compiled-in X.509 certificates
Oct 14 09:12:13 ip-172-31-31-86 kernel: [    3.617986] Loaded X.509 cert 'Build time autogenerated kernel key: 8286cd69e9f8b235cc87c05595d9618d16929256'
Oct 14 09:12:13 ip-172-31-31-86 kernel: [    3.634163] Loaded X.509 cert 'Canonical Ltd. Live Patch Signing: 14df34d1a87cf37625abec039ef2bf521249b969'
Oct 14 09:12:13 ip-172-31-31-86 kernel: [    3.645445] Loaded X.509 cert 'Canonical Ltd. Kernel Module Signing: 88f752e560a1e0737e31163a466ad7b70a850c19'
Oct 14 09:12:13 ip-172-31-31-86 kernel: [    3.656741] zswap: loaded using pool lzo/zbud
Oct 14 09:12:13 ip-172-31-31-86 kernel: [    3.663373] Key type ._fscrypt registered
Oct 14 09:12:13 ip-172-31-31-86 kernel: [    3.668333] Key type .fscrypt registered
Oct 14 09:12:13 ip-172-31-31-86 kernel: [    3.676993] Key type big_key registered
Oct 14 09:12:13 ip-172-31-31-86 kernel: [    3.683963] Key type encrypted registered
Oct 14 09:12:13 ip-172-31-31-86 kernel: [    3.689279] AppArmor: AppArmor sha1 policy hashing enabled
Oct 14 09:12:13 ip-172-31-31-86 kernel: [    3.696541] ima: No TPM chip found, activating TPM-bypass!
Oct 14 09:12:13 ip-172-31-31-86 kernel: [    3.703164] ima: Allocated hash algorithm: sha1
Oct 14 09:12:13 ip-172-31-31-86 kernel: [    3.709052] ima: No architecture policies found
Oct 14 09:12:13 ip-172-31-31-86 kernel: [    3.715583] evm: Initialising EVM extended attributes:
Oct 14 09:12:13 ip-172-31-31-86 kernel: [    3.721846] evm: security.selinux
Oct 14 09:12:13 ip-172-31-31-86 kernel: [    3.725316] evm: security.SMACK64
Oct 14 09:12:13 ip-172-31-31-86 kernel: [    3.728854] evm: security.SMACK64EXEC
Oct 14 09:12:13 ip-172-31-31-86 kernel: [    3.732771] evm: security.SMACK64TRANSMUTE
Oct 14 09:12:13 ip-172-31-31-86 kernel: [    3.737108] evm: security.SMACK64MMAP
Oct 14 09:12:13 ip-172-31-31-86 kernel: [    3.741255] evm: security.apparmor
Oct 14 09:12:13 ip-172-31-31-86 kernel: [    3.745149] evm: security.ima
Oct 14 09:12:13 ip-172-31-31-86 kernel: [    3.751002] evm: security.capability
Oct 14 09:12:13 ip-172-31-31-86 kernel: [    3.757250] evm: HMAC attrs: 0x1
Oct 14 09:12:13 ip-172-31-31-86 kernel: [    3.762398] xenbus_probe_frontend: Device with no driver: device/vif/0
Oct 14 09:12:13 ip-172-31-31-86 kernel: [    3.771762] PM:   Magic number: 9:645:171
Oct 14 09:12:13 ip-172-31-31-86 kernel: [    3.778480] acpi device:34: hash matches
Oct 14 09:12:13 ip-172-31-31-86 kernel: [    3.789947] rtc_cmos 00:02: setting system clock to 2021-10-14T09:12:01 UTC (1634202721)
Oct 14 09:12:13 ip-172-31-31-86 kernel: [    3.803965] Freeing unused decrypted memory: 2036K
Oct 14 09:12:13 ip-172-31-31-86 kernel: [    3.810724] Freeing unused kernel image memory: 2656K
Oct 14 09:12:13 ip-172-31-31-86 kernel: [    3.831709] Write protecting the kernel read-only data: 22528k
Oct 14 09:12:13 ip-172-31-31-86 kernel: [    3.839459] Freeing unused kernel image memory: 2008K
Oct 14 09:12:13 ip-172-31-31-86 kernel: [    3.845242] Freeing unused kernel image memory: 1488K
Oct 14 09:12:13 ip-172-31-31-86 kernel: [    3.860247] x86/mm: Checked W+X mappings: passed, no W+X pages found.
Oct 14 09:12:13 ip-172-31-31-86 kernel: [    3.866865] x86/mm: Checking user space page tables
Oct 14 09:12:13 ip-172-31-31-86 kernel: [    3.881235] x86/mm: Checked W+X mappings: passed, no W+X pages found.
Oct 14 09:12:13 ip-172-31-31-86 kernel: [    3.888711] Run /init as init process
Oct 14 09:12:13 ip-172-31-31-86 kernel: [    3.995193] cryptd: max_cpu_qlen set to 1000
Oct 14 09:12:13 ip-172-31-31-86 kernel: [    4.006066] AVX2 version of gcm_enc/dec engaged.
Oct 14 09:12:13 ip-172-31-31-86 kernel: [    4.013396] AES CTR mode by8 optimization enabled
Oct 14 09:12:13 ip-172-31-31-86 kernel: [    4.023020] xen_netfront: Initialising Xen virtual ethernet driver
Oct 14 09:12:13 ip-172-31-31-86 kernel: [    4.087723] tsc: Refined TSC clocksource calibration: 2300.004 MHz
Oct 14 09:12:13 ip-172-31-31-86 kernel: [    4.098871] clocksource: tsc: mask: 0xffffffffffffffff max_cycles: 0x212738e3f90, max_idle_ns: 440795225370 ns
Oct 14 09:12:13 ip-172-31-31-86 kernel: [    5.791688] raid6: avx2x4   gen() 23399 MB/s
Oct 14 09:12:13 ip-172-31-31-86 kernel: [    5.839692] raid6: avx2x4   xor() 14706 MB/s
Oct 14 09:12:13 ip-172-31-31-86 kernel: [    5.887670] raid6: avx2x2   gen() 20488 MB/s
Oct 14 09:12:13 ip-172-31-31-86 kernel: [    5.935665] raid6: avx2x2   xor() 12293 MB/s
Oct 14 09:12:13 ip-172-31-31-86 kernel: [    5.983684] raid6: avx2x1   gen() 17698 MB/s
Oct 14 09:12:13 ip-172-31-31-86 kernel: [    6.035664] raid6: avx2x1   xor() 11666 MB/s
Oct 14 09:12:13 ip-172-31-31-86 kernel: [    6.087671] raid6: sse2x4   gen() 12886 MB/s
Oct 14 09:12:13 ip-172-31-31-86 kernel: [    6.135689] raid6: sse2x4   xor()  8286 MB/s
Oct 14 09:12:13 ip-172-31-31-86 kernel: [    6.183676] raid6: sse2x2   gen() 11108 MB/s
Oct 14 09:12:13 ip-172-31-31-86 kernel: [    6.235667] raid6: sse2x2   xor()  6971 MB/s
Oct 14 09:12:13 ip-172-31-31-86 kernel: [    6.287668] raid6: sse2x1   gen()  9259 MB/s
Oct 14 09:12:13 ip-172-31-31-86 kernel: [    6.339666] raid6: sse2x1   xor()  6404 MB/s
Oct 14 09:12:13 ip-172-31-31-86 kernel: [    6.343547] raid6: using algorithm avx2x4 gen() 23399 MB/s
Oct 14 09:12:13 ip-172-31-31-86 kernel: [    6.348049] raid6: .... xor() 14706 MB/s, rmw enabled
Oct 14 09:12:13 ip-172-31-31-86 kernel: [    6.352432] raid6: using avx2x2 recovery algorithm
Oct 14 09:12:13 ip-172-31-31-86 kernel: [    6.357688] xor: automatically using best checksumming function   avx       
Oct 14 09:12:13 ip-172-31-31-86 kernel: [    6.364554] async_tx: api initialized (async)
Oct 14 09:12:13 ip-172-31-31-86 kernel: [    6.422591] Btrfs loaded, crc32c=crc32c-intel
Oct 14 09:12:13 ip-172-31-31-86 kernel: [    6.498163] EXT4-fs (xvda1): mounted filesystem with ordered data mode. Opts: (null)
Oct 14 09:12:13 ip-172-31-31-86 kernel: [    7.265184] systemd[1]: systemd 237 running in system mode. (+PAM +AUDIT +SELINUX +IMA +APPARMOR +SMACK +SYSVINIT +UTMP +LIBCRYPTSETUP +GCRYPT +GNUTLS +ACL +XZ +LZ4 +SECCOMP +BLKID +ELFUTILS +KMOD -IDN2 +IDN -PCRE2 default-hierarchy=hybrid)
Oct 14 09:12:13 ip-172-31-31-86 kernel: [    7.283874] systemd[1]: Detected virtualization xen.
Oct 14 09:12:13 ip-172-31-31-86 kernel: [    7.288407] systemd[1]: Detected architecture x86-64.
Oct 14 09:12:13 ip-172-31-31-86 systemd[1]: Starting Dispatcher daemon for systemd-networkd...
Oct 14 09:12:13 ip-172-31-31-86 kernel: [    7.324880] systemd[1]: Set hostname to <ubuntu>.
Oct 14 09:12:13 ip-172-31-31-86 kernel: [    7.351034] systemd[1]: Initializing machine ID from random generator.
Oct 14 09:12:13 ip-172-31-31-86 kernel: [    7.360083] systemd[1]: Installed transient /etc/machine-id file.
Oct 14 09:12:13 ip-172-31-31-86 kernel: [    7.770546] systemd[1]: Created slice System Slice.
Oct 14 09:12:13 ip-172-31-31-86 kernel: [    7.778420] systemd[1]: Listening on Journal Socket.
Oct 14 09:12:13 ip-172-31-31-86 kernel: [    7.786222] systemd[1]: Listening on LVM2 poll daemon socket.
Oct 14 09:12:13 ip-172-31-31-86 kernel: [    7.794802] systemd[1]: Starting Uncomplicated firewall...
Oct 14 09:12:13 ip-172-31-31-86 kernel: [    7.922704] EXT4-fs (xvda1): re-mounted. Opts: discard
Oct 14 09:12:13 ip-172-31-31-86 kernel: [    7.931215] Loading iSCSI transport class v2.0-870.
Oct 14 09:12:13 ip-172-31-31-86 kernel: [    7.979543] systemd-journald[456]: Received request to flush runtime journal from PID 1
Oct 14 09:12:13 ip-172-31-31-86 kernel: [    7.990346] iscsi: registered transport (tcp)
Oct 14 09:12:13 ip-172-31-31-86 kernel: [    8.063428] iscsi: registered transport (iser)
Oct 14 09:12:13 ip-172-31-31-86 kernel: [    8.955737] audit: type=1400 audit(1634202726.664:2): apparmor="STATUS" operation="profile_load" profile="unconfined" name="/usr/bin/lxc-start" pid=727 comm="apparmor_parser"
Oct 14 09:12:13 ip-172-31-31-86 kernel: [    9.024102] audit: type=1400 audit(1634202726.732:3): apparmor="STATUS" operation="profile_load" profile="unconfined" name="/usr/bin/man" pid=730 comm="apparmor_parser"
Oct 14 09:12:13 ip-172-31-31-86 kernel: [    9.024434] audit: type=1400 audit(1634202726.732:4): apparmor="STATUS" operation="profile_load" profile="unconfined" name="man_filter" pid=730 comm="apparmor_parser"
Oct 14 09:12:13 ip-172-31-31-86 kernel: [    9.024804] audit: type=1400 audit(1634202726.732:5): apparmor="STATUS" operation="profile_load" profile="unconfined" name="man_groff" pid=730 comm="apparmor_parser"
Oct 14 09:12:13 ip-172-31-31-86 kernel: [    9.048112] audit: type=1400 audit(1634202726.756:6): apparmor="STATUS" operation="profile_load" profile="unconfined" name="/usr/sbin/tcpdump" pid=729 comm="apparmor_parser"
Oct 14 09:12:13 ip-172-31-31-86 kernel: [    9.120554] audit: type=1400 audit(1634202726.828:7): apparmor="STATUS" operation="profile_load" profile="unconfined" name="/sbin/dhclient" pid=732 comm="apparmor_parser"
Oct 14 09:12:13 ip-172-31-31-86 kernel: [    9.120996] audit: type=1400 audit(1634202726.828:8): apparmor="STATUS" operation="profile_load" profile="unconfined" name="/usr/lib/NetworkManager/nm-dhcp-client.action" pid=732 comm="apparmor_parser"
Oct 14 09:12:13 ip-172-31-31-86 kernel: [    9.121404] audit: type=1400 audit(1634202726.828:9): apparmor="STATUS" operation="profile_load" profile="unconfined" name="/usr/lib/NetworkManager/nm-dhcp-helper" pid=732 comm="apparmor_parser"
Oct 14 09:12:13 ip-172-31-31-86 kernel: [    9.121806] audit: type=1400 audit(1634202726.828:10): apparmor="STATUS" operation="profile_load" profile="unconfined" name="/usr/lib/connman/scripts/dhclient-script" pid=732 comm="apparmor_parser"
Oct 14 09:12:13 ip-172-31-31-86 kernel: [    9.189102] audit: type=1400 audit(1634202726.896:11): apparmor="STATUS" operation="profile_load" profile="unconfined" name="/usr/lib/snapd/snap-confine" pid=733 comm="apparmor_parser"
Oct 14 09:12:13 ip-172-31-31-86 kernel: [   14.172046] EXT4-fs (xvda1): resizing filesystem from 2096891 to 34078459 blocks
Oct 14 09:12:13 ip-172-31-31-86 kernel: [   14.952140] EXT4-fs (xvda1): resized filesystem to 34078459
Oct 14 09:12:13 ip-172-31-31-86 systemd[1]: Started FUSE filesystem for LXC.
Oct 14 09:12:13 ip-172-31-31-86 cron[1053]: (CRON) INFO (pidfile fd = 3)
Oct 14 09:12:13 ip-172-31-31-86 systemd[1]: Started ACPI event daemon.
Oct 14 09:12:13 ip-172-31-31-86 systemd[1]: Starting Permit User Sessions...
Oct 14 09:12:13 ip-172-31-31-86 systemd[1]: Started Deferred execution scheduler.
Oct 14 09:12:13 ip-172-31-31-86 systemd[1]: Starting LSB: Record successful boot for GRUB...
Oct 14 09:12:13 ip-172-31-31-86 cron[1053]: (CRON) INFO (Running @reboot jobs)
Oct 14 09:12:13 ip-172-31-31-86 systemd[1]: Started irqbalance daemon.
Oct 14 09:12:13 ip-172-31-31-86 systemd[1]: Starting LXD - container startup/shutdown...
Oct 14 09:12:13 ip-172-31-31-86 systemd[1]: Started System Logging Service.
Oct 14 09:12:13 ip-172-31-31-86 acpid: starting up with netlink and the input layer
Oct 14 09:12:13 ip-172-31-31-86 systemd[1]: Started Permit User Sessions.
Oct 14 09:12:13 ip-172-31-31-86 acpid: 2 rules loaded
Oct 14 09:12:13 ip-172-31-31-86 acpid: waiting for events: event logging is off
Oct 14 09:12:13 ip-172-31-31-86 lxcfs[1086]: mount namespace: 5
Oct 14 09:12:13 ip-172-31-31-86 lxcfs[1086]: hierarchies:
Oct 14 09:12:13 ip-172-31-31-86 lxcfs[1086]:   0: fd:   6: perf_event
Oct 14 09:12:13 ip-172-31-31-86 lxcfs[1086]:   1: fd:   7: rdma
Oct 14 09:12:13 ip-172-31-31-86 lxcfs[1086]:   2: fd:   8: net_cls,net_prio
Oct 14 09:12:13 ip-172-31-31-86 lxcfs[1086]:   3: fd:   9: pids
Oct 14 09:12:13 ip-172-31-31-86 lxcfs[1086]:   4: fd:  10: cpuset
Oct 14 09:12:13 ip-172-31-31-86 lxcfs[1086]:   5: fd:  11: freezer
Oct 14 09:12:13 ip-172-31-31-86 lxcfs[1086]:   6: fd:  12: blkio
Oct 14 09:12:13 ip-172-31-31-86 lxcfs[1086]:   7: fd:  13: cpu,cpuacct
Oct 14 09:12:13 ip-172-31-31-86 lxcfs[1086]:   8: fd:  14: hugetlb
Oct 14 09:12:13 ip-172-31-31-86 lxcfs[1086]:   9: fd:  15: devices
Oct 14 09:12:13 ip-172-31-31-86 lxcfs[1086]:  10: fd:  16: memory
Oct 14 09:12:13 ip-172-31-31-86 lxcfs[1086]:  11: fd:  17: name=systemd
Oct 14 09:12:13 ip-172-31-31-86 lxcfs[1086]:  12: fd:  18: unified
Oct 14 09:12:13 ip-172-31-31-86 kernel: [   15.941911] new mount options do not match the existing superblock, will be ignored
Oct 14 09:12:13 ip-172-31-31-86 apport[1045]:  * Starting automatic crash report generation: apport
Oct 14 09:12:13 ip-172-31-31-86 systemd[1]: Started Login Service.
Oct 14 09:12:13 ip-172-31-31-86 grub-common[1120]:  * Recording successful boot for GRUB
Oct 14 09:12:13 ip-172-31-31-86 systemd[1]: Starting Authorization Manager...
Oct 14 09:12:13 ip-172-31-31-86 systemd[1]: Starting Hostname Service...
Oct 14 09:12:13 ip-172-31-31-86 systemd[1]: Started Unattended Upgrades Shutdown.
Oct 14 09:12:13 ip-172-31-31-86 apport[1045]:    ...done.
Oct 14 09:12:13 ip-172-31-31-86 systemd[1]: Starting Hold until boot process finishes up...
Oct 14 09:12:13 ip-172-31-31-86 systemd[1]: Starting Terminate Plymouth Boot Screen...
Oct 14 09:12:13 ip-172-31-31-86 systemd[1]: Started LSB: automatic crash report generation.
Oct 14 09:12:13 ip-172-31-31-86 systemd[1]: Started Hold until boot process finishes up.
Oct 14 09:12:13 ip-172-31-31-86 systemd[1]: Started Terminate Plymouth Boot Screen.
Oct 14 09:12:13 ip-172-31-31-86 systemd[1]: Started Serial Getty on ttyS0.
Oct 14 09:12:13 ip-172-31-31-86 systemd[1]: Starting Set console scheme...
Oct 14 09:12:13 ip-172-31-31-86 dbus-daemon[1015]: [system] Successfully activated service 'org.freedesktop.hostname1'
Oct 14 09:12:13 ip-172-31-31-86 systemd[1]: Started Hostname Service.
Oct 14 09:12:13 ip-172-31-31-86 systemd[1]: Started Set console scheme.
Oct 14 09:12:13 ip-172-31-31-86 systemd[1]: Created slice system-getty.slice.
Oct 14 09:12:13 ip-172-31-31-86 grub-common[1120]:    ...done.
Oct 14 09:12:13 ip-172-31-31-86 systemd[1]: Started Getty on tty1.
Oct 14 09:12:13 ip-172-31-31-86 systemd[1]: Reached target Login Prompts.
Oct 14 09:12:13 ip-172-31-31-86 systemd[1]: Started LSB: Record successful boot for GRUB.
Oct 14 09:12:13 ip-172-31-31-86 polkitd[1170]: started daemon version 0.105 using authority implementation `local' version `0.105'
Oct 14 09:12:13 ip-172-31-31-86 dbus-daemon[1015]: [system] Successfully activated service 'org.freedesktop.PolicyKit1'
Oct 14 09:12:13 ip-172-31-31-86 systemd[1]: Started Authorization Manager.
Oct 14 09:12:13 ip-172-31-31-86 accounts-daemon[1008]: started daemon version 0.6.45
Oct 14 09:12:13 ip-172-31-31-86 systemd[1]: Started Accounts Service.
Oct 14 09:12:13 ip-172-31-31-86 networkd-dispatcher[1076]: No valid path found for iwconfig
Oct 14 09:12:13 ip-172-31-31-86 networkd-dispatcher[1076]: No valid path found for iw
Oct 14 09:12:13 ip-172-31-31-86 systemd[1]: Started Dispatcher daemon for systemd-networkd.
Oct 14 09:12:14 ip-172-31-31-86 snapd[1068]: AppArmor status: apparmor is enabled and all features are available
Oct 14 09:12:14 ip-172-31-31-86 snapd[1068]: daemon.go:347: started snapd/2.48.3+18.04 (series 16; classic) ubuntu/18.04 (amd64) linux/5.4.0-1045-aws.
Oct 14 09:12:14 ip-172-31-31-86 snapd[1068]: daemon.go:440: adjusting startup timeout by 30s (pessimistic estimate of 30s plus 5s per snap)
Oct 14 09:12:14 ip-172-31-31-86 systemd[1]: Started LXD - container startup/shutdown.
Oct 14 09:12:14 ip-172-31-31-86 snapd[1068]: helpers.go:105: error trying to compare the snap system key: system-key missing on disk
Oct 14 09:12:14 ip-172-31-31-86 systemd[1]: Started Snap Daemon.
Oct 14 09:12:14 ip-172-31-31-86 systemd[1]: Starting Wait until snapd is fully seeded...
Oct 14 09:12:14 ip-172-31-31-86 pollinate[1007]: client verified challenge/response with [https://entropy.ubuntu.com/]
Oct 14 09:12:14 ip-172-31-31-86 pollinate[1007]: client hashed response from [https://entropy.ubuntu.com/]
Oct 14 09:12:14 ip-172-31-31-86 pollinate[1007]: client successfully seeded [/dev/urandom]
Oct 14 09:12:14 ip-172-31-31-86 systemd[1]: Started Pollinate to seed the pseudo random number generator.
Oct 14 09:12:14 ip-172-31-31-86 systemd[1]: Starting OpenBSD Secure Shell server...
Oct 14 09:12:14 ip-172-31-31-86 systemd[1]: Started OpenBSD Secure Shell server.
Oct 14 09:12:17 ip-172-31-31-86 systemd[1]: Reloading.
Oct 14 09:12:18 ip-172-31-31-86 systemd[1]: Reloading.
Oct 14 09:12:18 ip-172-31-31-86 systemd[1]: Mounting Mount unit for snapd, revision 11588...
Oct 14 09:12:18 ip-172-31-31-86 systemd[1]: Mounted Mount unit for snapd, revision 11588.
Oct 14 09:12:18 ip-172-31-31-86 kernel: [   21.160505] kauditd_printk_skb: 5 callbacks suppressed
Oct 14 09:12:18 ip-172-31-31-86 kernel: [   21.160506] audit: type=1400 audit(1634202738.868:17): apparmor="STATUS" operation="profile_load" profile="unconfined" name="/snap/snapd/11588/usr/lib/snapd/snap-confine" pid=1726 comm="apparmor_parser"
Oct 14 09:12:18 ip-172-31-31-86 kernel: [   21.160704] audit: type=1400 audit(1634202738.868:18): apparmor="STATUS" operation="profile_load" profile="unconfined" name="/snap/snapd/11588/usr/lib/snapd/snap-confine//mount-namespace-capture-helper" pid=1726 comm="apparmor_parser"
Oct 14 09:12:19 ip-172-31-31-86 snapd[1068]: daemon.go:589: gracefully waiting for running hooks
Oct 14 09:12:19 ip-172-31-31-86 snapd[1068]: daemon.go:591: done waiting for running hooks
Oct 14 09:12:20 ip-172-31-31-86 systemd[1]: snapd.service: Service hold-off time over, scheduling restart.
Oct 14 09:12:20 ip-172-31-31-86 systemd[1]: snapd.service: Scheduled restart job, restart counter is at 1.
Oct 14 09:12:20 ip-172-31-31-86 systemd[1]: Stopped Snap Daemon.
Oct 14 09:12:20 ip-172-31-31-86 systemd[1]: Starting Snap Daemon...
Oct 14 09:12:20 ip-172-31-31-86 snapd[1760]: AppArmor status: apparmor is enabled and all features are available
Oct 14 09:12:20 ip-172-31-31-86 snapd[1760]: AppArmor status: apparmor is enabled and all features are available
Oct 14 09:12:20 ip-172-31-31-86 snapd[1760]: patch.go:64: Patching system state level 6 to sublevel 1...
Oct 14 09:12:20 ip-172-31-31-86 snapd[1760]: patch.go:64: Patching system state level 6 to sublevel 2...
Oct 14 09:12:20 ip-172-31-31-86 snapd[1760]: patch.go:64: Patching system state level 6 to sublevel 3...
Oct 14 09:12:20 ip-172-31-31-86 snapd[1760]: daemon.go:347: started snapd/2.49.2 (series 16; classic) ubuntu/18.04 (amd64) linux/5.4.0-1045-aws.
Oct 14 09:12:20 ip-172-31-31-86 snapd[1760]: daemon.go:440: adjusting startup timeout by 35s (pessimistic estimate of 30s plus 5s per snap)
Oct 14 09:12:20 ip-172-31-31-86 kernel: [   23.086764] audit: type=1400 audit(1634202740.792:19): apparmor="STATUS" operation="profile_replace" profile="unconfined" name="/snap/snapd/11588/usr/lib/snapd/snap-confine" pid=1832 comm="apparmor_parser"
Oct 14 09:12:20 ip-172-31-31-86 kernel: [   23.111743] audit: type=1400 audit(1634202740.816:20): apparmor="STATUS" operation="profile_replace" profile="unconfined" name="/snap/snapd/11588/usr/lib/snapd/snap-confine//mount-namespace-capture-helper" pid=1832 comm="apparmor_parser"
Oct 14 09:12:20 ip-172-31-31-86 systemd[1]: Started Snap Daemon.
Oct 14 09:12:21 ip-172-31-31-86 systemd[1]: Reloading.
Oct 14 09:12:21 ip-172-31-31-86 systemd[1]: Reloading.
Oct 14 09:12:21 ip-172-31-31-86 systemd[1]: Mounting Mount unit for core18, revision 1997...
Oct 14 09:12:21 ip-172-31-31-86 systemd[1]: Mounted Mount unit for core18, revision 1997.
Oct 14 09:12:22 ip-172-31-31-86 systemd[1]: Reloading.
Oct 14 09:12:22 ip-172-31-31-86 systemd[1]: Reloading.
Oct 14 09:12:22 ip-172-31-31-86 systemd[1]: Mounting Mount unit for amazon-ssm-agent, revision 3552...
Oct 14 09:12:22 ip-172-31-31-86 systemd[1]: Mounted Mount unit for amazon-ssm-agent, revision 3552.
Oct 14 09:12:22 ip-172-31-31-86 kernel: [   24.796074] audit: type=1400 audit(1634202742.504:21): apparmor="STATUS" operation="profile_load" profile="unconfined" name="snap.amazon-ssm-agent.amazon-ssm-agent" pid=2148 comm="apparmor_parser"
Oct 14 09:12:22 ip-172-31-31-86 kernel: [   24.796098] audit: type=1400 audit(1634202742.504:22): apparmor="STATUS" operation="profile_load" profile="unconfined" name="snap.amazon-ssm-agent.ssm-cli" pid=2149 comm="apparmor_parser"
Oct 14 09:12:22 ip-172-31-31-86 kernel: [   24.802940] audit: type=1400 audit(1634202742.508:23): apparmor="STATUS" operation="profile_load" profile="unconfined" name="snap-update-ns.amazon-ssm-agent" pid=2147 comm="apparmor_parser"
Oct 14 09:12:22 ip-172-31-31-86 systemd[1]: Reloading.
Oct 14 09:12:22 ip-172-31-31-86 systemd[1]: Reloading.
Oct 14 09:12:22 ip-172-31-31-86 systemd[1]: Started Service for snap application amazon-ssm-agent.amazon-ssm-agent.
Oct 14 09:12:23 ip-172-31-31-86 amazon-ssm-agent.amazon-ssm-agent[2212]: Error occurred fetching the seelog config file path:  open /etc/amazon/ssm/seelog.xml: no such file or directory
Oct 14 09:12:23 ip-172-31-31-86 amazon-ssm-agent.amazon-ssm-agent[2212]: Initializing new seelog logger
Oct 14 09:12:23 ip-172-31-31-86 amazon-ssm-agent.amazon-ssm-agent[2212]: New Seelog Logger Creation Complete
Oct 14 09:12:23 ip-172-31-31-86 amazon-ssm-agent.amazon-ssm-agent[2212]: 2021-10-14 09:12:23 WARN Error adding the directory '/etc/amazon/ssm' to watcher: no such file or directory
Oct 14 09:12:24 ip-172-31-31-86 amazon-ssm-agent.amazon-ssm-agent[2212]: 2021-10-14 09:12:23 INFO [amazon-ssm-agent] amazon-ssm-agent - v3.0.529.0
Oct 14 09:12:24 ip-172-31-31-86 amazon-ssm-agent.amazon-ssm-agent[2212]: 2021-10-14 09:12:23 INFO [amazon-ssm-agent] OS: linux, Arch: amd64
Oct 14 09:12:24 ip-172-31-31-86 systemd[1]: Started Wait until snapd is fully seeded.
Oct 14 09:12:24 ip-172-31-31-86 systemd[1]: Starting Apply the settings specified in cloud-config...
Oct 14 09:12:24 ip-172-31-31-86 amazon-ssm-agent.amazon-ssm-agent[2212]: 2021-10-14 09:12:24 INFO [amazon-ssm-agent] [LongRunningWorkerContainer] [WorkerProvider] Worker ssm-agent-worker is not running, starting worker process
Oct 14 09:12:24 ip-172-31-31-86 amazon-ssm-agent.amazon-ssm-agent[2212]: 2021-10-14 09:12:24 INFO [amazon-ssm-agent] [LongRunningWorkerContainer] [WorkerProvider] Worker ssm-agent-worker (pid:2303) started
Oct 14 09:12:25 ip-172-31-31-86 amazon-ssm-agent.amazon-ssm-agent[2212]: 2021-10-14 09:12:24 INFO [amazon-ssm-agent] [LongRunningWorkerContainer] Monitor long running worker health every 60 seconds
Oct 14 09:12:25 ip-172-31-31-86 cloud-init[2263]: Cloud-init v. 21.1-19-gbad84ad4-0ubuntu1~18.04.1 running 'modules:config' at Thu, 14 Oct 2021 09:12:24 +0000. Up 26.13 seconds.
Oct 14 09:12:25 ip-172-31-31-86 systemd[1]: Started Apply the settings specified in cloud-config.
Oct 14 09:12:25 ip-172-31-31-86 systemd[1]: Starting EC2 instance hibernation setup agent...
Oct 14 09:12:25 ip-172-31-31-86 /hibinit-agent: Instance Launch has not enabled Hibernation Configured Flag. hibinit-agent exiting!!
Oct 14 09:12:25 ip-172-31-31-86 hibinit-agent[2318]: Instance Launch has not enabled Hibernation Configured Flag. hibinit-agent exiting!!
Oct 14 09:12:25 ip-172-31-31-86 systemd[1]: Started EC2 instance hibernation setup agent.
Oct 14 09:12:25 ip-172-31-31-86 systemd[1]: Reached target Multi-User System.
Oct 14 09:12:25 ip-172-31-31-86 systemd[1]: Starting Execute cloud user/final scripts...
Oct 14 09:12:25 ip-172-31-31-86 systemd[1]: Reached target Graphical Interface.
Oct 14 09:12:25 ip-172-31-31-86 systemd[1]: Starting Update UTMP about System Runlevel Changes...
Oct 14 09:12:25 ip-172-31-31-86 systemd[1]: Started Update UTMP about System Runlevel Changes.
Oct 14 09:12:26 ip-172-31-31-86 ec2: 
Oct 14 09:12:26 ip-172-31-31-86 ec2: #############################################################
Oct 14 09:12:26 ip-172-31-31-86 ec2: -----BEGIN SSH HOST KEY FINGERPRINTS-----
Oct 14 09:12:26 ip-172-31-31-86 ec2: 1024 SHA256:Ua/W2t5/XzRtFPTt+78B7dnI1225on3dOqZUOku59jw root@ip-172-31-31-86 (DSA)
Oct 14 09:12:26 ip-172-31-31-86 ec2: 256 SHA256:MTKs1dBSuDSv3VIklHl/uLfnn4wCt/CSFzZLELBPtXk root@ip-172-31-31-86 (ECDSA)
Oct 14 09:12:26 ip-172-31-31-86 ec2: 256 SHA256:fcCM1ALXyjJX4BmpALn9dRrAz+VFSDIDmsTDlOVFIo4 root@ip-172-31-31-86 (ED25519)
Oct 14 09:12:26 ip-172-31-31-86 ec2: 2048 SHA256:h/qxMpGyVS/4rlUhLDBNeZtC2FENeA4PwdWkNj6L+6o root@ip-172-31-31-86 (RSA)
Oct 14 09:12:26 ip-172-31-31-86 ec2: -----END SSH HOST KEY FINGERPRINTS-----
Oct 14 09:12:26 ip-172-31-31-86 ec2: #############################################################
Oct 14 09:12:26 ip-172-31-31-86 cloud-init[2336]: Cloud-init v. 21.1-19-gbad84ad4-0ubuntu1~18.04.1 running 'modules:final' at Thu, 14 Oct 2021 09:12:26 +0000. Up 27.47 seconds.
Oct 14 09:12:26 ip-172-31-31-86 cloud-init[2336]: Cloud-init v. 21.1-19-gbad84ad4-0ubuntu1~18.04.1 finished at Thu, 14 Oct 2021 09:12:26 +0000. Datasource DataSourceEc2Local.  Up 27.66 seconds
Oct 14 09:12:26 ip-172-31-31-86 systemd[1]: Started Execute cloud user/final scripts.
Oct 14 09:12:26 ip-172-31-31-86 systemd[1]: Reached target Cloud-init target.
Oct 14 09:12:26 ip-172-31-31-86 systemd[1]: Startup finished in 6.187s (kernel) + 21.528s (userspace) = 27.716s.
Oct 14 09:12:41 ip-172-31-31-86 systemd-timesyncd[619]: Synchronized to time server 91.189.94.4:123 (ntp.ubuntu.com).
Oct 14 09:17:01 ip-172-31-31-86 CRON[2445]: (root) CMD (   cd / && run-parts --report /etc/cron.hourly)
Oct 14 09:27:48 ip-172-31-31-86 systemd-modules-load[459]: Inserted module 'iscsi_tcp'
Oct 14 09:27:48 ip-172-31-31-86 kernel: [    0.000000] Linux version 5.4.0-1045-aws (buildd@lgw01-amd64-003) (gcc version 7.5.0 (Ubuntu 7.5.0-3ubuntu1~18.04)) #47~18.04.1-Ubuntu SMP Tue Apr 13 15:58:14 UTC 2021 (Ubuntu 5.4.0-1045.47~18.04.1-aws 5.4.101)
Oct 14 09:27:48 ip-172-31-31-86 keyboard-setup.sh[463]: cannot open file /run/tmpkbd.1f9MVw
Oct 14 09:27:48 ip-172-31-31-86 kernel: [    0.000000] Command line: BOOT_IMAGE=/boot/vmlinuz-5.4.0-1045-aws root=LABEL=cloudimg-rootfs ro console=tty1 console=ttyS0 nvme_core.io_timeout=4294967295
Oct 14 09:27:48 ip-172-31-31-86 kernel: [    0.000000] KERNEL supported cpus:
Oct 14 09:27:48 ip-172-31-31-86 systemd[1]: Starting Flush Journal to Persistent Storage...
Oct 14 09:27:48 ip-172-31-31-86 kernel: [    0.000000]   Intel GenuineIntel
Oct 14 09:27:48 ip-172-31-31-86 systemd[1]: Started udev Coldplug all Devices.
Oct 14 09:27:48 ip-172-31-31-86 kernel: [    0.000000]   AMD AuthenticAMD
Oct 14 09:27:48 ip-172-31-31-86 kernel: [    0.000000]   Hygon HygonGenuine
Oct 14 09:27:48 ip-172-31-31-86 kernel: [    0.000000]   Centaur CentaurHauls
Oct 14 09:27:48 ip-172-31-31-86 kernel: [    0.000000]   zhaoxin   Shanghai  
Oct 14 09:27:48 ip-172-31-31-86 kernel: [    0.000000] x86/fpu: Supporting XSAVE feature 0x001: 'x87 floating point registers'
Oct 14 09:27:48 ip-172-31-31-86 kernel: [    0.000000] x86/fpu: Supporting XSAVE feature 0x002: 'SSE registers'
Oct 14 09:27:48 ip-172-31-31-86 systemd[1]: Started Monitoring of LVM2 mirrors, snapshots etc. using dmeventd or progress polling.
Oct 14 09:27:48 ip-172-31-31-86 kernel: [    0.000000] x86/fpu: Supporting XSAVE feature 0x004: 'AVX registers'
Oct 14 09:27:48 ip-172-31-31-86 systemd-modules-load[459]: Inserted module 'ib_iser'
Oct 14 09:27:48 ip-172-31-31-86 kernel: [    0.000000] x86/fpu: xstate_offset[2]:  576, xstate_sizes[2]:  256
Oct 14 09:27:48 ip-172-31-31-86 kernel: [    0.000000] x86/fpu: Enabled xstate features 0x7, context size is 832 bytes, using 'standard' format.
Oct 14 09:27:48 ip-172-31-31-86 kernel: [    0.000000] BIOS-provided physical RAM map:
Oct 14 09:27:48 ip-172-31-31-86 systemd[1]: Started Load Kernel Modules.
Oct 14 09:27:48 ip-172-31-31-86 kernel: [    0.000000] BIOS-e820: [mem 0x0000000000000000-0x000000000009dfff] usable
Oct 14 09:27:48 ip-172-31-31-86 kernel: [    0.000000] BIOS-e820: [mem 0x000000000009e000-0x000000000009ffff] reserved
Oct 14 09:27:48 ip-172-31-31-86 kernel: [    0.000000] BIOS-e820: [mem 0x00000000000e0000-0x00000000000fffff] reserved
Oct 14 09:27:48 ip-172-31-31-86 systemd[1]: Started Create Static Device Nodes in /dev.
Oct 14 09:27:48 ip-172-31-31-86 kernel: [    0.000000] BIOS-e820: [mem 0x0000000000100000-0x00000000efffffff] usable
Oct 14 09:27:48 ip-172-31-31-86 systemd[1]: Starting udev Kernel Device Manager...
Oct 14 09:27:48 ip-172-31-31-86 kernel: [    0.000000] BIOS-e820: [mem 0x00000000fc000000-0x00000000ffffffff] reserved
Oct 14 09:27:48 ip-172-31-31-86 kernel: [    0.000000] BIOS-e820: [mem 0x0000000100000000-0x000000080fffffff] usable
Oct 14 09:27:48 ip-172-31-31-86 kernel: [    0.000000] NX (Execute Disable) protection: active
Oct 14 09:27:48 ip-172-31-31-86 kernel: [    0.000000] SMBIOS 2.7 present.
Oct 14 09:27:48 ip-172-31-31-86 systemd[1]: Mounting Kernel Configuration File System...
Oct 14 09:27:48 ip-172-31-31-86 kernel: [    0.000000] DMI: Xen HVM domU, BIOS 4.2.amazon 08/24/2006
Oct 14 09:27:48 ip-172-31-31-86 kernel: [    0.000000] Hypervisor detected: Xen HVM
Oct 14 09:27:48 ip-172-31-31-86 systemd[1]: Starting Apply Kernel Variables...
Oct 14 09:27:48 ip-172-31-31-86 kernel: [    0.000000] Xen version 4.2.
Oct 14 09:27:48 ip-172-31-31-86 kernel: [    0.000000] Xen Platform PCI: I/O protocol version 1
Oct 14 09:27:48 ip-172-31-31-86 kernel: [    0.000000] Netfront and the Xen platform PCI driver have been compiled for this kernel: unplug emulated NICs.
Oct 14 09:27:48 ip-172-31-31-86 kernel: [    0.000000] Blkfront and the Xen platform PCI driver have been compiled for this kernel: unplug emulated disks.
Oct 14 09:27:48 ip-172-31-31-86 systemd[1]: Mounting FUSE Control File System...
Oct 14 09:27:48 ip-172-31-31-86 kernel: [    0.000000] You might have to change the root device
Oct 14 09:27:48 ip-172-31-31-86 kernel: [    0.000000] from /dev/hd[a-d] to /dev/xvd[a-d]
Oct 14 09:27:48 ip-172-31-31-86 systemd[1]: Mounted Kernel Configuration File System.
Oct 14 09:27:48 ip-172-31-31-86 kernel: [    0.000000] in your root= kernel command line option
Oct 14 09:27:48 ip-172-31-31-86 kernel: [    0.000002] HVMOP_pagetable_dying not supported
Oct 14 09:27:48 ip-172-31-31-86 systemd[1]: Mounted FUSE Control File System.
Oct 14 09:27:48 ip-172-31-31-86 kernel: [    0.015247] tsc: Fast TSC calibration using PIT
Oct 14 09:27:48 ip-172-31-31-86 kernel: [    0.015249] tsc: Detected 2294.799 MHz processor
Oct 14 09:27:48 ip-172-31-31-86 kernel: [    0.015249] tsc: Detected 2294.728 MHz TSC
Oct 14 09:27:48 ip-172-31-31-86 systemd[1]: Started Apply Kernel Variables.
Oct 14 09:27:48 ip-172-31-31-86 kernel: [    0.016274] e820: update [mem 0x00000000-0x00000fff] usable ==> reserved
