Oct 13 07:04:48 ip-172-31-28-218 systemd-modules-load[456]: Inserted module 'iscsi_tcp'
Oct 13 07:04:48 ip-172-31-28-218 keyboard-setup.sh[459]: cannot open file /run/tmpkbd.1f9MVw
Oct 13 07:04:48 ip-172-31-28-218 systemd[1]: Mounted POSIX Message Queue File System.
Oct 13 07:04:48 ip-172-31-28-218 systemd[1]: Started Remount Root and Kernel File Systems.
Oct 13 07:04:48 ip-172-31-28-218 systemd[1]: Starting Load/Save Random Seed...
Oct 13 07:04:48 ip-172-31-28-218 systemd[1]: Starting Flush Journal to Persistent Storage...
Oct 13 07:04:48 ip-172-31-28-218 systemd[1]: Starting Create Static Device Nodes in /dev...
Oct 13 07:04:48 ip-172-31-28-218 systemd[1]: Started Load/Save Random Seed.
Oct 13 07:04:48 ip-172-31-28-218 systemd-modules-load[456]: Inserted module 'ib_iser'
Oct 13 07:04:48 ip-172-31-28-218 systemd[1]: Started Load Kernel Modules.
Oct 13 07:04:48 ip-172-31-28-218 systemd[1]: Started LVM2 metadata daemon.
Oct 13 07:04:48 ip-172-31-28-218 systemd[1]: Mounting Kernel Configuration File System...
Oct 13 07:04:48 ip-172-31-28-218 systemd[1]: Starting Apply Kernel Variables...
Oct 13 07:04:48 ip-172-31-28-218 systemd[1]: Mounting FUSE Control File System...
Oct 13 07:04:48 ip-172-31-28-218 systemd[1]: Started Monitoring of LVM2 mirrors, snapshots etc. using dmeventd or progress polling.
Oct 13 07:04:48 ip-172-31-28-218 systemd[1]: Started udev Coldplug all Devices.
Oct 13 07:04:48 ip-172-31-28-218 systemd[1]: Started Create Static Device Nodes in /dev.
Oct 13 07:04:48 ip-172-31-28-218 systemd[1]: Mounted Kernel Configuration File System.
Oct 13 07:04:48 ip-172-31-28-218 systemd[1]: Mounted FUSE Control File System.
Oct 13 07:04:48 ip-172-31-28-218 systemd[1]: Starting udev Kernel Device Manager...
Oct 13 07:04:48 ip-172-31-28-218 systemd[1]: Started Apply Kernel Variables.
Oct 13 07:04:48 ip-172-31-28-218 systemd[1]: Started Flush Journal to Persistent Storage.
Oct 13 07:04:48 ip-172-31-28-218 systemd[1]: Started udev Kernel Device Manager.
Oct 13 07:04:48 ip-172-31-28-218 systemd[1]: Found device /dev/ttyS0.
Oct 13 07:04:48 ip-172-31-28-218 systemd[1]: Listening on Load/Save RF Kill Switch Status /dev/rfkill Watch.
Oct 13 07:04:48 ip-172-31-28-218 systemd-udevd[531]: link_config: autonegotiation is unset or enabled, the speed and duplex are not writable.
Oct 13 07:04:48 ip-172-31-28-218 systemd-udevd[524]: link_config: autonegotiation is unset or enabled, the speed and duplex are not writable.
Oct 13 07:04:48 ip-172-31-28-218 systemd[1]: Started Set the console keyboard layout.
Oct 13 07:04:48 ip-172-31-28-218 systemd[1]: Started Dispatch Password Requests to Console Directory Watch.
Oct 13 07:04:48 ip-172-31-28-218 kernel: [    0.000000] Linux version 5.4.0-1045-aws (buildd@lgw01-amd64-003) (gcc version 7.5.0 (Ubuntu 7.5.0-3ubuntu1~18.04)) #47~18.04.1-Ubuntu SMP Tue Apr 13 15:58:14 UTC 2021 (Ubuntu 5.4.0-1045.47~18.04.1-aws 5.4.101)
Oct 13 07:04:48 ip-172-31-28-218 kernel: [    0.000000] Command line: BOOT_IMAGE=/boot/vmlinuz-5.4.0-1045-aws root=LABEL=cloudimg-rootfs ro console=tty1 console=ttyS0 nvme_core.io_timeout=4294967295
Oct 13 07:04:48 ip-172-31-28-218 kernel: [    0.000000] KERNEL supported cpus:
Oct 13 07:04:48 ip-172-31-28-218 kernel: [    0.000000]   Intel GenuineIntel
Oct 13 07:04:48 ip-172-31-28-218 kernel: [    0.000000]   AMD AuthenticAMD
Oct 13 07:04:48 ip-172-31-28-218 kernel: [    0.000000]   Hygon HygonGenuine
Oct 13 07:04:48 ip-172-31-28-218 kernel: [    0.000000]   Centaur CentaurHauls
Oct 13 07:04:48 ip-172-31-28-218 kernel: [    0.000000]   zhaoxin   Shanghai  
Oct 13 07:04:48 ip-172-31-28-218 kernel: [    0.000000] x86/fpu: Supporting XSAVE feature 0x001: 'x87 floating point registers'
Oct 13 07:04:48 ip-172-31-28-218 kernel: [    0.000000] x86/fpu: Supporting XSAVE feature 0x002: 'SSE registers'
Oct 13 07:04:48 ip-172-31-28-218 kernel: [    0.000000] x86/fpu: Supporting XSAVE feature 0x004: 'AVX registers'
Oct 13 07:04:48 ip-172-31-28-218 kernel: [    0.000000] x86/fpu: xstate_offset[2]:  576, xstate_sizes[2]:  256
Oct 13 07:04:48 ip-172-31-28-218 kernel: [    0.000000] x86/fpu: Enabled xstate features 0x7, context size is 832 bytes, using 'standard' format.
Oct 13 07:04:48 ip-172-31-28-218 kernel: [    0.000000] BIOS-provided physical RAM map:
Oct 13 07:04:48 ip-172-31-28-218 kernel: [    0.000000] BIOS-e820: [mem 0x0000000000000000-0x000000000009dfff] usable
Oct 13 07:04:48 ip-172-31-28-218 kernel: [    0.000000] BIOS-e820: [mem 0x000000000009e000-0x000000000009ffff] reserved
Oct 13 07:04:48 ip-172-31-28-218 kernel: [    0.000000] BIOS-e820: [mem 0x00000000000e0000-0x00000000000fffff] reserved
Oct 13 07:04:48 ip-172-31-28-218 kernel: [    0.000000] BIOS-e820: [mem 0x0000000000100000-0x00000000efffffff] usable
Oct 13 07:04:48 ip-172-31-28-218 kernel: [    0.000000] BIOS-e820: [mem 0x00000000fc000000-0x00000000ffffffff] reserved
Oct 13 07:04:48 ip-172-31-28-218 kernel: [    0.000000] BIOS-e820: [mem 0x0000000100000000-0x000000080fffffff] usable
Oct 13 07:04:48 ip-172-31-28-218 kernel: [    0.000000] NX (Execute Disable) protection: active
Oct 13 07:04:48 ip-172-31-28-218 kernel: [    0.000000] SMBIOS 2.7 present.
Oct 13 07:04:48 ip-172-31-28-218 kernel: [    0.000000] DMI: Xen HVM domU, BIOS 4.2.amazon 08/24/2006
Oct 13 07:04:48 ip-172-31-28-218 systemd[1]: Reached target Local Encrypted Volumes.
Oct 13 07:04:48 ip-172-31-28-218 kernel: [    0.000000] Hypervisor detected: Xen HVM
Oct 13 07:04:48 ip-172-31-28-218 systemd[1]: Reached target Local File Systems (Pre).
Oct 13 07:04:48 ip-172-31-28-218 kernel: [    0.000000] Xen version 4.2.
Oct 13 07:04:48 ip-172-31-28-218 systemd[1]: Reached target Local File Systems.
Oct 13 07:04:48 ip-172-31-28-218 kernel: [    0.000000] Xen Platform PCI: I/O protocol version 1
Oct 13 07:04:48 ip-172-31-28-218 kernel: [    0.000000] Netfront and the Xen platform PCI driver have been compiled for this kernel: unplug emulated NICs.
Oct 13 07:04:48 ip-172-31-28-218 kernel: [    0.000000] Blkfront and the Xen platform PCI driver have been compiled for this kernel: unplug emulated disks.
Oct 13 07:04:48 ip-172-31-28-218 kernel: [    0.000000] You might have to change the root device
Oct 13 07:04:48 ip-172-31-28-218 kernel: [    0.000000] from /dev/hd[a-d] to /dev/xvd[a-d]
Oct 13 07:04:48 ip-172-31-28-218 kernel: [    0.000000] in your root= kernel command line option
Oct 13 07:04:48 ip-172-31-28-218 kernel: [    0.000002] HVMOP_pagetable_dying not supported
Oct 13 07:04:48 ip-172-31-28-218 kernel: [    0.015032] tsc: Fast TSC calibration using PIT
Oct 13 07:04:48 ip-172-31-28-218 kernel: [    0.015035] tsc: Detected 2299.979 MHz processor
Oct 13 07:04:48 ip-172-31-28-218 kernel: [    0.015035] tsc: Detected 2300.048 MHz TSC
Oct 13 07:04:48 ip-172-31-28-218 kernel: [    0.016055] e820: update [mem 0x00000000-0x00000fff] usable ==> reserved
Oct 13 07:04:48 ip-172-31-28-218 kernel: [    0.016057] e820: remove [mem 0x000a0000-0x000fffff] usable
Oct 13 07:04:48 ip-172-31-28-218 kernel: [    0.016061] last_pfn = 0x810000 max_arch_pfn = 0x400000000
Oct 13 07:04:48 ip-172-31-28-218 kernel: [    0.016087] MTRR default type: write-back
Oct 13 07:04:48 ip-172-31-28-218 kernel: [    0.016088] MTRR fixed ranges enabled:
Oct 13 07:04:48 ip-172-31-28-218 kernel: [    0.016089]   00000-9FFFF write-back
Oct 13 07:04:48 ip-172-31-28-218 kernel: [    0.016090]   A0000-BFFFF write-combining
Oct 13 07:04:48 ip-172-31-28-218 kernel: [    0.016090]   C0000-FFFFF write-back
Oct 13 07:04:48 ip-172-31-28-218 kernel: [    0.016091] MTRR variable ranges enabled:
Oct 13 07:04:48 ip-172-31-28-218 kernel: [    0.016092]   0 base 0000F0000000 mask 3FFFF8000000 uncachable
Oct 13 07:04:48 ip-172-31-28-218 kernel: [    0.016093]   1 base 0000F8000000 mask 3FFFFC000000 uncachable
Oct 13 07:04:48 ip-172-31-28-218 kernel: [    0.016094]   2 disabled
Oct 13 07:04:48 ip-172-31-28-218 kernel: [    0.016094]   3 disabled
Oct 13 07:04:48 ip-172-31-28-218 kernel: [    0.016095]   4 disabled
Oct 13 07:04:48 ip-172-31-28-218 kernel: [    0.016095]   5 disabled
Oct 13 07:04:48 ip-172-31-28-218 kernel: [    0.016096]   6 disabled
Oct 13 07:04:48 ip-172-31-28-218 kernel: [    0.016096]   7 disabled
Oct 13 07:04:48 ip-172-31-28-218 systemd[1]: Starting ebtables ruleset management...
Oct 13 07:04:48 ip-172-31-28-218 kernel: [    0.016105] x86/PAT: Configuration [0-7]: WB  WC  UC- UC  WB  WP  UC- WT  
Oct 13 07:04:48 ip-172-31-28-218 kernel: [    0.016113] last_pfn = 0xf0000 max_arch_pfn = 0x400000000
Oct 13 07:04:48 ip-172-31-28-218 kernel: [    0.023159] found SMP MP-table at [mem 0x000fbc50-0x000fbc5f]
Oct 13 07:04:48 ip-172-31-28-218 kernel: [    0.023237] check: Scanning 1 areas for low memory corruption
Oct 13 07:04:48 ip-172-31-28-218 kernel: [    0.023312] Using GB pages for direct mapping
Oct 13 07:04:48 ip-172-31-28-218 systemd[1]: Starting Set console font and keymap...
Oct 13 07:04:48 ip-172-31-28-218 kernel: [    0.023490] RAMDISK: [mem 0x356c9000-0x36b5bfff]
Oct 13 07:04:48 ip-172-31-28-218 kernel: [    0.023556] ACPI: Early table checksum verification disabled
Oct 13 07:04:48 ip-172-31-28-218 kernel: [    0.023561] ACPI: RSDP 0x00000000000EA020 000024 (v02 Xen   )
Oct 13 07:04:48 ip-172-31-28-218 kernel: [    0.023566] ACPI: XSDT 0x00000000FC00E2A0 000054 (v01 Xen    HVM      00000000 HVML 00000000)
Oct 13 07:04:48 ip-172-31-28-218 kernel: [    0.023571] ACPI: FACP 0x00000000FC00DF60 0000F4 (v04 Xen    HVM      00000000 HVML 00000000)
Oct 13 07:04:48 ip-172-31-28-218 kernel: [    0.023576] ACPI: DSDT 0x00000000FC0021C0 00BD19 (v02 Xen    HVM      00000000 INTL 20090123)
Oct 13 07:04:48 ip-172-31-28-218 systemd[1]: Starting Commit a transient machine-id on disk...
Oct 13 07:04:48 ip-172-31-28-218 systemd[1]: Starting AppArmor initialization...
Oct 13 07:04:48 ip-172-31-28-218 systemd[1]: Starting Tell Plymouth To Write Out Runtime Data...
Oct 13 07:04:48 ip-172-31-28-218 kernel: [    0.023579] ACPI: FACS 0x00000000FC002180 000040
Oct 13 07:04:48 ip-172-31-28-218 systemd[1]: Starting Create Volatile Files and Directories...
Oct 13 07:04:48 ip-172-31-28-218 kernel: [    0.023583] ACPI: FACS 0x00000000FC002180 000040
Oct 13 07:04:48 ip-172-31-28-218 systemd[1]: Started Set console font and keymap.
Oct 13 07:04:48 ip-172-31-28-218 systemd[1]: Started Commit a transient machine-id on disk.
Oct 13 07:04:48 ip-172-31-28-218 systemd[1]: Started Create Volatile Files and Directories.
Oct 13 07:04:48 ip-172-31-28-218 systemd[1]: Starting Network Time Synchronization...
Oct 13 07:04:48 ip-172-31-28-218 kernel: [    0.023585] ACPI: APIC 0x00000000FC00E060 0000D8 (v02 Xen    HVM      00000000 HVML 00000000)
Oct 13 07:04:48 ip-172-31-28-218 kernel: [    0.023588] ACPI: HPET 0x00000000FC00E1B0 000038 (v01 Xen    HVM      00000000 HVML 00000000)
Oct 13 07:04:48 ip-172-31-28-218 systemd[1]: Starting Update UTMP about System Boot/Shutdown...
Oct 13 07:04:48 ip-172-31-28-218 kernel: [    0.023590] ACPI: WAET 0x00000000FC00E1F0 000028 (v01 Xen    HVM      00000000 HVML 00000000)
Oct 13 07:04:48 ip-172-31-28-218 kernel: [    0.023592] ACPI: SSDT 0x00000000FC00E220 000031 (v02 Xen    HVM      00000000 INTL 20090123)
Oct 13 07:04:48 ip-172-31-28-218 kernel: [    0.023595] ACPI: SSDT 0x00000000FC00E260 000033 (v02 Xen    HVM      00000000 INTL 20090123)
Oct 13 07:04:48 ip-172-31-28-218 systemd[1]: Started Tell Plymouth To Write Out Runtime Data.
Oct 13 07:04:48 ip-172-31-28-218 systemd[1]: Started ebtables ruleset management.
Oct 13 07:04:48 ip-172-31-28-218 apparmor[596]:  * Starting AppArmor profiles
Oct 13 07:04:48 ip-172-31-28-218 systemd[1]: Started Update UTMP about System Boot/Shutdown.
Oct 13 07:04:48 ip-172-31-28-218 kernel: [    0.023602] ACPI: Local APIC address 0xfee00000
Oct 13 07:04:48 ip-172-31-28-218 systemd[1]: Started Network Time Synchronization.
Oct 13 07:04:48 ip-172-31-28-218 kernel: [    0.025140] No NUMA configuration found
Oct 13 07:04:48 ip-172-31-28-218 systemd[1]: Reached target System Time Synchronized.
Oct 13 07:04:48 ip-172-31-28-218 kernel: [    0.025142] Faking a node at [mem 0x0000000000000000-0x000000080fffffff]
Oct 13 07:04:48 ip-172-31-28-218 kernel: [    0.025152] NODE_DATA(0) allocated [mem 0x80ffd5000-0x80fffffff]
Oct 13 07:04:48 ip-172-31-28-218 kernel: [    0.025412] Zone ranges:
Oct 13 07:04:48 ip-172-31-28-218 apparmor[596]: Skipping profile in /etc/apparmor.d/disable: usr.sbin.rsyslogd
Oct 13 07:04:48 ip-172-31-28-218 kernel: [    0.025413]   DMA      [mem 0x0000000000001000-0x0000000000ffffff]
Oct 13 07:04:48 ip-172-31-28-218 kernel: [    0.025415]   DMA32    [mem 0x0000000001000000-0x00000000ffffffff]
Oct 13 07:04:48 ip-172-31-28-218 apparmor[596]:    ...done.
Oct 13 07:04:48 ip-172-31-28-218 kernel: [    0.025416]   Normal   [mem 0x0000000100000000-0x000000080fffffff]
Oct 13 07:04:48 ip-172-31-28-218 kernel: [    0.025417]   Device   empty
Oct 13 07:04:48 ip-172-31-28-218 systemd[1]: Started AppArmor initialization.
Oct 13 07:04:48 ip-172-31-28-218 kernel: [    0.025418] Movable zone start for each node
Oct 13 07:04:48 ip-172-31-28-218 kernel: [    0.025421] Early memory node ranges
Oct 13 07:04:48 ip-172-31-28-218 kernel: [    0.025422]   node   0: [mem 0x0000000000001000-0x000000000009dfff]
Oct 13 07:04:48 ip-172-31-28-218 systemd[1]: Starting Load AppArmor profiles managed internally by snapd...
Oct 13 07:04:48 ip-172-31-28-218 kernel: [    0.025424]   node   0: [mem 0x0000000000100000-0x00000000efffffff]
Oct 13 07:04:48 ip-172-31-28-218 systemd[1]: Starting Initial cloud-init job (pre-networking)...
Oct 13 07:04:48 ip-172-31-28-218 snapd-apparmor[729]: find: ‘/var/lib/snapd/apparmor/profiles/’: No such file or directory
Oct 13 07:04:48 ip-172-31-28-218 systemd[1]: Started Load AppArmor profiles managed internally by snapd.
Oct 13 07:04:48 ip-172-31-28-218 dhclient[792]: Internet Systems Consortium DHCP Client 4.3.5
Oct 13 07:04:48 ip-172-31-28-218 kernel: [    0.025425]   node   0: [mem 0x0000000100000000-0x000000080fffffff]
Oct 13 07:04:48 ip-172-31-28-218 dhclient[792]: Copyright 2004-2016 Internet Systems Consortium.
Oct 13 07:04:48 ip-172-31-28-218 kernel: [    0.025431] Zeroed struct page in unavailable ranges: 99 pages
Oct 13 07:04:48 ip-172-31-28-218 kernel: [    0.025432] Initmem setup node 0 [mem 0x0000000000001000-0x000000080fffffff]
Oct 13 07:04:48 ip-172-31-28-218 kernel: [    0.025434] On node 0 totalpages: 8388509
Oct 13 07:04:48 ip-172-31-28-218 kernel: [    0.025434]   DMA zone: 64 pages used for memmap
Oct 13 07:04:48 ip-172-31-28-218 kernel: [    0.025435]   DMA zone: 21 pages reserved
Oct 13 07:04:48 ip-172-31-28-218 kernel: [    0.025436]   DMA zone: 3997 pages, LIFO batch:0
Oct 13 07:04:48 ip-172-31-28-218 dhclient[792]: All rights reserved.
Oct 13 07:04:48 ip-172-31-28-218 kernel: [    0.025537]   DMA32 zone: 15296 pages used for memmap
Oct 13 07:04:48 ip-172-31-28-218 kernel: [    0.025537]   DMA32 zone: 978944 pages, LIFO batch:63
Oct 13 07:04:48 ip-172-31-28-218 kernel: [    0.039630]   Normal zone: 115712 pages used for memmap
Oct 13 07:04:48 ip-172-31-28-218 dhclient[792]: For info, please visit https://www.isc.org/software/dhcp/
Oct 13 07:04:48 ip-172-31-28-218 dhclient[792]: 
Oct 13 07:04:48 ip-172-31-28-218 dhclient[792]: Listening on LPF/eth0/02:b1:9a:62:5e:db
Oct 13 07:04:48 ip-172-31-28-218 dhclient[792]: Sending on   LPF/eth0/02:b1:9a:62:5e:db
Oct 13 07:04:48 ip-172-31-28-218 kernel: [    0.039632]   Normal zone: 7405568 pages, LIFO batch:63
Oct 13 07:04:48 ip-172-31-28-218 dhclient[792]: Sending on   Socket/fallback
Oct 13 07:04:48 ip-172-31-28-218 kernel: [    0.148354] ACPI: PM-Timer IO Port: 0xb008
Oct 13 07:04:48 ip-172-31-28-218 kernel: [    0.148360] ACPI: Local APIC address 0xfee00000
Oct 13 07:04:48 ip-172-31-28-218 kernel: [    0.148420] IOAPIC[0]: apic_id 1, version 17, address 0xfec00000, GSI 0-47
Oct 13 07:04:48 ip-172-31-28-218 dhclient[792]: DHCPDISCOVER on eth0 to 255.255.255.255 port 67 interval 3 (xid=0xaa8e8034)
Oct 13 07:04:48 ip-172-31-28-218 kernel: [    0.148423] ACPI: INT_SRC_OVR (bus 0 bus_irq 0 global_irq 2 dfl dfl)
Oct 13 07:04:48 ip-172-31-28-218 kernel: [    0.148425] ACPI: INT_SRC_OVR (bus 0 bus_irq 5 global_irq 5 low level)
Oct 13 07:04:48 ip-172-31-28-218 dhclient[792]: DHCPREQUEST of 172.31.28.218 on eth0 to 255.255.255.255 port 67 (xid=0x34808eaa)
Oct 13 07:04:48 ip-172-31-28-218 dhclient[792]: DHCPOFFER of 172.31.28.218 from 172.31.16.1
Oct 13 07:04:48 ip-172-31-28-218 dhclient[792]: DHCPACK of 172.31.28.218 from 172.31.16.1
Oct 13 07:04:48 ip-172-31-28-218 kernel: [    0.148426] ACPI: INT_SRC_OVR (bus 0 bus_irq 10 global_irq 10 low level)
Oct 13 07:04:48 ip-172-31-28-218 kernel: [    0.148427] ACPI: INT_SRC_OVR (bus 0 bus_irq 11 global_irq 11 low level)
Oct 13 07:04:48 ip-172-31-28-218 kernel: [    0.148428] ACPI: IRQ0 used by override.
Oct 13 07:04:48 ip-172-31-28-218 kernel: [    0.148429] ACPI: IRQ5 used by override.
Oct 13 07:04:48 ip-172-31-28-218 kernel: [    0.148430] ACPI: IRQ9 used by override.
Oct 13 07:04:48 ip-172-31-28-218 kernel: [    0.148430] ACPI: IRQ10 used by override.
Oct 13 07:04:48 ip-172-31-28-218 kernel: [    0.148431] ACPI: IRQ11 used by override.
Oct 13 07:04:48 ip-172-31-28-218 kernel: [    0.148432] Using ACPI (MADT) for SMP configuration information
Oct 13 07:04:48 ip-172-31-28-218 kernel: [    0.148434] ACPI: HPET id: 0x8086a201 base: 0xfed00000
Oct 13 07:04:48 ip-172-31-28-218 kernel: [    0.148439] TSC deadline timer available
Oct 13 07:04:48 ip-172-31-28-218 kernel: [    0.148445] smpboot: Allowing 15 CPUs, 7 hotplug CPUs
Oct 13 07:04:48 ip-172-31-28-218 kernel: [    0.148454] PM: Registered nosave memory: [mem 0x00000000-0x00000fff]
Oct 13 07:04:48 ip-172-31-28-218 kernel: [    0.148456] PM: Registered nosave memory: [mem 0x0009e000-0x0009ffff]
Oct 13 07:04:48 ip-172-31-28-218 dhclient[792]: bound to 172.31.28.218 -- renewal in 1703 seconds.
Oct 13 07:04:48 ip-172-31-28-218 cloud-init[735]: Cloud-init v. 21.1-19-gbad84ad4-0ubuntu1~18.04.1 running 'init-local' at Wed, 13 Oct 2021 07:04:43 +0000. Up 9.74 seconds.
Oct 13 07:04:48 ip-172-31-28-218 systemd[1]: Started Initial cloud-init job (pre-networking).
Oct 13 07:04:48 ip-172-31-28-218 kernel: [    0.148457] PM: Registered nosave memory: [mem 0x000a0000-0x000dffff]
Oct 13 07:04:48 ip-172-31-28-218 kernel: [    0.148457] PM: Registered nosave memory: [mem 0x000e0000-0x000fffff]
Oct 13 07:04:48 ip-172-31-28-218 kernel: [    0.148459] PM: Registered nosave memory: [mem 0xf0000000-0xfbffffff]
Oct 13 07:04:48 ip-172-31-28-218 kernel: [    0.148460] PM: Registered nosave memory: [mem 0xfc000000-0xffffffff]
Oct 13 07:04:48 ip-172-31-28-218 kernel: [    0.148463] [mem 0xf0000000-0xfbffffff] available for PCI devices
Oct 13 07:04:48 ip-172-31-28-218 kernel: [    0.148464] Booting paravirtualized kernel on Xen HVM
Oct 13 07:04:48 ip-172-31-28-218 kernel: [    0.148466] clocksource: refined-jiffies: mask: 0xffffffff max_cycles: 0xffffffff, max_idle_ns: 7645519600211568 ns
Oct 13 07:04:48 ip-172-31-28-218 kernel: [    0.148472] setup_percpu: NR_CPUS:8192 nr_cpumask_bits:15 nr_cpu_ids:15 nr_node_ids:1
Oct 13 07:04:48 ip-172-31-28-218 kernel: [    0.149478] percpu: Embedded 54 pages/cpu s184320 r8192 d28672 u262144
Oct 13 07:04:48 ip-172-31-28-218 systemd[1]: Reached target Network (Pre).
Oct 13 07:04:48 ip-172-31-28-218 systemd[1]: Starting Network Service...
Oct 13 07:04:48 ip-172-31-28-218 systemd-networkd[816]: Enumeration completed
Oct 13 07:04:48 ip-172-31-28-218 systemd[1]: Started Network Service.
Oct 13 07:04:48 ip-172-31-28-218 systemd-networkd[816]: eth0: Link UP
Oct 13 07:04:48 ip-172-31-28-218 systemd-networkd[816]: eth0: Gained carrier
Oct 13 07:04:48 ip-172-31-28-218 kernel: [    0.149484] pcpu-alloc: s184320 r8192 d28672 u262144 alloc=1*2097152
Oct 13 07:04:48 ip-172-31-28-218 kernel: [    0.149484] pcpu-alloc: [0] 00 01 02 03 04 05 06 07 [0] 08 09 10 11 12 13 14 -- 
Oct 13 07:04:48 ip-172-31-28-218 kernel: [    0.149511] xen: PV spinlocks enabled
Oct 13 07:04:48 ip-172-31-28-218 kernel: [    0.149514] PV qspinlock hash table entries: 256 (order: 0, 4096 bytes, linear)
Oct 13 07:04:48 ip-172-31-28-218 systemd-timesyncd[629]: Network configuration changed, trying to establish connection.
Oct 13 07:04:48 ip-172-31-28-218 kernel: [    0.149520] Built 1 zonelists, mobility grouping on.  Total pages: 8257416
Oct 13 07:04:48 ip-172-31-28-218 kernel: [    0.149521] Policy zone: Normal
Oct 13 07:04:48 ip-172-31-28-218 kernel: [    0.149522] Kernel command line: BOOT_IMAGE=/boot/vmlinuz-5.4.0-1045-aws root=LABEL=cloudimg-rootfs ro console=tty1 console=ttyS0 nvme_core.io_timeout=4294967295
Oct 13 07:04:48 ip-172-31-28-218 kernel: [    0.155959] Dentry cache hash table entries: 4194304 (order: 13, 33554432 bytes, linear)
Oct 13 07:04:48 ip-172-31-28-218 systemd-networkd[816]: eth0: Link DOWN
Oct 13 07:04:48 ip-172-31-28-218 kernel: [    0.159173] Inode-cache hash table entries: 2097152 (order: 12, 16777216 bytes, linear)
Oct 13 07:04:48 ip-172-31-28-218 kernel: [    0.159364] mem auto-init: stack:off, heap alloc:on, heap free:off
Oct 13 07:04:48 ip-172-31-28-218 kernel: [    0.172247] Calgary: detecting Calgary via BIOS EBDA area
Oct 13 07:04:48 ip-172-31-28-218 systemd-networkd[816]: eth0: Lost carrier
Oct 13 07:04:48 ip-172-31-28-218 kernel: [    0.172249] Calgary: Unable to locate Rio Grande table in EBDA - bailing!
Oct 13 07:04:48 ip-172-31-28-218 kernel: [    0.271696] Memory: 32857220K/33554036K available (14339K kernel code, 2313K rwdata, 4656K rodata, 2656K init, 5136K bss, 696816K reserved, 0K cma-reserved)
Oct 13 07:04:48 ip-172-31-28-218 systemd-networkd[816]: eth0: Removing non-existent address: fe80::b1:9aff:fe62:5edb/64 (valid forever), ignoring
Oct 13 07:04:48 ip-172-31-28-218 kernel: [    0.271705] random: get_random_u64 called from __kmem_cache_create+0x41/0x550 with crng_init=0
Oct 13 07:04:48 ip-172-31-28-218 kernel: [    0.271877] SLUB: HWalign=64, Order=0-3, MinObjects=0, CPUs=15, Nodes=1
Oct 13 07:04:48 ip-172-31-28-218 systemd[1]: Starting Wait for Network to be Configured...
Oct 13 07:04:48 ip-172-31-28-218 kernel: [    0.271893] Kernel/User page tables isolation: enabled
Oct 13 07:04:48 ip-172-31-28-218 kernel: [    0.271910] ftrace: allocating 42787 entries in 168 pages
Oct 13 07:04:48 ip-172-31-28-218 kernel: [    0.288312] rcu: Hierarchical RCU implementation.
Oct 13 07:04:48 ip-172-31-28-218 systemd-networkd[816]: eth0: IPv6 successfully enabled
Oct 13 07:04:48 ip-172-31-28-218 kernel: [    0.288314] rcu: 	RCU restricting CPUs from NR_CPUS=8192 to nr_cpu_ids=15.
Oct 13 07:04:48 ip-172-31-28-218 kernel: [    0.288316] 	Tasks RCU enabled.
Oct 13 07:04:48 ip-172-31-28-218 systemd-networkd[816]: lo: Link is not managed by us
Oct 13 07:04:48 ip-172-31-28-218 kernel: [    0.288317] rcu: RCU calculated value of scheduler-enlistment delay is 25 jiffies.
Oct 13 07:04:48 ip-172-31-28-218 kernel: [    0.288317] rcu: Adjusting geometry for rcu_fanout_leaf=16, nr_cpu_ids=15
Oct 13 07:04:48 ip-172-31-28-218 kernel: [    0.291018] NR_IRQS: 524544, nr_irqs: 952, preallocated irqs: 16
Oct 13 07:04:48 ip-172-31-28-218 systemd-networkd[816]: eth0: Link UP
Oct 13 07:04:48 ip-172-31-28-218 systemd[1]: Starting Network Name Resolution...
Oct 13 07:04:48 ip-172-31-28-218 kernel: [    0.291058] xen:events: Using 2-level ABI
Oct 13 07:04:48 ip-172-31-28-218 kernel: [    0.291104] xen:events: Xen HVM callback vector for event delivery is enabled
Oct 13 07:04:48 ip-172-31-28-218 kernel: [    0.291268] random: crng done (trusting CPU's manufacturer)
Oct 13 07:04:48 ip-172-31-28-218 systemd-networkd-wait-online[844]: ignoring: lo
Oct 13 07:04:48 ip-172-31-28-218 kernel: [    0.304424] Console: colour VGA+ 80x25
Oct 13 07:04:48 ip-172-31-28-218 kernel: [    0.463131] printk: console [tty1] enabled
Oct 13 07:04:48 ip-172-31-28-218 systemd-networkd[816]: eth0: Gained carrier
Oct 13 07:04:48 ip-172-31-28-218 kernel: [    0.464368] Cannot get hvm parameter CONSOLE_EVTCHN (18): -22!
Oct 13 07:04:48 ip-172-31-28-218 systemd-resolved[848]: Positive Trust Anchors:
Oct 13 07:04:48 ip-172-31-28-218 kernel: [    1.011178] printk: console [ttyS0] enabled
Oct 13 07:04:48 ip-172-31-28-218 kernel: [    1.015963] ACPI: Core revision 20190816
Oct 13 07:04:48 ip-172-31-28-218 kernel: [    1.020509] clocksource: hpet: mask: 0xffffffff max_cycles: 0xffffffff, max_idle_ns: 30580167144 ns
Oct 13 07:04:48 ip-172-31-28-218 systemd-resolved[848]: . IN DS 19036 8 2 49aac11d7b6f6446702e54a1607371607a1a41855200fd2ce1cdde32f24e8fb5
Oct 13 07:04:48 ip-172-31-28-218 kernel: [    1.029653] APIC: Switch to symmetric I/O mode setup
Oct 13 07:04:48 ip-172-31-28-218 kernel: [    1.035919] x2apic: IRQ remapping doesn't support X2APIC mode
Oct 13 07:04:48 ip-172-31-28-218 kernel: [    1.043128] Switched APIC routing to physical flat.
Oct 13 07:04:48 ip-172-31-28-218 systemd-resolved[848]: . IN DS 20326 8 2 e06d44b80b8f1d39a95c0b0d7c65d08458e880409bbc683457104237c7f8ec8d
Oct 13 07:04:48 ip-172-31-28-218 kernel: [    1.051726] ..TIMER: vector=0x30 apic1=0 pin1=2 apic2=0 pin2=0
Oct 13 07:04:48 ip-172-31-28-218 kernel: [    1.058782] clocksource: tsc-early: mask: 0xffffffffffffffff max_cycles: 0x2127627c0d2, max_idle_ns: 440795312232 ns
Oct 13 07:04:48 ip-172-31-28-218 systemd-resolved[848]: Negative trust anchors: 10.in-addr.arpa 16.172.in-addr.arpa 17.172.in-addr.arpa 18.172.in-addr.arpa 19.172.in-addr.arpa 20.172.in-addr.arpa 21.172.in-addr.arpa 22.172.in-addr.arpa 23.172.in-addr.arpa 24.172.in-addr.arpa 25.172.in-addr.arpa 26.172.in-addr.arpa 27.172.in-addr.arpa 28.172.in-addr.arpa 29.172.in-addr.arpa 30.172.in-addr.arpa 31.172.in-addr.arpa 168.192.in-addr.arpa d.f.ip6.arpa corp home internal intranet lan local private test
Oct 13 07:04:48 ip-172-31-28-218 kernel: [    1.071784] Calibrating delay loop (skipped), value calculated using timer frequency.. 4600.09 BogoMIPS (lpj=9200192)
Oct 13 07:04:48 ip-172-31-28-218 kernel: [    1.083783] pid_max: default: 32768 minimum: 301
Oct 13 07:04:48 ip-172-31-28-218 kernel: [    1.091849] LSM: Security Framework initializing
Oct 13 07:04:48 ip-172-31-28-218 systemd-networkd-wait-online[844]: ignoring: lo
Oct 13 07:04:48 ip-172-31-28-218 kernel: [    1.095802] Yama: becoming mindful.
Oct 13 07:04:48 ip-172-31-28-218 kernel: [    1.103875] AppArmor: AppArmor initialized
Oct 13 07:04:48 ip-172-31-28-218 systemd-resolved[848]: Using system hostname 'ip-172-31-28-218'.
Oct 13 07:04:48 ip-172-31-28-218 kernel: [    1.107916] Mount-cache hash table entries: 65536 (order: 7, 524288 bytes, linear)
Oct 13 07:04:48 ip-172-31-28-218 kernel: [    1.119867] Mountpoint-cache hash table entries: 65536 (order: 7, 524288 bytes, linear)
Oct 13 07:04:48 ip-172-31-28-218 systemd-networkd[816]: eth0: DHCPv4 address 172.31.28.218/20 via 172.31.16.1
Oct 13 07:04:48 ip-172-31-28-218 kernel: [    1.127814] *** VALIDATE tmpfs ***
Oct 13 07:04:48 ip-172-31-28-218 kernel: [    1.131963] *** VALIDATE proc ***
Oct 13 07:04:48 ip-172-31-28-218 kernel: [    1.135852] *** VALIDATE cgroup1 ***
Oct 13 07:04:48 ip-172-31-28-218 kernel: [    1.143784] *** VALIDATE cgroup2 ***
Oct 13 07:04:48 ip-172-31-28-218 systemd-networkd[816]: Not connected to system bus, not setting hostname.
Oct 13 07:04:48 ip-172-31-28-218 kernel: [    1.147912] Last level iTLB entries: 4KB 64, 2MB 8, 4MB 8
Oct 13 07:04:48 ip-172-31-28-218 kernel: [    1.155782] Last level dTLB entries: 4KB 64, 2MB 0, 4MB 0, 1GB 4
Oct 13 07:04:48 ip-172-31-28-218 kernel: [    1.163787] Spectre V1 : Mitigation: usercopy/swapgs barriers and __user pointer sanitization
Oct 13 07:04:48 ip-172-31-28-218 kernel: [    1.171783] Spectre V2 : Mitigation: Full generic retpoline
Oct 13 07:04:48 ip-172-31-28-218 kernel: [    1.175783] Spectre V2 : Spectre v2 / SpectreRSB mitigation: Filling RSB on context switch
Oct 13 07:04:48 ip-172-31-28-218 systemd-networkd-wait-online[844]: ignoring: lo
Oct 13 07:04:48 ip-172-31-28-218 kernel: [    1.187783] Speculative Store Bypass: Vulnerable
Oct 13 07:04:48 ip-172-31-28-218 kernel: [    1.191788] MDS: Vulnerable: Clear CPU buffers attempted, no microcode
Oct 13 07:04:48 ip-172-31-28-218 kernel: [    1.199986] Freeing SMP alternatives memory: 40K
Oct 13 07:04:48 ip-172-31-28-218 kernel: [    1.207839] clocksource: xen: mask: 0xffffffffffffffff max_cycles: 0x1cd42e4dffb, max_idle_ns: 881590591483 ns
Oct 13 07:04:48 ip-172-31-28-218 kernel: [    1.215800] Xen: using vcpuop timer interface
Oct 13 07:04:48 ip-172-31-28-218 kernel: [    1.215807] installing Xen timer for CPU 0
Oct 13 07:04:48 ip-172-31-28-218 systemd-networkd-wait-online[844]: ignoring: lo
Oct 13 07:04:48 ip-172-31-28-218 kernel: [    1.223864] smpboot: CPU0: Intel(R) Xeon(R) CPU E5-2686 v4 @ 2.30GHz (family: 0x6, model: 0x4f, stepping: 0x1)
Oct 13 07:04:48 ip-172-31-28-218 systemd[1]: Started Network Name Resolution.
Oct 13 07:04:48 ip-172-31-28-218 kernel: [    1.227824] cpu 0 spinlock event irq 53
Oct 13 07:04:48 ip-172-31-28-218 systemd-timesyncd[629]: Network configuration changed, trying to establish connection.
Oct 13 07:04:48 ip-172-31-28-218 kernel: [    1.231977] Performance Events: unsupported p6 CPU model 79 no PMU driver, software events only.
Oct 13 07:04:48 ip-172-31-28-218 kernel: [    1.235835] rcu: Hierarchical SRCU implementation.
Oct 13 07:04:48 ip-172-31-28-218 kernel: [    1.240483] NMI watchdog: Perf NMI watchdog permanently disabled
Oct 13 07:04:48 ip-172-31-28-218 kernel: [    1.244019] smp: Bringing up secondary CPUs ...
Oct 13 07:04:48 ip-172-31-28-218 systemd-networkd-wait-online[844]: ignoring: lo
Oct 13 07:04:48 ip-172-31-28-218 kernel: [    1.247931] installing Xen timer for CPU 1
Oct 13 07:04:48 ip-172-31-28-218 kernel: [    1.251829] x86: Booting SMP configuration:
Oct 13 07:04:48 ip-172-31-28-218 kernel: [    1.255790] .... node  #0, CPUs:        #1
Oct 13 07:04:48 ip-172-31-28-218 systemd[1]: Reached target Host and Network Name Lookups.
Oct 13 07:04:48 ip-172-31-28-218 systemd[1]: Reached target Network.
Oct 13 07:04:48 ip-172-31-28-218 kernel: [    1.256323] cpu 1 spinlock event irq 59
Oct 13 07:04:48 ip-172-31-28-218 kernel: [    1.263922] installing Xen timer for CPU 2
Oct 13 07:04:48 ip-172-31-28-218 systemd-networkd[816]: eth0: Gained IPv6LL
Oct 13 07:04:48 ip-172-31-28-218 kernel: [    1.267868]   #2
Oct 13 07:04:48 ip-172-31-28-218 kernel: [    1.268419] cpu 2 spinlock event irq 65
Oct 13 07:04:48 ip-172-31-28-218 kernel: [    1.271906] installing Xen timer for CPU 3
Oct 13 07:04:48 ip-172-31-28-218 kernel: [    1.275865]   #3
Oct 13 07:04:48 ip-172-31-28-218 kernel: [    1.276419] cpu 3 spinlock event irq 71
Oct 13 07:04:48 ip-172-31-28-218 kernel: [    1.283912] installing Xen timer for CPU 4
Oct 13 07:04:48 ip-172-31-28-218 kernel: [    1.287858]   #4
Oct 13 07:04:48 ip-172-31-28-218 kernel: [    1.288393] cpu 4 spinlock event irq 77
Oct 13 07:04:48 ip-172-31-28-218 kernel: [    1.295916] installing Xen timer for CPU 5
Oct 13 07:04:48 ip-172-31-28-218 systemd-networkd[816]: eth0: Configured
Oct 13 07:04:48 ip-172-31-28-218 kernel: [    1.299867]   #5
Oct 13 07:04:48 ip-172-31-28-218 kernel: [    1.300418] cpu 5 spinlock event irq 83
Oct 13 07:04:48 ip-172-31-28-218 systemd-timesyncd[629]: Network configuration changed, trying to establish connection.
Oct 13 07:04:48 ip-172-31-28-218 kernel: [    1.307926] installing Xen timer for CPU 6
Oct 13 07:04:48 ip-172-31-28-218 kernel: [    1.311863]   #6
Oct 13 07:04:48 ip-172-31-28-218 kernel: [    1.312440] cpu 6 spinlock event irq 89
Oct 13 07:04:48 ip-172-31-28-218 kernel: [    1.319946] installing Xen timer for CPU 7
Oct 13 07:04:48 ip-172-31-28-218 systemd-networkd-wait-online[844]: ignoring: lo
Oct 13 07:04:48 ip-172-31-28-218 kernel: [    1.323882]   #7
Oct 13 07:04:48 ip-172-31-28-218 kernel: [    1.324445] cpu 7 spinlock event irq 95
Oct 13 07:04:48 ip-172-31-28-218 systemd-networkd-wait-online[844]: managing: eth0
Oct 13 07:04:48 ip-172-31-28-218 kernel: [    1.331884] smp: Brought up 1 node, 8 CPUs
Oct 13 07:04:48 ip-172-31-28-218 kernel: [    1.335788] smpboot: Max logical packages: 2
Oct 13 07:04:48 ip-172-31-28-218 kernel: [    1.339789] smpboot: Total of 8 processors activated (36800.76 BogoMIPS)
Oct 13 07:04:48 ip-172-31-28-218 kernel: [    1.344951] devtmpfs: initialized
Oct 13 07:04:48 ip-172-31-28-218 systemd[1]: Started Wait for Network to be Configured.
Oct 13 07:04:48 ip-172-31-28-218 kernel: [    1.347834] x86/mm: Memory block size: 128MB
Oct 13 07:04:48 ip-172-31-28-218 kernel: [    1.356303] clocksource: jiffies: mask: 0xffffffff max_cycles: 0xffffffff, max_idle_ns: 7645041785100000 ns
Oct 13 07:04:48 ip-172-31-28-218 systemd[1]: Starting Initial cloud-init job (metadata service crawler)...
Oct 13 07:04:48 ip-172-31-28-218 cloud-init[865]: Cloud-init v. 21.1-19-gbad84ad4-0ubuntu1~18.04.1 running 'init' at Wed, 13 Oct 2021 07:04:46 +0000. Up 12.64 seconds.
Oct 13 07:04:48 ip-172-31-28-218 kernel: [    1.359861] futex hash table entries: 4096 (order: 6, 262144 bytes, linear)
Oct 13 07:04:48 ip-172-31-28-218 kernel: [    1.363900] pinctrl core: initialized pinctrl subsystem
Oct 13 07:04:48 ip-172-31-28-218 kernel: [    1.367928] PM: RTC time: 07:04:34, date: 2021-10-13
Oct 13 07:04:48 ip-172-31-28-218 kernel: [    1.372093] NET: Registered protocol family 16
Oct 13 07:04:48 ip-172-31-28-218 kernel: [    1.376022] audit: initializing netlink subsys (disabled)
Oct 13 07:04:48 ip-172-31-28-218 cloud-init[865]: ci-info: ++++++++++++++++++++++++++++++++++++++Net device info++++++++++++++++++++++++++++++++++++++
Oct 13 07:04:48 ip-172-31-28-218 kernel: [    1.379814] audit: type=2000 audit(1634108674.540:1): state=initialized audit_enabled=0 res=1
Oct 13 07:04:48 ip-172-31-28-218 kernel: [    1.379948] EISA bus registered
Oct 13 07:04:48 ip-172-31-28-218 cloud-init[865]: ci-info: +--------+------+----------------------------+---------------+--------+-------------------+
Oct 13 07:04:48 ip-172-31-28-218 kernel: [    1.387801] cpuidle: using governor ladder
Oct 13 07:04:48 ip-172-31-28-218 kernel: [    1.391797] cpuidle: using governor menu
Oct 13 07:04:48 ip-172-31-28-218 kernel: [    1.395861] ACPI: bus type PCI registered
Oct 13 07:04:48 ip-172-31-28-218 kernel: [    1.399788] acpiphp: ACPI Hot Plug PCI Controller Driver version: 0.5
Oct 13 07:04:48 ip-172-31-28-218 cloud-init[865]: ci-info: | Device |  Up  |          Address           |      Mask     | Scope  |     Hw-Address    |
Oct 13 07:04:48 ip-172-31-28-218 kernel: [    1.404478] PCI: Using configuration type 1 for base access
Oct 13 07:04:48 ip-172-31-28-218 kernel: [    1.411824] HugeTLB registered 1.00 GiB page size, pre-allocated 0 pages
Oct 13 07:04:48 ip-172-31-28-218 cloud-init[865]: ci-info: +--------+------+----------------------------+---------------+--------+-------------------+
Oct 13 07:04:48 ip-172-31-28-218 cloud-init[865]: ci-info: |  eth0  | True |       172.31.28.218        | 255.255.240.0 | global | 02:b1:9a:62:5e:db |
Oct 13 07:04:48 ip-172-31-28-218 kernel: [    1.415790] HugeTLB registered 2.00 MiB page size, pre-allocated 0 pages
Oct 13 07:04:48 ip-172-31-28-218 cloud-init[865]: ci-info: |  eth0  | True | fe80::b1:9aff:fe62:5edb/64 |       .       |  link  | 02:b1:9a:62:5e:db |
Oct 13 07:04:48 ip-172-31-28-218 cloud-init[865]: ci-info: |   lo   | True |         127.0.0.1          |   255.0.0.0   |  host  |         .         |
Oct 13 07:04:48 ip-172-31-28-218 kernel: [    1.419908] ACPI: Added _OSI(Module Device)
Oct 13 07:04:48 ip-172-31-28-218 kernel: [    1.427794] ACPI: Added _OSI(Processor Device)
Oct 13 07:04:48 ip-172-31-28-218 kernel: [    1.431787] ACPI: Added _OSI(3.0 _SCP Extensions)
Oct 13 07:04:48 ip-172-31-28-218 kernel: [    1.439788] ACPI: Added _OSI(Processor Aggregator Device)
Oct 13 07:04:48 ip-172-31-28-218 kernel: [    1.447788] ACPI: Added _OSI(Linux-Dell-Video)
Oct 13 07:04:48 ip-172-31-28-218 kernel: [    1.451788] ACPI: Added _OSI(Linux-Lenovo-NV-HDMI-Audio)
Oct 13 07:04:48 ip-172-31-28-218 cloud-init[865]: ci-info: |   lo   | True |          ::1/128           |       .       |  host  |         .         |
Oct 13 07:04:48 ip-172-31-28-218 kernel: [    1.459789] ACPI: Added _OSI(Linux-HPI-Hybrid-Graphics)
Oct 13 07:04:48 ip-172-31-28-218 cloud-init[865]: ci-info: +--------+------+----------------------------+---------------+--------+-------------------+
Oct 13 07:04:48 ip-172-31-28-218 kernel: [    1.467970] ACPI: 3 ACPI AML tables successfully acquired and loaded
Oct 13 07:04:48 ip-172-31-28-218 kernel: [    1.476588] xen: --> pirq=16 -> irq=9 (gsi=9)
Oct 13 07:04:48 ip-172-31-28-218 kernel: [    1.477640] ACPI: Interpreter enabled
Oct 13 07:04:48 ip-172-31-28-218 cloud-init[865]: ci-info: ++++++++++++++++++++++++++++++Route IPv4 info++++++++++++++++++++++++++++++
Oct 13 07:04:48 ip-172-31-28-218 kernel: [    1.483803] ACPI: (supports S0 S4 S5)
Oct 13 07:04:48 ip-172-31-28-218 kernel: [    1.487787] ACPI: Using IOAPIC for interrupt routing
Oct 13 07:04:48 ip-172-31-28-218 cloud-init[865]: ci-info: +-------+-------------+-------------+-----------------+-----------+-------+
Oct 13 07:04:48 ip-172-31-28-218 cloud-init[865]: ci-info: | Route | Destination |   Gateway   |     Genmask     | Interface | Flags |
Oct 13 07:04:48 ip-172-31-28-218 kernel: [    1.495837] PCI: Using host bridge windows from ACPI; if necessary, use "pci=nocrs" and report a bug
Oct 13 07:04:48 ip-172-31-28-218 cloud-init[865]: ci-info: +-------+-------------+-------------+-----------------+-----------+-------+
Oct 13 07:04:48 ip-172-31-28-218 kernel: [    1.508214] ACPI: Enabled 2 GPEs in block 00 to 0F
Oct 13 07:04:48 ip-172-31-28-218 kernel: [    1.554155] ACPI: PCI Root Bridge [PCI0] (domain 0000 [bus 00-ff])
Oct 13 07:04:48 ip-172-31-28-218 kernel: [    1.559798] acpi PNP0A03:00: _OSC: OS supports [ASPM ClockPM Segments MSI HPX-Type3]
Oct 13 07:04:48 ip-172-31-28-218 kernel: [    1.567810] acpi PNP0A03:00: fail to add MMCONFIG information, can't access extended PCI configuration space under this bridge.
Oct 13 07:04:48 ip-172-31-28-218 cloud-init[865]: ci-info: |   0   |   0.0.0.0   | 172.31.16.1 |     0.0.0.0     |    eth0   |   UG  |
Oct 13 07:04:48 ip-172-31-28-218 cloud-init[865]: ci-info: |   1   | 172.31.16.0 |   0.0.0.0   |  255.255.240.0  |    eth0   |   U   |
Oct 13 07:04:48 ip-172-31-28-218 cloud-init[865]: ci-info: |   2   | 172.31.16.1 |   0.0.0.0   | 255.255.255.255 |    eth0   |   UH  |
Oct 13 07:04:48 ip-172-31-28-218 cloud-init[865]: ci-info: +-------+-------------+-------------+-----------------+-----------+-------+
Oct 13 07:04:48 ip-172-31-28-218 cloud-init[865]: ci-info: +++++++++++++++++++Route IPv6 info+++++++++++++++++++
Oct 13 07:04:48 ip-172-31-28-218 cloud-init[865]: ci-info: +-------+-------------+---------+-----------+-------+
Oct 13 07:04:48 ip-172-31-28-218 cloud-init[865]: ci-info: | Route | Destination | Gateway | Interface | Flags |
Oct 13 07:04:48 ip-172-31-28-218 cloud-init[865]: ci-info: +-------+-------------+---------+-----------+-------+
Oct 13 07:04:48 ip-172-31-28-218 cloud-init[865]: ci-info: |   1   |  fe80::/64  |    ::   |    eth0   |   U   |
Oct 13 07:04:48 ip-172-31-28-218 cloud-init[865]: ci-info: |   3   |    local    |    ::   |    eth0   |   U   |
Oct 13 07:04:48 ip-172-31-28-218 cloud-init[865]: ci-info: |   4   |  multicast  |    ::   |    eth0   |   U   |
Oct 13 07:04:48 ip-172-31-28-218 cloud-init[865]: ci-info: +-------+-------------+---------+-----------+-------+
Oct 13 07:04:48 ip-172-31-28-218 kernel: [    1.577011] acpiphp: Slot [0] registered
Oct 13 07:04:48 ip-172-31-28-218 kernel: [    1.585000] acpiphp: Slot [3] registered
Oct 13 07:04:48 ip-172-31-28-218 kernel: [    1.588182] acpiphp: Slot [4] registered
Oct 13 07:04:48 ip-172-31-28-218 kernel: [    1.591988] acpiphp: Slot [5] registered
Oct 13 07:04:48 ip-172-31-28-218 kernel: [    1.595779] acpiphp: Slot [6] registered
Oct 13 07:04:48 ip-172-31-28-218 kernel: [    1.600317] acpiphp: Slot [7] registered
Oct 13 07:04:48 ip-172-31-28-218 kernel: [    1.604301] acpiphp: Slot [8] registered
Oct 13 07:04:48 ip-172-31-28-218 kernel: [    1.608370] acpiphp: Slot [9] registered
Oct 13 07:04:48 ip-172-31-28-218 kernel: [    1.616337] acpiphp: Slot [10] registered
Oct 13 07:04:48 ip-172-31-28-218 kernel: [    1.620352] acpiphp: Slot [11] registered
Oct 13 07:04:48 ip-172-31-28-218 kernel: [    1.624360] acpiphp: Slot [12] registered
Oct 13 07:04:48 ip-172-31-28-218 kernel: [    1.632207] acpiphp: Slot [13] registered
Oct 13 07:04:48 ip-172-31-28-218 kernel: [    1.635947] acpiphp: Slot [14] registered
Oct 13 07:04:48 ip-172-31-28-218 kernel: [    1.639666] acpiphp: Slot [15] registered
Oct 13 07:04:48 ip-172-31-28-218 kernel: [    1.640162] acpiphp: Slot [16] registered
Oct 13 07:04:48 ip-172-31-28-218 kernel: [    1.644285] acpiphp: Slot [17] registered
Oct 13 07:04:48 ip-172-31-28-218 kernel: [    1.652377] acpiphp: Slot [18] registered
Oct 13 07:04:48 ip-172-31-28-218 kernel: [    1.656361] acpiphp: Slot [19] registered
Oct 13 07:04:48 ip-172-31-28-218 kernel: [    1.660365] acpiphp: Slot [20] registered
Oct 13 07:04:48 ip-172-31-28-218 kernel: [    1.668382] acpiphp: Slot [21] registered
Oct 13 07:04:48 ip-172-31-28-218 kernel: [    1.672360] acpiphp: Slot [22] registered
Oct 13 07:04:48 ip-172-31-28-218 kernel: [    1.680357] acpiphp: Slot [23] registered
Oct 13 07:04:48 ip-172-31-28-218 kernel: [    1.684374] acpiphp: Slot [24] registered
Oct 13 07:04:48 ip-172-31-28-218 kernel: [    1.688436] acpiphp: Slot [25] registered
Oct 13 07:04:48 ip-172-31-28-218 kernel: [    1.696365] acpiphp: Slot [26] registered
Oct 13 07:04:48 ip-172-31-28-218 kernel: [    1.700372] acpiphp: Slot [27] registered
Oct 13 07:04:48 ip-172-31-28-218 kernel: [    1.708396] acpiphp: Slot [28] registered
Oct 13 07:04:48 ip-172-31-28-218 kernel: [    1.712432] acpiphp: Slot [29] registered
Oct 13 07:04:48 ip-172-31-28-218 kernel: [    1.716404] acpiphp: Slot [30] registered
Oct 13 07:04:48 ip-172-31-28-218 kernel: [    1.724405] acpiphp: Slot [31] registered
Oct 13 07:04:48 ip-172-31-28-218 kernel: [    1.728369] PCI host bridge to bus 0000:00
Oct 13 07:04:48 ip-172-31-28-218 kernel: [    1.735797] pci_bus 0000:00: root bus resource [io  0x0000-0x0cf7 window]
Oct 13 07:04:48 ip-172-31-28-218 kernel: [    1.743791] pci_bus 0000:00: root bus resource [io  0x0d00-0xffff window]
Oct 13 07:04:48 ip-172-31-28-218 kernel: [    1.747790] pci_bus 0000:00: root bus resource [mem 0x000a0000-0x000bffff window]
Oct 13 07:04:48 ip-172-31-28-218 kernel: [    1.759791] pci_bus 0000:00: root bus resource [mem 0xf0000000-0xfbffffff window]
Oct 13 07:04:48 ip-172-31-28-218 kernel: [    1.767789] pci_bus 0000:00: root bus resource [bus 00-ff]
Oct 13 07:04:48 ip-172-31-28-218 kernel: [    1.772104] pci 0000:00:00.0: [8086:1237] type 00 class 0x060000
Oct 13 07:04:48 ip-172-31-28-218 kernel: [    1.783644] pci 0000:00:01.0: [8086:7000] type 00 class 0x060100
Oct 13 07:04:48 ip-172-31-28-218 kernel: [    1.797287] pci 0000:00:01.1: [8086:7010] type 00 class 0x010180
Oct 13 07:04:48 ip-172-31-28-218 kernel: [    1.806749] pci 0000:00:01.1: reg 0x20: [io  0xc100-0xc10f]
Oct 13 07:04:48 ip-172-31-28-218 kernel: [    1.812980] pci 0000:00:01.1: legacy IDE quirk: reg 0x10: [io  0x01f0-0x01f7]
Oct 13 07:04:48 ip-172-31-28-218 kernel: [    1.819789] pci 0000:00:01.1: legacy IDE quirk: reg 0x14: [io  0x03f6]
Oct 13 07:04:48 ip-172-31-28-218 kernel: [    1.827789] pci 0000:00:01.1: legacy IDE quirk: reg 0x18: [io  0x0170-0x0177]
Oct 13 07:04:48 ip-172-31-28-218 kernel: [    1.835789] pci 0000:00:01.1: legacy IDE quirk: reg 0x1c: [io  0x0376]
Oct 13 07:04:48 ip-172-31-28-218 kernel: [    1.845129] pci 0000:00:01.3: [8086:7113] type 00 class 0x068000
Oct 13 07:04:48 ip-172-31-28-218 kernel: [    1.851867] * Found PM-Timer Bug on the chipset. Due to workarounds for a bug,
Oct 13 07:04:48 ip-172-31-28-218 kernel: [    1.851867] * this clock source is slow. Consider trying other clock sources
Oct 13 07:04:48 ip-172-31-28-218 kernel: [    1.867799] pci 0000:00:01.3: acpi_pm_check_blacklist+0x0/0x40 took 15625 usecs
Oct 13 07:04:48 ip-172-31-28-218 kernel: [    1.883398] pci 0000:00:01.3: quirk: [io  0xb000-0xb03f] claimed by PIIX4 ACPI
Oct 13 07:04:48 ip-172-31-28-218 kernel: [    1.892268] pci 0000:00:01.3: quirk_piix4_acpi+0x0/0x160 took 11718 usecs
Oct 13 07:04:48 ip-172-31-28-218 kernel: [    1.901664] pci 0000:00:02.0: [1013:00b8] type 00 class 0x030000
Oct 13 07:04:48 ip-172-31-28-218 kernel: [    1.912786] pci 0000:00:02.0: reg 0x10: [mem 0xf0000000-0xf1ffffff pref]
Oct 13 07:04:48 ip-172-31-28-218 kernel: [    1.920350] pci 0000:00:02.0: reg 0x14: [mem 0xf3000000-0xf3000fff]
Oct 13 07:04:48 ip-172-31-28-218 kernel: [    1.932589] pci 0000:00:03.0: [5853:0001] type 00 class 0xff8000
Oct 13 07:04:48 ip-172-31-28-218 kernel: [    1.945071] pci 0000:00:03.0: reg 0x10: [io  0xc000-0xc0ff]
Oct 13 07:04:48 ip-172-31-28-218 kernel: [    1.952352] pci 0000:00:03.0: reg 0x14: [mem 0xf2000000-0xf2ffffff pref]
Oct 13 07:04:48 ip-172-31-28-218 kernel: [    1.967862] ACPI: PCI Interrupt Link [LNKA] (IRQs *5 10 11)
Oct 13 07:04:48 ip-172-31-28-218 kernel: [    1.972038] ACPI: PCI Interrupt Link [LNKB] (IRQs 5 *10 11)
Oct 13 07:04:48 ip-172-31-28-218 kernel: [    1.976017] ACPI: PCI Interrupt Link [LNKC] (IRQs 5 10 *11)
Oct 13 07:04:48 ip-172-31-28-218 kernel: [    1.980284] ACPI: PCI Interrupt Link [LNKD] (IRQs *5 10 11)
Oct 13 07:04:48 ip-172-31-28-218 kernel: [    2.017102] xen:balloon: Initialising balloon driver
Oct 13 07:04:48 ip-172-31-28-218 cloud-init[865]: Generating public/private rsa key pair.
Oct 13 07:04:48 ip-172-31-28-218 kernel: [    2.023852] iommu: Default domain type: Translated 
Oct 13 07:04:48 ip-172-31-28-218 kernel: [    2.031965] SCSI subsystem initialized
Oct 13 07:04:48 ip-172-31-28-218 kernel: [    2.035808] libata version 3.00 loaded.
Oct 13 07:04:48 ip-172-31-28-218 kernel: [    2.035858] pci 0000:00:02.0: vgaarb: setting as boot VGA device
Oct 13 07:04:48 ip-172-31-28-218 kernel: [    2.039779] pci 0000:00:02.0: vgaarb: VGA device added: decodes=io+mem,owns=io+mem,locks=none
Oct 13 07:04:48 ip-172-31-28-218 cloud-init[865]: Your identification has been saved in /etc/ssh/ssh_host_rsa_key.
Oct 13 07:04:48 ip-172-31-28-218 kernel: [    2.055790] pci 0000:00:02.0: vgaarb: bridge control possible
Oct 13 07:04:48 ip-172-31-28-218 kernel: [    2.063786] vgaarb: loaded
Oct 13 07:04:48 ip-172-31-28-218 cloud-init[865]: Your public key has been saved in /etc/ssh/ssh_host_rsa_key.pub.
Oct 13 07:04:48 ip-172-31-28-218 kernel: [    2.067831] ACPI: bus type USB registered
Oct 13 07:04:48 ip-172-31-28-218 kernel: [    2.071817] usbcore: registered new interface driver usbfs
Oct 13 07:04:48 ip-172-31-28-218 cloud-init[865]: The key fingerprint is:
Oct 13 07:04:48 ip-172-31-28-218 kernel: [    2.079803] usbcore: registered new interface driver hub
Oct 13 07:04:48 ip-172-31-28-218 kernel: [    2.087813] usbcore: registered new device driver usb
Oct 13 07:04:48 ip-172-31-28-218 kernel: [    2.091836] pps_core: LinuxPPS API ver. 1 registered
Oct 13 07:04:48 ip-172-31-28-218 cloud-init[865]: SHA256:xY9Lh2Zyln/ZUfmm0JMog4VsFQ+h9gQWx42ETZAApFE root@ip-172-31-28-218
Oct 13 07:04:48 ip-172-31-28-218 kernel: [    2.099785] pps_core: Software ver. 5.3.6 - Copyright 2005-2007 Rodolfo Giometti <giometti@linux.it>
Oct 13 07:04:48 ip-172-31-28-218 cloud-init[865]: The key's randomart image is:
Oct 13 07:04:48 ip-172-31-28-218 kernel: [    2.107799] PTP clock support registered
Oct 13 07:04:48 ip-172-31-28-218 cloud-init[865]: +---[RSA 2048]----+
Oct 13 07:04:48 ip-172-31-28-218 kernel: [    2.111826] EDAC MC: Ver: 3.0.0
Oct 13 07:04:48 ip-172-31-28-218 kernel: [    2.116596] PCI: Using ACPI for IRQ routing
Oct 13 07:04:48 ip-172-31-28-218 kernel: [    2.123788] PCI: pci_cache_line_size set to 64 bytes
Oct 13 07:04:48 ip-172-31-28-218 kernel: [    2.124541] e820: reserve RAM buffer [mem 0x0009e000-0x0009ffff]
Oct 13 07:04:48 ip-172-31-28-218 cloud-init[865]: |  .oE...=XO=     |
Oct 13 07:04:48 ip-172-31-28-218 kernel: [    2.124681] NetLabel: Initializing
Oct 13 07:04:48 ip-172-31-28-218 kernel: [    2.127786] NetLabel:  domain hash size = 128
Oct 13 07:04:48 ip-172-31-28-218 cloud-init[865]: |   o   ooB+o.   .|
Oct 13 07:04:48 ip-172-31-28-218 kernel: [    2.131786] NetLabel:  protocols = UNLABELED CIPSOv4 CALIPSO
Oct 13 07:04:48 ip-172-31-28-218 cloud-init[865]: |  .     * = .  ..|
Oct 13 07:04:48 ip-172-31-28-218 kernel: [    2.135820] NetLabel:  unlabeled traffic allowed by default
Oct 13 07:04:48 ip-172-31-28-218 kernel: [    2.147846] hpet: 3 channels of 0 reserved for per-cpu timers
Oct 13 07:04:48 ip-172-31-28-218 cloud-init[865]: |       o * = o .o|
Oct 13 07:04:48 ip-172-31-28-218 kernel: [    2.155796] hpet0: at MMIO 0xfed00000, IRQs 2, 8, 0
Oct 13 07:04:48 ip-172-31-28-218 kernel: [    2.159788] hpet0: 3 comparators, 64-bit 62.500000 MHz counter
Oct 13 07:04:48 ip-172-31-28-218 kernel: [    2.167787] clocksource: Switched to clocksource xen
Oct 13 07:04:48 ip-172-31-28-218 cloud-init[865]: |        S & = +.o|
Oct 13 07:04:48 ip-172-31-28-218 cloud-init[865]: |         B * . *.|
Oct 13 07:04:48 ip-172-31-28-218 kernel: [    2.187599] *** VALIDATE bpf ***
Oct 13 07:04:48 ip-172-31-28-218 kernel: [    2.192138] VFS: Disk quotas dquot_6.6.0
Oct 13 07:04:48 ip-172-31-28-218 cloud-init[865]: |          . . + .|
Oct 13 07:04:48 ip-172-31-28-218 kernel: [    2.197168] VFS: Dquot-cache hash table entries: 512 (order 0, 4096 bytes)
Oct 13 07:04:48 ip-172-31-28-218 kernel: [    2.204852] *** VALIDATE ramfs ***
Oct 13 07:04:48 ip-172-31-28-218 kernel: [    2.209355] *** VALIDATE hugetlbfs ***
Oct 13 07:04:48 ip-172-31-28-218 cloud-init[865]: |             .   |
Oct 13 07:04:48 ip-172-31-28-218 kernel: [    2.214403] AppArmor: AppArmor Filesystem Enabled
Oct 13 07:04:48 ip-172-31-28-218 kernel: [    2.220138] pnp: PnP ACPI init
Oct 13 07:04:48 ip-172-31-28-218 cloud-init[865]: |                 |
Oct 13 07:04:48 ip-172-31-28-218 kernel: [    2.224314] system 00:00: [mem 0x00000000-0x0009ffff] could not be reserved
Oct 13 07:04:48 ip-172-31-28-218 cloud-init[865]: +----[SHA256]-----+
Oct 13 07:04:48 ip-172-31-28-218 kernel: [    2.232192] system 00:00: Plug and Play ACPI device, IDs PNP0c02 (active)
Oct 13 07:04:48 ip-172-31-28-218 kernel: [    2.232308] system 00:01: [io  0x08a0-0x08a3] has been reserved
Oct 13 07:04:48 ip-172-31-28-218 cloud-init[865]: Generating public/private dsa key pair.
Oct 13 07:04:48 ip-172-31-28-218 kernel: [    2.239450] system 00:01: [io  0x0cc0-0x0ccf] has been reserved
Oct 13 07:04:48 ip-172-31-28-218 kernel: [    2.246040] system 00:01: [io  0x04d0-0x04d1] has been reserved
Oct 13 07:04:48 ip-172-31-28-218 kernel: [    2.252419] system 00:01: Plug and Play ACPI device, IDs PNP0c02 (active)
Oct 13 07:04:48 ip-172-31-28-218 cloud-init[865]: Your identification has been saved in /etc/ssh/ssh_host_dsa_key.
Oct 13 07:04:48 ip-172-31-28-218 kernel: [    2.252461] xen: --> pirq=17 -> irq=8 (gsi=8)
Oct 13 07:04:48 ip-172-31-28-218 cloud-init[865]: Your public key has been saved in /etc/ssh/ssh_host_dsa_key.pub.
Oct 13 07:04:48 ip-172-31-28-218 kernel: [    2.252488] pnp 00:02: Plug and Play ACPI device, IDs PNP0b00 (active)
Oct 13 07:04:48 ip-172-31-28-218 kernel: [    2.252521] xen: --> pirq=18 -> irq=12 (gsi=12)
Oct 13 07:04:48 ip-172-31-28-218 kernel: [    2.252542] pnp 00:03: Plug and Play ACPI device, IDs PNP0f13 (active)
Oct 13 07:04:48 ip-172-31-28-218 kernel: [    2.252560] xen: --> pirq=19 -> irq=1 (gsi=1)
Oct 13 07:04:48 ip-172-31-28-218 kernel: [    2.252571] pnp 00:04: Plug and Play ACPI device, IDs PNP0303 PNP030b (active)
Oct 13 07:04:48 ip-172-31-28-218 cloud-init[865]: The key fingerprint is:
Oct 13 07:04:48 ip-172-31-28-218 kernel: [    2.252589] xen: --> pirq=20 -> irq=6 (gsi=6)
Oct 13 07:04:48 ip-172-31-28-218 cloud-init[865]: SHA256:AexjeqWfR3BU87x11v8urAU4RSzicw2Zt6toFCYs7Mo root@ip-172-31-28-218
Oct 13 07:04:48 ip-172-31-28-218 kernel: [    2.252591] pnp 00:05: [dma 2]
Oct 13 07:04:48 ip-172-31-28-218 kernel: [    2.252610] pnp 00:05: Plug and Play ACPI device, IDs PNP0700 (active)
Oct 13 07:04:48 ip-172-31-28-218 cloud-init[865]: The key's randomart image is:
Oct 13 07:04:48 ip-172-31-28-218 kernel: [    2.252636] xen: --> pirq=21 -> irq=4 (gsi=4)
Oct 13 07:04:48 ip-172-31-28-218 kernel: [    2.252650] pnp 00:06: Plug and Play ACPI device, IDs PNP0501 (active)
Oct 13 07:04:48 ip-172-31-28-218 cloud-init[865]: +---[DSA 1024]----+
Oct 13 07:04:48 ip-172-31-28-218 kernel: [    2.252694] system 00:07: [io  0x10c0-0x1141] has been reserved
Oct 13 07:04:48 ip-172-31-28-218 kernel: [    2.260621] system 00:07: [io  0xb044-0xb047] has been reserved
Oct 13 07:04:48 ip-172-31-28-218 cloud-init[865]: |     ..    =+    |
Oct 13 07:04:48 ip-172-31-28-218 kernel: [    2.266170] system 00:07: Plug and Play ACPI device, IDs PNP0c02 (active)
Oct 13 07:04:48 ip-172-31-28-218 cloud-init[865]: |      ... *.o+  .|
Oct 13 07:04:48 ip-172-31-28-218 kernel: [    2.291087] pnp: PnP ACPI: found 8 devices
Oct 13 07:04:48 ip-172-31-28-218 kernel: [    2.299399] thermal_sys: Registered thermal governor 'fair_share'
Oct 13 07:04:48 ip-172-31-28-218 kernel: [    2.299400] thermal_sys: Registered thermal governor 'bang_bang'
Oct 13 07:04:48 ip-172-31-28-218 kernel: [    2.307179] thermal_sys: Registered thermal governor 'step_wise'
Oct 13 07:04:48 ip-172-31-28-218 cloud-init[865]: |   . o ..o =..o =|
Oct 13 07:04:48 ip-172-31-28-218 kernel: [    2.316451] thermal_sys: Registered thermal governor 'user_space'
Oct 13 07:04:48 ip-172-31-28-218 kernel: [    2.324131] thermal_sys: Registered thermal governor 'power_allocator'
Oct 13 07:04:48 ip-172-31-28-218 cloud-init[865]: |    o * B.ooo  +o|
Oct 13 07:04:48 ip-172-31-28-218 kernel: [    2.336726] clocksource: acpi_pm: mask: 0xffffff max_cycles: 0xffffff, max_idle_ns: 2085701024 ns
Oct 13 07:04:48 ip-172-31-28-218 cloud-init[865]: |   . + *S*o ... .|
Oct 13 07:04:48 ip-172-31-28-218 kernel: [    2.356707] pci_bus 0000:00: resource 4 [io  0x0000-0x0cf7 window]
Oct 13 07:04:48 ip-172-31-28-218 kernel: [    2.365586] pci_bus 0000:00: resource 5 [io  0x0d00-0xffff window]
Oct 13 07:04:48 ip-172-31-28-218 kernel: [    2.375068] pci_bus 0000:00: resource 6 [mem 0x000a0000-0x000bffff window]
Oct 13 07:04:48 ip-172-31-28-218 cloud-init[865]: |    o o . ....  .|
Oct 13 07:04:48 ip-172-31-28-218 kernel: [    2.384757] pci_bus 0000:00: resource 7 [mem 0xf0000000-0xfbffffff window]
Oct 13 07:04:48 ip-172-31-28-218 kernel: [    2.394680] NET: Registered protocol family 2
Oct 13 07:04:48 ip-172-31-28-218 kernel: [    2.401798] tcp_listen_portaddr_hash hash table entries: 16384 (order: 6, 262144 bytes, linear)
Oct 13 07:04:48 ip-172-31-28-218 cloud-init[865]: | . . . o + . .. .|
Oct 13 07:04:48 ip-172-31-28-218 kernel: [    2.415189] TCP established hash table entries: 262144 (order: 9, 2097152 bytes, linear)
Oct 13 07:04:48 ip-172-31-28-218 cloud-init[865]: |  E     = o  .o. |
Oct 13 07:04:48 ip-172-31-28-218 cloud-init[865]: |       . .  .. ..|
Oct 13 07:04:48 ip-172-31-28-218 cloud-init[865]: +----[SHA256]-----+
Oct 13 07:04:48 ip-172-31-28-218 cloud-init[865]: Generating public/private ecdsa key pair.
Oct 13 07:04:48 ip-172-31-28-218 cloud-init[865]: Your identification has been saved in /etc/ssh/ssh_host_ecdsa_key.
Oct 13 07:04:48 ip-172-31-28-218 cloud-init[865]: Your public key has been saved in /etc/ssh/ssh_host_ecdsa_key.pub.
Oct 13 07:04:48 ip-172-31-28-218 cloud-init[865]: The key fingerprint is:
Oct 13 07:04:48 ip-172-31-28-218 cloud-init[865]: SHA256:DjQooj+twP3LSarDpT1IhvIpgPavOXonL8D+nQFX7Wg root@ip-172-31-28-218
Oct 13 07:04:48 ip-172-31-28-218 cloud-init[865]: The key's randomart image is:
Oct 13 07:04:48 ip-172-31-28-218 cloud-init[865]: +---[ECDSA 256]---+
Oct 13 07:04:48 ip-172-31-28-218 cloud-init[865]: |                 |
Oct 13 07:04:48 ip-172-31-28-218 cloud-init[865]: |     .  .        |
Oct 13 07:04:48 ip-172-31-28-218 kernel: [    2.425715] TCP bind hash table entries: 65536 (order: 8, 1048576 bytes, linear)
Oct 13 07:04:48 ip-172-31-28-218 cloud-init[865]: |. . . o. .       |
Oct 13 07:04:48 ip-172-31-28-218 kernel: [    2.436638] TCP: Hash tables configured (established 262144 bind 65536)
Oct 13 07:04:48 ip-172-31-28-218 kernel: [    2.447712] UDP hash table entries: 16384 (order: 7, 524288 bytes, linear)
Oct 13 07:04:48 ip-172-31-28-218 cloud-init[865]: |.. . ...o        |
Oct 13 07:04:48 ip-172-31-28-218 kernel: [    2.457350] UDP-Lite hash table entries: 16384 (order: 7, 524288 bytes, linear)
Oct 13 07:04:48 ip-172-31-28-218 kernel: [    2.467603] NET: Registered protocol family 1
Oct 13 07:04:48 ip-172-31-28-218 cloud-init[865]: |=  . ..ES.       |
Oct 13 07:04:48 ip-172-31-28-218 kernel: [    2.474012] NET: Registered protocol family 44
Oct 13 07:04:48 ip-172-31-28-218 cloud-init[865]: |*B.oo .o         |
Oct 13 07:04:48 ip-172-31-28-218 kernel: [    2.481091] pci 0000:00:01.0: PIIX3: Enabling Passive Release
Oct 13 07:04:48 ip-172-31-28-218 kernel: [    2.489261] pci 0000:00:00.0: Limiting direct PCI/PCI transfers
Oct 13 07:04:48 ip-172-31-28-218 kernel: [    2.496470] pci 0000:00:01.0: Activating ISA DMA hang workarounds
Oct 13 07:04:48 ip-172-31-28-218 cloud-init[865]: |XoXo.o  .        |
Oct 13 07:04:48 ip-172-31-28-218 kernel: [    2.502037] pci 0000:00:02.0: Video device with shadowed ROM at [mem 0x000c0000-0x000dffff]
Oct 13 07:04:48 ip-172-31-28-218 kernel: [    2.511983] PCI: CLS 0 bytes, default 64
Oct 13 07:04:48 ip-172-31-28-218 kernel: [    2.517200] Trying to unpack rootfs image as initramfs...
Oct 13 07:04:48 ip-172-31-28-218 kernel: [    2.824965] Freeing initrd memory: 21068K
Oct 13 07:04:48 ip-172-31-28-218 kernel: [    2.829024] PCI-DMA: Using software bounce buffering for IO (SWIOTLB)
Oct 13 07:04:48 ip-172-31-28-218 kernel: [    2.834284] software IO TLB: mapped [mem 0xec000000-0xf0000000] (64MB)
Oct 13 07:04:48 ip-172-31-28-218 kernel: [    2.839712] check: Scanning for low memory corruption every 60 seconds
Oct 13 07:04:48 ip-172-31-28-218 kernel: [    2.845204] Initialise system trusted keyrings
Oct 13 07:04:48 ip-172-31-28-218 kernel: [    2.848930] Key type blacklist registered
Oct 13 07:04:48 ip-172-31-28-218 kernel: [    2.852324] workingset: timestamp_bits=36 max_order=23 bucket_order=0
Oct 13 07:04:48 ip-172-31-28-218 kernel: [    2.858573] zbud: loaded
Oct 13 07:04:48 ip-172-31-28-218 kernel: [    2.861514] squashfs: version 4.0 (2009/01/31) Phillip Lougher
Oct 13 07:04:48 ip-172-31-28-218 kernel: [    2.869178] fuse: init (API version 7.31)
Oct 13 07:04:48 ip-172-31-28-218 kernel: [    2.872856] *** VALIDATE fuse ***
Oct 13 07:04:48 ip-172-31-28-218 kernel: [    2.875770] *** VALIDATE fuse ***
Oct 13 07:04:48 ip-172-31-28-218 kernel: [    2.878942] Platform Keyring initialized
Oct 13 07:04:48 ip-172-31-28-218 kernel: [    2.885965] Key type asymmetric registered
Oct 13 07:04:48 ip-172-31-28-218 kernel: [    2.889458] Asymmetric key parser 'x509' registered
Oct 13 07:04:48 ip-172-31-28-218 kernel: [    2.893321] Block layer SCSI generic (bsg) driver version 0.4 loaded (major 244)
Oct 13 07:04:48 ip-172-31-28-218 kernel: [    2.899461] io scheduler mq-deadline registered
Oct 13 07:04:48 ip-172-31-28-218 kernel: [    2.903518] shpchp: Standard Hot Plug PCI Controller Driver version: 0.4
Oct 13 07:04:48 ip-172-31-28-218 kernel: [    2.908520] intel_idle: Please enable MWAIT in BIOS SETUP
Oct 13 07:04:48 ip-172-31-28-218 kernel: [    2.908635] input: Power Button as /devices/LNXSYSTM:00/LNXPWRBN:00/input/input0
Oct 13 07:04:48 ip-172-31-28-218 kernel: [    2.914655] ACPI: Power Button [PWRF]
Oct 13 07:04:48 ip-172-31-28-218 kernel: [    2.918231] input: Sleep Button as /devices/LNXSYSTM:00/LNXSLPBN:00/input/input1
Oct 13 07:04:48 ip-172-31-28-218 kernel: [    2.927670] ACPI: Sleep Button [SLPF]
Oct 13 07:04:48 ip-172-31-28-218 kernel: [    2.937250] xen: --> pirq=22 -> irq=28 (gsi=28)
Oct 13 07:04:48 ip-172-31-28-218 kernel: [    2.937424] xen:grant_table: Grant tables using version 1 layout
Oct 13 07:04:48 ip-172-31-28-218 kernel: [    2.942789] Grant table initialized
Oct 13 07:04:48 ip-172-31-28-218 kernel: [    2.945970] Cannot get hvm parameter CONSOLE_EVTCHN (18): -22!
Oct 13 07:04:48 ip-172-31-28-218 kernel: [    2.950441] Serial: 8250/16550 driver, 4 ports, IRQ sharing enabled
Oct 13 07:04:48 ip-172-31-28-218 kernel: [    2.993461] 00:06: ttyS0 at I/O 0x3f8 (irq = 4, base_baud = 115200) is a 16550A
Oct 13 07:04:48 ip-172-31-28-218 kernel: [    3.004369] Linux agpgart interface v0.103
Oct 13 07:04:48 ip-172-31-28-218 kernel: [    3.014080] loop: module loaded
Oct 13 07:04:48 ip-172-31-28-218 kernel: [    3.020005] ata_piix 0000:00:01.1: version 2.13
Oct 13 07:04:48 ip-172-31-28-218 kernel: [    3.021513] scsi host0: ata_piix
Oct 13 07:04:48 ip-172-31-28-218 kernel: [    3.026763] blkfront: xvda: barrier or flush: disabled; persistent grants: disabled; indirect descriptors: enabled;
Oct 13 07:04:48 ip-172-31-28-218 kernel: [    3.026805] scsi host1: ata_piix
Oct 13 07:04:48 ip-172-31-28-218 kernel: [    3.043475] ata1: PATA max MWDMA2 cmd 0x1f0 ctl 0x3f6 bmdma 0xc100 irq 14
Oct 13 07:04:48 ip-172-31-28-218 kernel: [    3.044086]  xvda: xvda1
Oct 13 07:04:48 ip-172-31-28-218 kernel: [    3.051057] ata2: PATA max MWDMA2 cmd 0x170 ctl 0x376 bmdma 0xc108 irq 15
Oct 13 07:04:48 ip-172-31-28-218 kernel: [    3.059644] libphy: Fixed MDIO Bus: probed
Oct 13 07:04:48 ip-172-31-28-218 kernel: [    3.063462] tun: Universal TUN/TAP device driver, 1.6
Oct 13 07:04:48 ip-172-31-28-218 kernel: [    3.067536] PPP generic driver version 2.4.2
Oct 13 07:04:48 ip-172-31-28-218 kernel: [    3.071214] ehci_hcd: USB 2.0 'Enhanced' Host Controller (EHCI) Driver
Oct 13 07:04:48 ip-172-31-28-218 kernel: [    3.076145] ehci-pci: EHCI PCI platform driver
Oct 13 07:04:48 ip-172-31-28-218 kernel: [    3.079739] ehci-platform: EHCI generic platform driver
Oct 13 07:04:48 ip-172-31-28-218 kernel: [    3.083748] ohci_hcd: USB 1.1 'Open' Host Controller (OHCI) Driver
Oct 13 07:04:48 ip-172-31-28-218 kernel: [    3.088411] ohci-pci: OHCI PCI platform driver
Oct 13 07:04:48 ip-172-31-28-218 kernel: [    3.092129] ohci-platform: OHCI generic platform driver
Oct 13 07:04:48 ip-172-31-28-218 kernel: [    3.096298] uhci_hcd: USB Universal Host Controller Interface driver
Oct 13 07:04:48 ip-172-31-28-218 kernel: [    3.101279] i8042: PNP: PS/2 Controller [PNP0303:PS2K,PNP0f13:PS2M] at 0x60,0x64 irq 1,12
Oct 13 07:04:48 ip-172-31-28-218 kernel: [    3.109232] serio: i8042 KBD port at 0x60,0x64 irq 1
Oct 13 07:04:48 ip-172-31-28-218 kernel: [    3.112590] serio: i8042 AUX port at 0x60,0x64 irq 12
Oct 13 07:04:48 ip-172-31-28-218 kernel: [    3.116976] mousedev: PS/2 mouse device common for all mice
Oct 13 07:04:48 ip-172-31-28-218 kernel: [    3.123458] rtc_cmos 00:02: registered as rtc0
Oct 13 07:04:48 ip-172-31-28-218 kernel: [    3.128441] rtc_cmos 00:02: alarms up to one day, 114 bytes nvram, hpet irqs
Oct 13 07:04:48 ip-172-31-28-218 kernel: [    3.135885] device-mapper: uevent: version 1.0.3
Oct 13 07:04:48 ip-172-31-28-218 kernel: [    3.141376] input: AT Translated Set 2 keyboard as /devices/platform/i8042/serio0/input/input2
Oct 13 07:04:48 ip-172-31-28-218 kernel: [    3.141422] device-mapper: ioctl: 4.41.0-ioctl (2019-09-16) initialised: dm-devel@redhat.com
Oct 13 07:04:48 ip-172-31-28-218 kernel: [    3.163202] platform eisa.0: Probing EISA bus 0
Oct 13 07:04:48 ip-172-31-28-218 kernel: [    3.168998] platform eisa.0: EISA: Cannot allocate resource for mainboard
Oct 13 07:04:48 ip-172-31-28-218 kernel: [    3.176163] platform eisa.0: Cannot allocate resource for EISA slot 1
Oct 13 07:04:48 ip-172-31-28-218 kernel: [    3.181798] platform eisa.0: Cannot allocate resource for EISA slot 2
Oct 13 07:04:48 ip-172-31-28-218 kernel: [    3.188694] platform eisa.0: Cannot allocate resource for EISA slot 3
Oct 13 07:04:48 ip-172-31-28-218 kernel: [    3.193509] platform eisa.0: Cannot allocate resource for EISA slot 4
Oct 13 07:04:48 ip-172-31-28-218 kernel: [    3.197284] platform eisa.0: Cannot allocate resource for EISA slot 5
Oct 13 07:04:48 ip-172-31-28-218 kernel: [    3.202265] platform eisa.0: Cannot allocate resource for EISA slot 6
Oct 13 07:04:48 ip-172-31-28-218 kernel: [    3.207303] platform eisa.0: Cannot allocate resource for EISA slot 7
Oct 13 07:04:48 ip-172-31-28-218 kernel: [    3.213028] platform eisa.0: Cannot allocate resource for EISA slot 8
Oct 13 07:04:48 ip-172-31-28-218 kernel: [    3.218488] platform eisa.0: EISA: Detected 0 cards
Oct 13 07:04:48 ip-172-31-28-218 kernel: [    3.222479] intel_pstate: CPU model not supported
Oct 13 07:04:48 ip-172-31-28-218 kernel: [    3.226367] drop_monitor: Initializing network drop monitor service
Oct 13 07:04:48 ip-172-31-28-218 kernel: [    3.231349] NET: Registered protocol family 10
Oct 13 07:04:48 ip-172-31-28-218 kernel: [    3.239124] Segment Routing with IPv6
Oct 13 07:04:48 ip-172-31-28-218 kernel: [    3.242407] NET: Registered protocol family 17
Oct 13 07:04:48 ip-172-31-28-218 kernel: [    3.246145] Key type dns_resolver registered
Oct 13 07:04:48 ip-172-31-28-218 kernel: [    3.250308] RAS: Correctable Errors collector initialized.
Oct 13 07:04:48 ip-172-31-28-218 kernel: [    3.256742] IPI shorthand broadcast: enabled
Oct 13 07:04:48 ip-172-31-28-218 kernel: [    3.261065] sched_clock: Marking stable (2524503097, 736550807)->(3376634196, -115580292)
Oct 13 07:04:48 ip-172-31-28-218 kernel: [    3.267895] registered taskstats version 1
Oct 13 07:04:48 ip-172-31-28-218 kernel: [    3.271405] Loading compiled-in X.509 certificates
Oct 13 07:04:48 ip-172-31-28-218 kernel: [    3.277968] Loaded X.509 cert 'Build time autogenerated kernel key: 8286cd69e9f8b235cc87c05595d9618d16929256'
Oct 13 07:04:48 ip-172-31-28-218 kernel: [    3.289268] Loaded X.509 cert 'Canonical Ltd. Live Patch Signing: 14df34d1a87cf37625abec039ef2bf521249b969'
Oct 13 07:04:48 ip-172-31-28-218 kernel: [    3.301162] Loaded X.509 cert 'Canonical Ltd. Kernel Module Signing: 88f752e560a1e0737e31163a466ad7b70a850c19'
Oct 13 07:04:48 ip-172-31-28-218 kernel: [    3.312645] zswap: loaded using pool lzo/zbud
Oct 13 07:04:48 ip-172-31-28-218 kernel: [    3.318474] Key type ._fscrypt registered
Oct 13 07:04:48 ip-172-31-28-218 kernel: [    3.323619] Key type .fscrypt registered
Oct 13 07:04:48 ip-172-31-28-218 kernel: [    3.332549] Key type big_key registered
Oct 13 07:04:48 ip-172-31-28-218 kernel: [    3.339339] Key type encrypted registered
Oct 13 07:04:48 ip-172-31-28-218 kernel: [    3.344526] AppArmor: AppArmor sha1 policy hashing enabled
Oct 13 07:04:48 ip-172-31-28-218 kernel: [    3.351369] ima: No TPM chip found, activating TPM-bypass!
Oct 13 07:04:48 ip-172-31-28-218 kernel: [    3.358045] ima: Allocated hash algorithm: sha1
Oct 13 07:04:48 ip-172-31-28-218 kernel: [    3.363804] ima: No architecture policies found
Oct 13 07:04:48 ip-172-31-28-218 kernel: [    3.369645] evm: Initialising EVM extended attributes:
Oct 13 07:04:48 ip-172-31-28-218 kernel: [    3.375947] evm: security.selinux
Oct 13 07:04:48 ip-172-31-28-218 kernel: [    3.380550] evm: security.SMACK64
Oct 13 07:04:48 ip-172-31-28-218 kernel: [    3.385234] evm: security.SMACK64EXEC
Oct 13 07:04:48 ip-172-31-28-218 kernel: [    3.390160] evm: security.SMACK64TRANSMUTE
Oct 13 07:04:48 ip-172-31-28-218 kernel: [    3.396008] evm: security.SMACK64MMAP
Oct 13 07:04:48 ip-172-31-28-218 kernel: [    3.401059] evm: security.apparmor
Oct 13 07:04:48 ip-172-31-28-218 kernel: [    3.406068] evm: security.ima
Oct 13 07:04:48 ip-172-31-28-218 kernel: [    3.410487] evm: security.capability
Oct 13 07:04:48 ip-172-31-28-218 kernel: [    3.415640] evm: HMAC attrs: 0x1
Oct 13 07:04:48 ip-172-31-28-218 kernel: [    3.421041] xenbus_probe_frontend: Device with no driver: device/vif/0
Oct 13 07:04:48 ip-172-31-28-218 kernel: [    3.429542] PM:   Magic number: 9:255:66
Oct 13 07:04:48 ip-172-31-28-218 kernel: [    3.434782] memory memory227: hash matches
Oct 13 07:04:48 ip-172-31-28-218 kernel: [    3.440168] memory memory94: hash matches
Oct 13 07:04:48 ip-172-31-28-218 kernel: [    3.445489] rtc_cmos 00:02: setting system clock to 2021-10-13T07:04:36 UTC (1634108676)
Oct 13 07:04:48 ip-172-31-28-218 kernel: [    3.458418] Freeing unused decrypted memory: 2036K
Oct 13 07:04:48 ip-172-31-28-218 kernel: [    3.466155] Freeing unused kernel image memory: 2656K
Oct 13 07:04:48 ip-172-31-28-218 kernel: [    3.491877] Write protecting the kernel read-only data: 22528k
Oct 13 07:04:48 ip-172-31-28-218 kernel: [    3.500990] Freeing unused kernel image memory: 2008K
Oct 13 07:04:48 ip-172-31-28-218 kernel: [    3.508125] Freeing unused kernel image memory: 1488K
Oct 13 07:04:48 ip-172-31-28-218 kernel: [    3.523591] x86/mm: Checked W+X mappings: passed, no W+X pages found.
Oct 13 07:04:48 ip-172-31-28-218 kernel: [    3.531345] x86/mm: Checking user space page tables
Oct 13 07:04:48 ip-172-31-28-218 kernel: [    3.545527] x86/mm: Checked W+X mappings: passed, no W+X pages found.
Oct 13 07:04:48 ip-172-31-28-218 kernel: [    3.553360] Run /init as init process
Oct 13 07:04:48 ip-172-31-28-218 kernel: [    3.658978] cryptd: max_cpu_qlen set to 1000
Oct 13 07:04:48 ip-172-31-28-218 kernel: [    3.667561] AVX2 version of gcm_enc/dec engaged.
Oct 13 07:04:48 ip-172-31-28-218 kernel: [    3.673960] AES CTR mode by8 optimization enabled
Oct 13 07:04:48 ip-172-31-28-218 kernel: [    3.681867] xen_netfront: Initialising Xen virtual ethernet driver
Oct 13 07:04:48 ip-172-31-28-218 kernel: [    3.839895] tsc: Refined TSC clocksource calibration: 2300.000 MHz
Oct 13 07:04:48 ip-172-31-28-218 kernel: [    3.847748] clocksource: tsc: mask: 0xffffffffffffffff max_cycles: 0x212735223b2, max_idle_ns: 440795277976 ns
Oct 13 07:04:48 ip-172-31-28-218 kernel: [    5.439844] raid6: avx2x4   gen() 23283 MB/s
Oct 13 07:04:48 ip-172-31-28-218 kernel: [    5.491848] raid6: avx2x4   xor() 14815 MB/s
Oct 13 07:04:48 ip-172-31-28-218 kernel: [    5.539848] raid6: avx2x2   gen() 20677 MB/s
Oct 13 07:04:48 ip-172-31-28-218 kernel: [    5.587845] raid6: avx2x2   xor() 12329 MB/s
Oct 13 07:04:48 ip-172-31-28-218 kernel: [    5.639872] raid6: avx2x1   gen() 17685 MB/s
Oct 13 07:04:48 ip-172-31-28-218 kernel: [    5.687850] raid6: avx2x1   xor() 11680 MB/s
Oct 13 07:04:48 ip-172-31-28-218 kernel: [    5.735871] raid6: sse2x4   gen() 12882 MB/s
Oct 13 07:04:48 ip-172-31-28-218 kernel: [    5.787848] raid6: sse2x4   xor()  8190 MB/s
Oct 13 07:04:48 ip-172-31-28-218 kernel: [    5.835848] raid6: sse2x2   gen() 11080 MB/s
Oct 13 07:04:48 ip-172-31-28-218 kernel: [    5.887851] raid6: sse2x2   xor()  6974 MB/s
Oct 13 07:04:48 ip-172-31-28-218 kernel: [    5.939874] raid6: sse2x1   gen()  9267 MB/s
Oct 13 07:04:48 ip-172-31-28-218 kernel: [    5.991855] raid6: sse2x1   xor()  6414 MB/s
Oct 13 07:04:48 ip-172-31-28-218 kernel: [    5.995970] raid6: using algorithm avx2x4 gen() 23283 MB/s
Oct 13 07:04:48 ip-172-31-28-218 kernel: [    6.000807] raid6: .... xor() 14815 MB/s, rmw enabled
Oct 13 07:04:48 ip-172-31-28-218 kernel: [    6.005290] raid6: using avx2x2 recovery algorithm
Oct 13 07:04:48 ip-172-31-28-218 kernel: [    6.010812] xor: automatically using best checksumming function   avx       
Oct 13 07:04:48 ip-172-31-28-218 kernel: [    6.017850] async_tx: api initialized (async)
Oct 13 07:04:48 ip-172-31-28-218 kernel: [    6.072224] Btrfs loaded, crc32c=crc32c-intel
Oct 13 07:04:48 ip-172-31-28-218 kernel: [    6.138933] EXT4-fs (xvda1): mounted filesystem with ordered data mode. Opts: (null)
Oct 13 07:04:48 ip-172-31-28-218 kernel: [    6.855407] systemd[1]: systemd 237 running in system mode. (+PAM +AUDIT +SELINUX +IMA +APPARMOR +SMACK +SYSVINIT +UTMP +LIBCRYPTSETUP +GCRYPT +GNUTLS +ACL +XZ +LZ4 +SECCOMP +BLKID +ELFUTILS +KMOD -IDN2 +IDN -PCRE2 default-hierarchy=hybrid)
Oct 13 07:04:48 ip-172-31-28-218 kernel: [    6.875060] systemd[1]: Detected virtualization xen.
Oct 13 07:04:48 ip-172-31-28-218 kernel: [    6.880053] systemd[1]: Detected architecture x86-64.
Oct 13 07:04:48 ip-172-31-28-218 kernel: [    6.908761] systemd[1]: Set hostname to <ubuntu>.
Oct 13 07:04:48 ip-172-31-28-218 kernel: [    6.943578] systemd[1]: Initializing machine ID from random generator.
Oct 13 07:04:48 ip-172-31-28-218 kernel: [    6.948633] systemd[1]: Installed transient /etc/machine-id file.
Oct 13 07:04:48 ip-172-31-28-218 kernel: [    7.345015] systemd[1]: Created slice System Slice.
Oct 13 07:04:48 ip-172-31-28-218 kernel: [    7.351461] systemd[1]: Listening on LVM2 poll daemon socket.
Oct 13 07:04:48 ip-172-31-28-218 kernel: [    7.359484] systemd[1]: Listening on Device-mapper event daemon FIFOs.
Oct 13 07:04:48 ip-172-31-28-218 kernel: [    7.368037] systemd[1]: Listening on fsck to fsckd communication Socket.
Oct 13 07:04:48 ip-172-31-28-218 kernel: [    7.458929] Loading iSCSI transport class v2.0-870.
Oct 13 07:04:48 ip-172-31-28-218 kernel: [    7.480840] EXT4-fs (xvda1): re-mounted. Opts: discard
Oct 13 07:04:48 ip-172-31-28-218 kernel: [    7.505802] iscsi: registered transport (tcp)
Oct 13 07:04:48 ip-172-31-28-218 kernel: [    7.568298] iscsi: registered transport (iser)
Oct 13 07:04:48 ip-172-31-28-218 kernel: [    7.642667] systemd-journald[470]: Received request to flush runtime journal from PID 1
Oct 13 07:04:48 ip-172-31-28-218 kernel: [    8.476949] audit: type=1400 audit(1634108681.528:2): apparmor="STATUS" operation="profile_load" profile="unconfined" name="/usr/bin/lxc-start" pid=722 comm="apparmor_parser"
Oct 13 07:04:48 ip-172-31-28-218 kernel: [    8.542203] audit: type=1400 audit(1634108681.592:3): apparmor="STATUS" operation="profile_load" profile="unconfined" name="/usr/bin/man" pid=726 comm="apparmor_parser"
Oct 13 07:04:48 ip-172-31-28-218 kernel: [    8.542534] audit: type=1400 audit(1634108681.592:4): apparmor="STATUS" operation="profile_load" profile="unconfined" name="man_filter" pid=726 comm="apparmor_parser"
Oct 13 07:04:48 ip-172-31-28-218 kernel: [    8.542893] audit: type=1400 audit(1634108681.592:5): apparmor="STATUS" operation="profile_load" profile="unconfined" name="man_groff" pid=726 comm="apparmor_parser"
Oct 13 07:04:48 ip-172-31-28-218 kernel: [    8.566452] audit: type=1400 audit(1634108681.616:6): apparmor="STATUS" operation="profile_load" profile="unconfined" name="/usr/sbin/tcpdump" pid=728 comm="apparmor_parser"
Oct 13 07:04:48 ip-172-31-28-218 kernel: [    8.637247] audit: type=1400 audit(1634108681.688:7): apparmor="STATUS" operation="profile_load" profile="unconfined" name="/sbin/dhclient" pid=725 comm="apparmor_parser"
Oct 13 07:04:48 ip-172-31-28-218 kernel: [    8.637688] audit: type=1400 audit(1634108681.688:8): apparmor="STATUS" operation="profile_load" profile="unconfined" name="/usr/lib/NetworkManager/nm-dhcp-client.action" pid=725 comm="apparmor_parser"
Oct 13 07:04:48 ip-172-31-28-218 kernel: [    8.638099] audit: type=1400 audit(1634108681.688:9): apparmor="STATUS" operation="profile_load" profile="unconfined" name="/usr/lib/NetworkManager/nm-dhcp-helper" pid=725 comm="apparmor_parser"
Oct 13 07:04:48 ip-172-31-28-218 kernel: [    8.638475] audit: type=1400 audit(1634108681.688:10): apparmor="STATUS" operation="profile_load" profile="unconfined" name="/usr/lib/connman/scripts/dhclient-script" pid=725 comm="apparmor_parser"
Oct 13 07:04:48 ip-172-31-28-218 kernel: [    8.699328] audit: type=1400 audit(1634108681.748:11): apparmor="STATUS" operation="profile_load" profile="unconfined" name="/usr/lib/snapd/snap-confine" pid=719 comm="apparmor_parser"
Oct 13 07:04:48 ip-172-31-28-218 kernel: [   13.868041] EXT4-fs (xvda1): resizing filesystem from 2096891 to 34078459 blocks
Oct 13 07:04:48 ip-172-31-28-218 kernel: [   14.561213] EXT4-fs (xvda1): resized filesystem to 34078459
Oct 13 07:04:48 ip-172-31-28-218 kernel: [   15.029003] new mount options do not match the existing superblock, will be ignored
Oct 13 07:04:48 ip-172-31-28-218 cloud-init[865]: |.Bo@B.+          |
Oct 13 07:04:48 ip-172-31-28-218 cloud-init[865]: | +B=XX.          |
Oct 13 07:04:48 ip-172-31-28-218 cloud-init[865]: +----[SHA256]-----+
Oct 13 07:04:48 ip-172-31-28-218 cloud-init[865]: Generating public/private ed25519 key pair.
Oct 13 07:04:48 ip-172-31-28-218 cloud-init[865]: Your identification has been saved in /etc/ssh/ssh_host_ed25519_key.
Oct 13 07:04:48 ip-172-31-28-218 cloud-init[865]: Your public key has been saved in /etc/ssh/ssh_host_ed25519_key.pub.
Oct 13 07:04:48 ip-172-31-28-218 cloud-init[865]: The key fingerprint is:
Oct 13 07:04:48 ip-172-31-28-218 cloud-init[865]: SHA256:RG1bbu3kl5FT5UUsUphZ6D7uNFqqHH7yW35qlVucLRM root@ip-172-31-28-218
Oct 13 07:04:48 ip-172-31-28-218 cloud-init[865]: The key's randomart image is:
Oct 13 07:04:48 ip-172-31-28-218 cloud-init[865]: +--[ED25519 256]--+
Oct 13 07:04:48 ip-172-31-28-218 cloud-init[865]: |        ..   Boo=|
Oct 13 07:04:48 ip-172-31-28-218 cloud-init[865]: |       .  o B ..+|
Oct 13 07:04:48 ip-172-31-28-218 cloud-init[865]: |        .. = o .+|
Oct 13 07:04:48 ip-172-31-28-218 cloud-init[865]: |       .  . + E+ |
Oct 13 07:04:48 ip-172-31-28-218 cloud-init[865]: |        S  o + +*|
Oct 13 07:04:48 ip-172-31-28-218 cloud-init[865]: |            o Bo=|
Oct 13 07:04:48 ip-172-31-28-218 cloud-init[865]: |        .  .=o * |
Oct 13 07:04:48 ip-172-31-28-218 cloud-init[865]: |       o...Bo.o  |
Oct 13 07:04:48 ip-172-31-28-218 systemd[1]: Started Initial cloud-init job (metadata service crawler).
Oct 13 07:04:48 ip-172-31-28-218 acpid: starting up with netlink and the input layer
Oct 13 07:04:48 ip-172-31-28-218 cloud-init[865]: |        +==++o   |
Oct 13 07:04:48 ip-172-31-28-218 cloud-init[865]: +----[SHA256]-----+
Oct 13 07:04:48 ip-172-31-28-218 systemd[1]: Reached target Cloud-config availability.
Oct 13 07:04:48 ip-172-31-28-218 acpid: 2 rules loaded
Oct 13 07:04:48 ip-172-31-28-218 systemd[1]: Reached target System Initialization.
Oct 13 07:04:48 ip-172-31-28-218 acpid: waiting for events: event logging is off
Oct 13 07:04:48 ip-172-31-28-218 systemd[1]: Starting Socket activation for snappy daemon.
Oct 13 07:04:48 ip-172-31-28-218 cron[1039]: (CRON) INFO (pidfile fd = 3)
Oct 13 07:04:48 ip-172-31-28-218 systemd[1]: Started Daily Cleanup of Temporary Directories.
Oct 13 07:04:48 ip-172-31-28-218 cron[1039]: (CRON) INFO (Running @reboot jobs)
Oct 13 07:04:48 ip-172-31-28-218 systemd[1]: Listening on Open-iSCSI iscsid Socket.
Oct 13 07:04:48 ip-172-31-28-218 pollinate[995]: client sent challenge to [https://entropy.ubuntu.com/]
Oct 13 07:04:48 ip-172-31-28-218 lxcfs[1000]: mount namespace: 5
Oct 13 07:04:48 ip-172-31-28-218 lxcfs[1000]: hierarchies:
Oct 13 07:04:48 ip-172-31-28-218 lxcfs[1000]:   0: fd:   6: hugetlb
Oct 13 07:04:48 ip-172-31-28-218 lxcfs[1000]:   1: fd:   7: blkio
Oct 13 07:04:48 ip-172-31-28-218 lxcfs[1000]:   2: fd:   8: rdma
Oct 13 07:04:48 ip-172-31-28-218 lxcfs[1000]:   3: fd:   9: devices
Oct 13 07:04:48 ip-172-31-28-218 lxcfs[1000]:   4: fd:  10: cpuset
Oct 13 07:04:48 ip-172-31-28-218 lxcfs[1000]:   5: fd:  11: pids
Oct 13 07:04:48 ip-172-31-28-218 lxcfs[1000]:   6: fd:  12: freezer
Oct 13 07:04:48 ip-172-31-28-218 lxcfs[1000]:   7: fd:  13: perf_event
Oct 13 07:04:48 ip-172-31-28-218 lxcfs[1000]:   8: fd:  14: net_cls,net_prio
Oct 13 07:04:48 ip-172-31-28-218 lxcfs[1000]:   9: fd:  15: cpu,cpuacct
Oct 13 07:04:48 ip-172-31-28-218 lxcfs[1000]:  10: fd:  16: memory
Oct 13 07:04:48 ip-172-31-28-218 lxcfs[1000]:  11: fd:  17: name=systemd
Oct 13 07:04:48 ip-172-31-28-218 lxcfs[1000]:  12: fd:  18: unified
Oct 13 07:04:48 ip-172-31-28-218 systemd[1]: Listening on ACPID Listen Socket.
Oct 13 07:04:48 ip-172-31-28-218 rsyslogd: imuxsock: Acquired UNIX socket '/run/systemd/journal/syslog' (fd 3) from systemd.  [v8.32.0]
Oct 13 07:04:48 ip-172-31-28-218 systemd[1]: Started Daily apt download activities.
Oct 13 07:04:48 ip-172-31-28-218 rsyslogd: rsyslogd's groupid changed to 106
Oct 13 07:04:48 ip-172-31-28-218 systemd[1]: Started Daily apt upgrade and clean activities.
Oct 13 07:04:48 ip-172-31-28-218 rsyslogd: rsyslogd's userid changed to 102
Oct 13 07:04:48 ip-172-31-28-218 systemd[1]: Started ACPI Events Check.
Oct 13 07:04:48 ip-172-31-28-218 rsyslogd:  [origin software="rsyslogd" swVersion="8.32.0" x-pid="1008" x-info="http://www.rsyslog.com"] start
Oct 13 07:04:48 ip-172-31-28-218 systemd[1]: Listening on D-Bus System Message Bus Socket.
Oct 13 07:04:48 ip-172-31-28-218 dbus-daemon[1050]: [system] AppArmor D-Bus mediation is enabled
Oct 13 07:04:48 ip-172-31-28-218 systemd[1]: Starting LXD - unix socket.
Oct 13 07:04:48 ip-172-31-28-218 dbus-daemon[1050]: [system] Activating via systemd: service name='org.freedesktop.hostname1' unit='dbus-org.freedesktop.hostname1.service' requested by ':1.2' (uid=100 pid=816 comm="/lib/systemd/systemd-networkd " label="unconfined")
Oct 13 07:04:48 ip-172-31-28-218 systemd[1]: Listening on UUID daemon activation socket.
Oct 13 07:04:48 ip-172-31-28-218 dbus-daemon[1050]: [system] Activating via systemd: service name='org.freedesktop.PolicyKit1' unit='polkit.service' requested by ':1.4' (uid=0 pid=1011 comm="/usr/lib/accountsservice/accounts-daemon " label="unconfined")
Oct 13 07:04:48 ip-172-31-28-218 systemd[1]: Started Discard unused blocks once a week.
Oct 13 07:04:48 ip-172-31-28-218 systemd[1]: Reached target Paths.
Oct 13 07:04:48 ip-172-31-28-218 systemd[1]: Started Message of the Day.
Oct 13 07:04:48 ip-172-31-28-218 systemd[1]: Reached target Timers.
Oct 13 07:04:48 ip-172-31-28-218 systemd[1]: Reached target Network is Online.
Oct 13 07:04:48 ip-172-31-28-218 systemd[1]: Starting Availability of block devices...
Oct 13 07:04:48 ip-172-31-28-218 systemd[1]: Reached target Remote File Systems (Pre).
Oct 13 07:04:48 ip-172-31-28-218 systemd[1]: Reached target Remote File Systems.
Oct 13 07:04:48 ip-172-31-28-218 systemd[1]: Listening on Socket activation for snappy daemon.
Oct 13 07:04:48 ip-172-31-28-218 systemd[1]: Listening on LXD - unix socket.
Oct 13 07:04:48 ip-172-31-28-218 systemd[1]: Started Availability of block devices.
Oct 13 07:04:48 ip-172-31-28-218 systemd[1]: Reached target Sockets.
Oct 13 07:04:48 ip-172-31-28-218 systemd[1]: Reached target Basic System.
Oct 13 07:04:48 ip-172-31-28-218 systemd[1]: Started irqbalance daemon.
Oct 13 07:04:48 ip-172-31-28-218 systemd[1]: Starting Pollinate to seed the pseudo random number generator...
Oct 13 07:04:48 ip-172-31-28-218 systemd[1]: Started Deferred execution scheduler.
Oct 13 07:04:48 ip-172-31-28-218 systemd[1]: Started FUSE filesystem for LXC.
Oct 13 07:04:48 ip-172-31-28-218 systemd[1]: Starting LXD - container startup/shutdown...
Oct 13 07:04:48 ip-172-31-28-218 systemd[1]: Starting System Logging Service...
Oct 13 07:04:48 ip-172-31-28-218 systemd[1]: Starting Accounts Service...
Oct 13 07:04:48 ip-172-31-28-218 systemd[1]: Starting LSB: automatic crash report generation...
Oct 13 07:04:48 ip-172-31-28-218 systemd[1]: Starting Dispatcher daemon for systemd-networkd...
Oct 13 07:04:48 ip-172-31-28-218 systemd[1]: Started ACPI event daemon.
Oct 13 07:04:48 ip-172-31-28-218 systemd[1]: Starting Login Service...
Oct 13 07:04:48 ip-172-31-28-218 systemd[1]: Starting Permit User Sessions...
Oct 13 07:04:48 ip-172-31-28-218 systemd[1]: Started Regular background program processing daemon.
Oct 13 07:04:48 ip-172-31-28-218 systemd[1]: Starting LSB: Record successful boot for GRUB...
Oct 13 07:04:48 ip-172-31-28-218 systemd[1]: Started D-Bus System Message Bus.
Oct 13 07:04:48 ip-172-31-28-218 systemd[1]: Starting Snap Daemon...
Oct 13 07:04:48 ip-172-31-28-218 systemd[1]: Started System Logging Service.
Oct 13 07:04:48 ip-172-31-28-218 systemd[1]: Started Permit User Sessions.
Oct 13 07:04:48 ip-172-31-28-218 systemd[1]: Started Login Service.
Oct 13 07:04:48 ip-172-31-28-218 apport[1013]:  * Starting automatic crash report generation: apport
Oct 13 07:04:48 ip-172-31-28-218 grub-common[1046]:  * Recording successful boot for GRUB
Oct 13 07:04:48 ip-172-31-28-218 systemd[1]: Starting Authorization Manager...
Oct 13 07:04:48 ip-172-31-28-218 systemd[1]: Starting Hostname Service...
Oct 13 07:04:48 ip-172-31-28-218 systemd[1]: Started Unattended Upgrades Shutdown.
Oct 13 07:04:48 ip-172-31-28-218 systemd[1]: Starting Hold until boot process finishes up...
Oct 13 07:04:48 ip-172-31-28-218 systemd[1]: Starting Terminate Plymouth Boot Screen...
Oct 13 07:04:48 ip-172-31-28-218 apport[1013]:    ...done.
Oct 13 07:04:48 ip-172-31-28-218 systemd[1]: Started LSB: automatic crash report generation.
Oct 13 07:04:48 ip-172-31-28-218 systemd[1]: Started Hold until boot process finishes up.
Oct 13 07:04:48 ip-172-31-28-218 networkd-dispatcher[1014]: No valid path found for iwconfig
Oct 13 07:04:48 ip-172-31-28-218 networkd-dispatcher[1014]: No valid path found for iw
Oct 13 07:04:48 ip-172-31-28-218 systemd[1]: Starting Set console scheme...
Oct 13 07:04:48 ip-172-31-28-218 systemd[1]: Started Serial Getty on ttyS0.
Oct 13 07:04:48 ip-172-31-28-218 systemd[1]: Started Terminate Plymouth Boot Screen.
Oct 13 07:04:48 ip-172-31-28-218 dbus-daemon[1050]: [system] Successfully activated service 'org.freedesktop.hostname1'
Oct 13 07:04:48 ip-172-31-28-218 systemd[1]: Started Set console scheme.
Oct 13 07:04:48 ip-172-31-28-218 systemd[1]: Started Hostname Service.
Oct 13 07:04:48 ip-172-31-28-218 polkitd[1156]: started daemon version 0.105 using authority implementation `local' version `0.105'
Oct 13 07:04:48 ip-172-31-28-218 systemd[1]: Created slice system-getty.slice.
Oct 13 07:04:48 ip-172-31-28-218 dbus-daemon[1050]: [system] Successfully activated service 'org.freedesktop.PolicyKit1'
Oct 13 07:04:48 ip-172-31-28-218 grub-common[1046]:    ...done.
Oct 13 07:04:48 ip-172-31-28-218 systemd[1]: Started Getty on tty1.
Oct 13 07:04:48 ip-172-31-28-218 accounts-daemon[1011]: started daemon version 0.6.45
Oct 13 07:04:48 ip-172-31-28-218 systemd[1]: Reached target Login Prompts.
Oct 13 07:04:48 ip-172-31-28-218 systemd[1]: Started Dispatcher daemon for systemd-networkd.
Oct 13 07:04:48 ip-172-31-28-218 systemd[1]: Started LSB: Record successful boot for GRUB.
Oct 13 07:04:48 ip-172-31-28-218 systemd[1]: Started Authorization Manager.
Oct 13 07:04:48 ip-172-31-28-218 systemd[1]: Started Accounts Service.
Oct 13 07:04:48 ip-172-31-28-218 snapd[1129]: AppArmor status: apparmor is enabled and all features are available
Oct 13 07:04:48 ip-172-31-28-218 systemd[1]: Started LXD - container startup/shutdown.
Oct 13 07:04:48 ip-172-31-28-218 snapd[1129]: daemon.go:347: started snapd/2.48.3+18.04 (series 16; classic) ubuntu/18.04 (amd64) linux/5.4.0-1045-aws.
Oct 13 07:04:48 ip-172-31-28-218 snapd[1129]: daemon.go:440: adjusting startup timeout by 30s (pessimistic estimate of 30s plus 5s per snap)
Oct 13 07:04:48 ip-172-31-28-218 snapd[1129]: helpers.go:105: error trying to compare the snap system key: system-key missing on disk
Oct 13 07:04:48 ip-172-31-28-218 systemd[1]: Started Snap Daemon.
Oct 13 07:04:48 ip-172-31-28-218 systemd[1]: Starting Wait until snapd is fully seeded...
Oct 13 07:04:49 ip-172-31-28-218 pollinate[995]: client verified challenge/response with [https://entropy.ubuntu.com/]
Oct 13 07:04:49 ip-172-31-28-218 pollinate[995]: client hashed response from [https://entropy.ubuntu.com/]
Oct 13 07:04:49 ip-172-31-28-218 pollinate[995]: client successfully seeded [/dev/urandom]
Oct 13 07:04:49 ip-172-31-28-218 systemd[1]: Started Pollinate to seed the pseudo random number generator.
Oct 13 07:04:49 ip-172-31-28-218 systemd[1]: Starting OpenBSD Secure Shell server...
Oct 13 07:04:49 ip-172-31-28-218 systemd[1]: Started OpenBSD Secure Shell server.
Oct 13 07:04:52 ip-172-31-28-218 systemd[1]: Reloading.
Oct 13 07:04:52 ip-172-31-28-218 systemd[1]: Reloading.
Oct 13 07:04:52 ip-172-31-28-218 systemd[1]: Mounting Mount unit for snapd, revision 11588...
Oct 13 07:04:52 ip-172-31-28-218 systemd[1]: Mounted Mount unit for snapd, revision 11588.
Oct 13 07:04:52 ip-172-31-28-218 kernel: [   19.862238] kauditd_printk_skb: 5 callbacks suppressed
Oct 13 07:04:52 ip-172-31-28-218 kernel: [   19.862240] audit: type=1400 audit(1634108692.912:17): apparmor="STATUS" operation="profile_load" profile="unconfined" name="/snap/snapd/11588/usr/lib/snapd/snap-confine" pid=1703 comm="apparmor_parser"
Oct 13 07:04:52 ip-172-31-28-218 kernel: [   19.862457] audit: type=1400 audit(1634108692.912:18): apparmor="STATUS" operation="profile_load" profile="unconfined" name="/snap/snapd/11588/usr/lib/snapd/snap-confine//mount-namespace-capture-helper" pid=1703 comm="apparmor_parser"
Oct 13 07:04:53 ip-172-31-28-218 snapd[1129]: daemon.go:589: gracefully waiting for running hooks
Oct 13 07:04:53 ip-172-31-28-218 snapd[1129]: daemon.go:591: done waiting for running hooks
Oct 13 07:04:56 ip-172-31-28-218 systemd[1]: snapd.service: Service hold-off time over, scheduling restart.
Oct 13 07:04:56 ip-172-31-28-218 systemd[1]: snapd.service: Scheduled restart job, restart counter is at 1.
Oct 13 07:04:56 ip-172-31-28-218 systemd[1]: Stopped Snap Daemon.
Oct 13 07:04:56 ip-172-31-28-218 systemd[1]: Starting Snap Daemon...
Oct 13 07:04:57 ip-172-31-28-218 snapd[1734]: AppArmor status: apparmor is enabled and all features are available
Oct 13 07:04:57 ip-172-31-28-218 snapd[1734]: AppArmor status: apparmor is enabled and all features are available
Oct 13 07:04:57 ip-172-31-28-218 snapd[1734]: patch.go:64: Patching system state level 6 to sublevel 1...
Oct 13 07:04:57 ip-172-31-28-218 snapd[1734]: patch.go:64: Patching system state level 6 to sublevel 2...
Oct 13 07:04:57 ip-172-31-28-218 snapd[1734]: patch.go:64: Patching system state level 6 to sublevel 3...
Oct 13 07:04:57 ip-172-31-28-218 snapd[1734]: daemon.go:347: started snapd/2.49.2 (series 16; classic) ubuntu/18.04 (amd64) linux/5.4.0-1045-aws.
Oct 13 07:04:57 ip-172-31-28-218 snapd[1734]: daemon.go:440: adjusting startup timeout by 35s (pessimistic estimate of 30s plus 5s per snap)
Oct 13 07:04:57 ip-172-31-28-218 kernel: [   24.682053] audit: type=1400 audit(1634108697.732:19): apparmor="STATUS" operation="profile_replace" profile="unconfined" name="/snap/snapd/11588/usr/lib/snapd/snap-confine" pid=1804 comm="apparmor_parser"
Oct 13 07:04:57 ip-172-31-28-218 kernel: [   24.691930] audit: type=1400 audit(1634108697.744:20): apparmor="STATUS" operation="profile_replace" profile="unconfined" name="/snap/snapd/11588/usr/lib/snapd/snap-confine//mount-namespace-capture-helper" pid=1804 comm="apparmor_parser"
Oct 13 07:04:57 ip-172-31-28-218 systemd[1]: Started Snap Daemon.
Oct 13 07:04:58 ip-172-31-28-218 systemd[1]: Reloading.
Oct 13 07:04:58 ip-172-31-28-218 systemd[1]: Reloading.
Oct 13 07:04:58 ip-172-31-28-218 systemd[1]: Mounting Mount unit for core18, revision 1997...
Oct 13 07:04:58 ip-172-31-28-218 systemd[1]: Mounted Mount unit for core18, revision 1997.
Oct 13 07:04:59 ip-172-31-28-218 systemd[1]: Reloading.
Oct 13 07:04:59 ip-172-31-28-218 systemd[1]: Reloading.
Oct 13 07:04:59 ip-172-31-28-218 systemd[1]: Mounting Mount unit for amazon-ssm-agent, revision 3552...
Oct 13 07:04:59 ip-172-31-28-218 systemd[1]: Mounted Mount unit for amazon-ssm-agent, revision 3552.
Oct 13 07:04:59 ip-172-31-28-218 kernel: [   26.297894] audit: type=1400 audit(1634108699.348:21): apparmor="STATUS" operation="profile_load" profile="unconfined" name="snap.amazon-ssm-agent.amazon-ssm-agent" pid=2125 comm="apparmor_parser"
Oct 13 07:04:59 ip-172-31-28-218 kernel: [   26.297898] audit: type=1400 audit(1634108699.348:22): apparmor="STATUS" operation="profile_load" profile="unconfined" name="snap.amazon-ssm-agent.ssm-cli" pid=2126 comm="apparmor_parser"
Oct 13 07:04:59 ip-172-31-28-218 kernel: [   26.304945] audit: type=1400 audit(1634108699.356:23): apparmor="STATUS" operation="profile_load" profile="unconfined" name="snap-update-ns.amazon-ssm-agent" pid=2124 comm="apparmor_parser"
Oct 13 07:04:59 ip-172-31-28-218 systemd[1]: Reloading.
Oct 13 07:04:59 ip-172-31-28-218 systemd[1]: Reloading.
Oct 13 07:04:59 ip-172-31-28-218 systemd[1]: Started Service for snap application amazon-ssm-agent.amazon-ssm-agent.
Oct 13 07:05:00 ip-172-31-28-218 amazon-ssm-agent.amazon-ssm-agent[2188]: Error occurred fetching the seelog config file path:  open /etc/amazon/ssm/seelog.xml: no such file or directory
Oct 13 07:05:00 ip-172-31-28-218 amazon-ssm-agent.amazon-ssm-agent[2188]: Initializing new seelog logger
Oct 13 07:05:00 ip-172-31-28-218 amazon-ssm-agent.amazon-ssm-agent[2188]: New Seelog Logger Creation Complete
Oct 13 07:05:00 ip-172-31-28-218 amazon-ssm-agent.amazon-ssm-agent[2188]: 2021-10-13 07:05:00 WARN Error adding the directory '/etc/amazon/ssm' to watcher: no such file or directory
Oct 13 07:05:00 ip-172-31-28-218 amazon-ssm-agent.amazon-ssm-agent[2188]: 2021-10-13 07:05:00 INFO [amazon-ssm-agent] amazon-ssm-agent - v3.0.529.0
Oct 13 07:05:01 ip-172-31-28-218 amazon-ssm-agent.amazon-ssm-agent[2188]: 2021-10-13 07:05:00 INFO [amazon-ssm-agent] OS: linux, Arch: amd64
Oct 13 07:05:01 ip-172-31-28-218 amazon-ssm-agent.amazon-ssm-agent[2188]: 2021-10-13 07:05:01 INFO [amazon-ssm-agent] [LongRunningWorkerContainer] [WorkerProvider] Worker ssm-agent-worker is not running, starting worker process
Oct 13 07:05:01 ip-172-31-28-218 amazon-ssm-agent.amazon-ssm-agent[2188]: 2021-10-13 07:05:01 INFO [amazon-ssm-agent] [LongRunningWorkerContainer] [WorkerProvider] Worker ssm-agent-worker (pid:2249) started
Oct 13 07:05:01 ip-172-31-28-218 amazon-ssm-agent.amazon-ssm-agent[2188]: 2021-10-13 07:05:01 INFO [amazon-ssm-agent] [LongRunningWorkerContainer] Monitor long running worker health every 60 seconds
Oct 13 07:05:04 ip-172-31-28-218 systemd[1]: Started Wait until snapd is fully seeded.
Oct 13 07:05:04 ip-172-31-28-218 systemd[1]: Starting Apply the settings specified in cloud-config...
Oct 13 07:05:05 ip-172-31-28-218 cloud-init[2265]: Cloud-init v. 21.1-19-gbad84ad4-0ubuntu1~18.04.1 running 'modules:config' at Wed, 13 Oct 2021 07:05:04 +0000. Up 30.91 seconds.
Oct 13 07:05:05 ip-172-31-28-218 systemd[1]: Started Apply the settings specified in cloud-config.
Oct 13 07:05:05 ip-172-31-28-218 systemd[1]: Starting EC2 instance hibernation setup agent...
Oct 13 07:05:05 ip-172-31-28-218 /hibinit-agent: Instance Launch has not enabled Hibernation Configured Flag. hibinit-agent exiting!!
Oct 13 07:05:05 ip-172-31-28-218 hibinit-agent[2311]: Instance Launch has not enabled Hibernation Configured Flag. hibinit-agent exiting!!
Oct 13 07:05:05 ip-172-31-28-218 systemd[1]: Started EC2 instance hibernation setup agent.
Oct 13 07:05:05 ip-172-31-28-218 systemd[1]: Reached target Multi-User System.
Oct 13 07:05:05 ip-172-31-28-218 systemd[1]: Reached target Graphical Interface.
Oct 13 07:05:05 ip-172-31-28-218 systemd[1]: Starting Update UTMP about System Runlevel Changes...
Oct 13 07:05:05 ip-172-31-28-218 systemd[1]: Starting Execute cloud user/final scripts...
Oct 13 07:05:05 ip-172-31-28-218 systemd[1]: Started Update UTMP about System Runlevel Changes.
Oct 13 07:05:06 ip-172-31-28-218 ec2: 
Oct 13 07:05:06 ip-172-31-28-218 ec2: #############################################################
Oct 13 07:05:06 ip-172-31-28-218 ec2: -----BEGIN SSH HOST KEY FINGERPRINTS-----
Oct 13 07:05:06 ip-172-31-28-218 ec2: 1024 SHA256:AexjeqWfR3BU87x11v8urAU4RSzicw2Zt6toFCYs7Mo root@ip-172-31-28-218 (DSA)
Oct 13 07:05:06 ip-172-31-28-218 ec2: 256 SHA256:DjQooj+twP3LSarDpT1IhvIpgPavOXonL8D+nQFX7Wg root@ip-172-31-28-218 (ECDSA)
Oct 13 07:05:06 ip-172-31-28-218 ec2: 256 SHA256:RG1bbu3kl5FT5UUsUphZ6D7uNFqqHH7yW35qlVucLRM root@ip-172-31-28-218 (ED25519)
Oct 13 07:05:06 ip-172-31-28-218 ec2: 2048 SHA256:xY9Lh2Zyln/ZUfmm0JMog4VsFQ+h9gQWx42ETZAApFE root@ip-172-31-28-218 (RSA)
Oct 13 07:05:06 ip-172-31-28-218 ec2: -----END SSH HOST KEY FINGERPRINTS-----
Oct 13 07:05:06 ip-172-31-28-218 ec2: #############################################################
Oct 13 07:05:06 ip-172-31-28-218 cloud-init[2335]: Cloud-init v. 21.1-19-gbad84ad4-0ubuntu1~18.04.1 running 'modules:final' at Wed, 13 Oct 2021 07:05:05 +0000. Up 32.12 seconds.
Oct 13 07:05:06 ip-172-31-28-218 cloud-init[2335]: Cloud-init v. 21.1-19-gbad84ad4-0ubuntu1~18.04.1 finished at Wed, 13 Oct 2021 07:05:06 +0000. Datasource DataSourceEc2Local.  Up 32.35 seconds
Oct 13 07:05:06 ip-172-31-28-218 systemd[1]: Started Execute cloud user/final scripts.
Oct 13 07:05:06 ip-172-31-28-218 systemd[1]: Reached target Cloud-init target.
Oct 13 07:05:06 ip-172-31-28-218 systemd[1]: Startup finished in 5.937s (kernel) + 26.478s (userspace) = 32.416s.
Oct 13 07:05:16 ip-172-31-28-218 systemd-timesyncd[629]: Synchronized to time server 91.189.89.198:123 (ntp.ubuntu.com).
Oct 13 07:10:38 ip-172-31-28-218 systemd[1]: Created slice User Slice of ubuntu.
Oct 13 07:10:38 ip-172-31-28-218 systemd[1]: Starting User Manager for UID 1000...
Oct 13 07:10:38 ip-172-31-28-218 systemd[1]: Started Session 1 of user ubuntu.
Oct 13 07:10:38 ip-172-31-28-218 systemd[2427]: Reached target Timers.
Oct 13 07:10:38 ip-172-31-28-218 systemd[2427]: Listening on GnuPG cryptographic agent and passphrase cache.
Oct 13 07:10:38 ip-172-31-28-218 systemd[2427]: Listening on GnuPG cryptographic agent (ssh-agent emulation).
Oct 13 07:10:38 ip-172-31-28-218 systemd[2427]: Listening on REST API socket for snapd user session agent.
Oct 13 07:10:38 ip-172-31-28-218 systemd[2427]: Listening on GnuPG cryptographic agent and passphrase cache (access for web browsers).
Oct 13 07:10:38 ip-172-31-28-218 systemd[2427]: Reached target Paths.
Oct 13 07:10:38 ip-172-31-28-218 systemd[2427]: Listening on GnuPG cryptographic agent and passphrase cache (restricted).
Oct 13 07:10:38 ip-172-31-28-218 systemd[2427]: Listening on GnuPG network certificate management daemon.
Oct 13 07:10:38 ip-172-31-28-218 systemd[2427]: Reached target Sockets.
Oct 13 07:10:38 ip-172-31-28-218 systemd[2427]: Reached target Basic System.
Oct 13 07:10:38 ip-172-31-28-218 systemd[2427]: Reached target Default.
Oct 13 07:10:38 ip-172-31-28-218 systemd[2427]: Startup finished in 167ms.
Oct 13 07:10:38 ip-172-31-28-218 systemd[1]: Started User Manager for UID 1000.
Oct 13 07:10:41 ip-172-31-28-218 systemd[1]: Started Session 3 of user ubuntu.
Oct 13 07:17:01 ip-172-31-28-218 CRON[2691]: (root) CMD (   cd / && run-parts --report /etc/cron.hourly)
Oct 13 07:18:19 ip-172-31-28-218 kernel: [  826.292804] SGI XFS with ACLs, security attributes, realtime, no debug enabled
Oct 13 07:19:31 ip-172-31-28-218 systemd[1]: Stopped target Timers.
Oct 13 07:19:31 ip-172-31-28-218 systemd[1]: Stopped Discard unused blocks once a week.
Oct 13 07:19:31 ip-172-31-28-218 systemd[1]: Stopping User Manager for UID 1000...
Oct 13 07:19:31 ip-172-31-28-218 systemd[1]: Stopping Session 1 of user ubuntu.
Oct 13 07:19:31 ip-172-31-28-218 systemd[1]: Stopping ACPI event daemon...
Oct 13 07:19:31 ip-172-31-28-218 systemd[1]: Closed Load/Save RF Kill Switch Status /dev/rfkill Watch.
Oct 13 07:19:31 ip-172-31-28-218 systemd[1]: Stopping Authorization Manager...
Oct 13 07:19:31 ip-172-31-28-218 systemd[1]: Stopped target Cloud-init target.
Oct 13 07:19:31 ip-172-31-28-218 systemd[1]: Stopped Execute cloud user/final scripts.
Oct 13 07:19:31 ip-172-31-28-218 systemd[1]: Stopping Availability of block devices...
Oct 13 07:19:31 ip-172-31-28-218 systemd[1]: Stopped Daily apt upgrade and clean activities.
Oct 13 07:19:31 ip-172-31-28-218 systemd[1]: Stopped target Host and Network Name Lookups.
Oct 13 07:19:31 ip-172-31-28-218 systemd[1]: Stopped Daily Cleanup of Temporary Directories.
Oct 13 07:19:31 ip-172-31-28-218 systemd[1]: Stopped target Graphical Interface.
Oct 13 07:19:31 ip-172-31-28-218 systemd[1]: Stopped target Multi-User System.
Oct 13 07:19:31 ip-172-31-28-218 systemd[1]: Stopping FUSE filesystem for LXC...
Oct 13 07:19:31 ip-172-31-28-218 systemd[1]: Stopping irqbalance daemon...
Oct 13 07:19:31 ip-172-31-28-218 systemd[1]: Stopping Deferred execution scheduler...
Oct 13 07:19:31 ip-172-31-28-218 systemd[1]: Stopping D-Bus System Message Bus...
