Oct 13 05:21:14 ip-172-31-19-153 keyboard-setup.sh[459]: cannot open file /run/tmpkbd.1f9MVw
Oct 13 05:21:14 ip-172-31-19-153 systemd[1]: Starting Flush Journal to Persistent Storage...
Oct 13 05:21:14 ip-172-31-19-153 systemd[1]: Started Load/Save Random Seed.
Oct 13 05:21:14 ip-172-31-19-153 systemd[1]: Started Create Static Device Nodes in /dev.
Oct 13 05:21:14 ip-172-31-19-153 kernel: [    0.000000] Linux version 5.4.0-1045-aws (buildd@lgw01-amd64-003) (gcc version 7.5.0 (Ubuntu 7.5.0-3ubuntu1~18.04)) #47~18.04.1-Ubuntu SMP Tue Apr 13 15:58:14 UTC 2021 (Ubuntu 5.4.0-1045.47~18.04.1-aws 5.4.101)
Oct 13 05:21:14 ip-172-31-19-153 systemd[1]: Starting udev Kernel Device Manager...
Oct 13 05:21:14 ip-172-31-19-153 kernel: [    0.000000] Command line: BOOT_IMAGE=/boot/vmlinuz-5.4.0-1045-aws root=LABEL=cloudimg-rootfs ro console=tty1 console=ttyS0 nvme_core.io_timeout=4294967295
Oct 13 05:21:14 ip-172-31-19-153 kernel: [    0.000000] KERNEL supported cpus:
Oct 13 05:21:14 ip-172-31-19-153 kernel: [    0.000000]   Intel GenuineIntel
Oct 13 05:21:14 ip-172-31-19-153 kernel: [    0.000000]   AMD AuthenticAMD
Oct 13 05:21:14 ip-172-31-19-153 kernel: [    0.000000]   Hygon HygonGenuine
Oct 13 05:21:14 ip-172-31-19-153 kernel: [    0.000000]   Centaur CentaurHauls
Oct 13 05:21:14 ip-172-31-19-153 kernel: [    0.000000]   zhaoxin   Shanghai  
Oct 13 05:21:14 ip-172-31-19-153 kernel: [    0.000000] x86/fpu: Supporting XSAVE feature 0x001: 'x87 floating point registers'
Oct 13 05:21:14 ip-172-31-19-153 kernel: [    0.000000] x86/fpu: Supporting XSAVE feature 0x002: 'SSE registers'
Oct 13 05:21:14 ip-172-31-19-153 kernel: [    0.000000] x86/fpu: Supporting XSAVE feature 0x004: 'AVX registers'
Oct 13 05:21:14 ip-172-31-19-153 kernel: [    0.000000] x86/fpu: xstate_offset[2]:  576, xstate_sizes[2]:  256
Oct 13 05:21:14 ip-172-31-19-153 kernel: [    0.000000] x86/fpu: Enabled xstate features 0x7, context size is 832 bytes, using 'standard' format.
Oct 13 05:21:14 ip-172-31-19-153 kernel: [    0.000000] BIOS-provided physical RAM map:
Oct 13 05:21:14 ip-172-31-19-153 kernel: [    0.000000] BIOS-e820: [mem 0x0000000000000000-0x000000000009dfff] usable
Oct 13 05:21:14 ip-172-31-19-153 kernel: [    0.000000] BIOS-e820: [mem 0x000000000009e000-0x000000000009ffff] reserved
Oct 13 05:21:14 ip-172-31-19-153 kernel: [    0.000000] BIOS-e820: [mem 0x00000000000e0000-0x00000000000fffff] reserved
Oct 13 05:21:14 ip-172-31-19-153 kernel: [    0.000000] BIOS-e820: [mem 0x0000000000100000-0x00000000efffffff] usable
Oct 13 05:21:14 ip-172-31-19-153 kernel: [    0.000000] BIOS-e820: [mem 0x00000000fc000000-0x00000000ffffffff] reserved
Oct 13 05:21:14 ip-172-31-19-153 kernel: [    0.000000] BIOS-e820: [mem 0x0000000100000000-0x000000080fffffff] usable
Oct 13 05:21:14 ip-172-31-19-153 kernel: [    0.000000] NX (Execute Disable) protection: active
Oct 13 05:21:14 ip-172-31-19-153 kernel: [    0.000000] SMBIOS 2.7 present.
Oct 13 05:21:14 ip-172-31-19-153 kernel: [    0.000000] DMI: Xen HVM domU, BIOS 4.2.amazon 08/24/2006
Oct 13 05:21:14 ip-172-31-19-153 kernel: [    0.000000] Hypervisor detected: Xen HVM
Oct 13 05:21:14 ip-172-31-19-153 kernel: [    0.000000] Xen version 4.2.
Oct 13 05:21:14 ip-172-31-19-153 kernel: [    0.000000] Xen Platform PCI: I/O protocol version 1
Oct 13 05:21:14 ip-172-31-19-153 kernel: [    0.000000] Netfront and the Xen platform PCI driver have been compiled for this kernel: unplug emulated NICs.
Oct 13 05:21:14 ip-172-31-19-153 kernel: [    0.000000] Blkfront and the Xen platform PCI driver have been compiled for this kernel: unplug emulated disks.
Oct 13 05:21:14 ip-172-31-19-153 kernel: [    0.000000] You might have to change the root device
Oct 13 05:21:14 ip-172-31-19-153 kernel: [    0.000000] from /dev/hd[a-d] to /dev/xvd[a-d]
Oct 13 05:21:14 ip-172-31-19-153 kernel: [    0.000000] in your root= kernel command line option
Oct 13 05:21:14 ip-172-31-19-153 kernel: [    0.000002] HVMOP_pagetable_dying not supported
Oct 13 05:21:14 ip-172-31-19-153 kernel: [    0.015246] tsc: Fast TSC calibration using PIT
Oct 13 05:21:14 ip-172-31-19-153 kernel: [    0.015248] tsc: Detected 2300.127 MHz processor
Oct 13 05:21:14 ip-172-31-19-153 kernel: [    0.015249] tsc: Detected 2300.084 MHz TSC
Oct 13 05:21:14 ip-172-31-19-153 kernel: [    0.016265] e820: update [mem 0x00000000-0x00000fff] usable ==> reserved
Oct 13 05:21:14 ip-172-31-19-153 kernel: [    0.016267] e820: remove [mem 0x000a0000-0x000fffff] usable
Oct 13 05:21:14 ip-172-31-19-153 kernel: [    0.016271] last_pfn = 0x810000 max_arch_pfn = 0x400000000
Oct 13 05:21:14 ip-172-31-19-153 kernel: [    0.016296] MTRR default type: write-back
Oct 13 05:21:14 ip-172-31-19-153 kernel: [    0.016297] MTRR fixed ranges enabled:
Oct 13 05:21:14 ip-172-31-19-153 kernel: [    0.016298]   00000-9FFFF write-back
Oct 13 05:21:14 ip-172-31-19-153 kernel: [    0.016299]   A0000-BFFFF write-combining
Oct 13 05:21:14 ip-172-31-19-153 kernel: [    0.016299]   C0000-FFFFF write-back
Oct 13 05:21:14 ip-172-31-19-153 kernel: [    0.016300] MTRR variable ranges enabled:
Oct 13 05:21:14 ip-172-31-19-153 kernel: [    0.016301]   0 base 0000F0000000 mask 3FFFF8000000 uncachable
Oct 13 05:21:14 ip-172-31-19-153 kernel: [    0.016302]   1 base 0000F8000000 mask 3FFFFC000000 uncachable
Oct 13 05:21:14 ip-172-31-19-153 kernel: [    0.016303]   2 disabled
Oct 13 05:21:14 ip-172-31-19-153 kernel: [    0.016303]   3 disabled
Oct 13 05:21:14 ip-172-31-19-153 kernel: [    0.016304]   4 disabled
Oct 13 05:21:14 ip-172-31-19-153 kernel: [    0.016304]   5 disabled
Oct 13 05:21:14 ip-172-31-19-153 kernel: [    0.016305]   6 disabled
Oct 13 05:21:14 ip-172-31-19-153 kernel: [    0.016305]   7 disabled
Oct 13 05:21:14 ip-172-31-19-153 kernel: [    0.016314] x86/PAT: Configuration [0-7]: WB  WC  UC- UC  WB  WP  UC- WT  
Oct 13 05:21:14 ip-172-31-19-153 kernel: [    0.016322] last_pfn = 0xf0000 max_arch_pfn = 0x400000000
Oct 13 05:21:14 ip-172-31-19-153 kernel: [    0.023361] found SMP MP-table at [mem 0x000fbc50-0x000fbc5f]
Oct 13 05:21:14 ip-172-31-19-153 kernel: [    0.023437] check: Scanning 1 areas for low memory corruption
Oct 13 05:21:14 ip-172-31-19-153 kernel: [    0.023537] Using GB pages for direct mapping
Oct 13 05:21:14 ip-172-31-19-153 kernel: [    0.023733] RAMDISK: [mem 0x356c9000-0x36b5bfff]
Oct 13 05:21:14 ip-172-31-19-153 kernel: [    0.023804] ACPI: Early table checksum verification disabled
Oct 13 05:21:14 ip-172-31-19-153 kernel: [    0.023808] ACPI: RSDP 0x00000000000EA020 000024 (v02 Xen   )
Oct 13 05:21:14 ip-172-31-19-153 kernel: [    0.023811] ACPI: XSDT 0x00000000FC00E2A0 000054 (v01 Xen    HVM      00000000 HVML 00000000)
Oct 13 05:21:14 ip-172-31-19-153 kernel: [    0.023816] ACPI: FACP 0x00000000FC00DF60 0000F4 (v04 Xen    HVM      00000000 HVML 00000000)
Oct 13 05:21:14 ip-172-31-19-153 kernel: [    0.023821] ACPI: DSDT 0x00000000FC0021C0 00BD19 (v02 Xen    HVM      00000000 INTL 20090123)
Oct 13 05:21:14 ip-172-31-19-153 kernel: [    0.023824] ACPI: FACS 0x00000000FC002180 000040
Oct 13 05:21:14 ip-172-31-19-153 kernel: [    0.023826] ACPI: FACS 0x00000000FC002180 000040
Oct 13 05:21:14 ip-172-31-19-153 kernel: [    0.023828] ACPI: APIC 0x00000000FC00E060 0000D8 (v02 Xen    HVM      00000000 HVML 00000000)
Oct 13 05:21:14 ip-172-31-19-153 kernel: [    0.023831] ACPI: HPET 0x00000000FC00E1B0 000038 (v01 Xen    HVM      00000000 HVML 00000000)
Oct 13 05:21:14 ip-172-31-19-153 kernel: [    0.023833] ACPI: WAET 0x00000000FC00E1F0 000028 (v01 Xen    HVM      00000000 HVML 00000000)
Oct 13 05:21:14 ip-172-31-19-153 kernel: [    0.023835] ACPI: SSDT 0x00000000FC00E220 000031 (v02 Xen    HVM      00000000 INTL 20090123)
Oct 13 05:21:14 ip-172-31-19-153 kernel: [    0.023838] ACPI: SSDT 0x00000000FC00E260 000033 (v02 Xen    HVM      00000000 INTL 20090123)
Oct 13 05:21:14 ip-172-31-19-153 kernel: [    0.023845] ACPI: Local APIC address 0xfee00000
Oct 13 05:21:14 ip-172-31-19-153 kernel: [    0.026005] No NUMA configuration found
Oct 13 05:21:14 ip-172-31-19-153 kernel: [    0.026008] Faking a node at [mem 0x0000000000000000-0x000000080fffffff]
Oct 13 05:21:14 ip-172-31-19-153 kernel: [    0.026019] NODE_DATA(0) allocated [mem 0x80ffd5000-0x80fffffff]
Oct 13 05:21:14 ip-172-31-19-153 kernel: [    0.026286] Zone ranges:
Oct 13 05:21:14 ip-172-31-19-153 kernel: [    0.026287]   DMA      [mem 0x0000000000001000-0x0000000000ffffff]
Oct 13 05:21:14 ip-172-31-19-153 kernel: [    0.026289]   DMA32    [mem 0x0000000001000000-0x00000000ffffffff]
Oct 13 05:21:14 ip-172-31-19-153 kernel: [    0.026290]   Normal   [mem 0x0000000100000000-0x000000080fffffff]
Oct 13 05:21:14 ip-172-31-19-153 kernel: [    0.026291]   Device   empty
Oct 13 05:21:14 ip-172-31-19-153 kernel: [    0.026292] Movable zone start for each node
Oct 13 05:21:14 ip-172-31-19-153 kernel: [    0.026295] Early memory node ranges
Oct 13 05:21:14 ip-172-31-19-153 kernel: [    0.026296]   node   0: [mem 0x0000000000001000-0x000000000009dfff]
Oct 13 05:21:14 ip-172-31-19-153 kernel: [    0.026297]   node   0: [mem 0x0000000000100000-0x00000000efffffff]
Oct 13 05:21:14 ip-172-31-19-153 kernel: [    0.026298]   node   0: [mem 0x0000000100000000-0x000000080fffffff]
Oct 13 05:21:14 ip-172-31-19-153 kernel: [    0.026304] Zeroed struct page in unavailable ranges: 99 pages
Oct 13 05:21:14 ip-172-31-19-153 kernel: [    0.026305] Initmem setup node 0 [mem 0x0000000000001000-0x000000080fffffff]
Oct 13 05:21:14 ip-172-31-19-153 kernel: [    0.026307] On node 0 totalpages: 8388509
Oct 13 05:21:14 ip-172-31-19-153 kernel: [    0.026308]   DMA zone: 64 pages used for memmap
Oct 13 05:21:14 ip-172-31-19-153 kernel: [    0.026308]   DMA zone: 21 pages reserved
Oct 13 05:21:14 ip-172-31-19-153 kernel: [    0.026309]   DMA zone: 3997 pages, LIFO batch:0
Oct 13 05:21:14 ip-172-31-19-153 kernel: [    0.026407]   DMA32 zone: 15296 pages used for memmap
Oct 13 05:21:14 ip-172-31-19-153 kernel: [    0.026407]   DMA32 zone: 978944 pages, LIFO batch:63
Oct 13 05:21:14 ip-172-31-19-153 kernel: [    0.039939]   Normal zone: 115712 pages used for memmap
Oct 13 05:21:14 ip-172-31-19-153 kernel: [    0.039940]   Normal zone: 7405568 pages, LIFO batch:63
Oct 13 05:21:14 ip-172-31-19-153 kernel: [    0.143250] ACPI: PM-Timer IO Port: 0xb008
Oct 13 05:21:14 ip-172-31-19-153 kernel: [    0.143254] ACPI: Local APIC address 0xfee00000
Oct 13 05:21:14 ip-172-31-19-153 kernel: [    0.143316] IOAPIC[0]: apic_id 1, version 17, address 0xfec00000, GSI 0-47
Oct 13 05:21:14 ip-172-31-19-153 kernel: [    0.143319] ACPI: INT_SRC_OVR (bus 0 bus_irq 0 global_irq 2 dfl dfl)
Oct 13 05:21:14 ip-172-31-19-153 kernel: [    0.143320] ACPI: INT_SRC_OVR (bus 0 bus_irq 5 global_irq 5 low level)
Oct 13 05:21:14 ip-172-31-19-153 kernel: [    0.143321] ACPI: INT_SRC_OVR (bus 0 bus_irq 10 global_irq 10 low level)
Oct 13 05:21:14 ip-172-31-19-153 kernel: [    0.143322] ACPI: INT_SRC_OVR (bus 0 bus_irq 11 global_irq 11 low level)
Oct 13 05:21:14 ip-172-31-19-153 kernel: [    0.143324] ACPI: IRQ0 used by override.
Oct 13 05:21:14 ip-172-31-19-153 kernel: [    0.143325] ACPI: IRQ5 used by override.
Oct 13 05:21:14 ip-172-31-19-153 kernel: [    0.143325] ACPI: IRQ9 used by override.
Oct 13 05:21:14 ip-172-31-19-153 kernel: [    0.143326] ACPI: IRQ10 used by override.
Oct 13 05:21:14 ip-172-31-19-153 kernel: [    0.143326] ACPI: IRQ11 used by override.
Oct 13 05:21:14 ip-172-31-19-153 kernel: [    0.143328] Using ACPI (MADT) for SMP configuration information
Oct 13 05:21:14 ip-172-31-19-153 kernel: [    0.143330] ACPI: HPET id: 0x8086a201 base: 0xfed00000
Oct 13 05:21:14 ip-172-31-19-153 kernel: [    0.143333] TSC deadline timer available
Oct 13 05:21:14 ip-172-31-19-153 kernel: [    0.143339] smpboot: Allowing 15 CPUs, 7 hotplug CPUs
Oct 13 05:21:14 ip-172-31-19-153 kernel: [    0.143349] PM: Registered nosave memory: [mem 0x00000000-0x00000fff]
Oct 13 05:21:14 ip-172-31-19-153 kernel: [    0.143350] PM: Registered nosave memory: [mem 0x0009e000-0x0009ffff]
Oct 13 05:21:14 ip-172-31-19-153 systemd-modules-load[456]: Inserted module 'iscsi_tcp'
Oct 13 05:21:14 ip-172-31-19-153 kernel: [    0.143351] PM: Registered nosave memory: [mem 0x000a0000-0x000dffff]
Oct 13 05:21:14 ip-172-31-19-153 kernel: [    0.143352] PM: Registered nosave memory: [mem 0x000e0000-0x000fffff]
Oct 13 05:21:14 ip-172-31-19-153 kernel: [    0.143353] PM: Registered nosave memory: [mem 0xf0000000-0xfbffffff]
Oct 13 05:21:14 ip-172-31-19-153 kernel: [    0.143354] PM: Registered nosave memory: [mem 0xfc000000-0xffffffff]
Oct 13 05:21:14 ip-172-31-19-153 systemd[1]: Started udev Coldplug all Devices.
Oct 13 05:21:14 ip-172-31-19-153 kernel: [    0.143356] [mem 0xf0000000-0xfbffffff] available for PCI devices
Oct 13 05:21:14 ip-172-31-19-153 kernel: [    0.143358] Booting paravirtualized kernel on Xen HVM
Oct 13 05:21:14 ip-172-31-19-153 kernel: [    0.143361] clocksource: refined-jiffies: mask: 0xffffffff max_cycles: 0xffffffff, max_idle_ns: 7645519600211568 ns
Oct 13 05:21:14 ip-172-31-19-153 kernel: [    0.143366] setup_percpu: NR_CPUS:8192 nr_cpumask_bits:15 nr_cpu_ids:15 nr_node_ids:1
Oct 13 05:21:14 ip-172-31-19-153 systemd[1]: Started LVM2 metadata daemon.
Oct 13 05:21:14 ip-172-31-19-153 kernel: [    0.144334] percpu: Embedded 54 pages/cpu s184320 r8192 d28672 u262144
Oct 13 05:21:14 ip-172-31-19-153 systemd[1]: Started Flush Journal to Persistent Storage.
Oct 13 05:21:14 ip-172-31-19-153 systemd[1]: Started Monitoring of LVM2 mirrors, snapshots etc. using dmeventd or progress polling.
Oct 13 05:21:14 ip-172-31-19-153 systemd-modules-load[456]: Inserted module 'ib_iser'
Oct 13 05:21:14 ip-172-31-19-153 systemd[1]: Started Load Kernel Modules.
Oct 13 05:21:14 ip-172-31-19-153 systemd[1]: Mounting FUSE Control File System...
Oct 13 05:21:14 ip-172-31-19-153 systemd[1]: Mounting Kernel Configuration File System...
Oct 13 05:21:14 ip-172-31-19-153 systemd[1]: Starting Apply Kernel Variables...
Oct 13 05:21:14 ip-172-31-19-153 systemd[1]: Mounted FUSE Control File System.
Oct 13 05:21:14 ip-172-31-19-153 systemd[1]: Mounted Kernel Configuration File System.
Oct 13 05:21:14 ip-172-31-19-153 systemd[1]: Started udev Kernel Device Manager.
Oct 13 05:21:14 ip-172-31-19-153 systemd[1]: Started Apply Kernel Variables.
Oct 13 05:21:14 ip-172-31-19-153 systemd[1]: Found device /dev/ttyS0.
Oct 13 05:21:14 ip-172-31-19-153 kernel: [    0.144339] pcpu-alloc: s184320 r8192 d28672 u262144 alloc=1*2097152
Oct 13 05:21:14 ip-172-31-19-153 systemd-udevd[533]: link_config: autonegotiation is unset or enabled, the speed and duplex are not writable.
Oct 13 05:21:14 ip-172-31-19-153 kernel: [    0.144340] pcpu-alloc: [0] 00 01 02 03 04 05 06 07 [0] 08 09 10 11 12 13 14 -- 
Oct 13 05:21:14 ip-172-31-19-153 kernel: [    0.144366] xen: PV spinlocks enabled
Oct 13 05:21:14 ip-172-31-19-153 systemd[1]: Listening on Load/Save RF Kill Switch Status /dev/rfkill Watch.
Oct 13 05:21:14 ip-172-31-19-153 kernel: [    0.144369] PV qspinlock hash table entries: 256 (order: 0, 4096 bytes, linear)
Oct 13 05:21:14 ip-172-31-19-153 kernel: [    0.144375] Built 1 zonelists, mobility grouping on.  Total pages: 8257416
Oct 13 05:21:14 ip-172-31-19-153 kernel: [    0.144376] Policy zone: Normal
Oct 13 05:21:14 ip-172-31-19-153 systemd-udevd[530]: link_config: autonegotiation is unset or enabled, the speed and duplex are not writable.
Oct 13 05:21:14 ip-172-31-19-153 kernel: [    0.144378] Kernel command line: BOOT_IMAGE=/boot/vmlinuz-5.4.0-1045-aws root=LABEL=cloudimg-rootfs ro console=tty1 console=ttyS0 nvme_core.io_timeout=4294967295
Oct 13 05:21:14 ip-172-31-19-153 systemd[1]: Started Set the console keyboard layout.
Oct 13 05:21:14 ip-172-31-19-153 kernel: [    0.150589] Dentry cache hash table entries: 4194304 (order: 13, 33554432 bytes, linear)
Oct 13 05:21:14 ip-172-31-19-153 kernel: [    0.153660] Inode-cache hash table entries: 2097152 (order: 12, 16777216 bytes, linear)
Oct 13 05:21:14 ip-172-31-19-153 kernel: [    0.153852] mem auto-init: stack:off, heap alloc:on, heap free:off
Oct 13 05:21:14 ip-172-31-19-153 kernel: [    0.166285] Calgary: detecting Calgary via BIOS EBDA area
Oct 13 05:21:14 ip-172-31-19-153 kernel: [    0.166287] Calgary: Unable to locate Rio Grande table in EBDA - bailing!
Oct 13 05:21:14 ip-172-31-19-153 systemd[1]: Reached target Local File Systems (Pre).
Oct 13 05:21:14 ip-172-31-19-153 kernel: [    0.259813] Memory: 32857220K/33554036K available (14339K kernel code, 2313K rwdata, 4656K rodata, 2656K init, 5136K bss, 696816K reserved, 0K cma-reserved)
Oct 13 05:21:14 ip-172-31-19-153 systemd[1]: Reached target Local File Systems.
Oct 13 05:21:14 ip-172-31-19-153 kernel: [    0.259822] random: get_random_u64 called from __kmem_cache_create+0x41/0x550 with crng_init=0
Oct 13 05:21:14 ip-172-31-19-153 kernel: [    0.259991] SLUB: HWalign=64, Order=0-3, MinObjects=0, CPUs=15, Nodes=1
Oct 13 05:21:14 ip-172-31-19-153 kernel: [    0.260006] Kernel/User page tables isolation: enabled
Oct 13 05:21:14 ip-172-31-19-153 systemd[1]: Starting AppArmor initialization...
Oct 13 05:21:14 ip-172-31-19-153 kernel: [    0.260023] ftrace: allocating 42787 entries in 168 pages
Oct 13 05:21:14 ip-172-31-19-153 kernel: [    0.276130] rcu: Hierarchical RCU implementation.
Oct 13 05:21:14 ip-172-31-19-153 kernel: [    0.276132] rcu: 	RCU restricting CPUs from NR_CPUS=8192 to nr_cpu_ids=15.
Oct 13 05:21:14 ip-172-31-19-153 systemd[1]: Starting ebtables ruleset management...
Oct 13 05:21:14 ip-172-31-19-153 kernel: [    0.276134] 	Tasks RCU enabled.
Oct 13 05:21:14 ip-172-31-19-153 kernel: [    0.276135] rcu: RCU calculated value of scheduler-enlistment delay is 25 jiffies.
Oct 13 05:21:14 ip-172-31-19-153 systemd[1]: Starting Tell Plymouth To Write Out Runtime Data...
Oct 13 05:21:14 ip-172-31-19-153 kernel: [    0.276136] rcu: Adjusting geometry for rcu_fanout_leaf=16, nr_cpu_ids=15
Oct 13 05:21:14 ip-172-31-19-153 kernel: [    0.278819] NR_IRQS: 524544, nr_irqs: 952, preallocated irqs: 16
Oct 13 05:21:14 ip-172-31-19-153 kernel: [    0.278856] xen:events: Using 2-level ABI
Oct 13 05:21:14 ip-172-31-19-153 kernel: [    0.278902] xen:events: Xen HVM callback vector for event delivery is enabled
Oct 13 05:21:14 ip-172-31-19-153 systemd[1]: Starting Set console font and keymap...
Oct 13 05:21:14 ip-172-31-19-153 kernel: [    0.279062] random: crng done (trusting CPU's manufacturer)
Oct 13 05:21:14 ip-172-31-19-153 kernel: [    0.294415] Console: colour VGA+ 80x25
Oct 13 05:21:14 ip-172-31-19-153 kernel: [    0.454911] printk: console [tty1] enabled
Oct 13 05:21:14 ip-172-31-19-153 kernel: [    0.456328] Cannot get hvm parameter CONSOLE_EVTCHN (18): -22!
Oct 13 05:21:14 ip-172-31-19-153 kernel: [    1.056981] printk: console [ttyS0] enabled
Oct 13 05:21:14 ip-172-31-19-153 systemd[1]: Starting Create Volatile Files and Directories...
Oct 13 05:21:14 ip-172-31-19-153 kernel: [    1.062509] ACPI: Core revision 20190816
Oct 13 05:21:14 ip-172-31-19-153 kernel: [    1.068059] clocksource: hpet: mask: 0xffffffff max_cycles: 0xffffffff, max_idle_ns: 30580167144 ns
Oct 13 05:21:14 ip-172-31-19-153 kernel: [    1.078833] APIC: Switch to symmetric I/O mode setup
Oct 13 05:21:14 ip-172-31-19-153 systemd[1]: Starting Commit a transient machine-id on disk...
Oct 13 05:21:14 ip-172-31-19-153 kernel: [    1.086039] x2apic: IRQ remapping doesn't support X2APIC mode
Oct 13 05:21:14 ip-172-31-19-153 systemd[1]: Started Dispatch Password Requests to Console Directory Watch.
Oct 13 05:21:14 ip-172-31-19-153 kernel: [    1.093920] Switched APIC routing to physical flat.
Oct 13 05:21:14 ip-172-31-19-153 kernel: [    1.102901] ..TIMER: vector=0x30 apic1=0 pin1=2 apic2=0 pin2=0
Oct 13 05:21:14 ip-172-31-19-153 kernel: [    1.110058] clocksource: tsc-early: mask: 0xffffffffffffffff max_cycles: 0x21278490e8f, max_idle_ns: 440795232712 ns
Oct 13 05:21:14 ip-172-31-19-153 systemd[1]: Reached target Local Encrypted Volumes.
Oct 13 05:21:14 ip-172-31-19-153 kernel: [    1.122525] Calibrating delay loop (skipped), value calculated using timer frequency.. 4600.16 BogoMIPS (lpj=9200336)
Oct 13 05:21:14 ip-172-31-19-153 kernel: [    1.134525] pid_max: default: 32768 minimum: 301
Oct 13 05:21:14 ip-172-31-19-153 systemd[1]: Started Set console font and keymap.
Oct 13 05:21:14 ip-172-31-19-153 kernel: [    1.142584] LSM: Security Framework initializing
Oct 13 05:21:14 ip-172-31-19-153 kernel: [    1.146534] Yama: becoming mindful.
Oct 13 05:21:14 ip-172-31-19-153 systemd[1]: Started Create Volatile Files and Directories.
Oct 13 05:21:14 ip-172-31-19-153 kernel: [    1.150608] AppArmor: AppArmor initialized
Oct 13 05:21:14 ip-172-31-19-153 kernel: [    1.158645] Mount-cache hash table entries: 65536 (order: 7, 524288 bytes, linear)
Oct 13 05:21:14 ip-172-31-19-153 kernel: [    1.166610] Mountpoint-cache hash table entries: 65536 (order: 7, 524288 bytes, linear)
Oct 13 05:21:14 ip-172-31-19-153 systemd[1]: Starting Update UTMP about System Boot/Shutdown...
Oct 13 05:21:14 ip-172-31-19-153 kernel: [    1.178548] *** VALIDATE tmpfs ***
Oct 13 05:21:14 ip-172-31-19-153 kernel: [    1.182707] *** VALIDATE proc ***
Oct 13 05:21:14 ip-172-31-19-153 kernel: [    1.186600] *** VALIDATE cgroup1 ***
Oct 13 05:21:14 ip-172-31-19-153 systemd[1]: Starting Network Time Synchronization...
Oct 13 05:21:14 ip-172-31-19-153 kernel: [    1.194526] *** VALIDATE cgroup2 ***
Oct 13 05:21:14 ip-172-31-19-153 kernel: [    1.198651] Last level iTLB entries: 4KB 64, 2MB 8, 4MB 8
Oct 13 05:21:14 ip-172-31-19-153 kernel: [    1.206524] Last level dTLB entries: 4KB 64, 2MB 0, 4MB 0, 1GB 4
Oct 13 05:21:14 ip-172-31-19-153 systemd[1]: Started Tell Plymouth To Write Out Runtime Data.
Oct 13 05:21:14 ip-172-31-19-153 kernel: [    1.214527] Spectre V1 : Mitigation: usercopy/swapgs barriers and __user pointer sanitization
Oct 13 05:21:14 ip-172-31-19-153 kernel: [    1.222525] Spectre V2 : Mitigation: Full generic retpoline
Oct 13 05:21:14 ip-172-31-19-153 systemd[1]: Started Commit a transient machine-id on disk.
Oct 13 05:21:14 ip-172-31-19-153 kernel: [    1.230523] Spectre V2 : Spectre v2 / SpectreRSB mitigation: Filling RSB on context switch
Oct 13 05:21:14 ip-172-31-19-153 kernel: [    1.238524] Speculative Store Bypass: Vulnerable
Oct 13 05:21:14 ip-172-31-19-153 systemd[1]: Started Update UTMP about System Boot/Shutdown.
Oct 13 05:21:14 ip-172-31-19-153 kernel: [    1.242529] MDS: Vulnerable: Clear CPU buffers attempted, no microcode
Oct 13 05:21:14 ip-172-31-19-153 kernel: [    1.246718] Freeing SMP alternatives memory: 40K
Oct 13 05:21:14 ip-172-31-19-153 kernel: [    1.256455] clocksource: xen: mask: 0xffffffffffffffff max_cycles: 0x1cd42e4dffb, max_idle_ns: 881590591483 ns
Oct 13 05:21:14 ip-172-31-19-153 systemd[1]: Started ebtables ruleset management.
Oct 13 05:21:14 ip-172-31-19-153 kernel: [    1.266542] Xen: using vcpuop timer interface
Oct 13 05:21:14 ip-172-31-19-153 kernel: [    1.266550] installing Xen timer for CPU 0
Oct 13 05:21:14 ip-172-31-19-153 apparmor[582]:  * Starting AppArmor profiles
Oct 13 05:21:14 ip-172-31-19-153 kernel: [    1.270601] smpboot: CPU0: Intel(R) Xeon(R) CPU E5-2686 v4 @ 2.30GHz (family: 0x6, model: 0x4f, stepping: 0x1)
Oct 13 05:21:14 ip-172-31-19-153 kernel: [    1.274563] cpu 0 spinlock event irq 53
Oct 13 05:21:14 ip-172-31-19-153 kernel: [    1.278715] Performance Events: unsupported p6 CPU model 79 no PMU driver, software events only.
Oct 13 05:21:14 ip-172-31-19-153 kernel: [    1.282584] rcu: Hierarchical SRCU implementation.
Oct 13 05:21:14 ip-172-31-19-153 kernel: [    1.287212] NMI watchdog: Perf NMI watchdog permanently disabled
Oct 13 05:21:14 ip-172-31-19-153 systemd[1]: Started Network Time Synchronization.
Oct 13 05:21:14 ip-172-31-19-153 kernel: [    1.290764] smp: Bringing up secondary CPUs ...
Oct 13 05:21:14 ip-172-31-19-153 systemd[1]: Reached target System Time Synchronized.
Oct 13 05:21:14 ip-172-31-19-153 kernel: [    1.294672] installing Xen timer for CPU 1
Oct 13 05:21:14 ip-172-31-19-153 kernel: [    1.298609] x86: Booting SMP configuration:
Oct 13 05:21:14 ip-172-31-19-153 kernel: [    1.302532] .... node  #0, CPUs:        #1
Oct 13 05:21:14 ip-172-31-19-153 apparmor[582]: Skipping profile in /etc/apparmor.d/disable: usr.sbin.rsyslogd
Oct 13 05:21:14 ip-172-31-19-153 kernel: [    1.303051] cpu 1 spinlock event irq 59
Oct 13 05:21:14 ip-172-31-19-153 kernel: [    1.310654] installing Xen timer for CPU 2
Oct 13 05:21:14 ip-172-31-19-153 kernel: [    1.314607]   #2
Oct 13 05:21:14 ip-172-31-19-153 apparmor[582]:    ...done.
Oct 13 05:21:14 ip-172-31-19-153 kernel: [    1.315128] cpu 2 spinlock event irq 65
Oct 13 05:21:14 ip-172-31-19-153 systemd[1]: Started AppArmor initialization.
Oct 13 05:21:14 ip-172-31-19-153 kernel: [    1.318639] installing Xen timer for CPU 3
Oct 13 05:21:14 ip-172-31-19-153 kernel: [    1.322601]   #3
Oct 13 05:21:14 ip-172-31-19-153 kernel: [    1.323136] cpu 3 spinlock event irq 71
Oct 13 05:21:14 ip-172-31-19-153 systemd[1]: Starting Load AppArmor profiles managed internally by snapd...
Oct 13 05:21:14 ip-172-31-19-153 kernel: [    1.326655] installing Xen timer for CPU 4
Oct 13 05:21:14 ip-172-31-19-153 kernel: [    1.330596]   #4
Oct 13 05:21:14 ip-172-31-19-153 kernel: [    1.331157] cpu 4 spinlock event irq 77
Oct 13 05:21:14 ip-172-31-19-153 systemd[1]: Starting Initial cloud-init job (pre-networking)...
Oct 13 05:21:14 ip-172-31-19-153 kernel: [    1.334633] installing Xen timer for CPU 5
Oct 13 05:21:14 ip-172-31-19-153 snapd-apparmor[740]: find: ‘/var/lib/snapd/apparmor/profiles/’: No such file or directory
Oct 13 05:21:14 ip-172-31-19-153 kernel: [    1.338591]   #5
Oct 13 05:21:14 ip-172-31-19-153 kernel: [    1.339117] cpu 5 spinlock event irq 83
Oct 13 05:21:14 ip-172-31-19-153 kernel: [    1.342649] installing Xen timer for CPU 6
Oct 13 05:21:14 ip-172-31-19-153 systemd[1]: Started Load AppArmor profiles managed internally by snapd.
Oct 13 05:21:14 ip-172-31-19-153 kernel: [    1.346605]   #6
Oct 13 05:21:14 ip-172-31-19-153 kernel: [    1.347145] cpu 6 spinlock event irq 89
Oct 13 05:21:14 ip-172-31-19-153 dhclient[800]: Internet Systems Consortium DHCP Client 4.3.5
Oct 13 05:21:14 ip-172-31-19-153 kernel: [    1.354649] installing Xen timer for CPU 7
Oct 13 05:21:14 ip-172-31-19-153 dhclient[800]: Copyright 2004-2016 Internet Systems Consortium.
Oct 13 05:21:14 ip-172-31-19-153 kernel: [    1.358594]   #7
Oct 13 05:21:14 ip-172-31-19-153 kernel: [    1.359132] cpu 7 spinlock event irq 95
Oct 13 05:21:14 ip-172-31-19-153 kernel: [    1.366646] smp: Brought up 1 node, 8 CPUs
Oct 13 05:21:14 ip-172-31-19-153 dhclient[800]: All rights reserved.
Oct 13 05:21:14 ip-172-31-19-153 kernel: [    1.370529] smpboot: Max logical packages: 2
Oct 13 05:21:14 ip-172-31-19-153 kernel: [    1.374529] smpboot: Total of 8 processors activated (36801.34 BogoMIPS)
Oct 13 05:21:14 ip-172-31-19-153 kernel: [    1.379595] devtmpfs: initialized
Oct 13 05:21:14 ip-172-31-19-153 dhclient[800]: For info, please visit https://www.isc.org/software/dhcp/
Oct 13 05:21:14 ip-172-31-19-153 kernel: [    1.382578] x86/mm: Memory block size: 128MB
Oct 13 05:21:14 ip-172-31-19-153 kernel: [    1.390963] clocksource: jiffies: mask: 0xffffffff max_cycles: 0xffffffff, max_idle_ns: 7645041785100000 ns
Oct 13 05:21:14 ip-172-31-19-153 kernel: [    1.394607] futex hash table entries: 4096 (order: 6, 262144 bytes, linear)
Oct 13 05:21:14 ip-172-31-19-153 dhclient[800]: 
Oct 13 05:21:14 ip-172-31-19-153 kernel: [    1.398625] pinctrl core: initialized pinctrl subsystem
Oct 13 05:21:14 ip-172-31-19-153 kernel: [    1.402650] PM: RTC time: 05:21:00, date: 2021-10-13
Oct 13 05:21:14 ip-172-31-19-153 kernel: [    1.406817] NET: Registered protocol family 16
Oct 13 05:21:14 ip-172-31-19-153 dhclient[800]: Listening on LPF/eth0/02:9d:16:b1:5b:0b
Oct 13 05:21:14 ip-172-31-19-153 dhclient[800]: Sending on   LPF/eth0/02:9d:16:b1:5b:0b
Oct 13 05:21:14 ip-172-31-19-153 kernel: [    1.410751] audit: initializing netlink subsys (disabled)
Oct 13 05:21:14 ip-172-31-19-153 kernel: [    1.414555] audit: type=2000 audit(1634102460.222:1): state=initialized audit_enabled=0 res=1
Oct 13 05:21:14 ip-172-31-19-153 dhclient[800]: Sending on   Socket/fallback
Oct 13 05:21:14 ip-172-31-19-153 kernel: [    1.414684] EISA bus registered
Oct 13 05:21:14 ip-172-31-19-153 kernel: [    1.422180] cpuidle: using governor ladder
Oct 13 05:21:14 ip-172-31-19-153 dhclient[800]: DHCPDISCOVER on eth0 to 255.255.255.255 port 67 interval 3 (xid=0xadf89837)
Oct 13 05:21:14 ip-172-31-19-153 kernel: [    1.422537] cpuidle: using governor menu
Oct 13 05:21:14 ip-172-31-19-153 kernel: [    1.426584] ACPI: bus type PCI registered
Oct 13 05:21:14 ip-172-31-19-153 kernel: [    1.430527] acpiphp: ACPI Hot Plug PCI Controller Driver version: 0.5
Oct 13 05:21:14 ip-172-31-19-153 dhclient[800]: DHCPREQUEST of 172.31.19.153 on eth0 to 255.255.255.255 port 67 (xid=0x3798f8ad)
Oct 13 05:21:14 ip-172-31-19-153 kernel: [    1.435152] PCI: Using configuration type 1 for base access
Oct 13 05:21:14 ip-172-31-19-153 dhclient[800]: DHCPOFFER of 172.31.19.153 from 172.31.16.1
Oct 13 05:21:14 ip-172-31-19-153 kernel: [    1.442569] HugeTLB registered 1.00 GiB page size, pre-allocated 0 pages
Oct 13 05:21:14 ip-172-31-19-153 kernel: [    1.446537] HugeTLB registered 2.00 MiB page size, pre-allocated 0 pages
Oct 13 05:21:14 ip-172-31-19-153 kernel: [    1.450604] ACPI: Added _OSI(Module Device)
Oct 13 05:21:14 ip-172-31-19-153 dhclient[800]: DHCPACK of 172.31.19.153 from 172.31.16.1
Oct 13 05:21:14 ip-172-31-19-153 kernel: [    1.454532] ACPI: Added _OSI(Processor Device)
Oct 13 05:21:14 ip-172-31-19-153 kernel: [    1.458527] ACPI: Added _OSI(3.0 _SCP Extensions)
Oct 13 05:21:14 ip-172-31-19-153 kernel: [    1.462527] ACPI: Added _OSI(Processor Aggregator Device)
Oct 13 05:21:14 ip-172-31-19-153 kernel: [    1.466530] ACPI: Added _OSI(Linux-Dell-Video)
Oct 13 05:21:14 ip-172-31-19-153 kernel: [    1.470529] ACPI: Added _OSI(Linux-Lenovo-NV-HDMI-Audio)
Oct 13 05:21:14 ip-172-31-19-153 kernel: [    1.474526] ACPI: Added _OSI(Linux-HPI-Hybrid-Graphics)
Oct 13 05:21:14 ip-172-31-19-153 kernel: [    1.482704] ACPI: 3 ACPI AML tables successfully acquired and loaded
Oct 13 05:21:14 ip-172-31-19-153 kernel: [    1.487353] xen: --> pirq=16 -> irq=9 (gsi=9)
Oct 13 05:21:14 ip-172-31-19-153 kernel: [    1.488365] ACPI: Interpreter enabled
Oct 13 05:21:14 ip-172-31-19-153 kernel: [    1.490543] ACPI: (supports S0 S4 S5)
Oct 13 05:21:14 ip-172-31-19-153 kernel: [    1.494529] ACPI: Using IOAPIC for interrupt routing
Oct 13 05:21:14 ip-172-31-19-153 kernel: [    1.498561] PCI: Using host bridge windows from ACPI; if necessary, use "pci=nocrs" and report a bug
Oct 13 05:21:14 ip-172-31-19-153 kernel: [    1.502944] ACPI: Enabled 2 GPEs in block 00 to 0F
Oct 13 05:21:14 ip-172-31-19-153 kernel: [    1.550158] ACPI: PCI Root Bridge [PCI0] (domain 0000 [bus 00-ff])
Oct 13 05:21:14 ip-172-31-19-153 kernel: [    1.550540] acpi PNP0A03:00: _OSC: OS supports [ASPM ClockPM Segments MSI HPX-Type3]
Oct 13 05:21:14 ip-172-31-19-153 kernel: [    1.554550] acpi PNP0A03:00: fail to add MMCONFIG information, can't access extended PCI configuration space under this bridge.
Oct 13 05:21:14 ip-172-31-19-153 dhclient[800]: bound to 172.31.19.153 -- renewal in 1564 seconds.
Oct 13 05:21:14 ip-172-31-19-153 cloud-init[743]: Cloud-init v. 21.1-19-gbad84ad4-0ubuntu1~18.04.1 running 'init-local' at Wed, 13 Oct 2021 05:21:09 +0000. Up 9.34 seconds.
Oct 13 05:21:14 ip-172-31-19-153 systemd[1]: Started Initial cloud-init job (pre-networking).
Oct 13 05:21:14 ip-172-31-19-153 systemd[1]: Reached target Network (Pre).
Oct 13 05:21:14 ip-172-31-19-153 systemd[1]: Starting Network Service...
Oct 13 05:21:14 ip-172-31-19-153 systemd-networkd[824]: Enumeration completed
Oct 13 05:21:14 ip-172-31-19-153 systemd[1]: Started Network Service.
Oct 13 05:21:14 ip-172-31-19-153 systemd-networkd[824]: eth0: Link UP
Oct 13 05:21:14 ip-172-31-19-153 systemd-networkd[824]: eth0: Gained carrier
Oct 13 05:21:14 ip-172-31-19-153 systemd-networkd[824]: eth0: Link DOWN
Oct 13 05:21:14 ip-172-31-19-153 systemd-networkd[824]: eth0: Lost carrier
Oct 13 05:21:14 ip-172-31-19-153 kernel: [    1.559768] acpiphp: Slot [0] registered
Oct 13 05:21:14 ip-172-31-19-153 kernel: [    1.563961] acpiphp: Slot [3] registered
Oct 13 05:21:14 ip-172-31-19-153 kernel: [    1.567054] acpiphp: Slot [4] registered
Oct 13 05:21:14 ip-172-31-19-153 kernel: [    1.571020] acpiphp: Slot [5] registered
Oct 13 05:21:14 ip-172-31-19-153 systemd-networkd[824]: eth0: Removing non-existent address: fe80::9d:16ff:feb1:5b0b/64 (valid forever), ignoring
Oct 13 05:21:14 ip-172-31-19-153 kernel: [    1.575121] acpiphp: Slot [6] registered
Oct 13 05:21:14 ip-172-31-19-153 kernel: [    1.578961] acpiphp: Slot [7] registered
Oct 13 05:21:14 ip-172-31-19-153 systemd-networkd[824]: eth0: IPv6 successfully enabled
Oct 13 05:21:14 ip-172-31-19-153 kernel: [    1.582965] acpiphp: Slot [8] registered
Oct 13 05:21:14 ip-172-31-19-153 systemd-networkd[824]: lo: Link is not managed by us
Oct 13 05:21:14 ip-172-31-19-153 kernel: [    1.587059] acpiphp: Slot [9] registered
Oct 13 05:21:14 ip-172-31-19-153 kernel: [    1.591059] acpiphp: Slot [10] registered
Oct 13 05:21:14 ip-172-31-19-153 systemd-networkd[824]: eth0: Link UP
Oct 13 05:21:14 ip-172-31-19-153 kernel: [    1.595234] acpiphp: Slot [11] registered
Oct 13 05:21:14 ip-172-31-19-153 kernel: [    1.599271] acpiphp: Slot [12] registered
Oct 13 05:21:14 ip-172-31-19-153 kernel: [    1.603125] acpiphp: Slot [13] registered
Oct 13 05:21:14 ip-172-31-19-153 systemd[1]: Starting Network Name Resolution...
Oct 13 05:21:14 ip-172-31-19-153 kernel: [    1.607681] acpiphp: Slot [14] registered
Oct 13 05:21:14 ip-172-31-19-153 systemd[1]: Starting Wait for Network to be Configured...
Oct 13 05:21:14 ip-172-31-19-153 kernel: [    1.611202] acpiphp: Slot [15] registered
Oct 13 05:21:14 ip-172-31-19-153 kernel: [    1.615116] acpiphp: Slot [16] registered
Oct 13 05:21:14 ip-172-31-19-153 kernel: [    1.619238] acpiphp: Slot [17] registered
Oct 13 05:21:14 ip-172-31-19-153 kernel: [    1.623188] acpiphp: Slot [18] registered
Oct 13 05:21:14 ip-172-31-19-153 kernel: [    1.627263] acpiphp: Slot [19] registered
Oct 13 05:21:14 ip-172-31-19-153 systemd-networkd[824]: eth0: Gained carrier
Oct 13 05:21:14 ip-172-31-19-153 kernel: [    1.631137] acpiphp: Slot [20] registered
Oct 13 05:21:14 ip-172-31-19-153 systemd-networkd[824]: eth0: DHCPv4 address 172.31.19.153/20 via 172.31.16.1
Oct 13 05:21:14 ip-172-31-19-153 kernel: [    1.635241] acpiphp: Slot [21] registered
Oct 13 05:21:14 ip-172-31-19-153 kernel: [    1.639199] acpiphp: Slot [22] registered
Oct 13 05:21:14 ip-172-31-19-153 systemd-networkd[824]: Not connected to system bus, not setting hostname.
Oct 13 05:21:14 ip-172-31-19-153 kernel: [    1.643195] acpiphp: Slot [23] registered
Oct 13 05:21:14 ip-172-31-19-153 kernel: [    1.647198] acpiphp: Slot [24] registered
Oct 13 05:21:14 ip-172-31-19-153 kernel: [    1.651143] acpiphp: Slot [25] registered
Oct 13 05:21:14 ip-172-31-19-153 systemd-timesyncd[650]: Network configuration changed, trying to establish connection.
Oct 13 05:21:14 ip-172-31-19-153 kernel: [    1.655278] acpiphp: Slot [26] registered
Oct 13 05:21:14 ip-172-31-19-153 systemd-resolved[851]: Positive Trust Anchors:
Oct 13 05:21:14 ip-172-31-19-153 kernel: [    1.659169] acpiphp: Slot [27] registered
Oct 13 05:21:14 ip-172-31-19-153 kernel: [    1.663224] acpiphp: Slot [28] registered
Oct 13 05:21:14 ip-172-31-19-153 systemd-resolved[851]: . IN DS 19036 8 2 49aac11d7b6f6446702e54a1607371607a1a41855200fd2ce1cdde32f24e8fb5
Oct 13 05:21:14 ip-172-31-19-153 kernel: [    1.667198] acpiphp: Slot [29] registered
Oct 13 05:21:14 ip-172-31-19-153 kernel: [    1.671164] acpiphp: Slot [30] registered
Oct 13 05:21:14 ip-172-31-19-153 kernel: [    1.675432] acpiphp: Slot [31] registered
Oct 13 05:21:14 ip-172-31-19-153 kernel: [    1.679235] PCI host bridge to bus 0000:00
Oct 13 05:21:14 ip-172-31-19-153 kernel: [    1.682531] pci_bus 0000:00: root bus resource [io  0x0000-0x0cf7 window]
Oct 13 05:21:14 ip-172-31-19-153 systemd-resolved[851]: . IN DS 20326 8 2 e06d44b80b8f1d39a95c0b0d7c65d08458e880409bbc683457104237c7f8ec8d
Oct 13 05:21:14 ip-172-31-19-153 kernel: [    1.686531] pci_bus 0000:00: root bus resource [io  0x0d00-0xffff window]
Oct 13 05:21:14 ip-172-31-19-153 kernel: [    1.690530] pci_bus 0000:00: root bus resource [mem 0x000a0000-0x000bffff window]
Oct 13 05:21:14 ip-172-31-19-153 systemd-resolved[851]: Negative trust anchors: 10.in-addr.arpa 16.172.in-addr.arpa 17.172.in-addr.arpa 18.172.in-addr.arpa 19.172.in-addr.arpa 20.172.in-addr.arpa 21.172.in-addr.arpa 22.172.in-addr.arpa 23.172.in-addr.arpa 24.172.in-addr.arpa 25.172.in-addr.arpa 26.172.in-addr.arpa 27.172.in-addr.arpa 28.172.in-addr.arpa 29.172.in-addr.arpa 30.172.in-addr.arpa 31.172.in-addr.arpa 168.192.in-addr.arpa d.f.ip6.arpa corp home internal intranet lan local private test
Oct 13 05:21:14 ip-172-31-19-153 kernel: [    1.694530] pci_bus 0000:00: root bus resource [mem 0xf0000000-0xfbffffff window]
Oct 13 05:21:14 ip-172-31-19-153 kernel: [    1.698529] pci_bus 0000:00: root bus resource [bus 00-ff]
Oct 13 05:21:14 ip-172-31-19-153 systemd-resolved[851]: Using system hostname 'ip-172-31-19-153'.
Oct 13 05:21:14 ip-172-31-19-153 kernel: [    1.702834] pci 0000:00:00.0: [8086:1237] type 00 class 0x060000
Oct 13 05:21:14 ip-172-31-19-153 kernel: [    1.710521] pci 0000:00:01.0: [8086:7000] type 00 class 0x060100
Oct 13 05:21:14 ip-172-31-19-153 systemd[1]: Started Network Name Resolution.
Oct 13 05:21:14 ip-172-31-19-153 kernel: [    1.715878] pci 0000:00:01.1: [8086:7010] type 00 class 0x010180
Oct 13 05:21:14 ip-172-31-19-153 systemd[1]: Reached target Host and Network Name Lookups.
Oct 13 05:21:14 ip-172-31-19-153 kernel: [    1.722206] pci 0000:00:01.1: reg 0x20: [io  0xc100-0xc10f]
Oct 13 05:21:14 ip-172-31-19-153 kernel: [    1.723790] pci 0000:00:01.1: legacy IDE quirk: reg 0x10: [io  0x01f0-0x01f7]
Oct 13 05:21:14 ip-172-31-19-153 kernel: [    1.726527] pci 0000:00:01.1: legacy IDE quirk: reg 0x14: [io  0x03f6]
Oct 13 05:21:14 ip-172-31-19-153 systemd[1]: Reached target Network.
Oct 13 05:21:14 ip-172-31-19-153 kernel: [    1.730531] pci 0000:00:01.1: legacy IDE quirk: reg 0x18: [io  0x0170-0x0177]
Oct 13 05:21:14 ip-172-31-19-153 kernel: [    1.734530] pci 0000:00:01.1: legacy IDE quirk: reg 0x1c: [io  0x0376]
Oct 13 05:21:14 ip-172-31-19-153 kernel: [    1.740075] pci 0000:00:01.3: [8086:7113] type 00 class 0x068000
Oct 13 05:21:14 ip-172-31-19-153 systemd-networkd[824]: eth0: Gained IPv6LL
Oct 13 05:21:14 ip-172-31-19-153 kernel: [    1.742633] * Found PM-Timer Bug on the chipset. Due to workarounds for a bug,
Oct 13 05:21:14 ip-172-31-19-153 kernel: [    1.742633] * this clock source is slow. Consider trying other clock sources
Oct 13 05:21:14 ip-172-31-19-153 systemd-networkd[824]: eth0: Configured
Oct 13 05:21:14 ip-172-31-19-153 kernel: [    1.750729] pci 0000:00:01.3: quirk: [io  0xb000-0xb03f] claimed by PIIX4 ACPI
Oct 13 05:21:14 ip-172-31-19-153 kernel: [    1.756752] pci 0000:00:02.0: [1013:00b8] type 00 class 0x030000
Oct 13 05:21:14 ip-172-31-19-153 kernel: [    1.759723] pci 0000:00:02.0: reg 0x10: [mem 0xf0000000-0xf1ffffff pref]
Oct 13 05:21:14 ip-172-31-19-153 systemd-timesyncd[650]: Network configuration changed, trying to establish connection.
Oct 13 05:21:14 ip-172-31-19-153 kernel: [    1.763190] pci 0000:00:02.0: reg 0x14: [mem 0xf3000000-0xf3000fff]
Oct 13 05:21:14 ip-172-31-19-153 kernel: [    1.770668] pci 0000:00:03.0: [5853:0001] type 00 class 0xff8000
Oct 13 05:21:14 ip-172-31-19-153 systemd-networkd-wait-online[859]: managing: eth0
Oct 13 05:21:14 ip-172-31-19-153 kernel: [    1.775528] pci 0000:00:03.0: reg 0x10: [io  0xc000-0xc0ff]
Oct 13 05:21:14 ip-172-31-19-153 systemd-networkd-wait-online[859]: ignoring: lo
Oct 13 05:21:14 ip-172-31-19-153 kernel: [    1.779043] pci 0000:00:03.0: reg 0x14: [mem 0xf2000000-0xf2ffffff pref]
Oct 13 05:21:14 ip-172-31-19-153 kernel: [    1.792515] ACPI: PCI Interrupt Link [LNKA] (IRQs *5 10 11)
Oct 13 05:21:14 ip-172-31-19-153 kernel: [    1.795027] ACPI: PCI Interrupt Link [LNKB] (IRQs 5 *10 11)
Oct 13 05:21:14 ip-172-31-19-153 systemd[1]: Started Wait for Network to be Configured.
Oct 13 05:21:14 ip-172-31-19-153 kernel: [    1.798834] ACPI: PCI Interrupt Link [LNKC] (IRQs 5 10 *11)
Oct 13 05:21:14 ip-172-31-19-153 kernel: [    1.802775] ACPI: PCI Interrupt Link [LNKD] (IRQs *5 10 11)
Oct 13 05:21:14 ip-172-31-19-153 systemd[1]: Starting Initial cloud-init job (metadata service crawler)...
Oct 13 05:21:14 ip-172-31-19-153 kernel: [    1.833787] xen:balloon: Initialising balloon driver
Oct 13 05:21:14 ip-172-31-19-153 kernel: [    1.834579] iommu: Default domain type: Translated 
Oct 13 05:21:14 ip-172-31-19-153 kernel: [    1.838677] SCSI subsystem initialized
Oct 13 05:21:14 ip-172-31-19-153 kernel: [    1.842558] libata version 3.00 loaded.
Oct 13 05:21:14 ip-172-31-19-153 cloud-init[884]: Cloud-init v. 21.1-19-gbad84ad4-0ubuntu1~18.04.1 running 'init' at Wed, 13 Oct 2021 05:21:12 +0000. Up 12.02 seconds.
Oct 13 05:21:14 ip-172-31-19-153 kernel: [    1.842586] pci 0000:00:02.0: vgaarb: setting as boot VGA device
Oct 13 05:21:14 ip-172-31-19-153 kernel: [    1.846521] pci 0000:00:02.0: vgaarb: VGA device added: decodes=io+mem,owns=io+mem,locks=none
Oct 13 05:21:14 ip-172-31-19-153 cloud-init[884]: ci-info: ++++++++++++++++++++++++++++++++++++++Net device info++++++++++++++++++++++++++++++++++++++
Oct 13 05:21:14 ip-172-31-19-153 kernel: [    1.846531] pci 0000:00:02.0: vgaarb: bridge control possible
Oct 13 05:21:14 ip-172-31-19-153 cloud-init[884]: ci-info: +--------+------+----------------------------+---------------+--------+-------------------+
Oct 13 05:21:14 ip-172-31-19-153 kernel: [    1.850528] vgaarb: loaded
Oct 13 05:21:14 ip-172-31-19-153 kernel: [    1.853949] ACPI: bus type USB registered
Oct 13 05:21:14 ip-172-31-19-153 cloud-init[884]: ci-info: | Device |  Up  |          Address           |      Mask     | Scope  |     Hw-Address    |
Oct 13 05:21:14 ip-172-31-19-153 kernel: [    1.854554] usbcore: registered new interface driver usbfs
Oct 13 05:21:14 ip-172-31-19-153 kernel: [    1.858547] usbcore: registered new interface driver hub
Oct 13 05:21:14 ip-172-31-19-153 kernel: [    1.862548] usbcore: registered new device driver usb
Oct 13 05:21:14 ip-172-31-19-153 cloud-init[884]: ci-info: +--------+------+----------------------------+---------------+--------+-------------------+
Oct 13 05:21:14 ip-172-31-19-153 kernel: [    1.866562] pps_core: LinuxPPS API ver. 1 registered
Oct 13 05:21:14 ip-172-31-19-153 cloud-init[884]: ci-info: |  eth0  | True |       172.31.19.153        | 255.255.240.0 | global | 02:9d:16:b1:5b:0b |
Oct 13 05:21:14 ip-172-31-19-153 kernel: [    1.870528] pps_core: Software ver. 5.3.6 - Copyright 2005-2007 Rodolfo Giometti <giometti@linux.it>
Oct 13 05:21:14 ip-172-31-19-153 kernel: [    1.874540] PTP clock support registered
Oct 13 05:21:14 ip-172-31-19-153 cloud-init[884]: ci-info: |  eth0  | True | fe80::9d:16ff:feb1:5b0b/64 |       .       |  link  | 02:9d:16:b1:5b:0b |
Oct 13 05:21:14 ip-172-31-19-153 cloud-init[884]: ci-info: |   lo   | True |         127.0.0.1          |   255.0.0.0   |  host  |         .         |
Oct 13 05:21:14 ip-172-31-19-153 cloud-init[884]: ci-info: |   lo   | True |          ::1/128           |       .       |  host  |         .         |
Oct 13 05:21:14 ip-172-31-19-153 cloud-init[884]: ci-info: +--------+------+----------------------------+---------------+--------+-------------------+
Oct 13 05:21:14 ip-172-31-19-153 cloud-init[884]: ci-info: ++++++++++++++++++++++++++++++Route IPv4 info++++++++++++++++++++++++++++++
Oct 13 05:21:14 ip-172-31-19-153 cloud-init[884]: ci-info: +-------+-------------+-------------+-----------------+-----------+-------+
Oct 13 05:21:14 ip-172-31-19-153 cloud-init[884]: ci-info: | Route | Destination |   Gateway   |     Genmask     | Interface | Flags |
Oct 13 05:21:14 ip-172-31-19-153 cloud-init[884]: ci-info: +-------+-------------+-------------+-----------------+-----------+-------+
Oct 13 05:21:14 ip-172-31-19-153 cloud-init[884]: ci-info: |   0   |   0.0.0.0   | 172.31.16.1 |     0.0.0.0     |    eth0   |   UG  |
Oct 13 05:21:14 ip-172-31-19-153 cloud-init[884]: ci-info: |   1   | 172.31.16.0 |   0.0.0.0   |  255.255.240.0  |    eth0   |   U   |
Oct 13 05:21:14 ip-172-31-19-153 cloud-init[884]: ci-info: |   2   | 172.31.16.1 |   0.0.0.0   | 255.255.255.255 |    eth0   |   UH  |
Oct 13 05:21:14 ip-172-31-19-153 cloud-init[884]: ci-info: +-------+-------------+-------------+-----------------+-----------+-------+
Oct 13 05:21:14 ip-172-31-19-153 cloud-init[884]: ci-info: +++++++++++++++++++Route IPv6 info+++++++++++++++++++
Oct 13 05:21:14 ip-172-31-19-153 cloud-init[884]: ci-info: +-------+-------------+---------+-----------+-------+
Oct 13 05:21:14 ip-172-31-19-153 cloud-init[884]: ci-info: | Route | Destination | Gateway | Interface | Flags |
Oct 13 05:21:14 ip-172-31-19-153 cloud-init[884]: ci-info: +-------+-------------+---------+-----------+-------+
Oct 13 05:21:14 ip-172-31-19-153 cloud-init[884]: ci-info: |   1   |  fe80::/64  |    ::   |    eth0   |   U   |
Oct 13 05:21:14 ip-172-31-19-153 cloud-init[884]: ci-info: |   3   |    local    |    ::   |    eth0   |   U   |
Oct 13 05:21:14 ip-172-31-19-153 cloud-init[884]: ci-info: |   4   |  multicast  |    ::   |    eth0   |   U   |
Oct 13 05:21:14 ip-172-31-19-153 cloud-init[884]: ci-info: +-------+-------------+---------+-----------+-------+
Oct 13 05:21:14 ip-172-31-19-153 cloud-init[884]: Generating public/private rsa key pair.
Oct 13 05:21:14 ip-172-31-19-153 cloud-init[884]: Your identification has been saved in /etc/ssh/ssh_host_rsa_key.
Oct 13 05:21:14 ip-172-31-19-153 cloud-init[884]: Your public key has been saved in /etc/ssh/ssh_host_rsa_key.pub.
Oct 13 05:21:14 ip-172-31-19-153 cloud-init[884]: The key fingerprint is:
Oct 13 05:21:14 ip-172-31-19-153 cloud-init[884]: SHA256:02DD5+HvPSzOg75viPKS12qk8BW0plWeRg/3Can6+bE root@ip-172-31-19-153
Oct 13 05:21:14 ip-172-31-19-153 cloud-init[884]: The key's randomart image is:
Oct 13 05:21:14 ip-172-31-19-153 cloud-init[884]: +---[RSA 2048]----+
Oct 13 05:21:14 ip-172-31-19-153 cloud-init[884]: |             .   |
Oct 13 05:21:14 ip-172-31-19-153 cloud-init[884]: |       .. + +    |
Oct 13 05:21:14 ip-172-31-19-153 cloud-init[884]: |       .==o* o . |
Oct 13 05:21:14 ip-172-31-19-153 cloud-init[884]: |       .=B=.. o  |
Oct 13 05:21:14 ip-172-31-19-153 cloud-init[884]: |       +S++      |
Oct 13 05:21:14 ip-172-31-19-153 cloud-init[884]: |    . . +. .     |
Oct 13 05:21:14 ip-172-31-19-153 cloud-init[884]: |     o = + +o.   |
Oct 13 05:21:14 ip-172-31-19-153 cloud-init[884]: |      * + *o++o  |
Oct 13 05:21:14 ip-172-31-19-153 cloud-init[884]: |       *ooo*Eo.. |
Oct 13 05:21:14 ip-172-31-19-153 cloud-init[884]: +----[SHA256]-----+
Oct 13 05:21:14 ip-172-31-19-153 cloud-init[884]: Generating public/private dsa key pair.
Oct 13 05:21:14 ip-172-31-19-153 cloud-init[884]: Your identification has been saved in /etc/ssh/ssh_host_dsa_key.
Oct 13 05:21:14 ip-172-31-19-153 cloud-init[884]: Your public key has been saved in /etc/ssh/ssh_host_dsa_key.pub.
Oct 13 05:21:14 ip-172-31-19-153 cloud-init[884]: The key fingerprint is:
Oct 13 05:21:14 ip-172-31-19-153 cloud-init[884]: SHA256:8D95Aq63So3nRzoJAsyUSB5qDG/mG9rBBfh5P8nOsZE root@ip-172-31-19-153
Oct 13 05:21:14 ip-172-31-19-153 cloud-init[884]: The key's randomart image is:
Oct 13 05:21:14 ip-172-31-19-153 cloud-init[884]: +---[DSA 1024]----+
Oct 13 05:21:14 ip-172-31-19-153 cloud-init[884]: |o=..             |
Oct 13 05:21:14 ip-172-31-19-153 cloud-init[884]: |B.+.             |
Oct 13 05:21:14 ip-172-31-19-153 cloud-init[884]: |.O+.. .          |
Oct 13 05:21:14 ip-172-31-19-153 cloud-init[884]: |.=*..  o         |
Oct 13 05:21:14 ip-172-31-19-153 cloud-init[884]: |  =o o oS        |
Oct 13 05:21:14 ip-172-31-19-153 cloud-init[884]: | o +. E+ o..     |
Oct 13 05:21:14 ip-172-31-19-153 cloud-init[884]: |. o  +o*++= .    |
Oct 13 05:21:14 ip-172-31-19-153 cloud-init[884]: |     .++= .+     |
Oct 13 05:21:14 ip-172-31-19-153 cloud-init[884]: |      ooo+       |
Oct 13 05:21:14 ip-172-31-19-153 cloud-init[884]: +----[SHA256]-----+
Oct 13 05:21:14 ip-172-31-19-153 cloud-init[884]: Generating public/private ecdsa key pair.
Oct 13 05:21:14 ip-172-31-19-153 cloud-init[884]: Your identification has been saved in /etc/ssh/ssh_host_ecdsa_key.
Oct 13 05:21:14 ip-172-31-19-153 cloud-init[884]: Your public key has been saved in /etc/ssh/ssh_host_ecdsa_key.pub.
Oct 13 05:21:14 ip-172-31-19-153 cloud-init[884]: The key fingerprint is:
Oct 13 05:21:14 ip-172-31-19-153 cloud-init[884]: SHA256:rGrnE4q8V6CNy1iuYWQIle5q9nSOsjTyC47iTrsCZC0 root@ip-172-31-19-153
Oct 13 05:21:14 ip-172-31-19-153 cloud-init[884]: The key's randomart image is:
Oct 13 05:21:14 ip-172-31-19-153 cloud-init[884]: +---[ECDSA 256]---+
Oct 13 05:21:14 ip-172-31-19-153 cloud-init[884]: |  ..             |
Oct 13 05:21:14 ip-172-31-19-153 cloud-init[884]: | ..              |
Oct 13 05:21:14 ip-172-31-19-153 cloud-init[884]: |...              |
Oct 13 05:21:14 ip-172-31-19-153 cloud-init[884]: |oE...  .         |
Oct 13 05:21:14 ip-172-31-19-153 cloud-init[884]: |++.+ .  S        |
Oct 13 05:21:14 ip-172-31-19-153 cloud-init[884]: |+ = . o.         |
Oct 13 05:21:14 ip-172-31-19-153 cloud-init[884]: |=% + +..         |
Oct 13 05:21:14 ip-172-31-19-153 cloud-init[884]: |%BX B.o          |
Oct 13 05:21:14 ip-172-31-19-153 cloud-init[884]: |XOOB.+..         |
Oct 13 05:21:14 ip-172-31-19-153 cloud-init[884]: +----[SHA256]-----+
Oct 13 05:21:14 ip-172-31-19-153 cloud-init[884]: Generating public/private ed25519 key pair.
Oct 13 05:21:14 ip-172-31-19-153 cloud-init[884]: Your identification has been saved in /etc/ssh/ssh_host_ed25519_key.
Oct 13 05:21:14 ip-172-31-19-153 cloud-init[884]: Your public key has been saved in /etc/ssh/ssh_host_ed25519_key.pub.
Oct 13 05:21:14 ip-172-31-19-153 cloud-init[884]: The key fingerprint is:
Oct 13 05:21:14 ip-172-31-19-153 cloud-init[884]: SHA256:tuWvI4AwSp4Mtf6maBQ6ibr2k7IeHuE/3SKy2/j0BQE root@ip-172-31-19-153
Oct 13 05:21:14 ip-172-31-19-153 cloud-init[884]: The key's randomart image is:
Oct 13 05:21:14 ip-172-31-19-153 cloud-init[884]: +--[ED25519 256]--+
Oct 13 05:21:14 ip-172-31-19-153 cloud-init[884]: |   E             |
Oct 13 05:21:14 ip-172-31-19-153 cloud-init[884]: |  . .            |
Oct 13 05:21:14 ip-172-31-19-153 cloud-init[884]: | . . .           |
Oct 13 05:21:14 ip-172-31-19-153 cloud-init[884]: |.o+   .          |
Oct 13 05:21:14 ip-172-31-19-153 cloud-init[884]: |B=oo o  S .      |
Oct 13 05:21:14 ip-172-31-19-153 cloud-init[884]: |B=o . o. +       |
Oct 13 05:21:14 ip-172-31-19-153 cloud-init[884]: |o= oo .o. .      |
Oct 13 05:21:14 ip-172-31-19-153 cloud-init[884]: |o*B=+o... ..     |
Oct 13 05:21:14 ip-172-31-19-153 systemd[1]: Started Initial cloud-init job (metadata service crawler).
Oct 13 05:21:14 ip-172-31-19-153 cron[1011]: (CRON) INFO (pidfile fd = 3)
Oct 13 05:21:14 ip-172-31-19-153 cloud-init[884]: |*OXB+..  ..o.    |
Oct 13 05:21:14 ip-172-31-19-153 cloud-init[884]: +----[SHA256]-----+
Oct 13 05:21:14 ip-172-31-19-153 systemd[1]: Reached target Network is Online.
Oct 13 05:21:14 ip-172-31-19-153 cron[1011]: (CRON) INFO (Running @reboot jobs)
Oct 13 05:21:14 ip-172-31-19-153 systemd[1]: Reached target Remote File Systems (Pre).
Oct 13 05:21:14 ip-172-31-19-153 systemd[1]: Reached target Remote File Systems.
Oct 13 05:21:14 ip-172-31-19-153 systemd[1]: Starting Availability of block devices...
Oct 13 05:21:14 ip-172-31-19-153 systemd[1]: Reached target System Initialization.
Oct 13 05:21:14 ip-172-31-19-153 systemd[1]: Started Daily apt download activities.
Oct 13 05:21:14 ip-172-31-19-153 systemd[1]: Listening on UUID daemon activation socket.
Oct 13 05:21:14 ip-172-31-19-153 systemd[1]: Started Daily Cleanup of Temporary Directories.
Oct 13 05:21:14 ip-172-31-19-153 systemd[1]: Listening on ACPID Listen Socket.
Oct 13 05:21:14 ip-172-31-19-153 systemd[1]: Listening on D-Bus System Message Bus Socket.
Oct 13 05:21:14 ip-172-31-19-153 systemd[1]: Started Discard unused blocks once a week.
Oct 13 05:21:14 ip-172-31-19-153 systemd[1]: Starting LXD - unix socket.
Oct 13 05:21:14 ip-172-31-19-153 systemd[1]: Starting Socket activation for snappy daemon.
Oct 13 05:21:14 ip-172-31-19-153 systemd[1]: Started Message of the Day.
Oct 13 05:21:14 ip-172-31-19-153 systemd[1]: Started ACPI Events Check.
Oct 13 05:21:14 ip-172-31-19-153 systemd[1]: Reached target Paths.
Oct 13 05:21:14 ip-172-31-19-153 systemd[1]: Started Daily apt upgrade and clean activities.
Oct 13 05:21:14 ip-172-31-19-153 systemd[1]: Reached target Timers.
Oct 13 05:21:14 ip-172-31-19-153 systemd[1]: Listening on Open-iSCSI iscsid Socket.
Oct 13 05:21:14 ip-172-31-19-153 systemd[1]: Reached target Cloud-config availability.
Oct 13 05:21:14 ip-172-31-19-153 systemd[1]: Started Availability of block devices.
Oct 13 05:21:14 ip-172-31-19-153 systemd[1]: Listening on LXD - unix socket.
Oct 13 05:21:14 ip-172-31-19-153 systemd[1]: Listening on Socket activation for snappy daemon.
Oct 13 05:21:14 ip-172-31-19-153 systemd[1]: Reached target Sockets.
Oct 13 05:21:14 ip-172-31-19-153 systemd[1]: Reached target Basic System.
Oct 13 05:21:14 ip-172-31-19-153 systemd[1]: Starting LSB: Record successful boot for GRUB...
Oct 13 05:21:14 ip-172-31-19-153 systemd[1]: Starting Dispatcher daemon for systemd-networkd...
Oct 13 05:21:14 ip-172-31-19-153 systemd[1]: Starting Accounts Service...
Oct 13 05:21:14 ip-172-31-19-153 systemd[1]: Starting LSB: automatic crash report generation...
Oct 13 05:21:14 ip-172-31-19-153 systemd[1]: Started Regular background program processing daemon.
Oct 13 05:21:14 ip-172-31-19-153 systemd[1]: Starting Pollinate to seed the pseudo random number generator...
Oct 13 05:21:14 ip-172-31-19-153 systemd[1]: Starting System Logging Service...
Oct 13 05:21:14 ip-172-31-19-153 systemd[1]: Starting Login Service...
Oct 13 05:21:14 ip-172-31-19-153 systemd[1]: Started D-Bus System Message Bus.
Oct 13 05:21:14 ip-172-31-19-153 pollinate[1012]: client sent challenge to [https://entropy.ubuntu.com/]
Oct 13 05:21:14 ip-172-31-19-153 dbus-daemon[1023]: [system] AppArmor D-Bus mediation is enabled
Oct 13 05:21:14 ip-172-31-19-153 dbus-daemon[1023]: [system] Activating via systemd: service name='org.freedesktop.hostname1' unit='dbus-org.freedesktop.hostname1.service' requested by ':1.2' (uid=100 pid=824 comm="/lib/systemd/systemd-networkd " label="unconfined")
Oct 13 05:21:14 ip-172-31-19-153 systemd[1]: Starting Snap Daemon...
Oct 13 05:21:14 ip-172-31-19-153 systemd[1]: Started ACPI event daemon.
Oct 13 05:21:14 ip-172-31-19-153 rsyslogd: imuxsock: Acquired UNIX socket '/run/systemd/journal/syslog' (fd 3) from systemd.  [v8.32.0]
Oct 13 05:21:14 ip-172-31-19-153 rsyslogd: rsyslogd's groupid changed to 106
Oct 13 05:21:14 ip-172-31-19-153 rsyslogd: rsyslogd's userid changed to 102
Oct 13 05:21:14 ip-172-31-19-153 rsyslogd:  [origin software="rsyslogd" swVersion="8.32.0" x-pid="1013" x-info="http://www.rsyslog.com"] start
Oct 13 05:21:14 ip-172-31-19-153 kernel: [    1.878573] EDAC MC: Ver: 3.0.0
Oct 13 05:21:14 ip-172-31-19-153 kernel: [    1.882755] PCI: Using ACPI for IRQ routing
Oct 13 05:21:14 ip-172-31-19-153 kernel: [    1.886529] PCI: pci_cache_line_size set to 64 bytes
Oct 13 05:21:14 ip-172-31-19-153 kernel: [    1.887180] e820: reserve RAM buffer [mem 0x0009e000-0x0009ffff]
Oct 13 05:21:14 ip-172-31-19-153 kernel: [    1.887307] NetLabel: Initializing
Oct 13 05:21:14 ip-172-31-19-153 kernel: [    1.890528] NetLabel:  domain hash size = 128
Oct 13 05:21:14 ip-172-31-19-153 kernel: [    1.894526] NetLabel:  protocols = UNLABELED CIPSOv4 CALIPSO
Oct 13 05:21:14 ip-172-31-19-153 kernel: [    1.898545] NetLabel:  unlabeled traffic allowed by default
Oct 13 05:21:14 ip-172-31-19-153 kernel: [    1.902584] hpet: 3 channels of 0 reserved for per-cpu timers
Oct 13 05:21:14 ip-172-31-19-153 kernel: [    1.906536] hpet0: at MMIO 0xfed00000, IRQs 2, 8, 0
Oct 13 05:21:14 ip-172-31-19-153 kernel: [    1.910529] hpet0: 3 comparators, 64-bit 62.500000 MHz counter
Oct 13 05:21:14 ip-172-31-19-153 kernel: [    1.916637] clocksource: Switched to clocksource xen
Oct 13 05:21:14 ip-172-31-19-153 kernel: [    1.933903] *** VALIDATE bpf ***
Oct 13 05:21:14 ip-172-31-19-153 kernel: [    1.937975] VFS: Disk quotas dquot_6.6.0
Oct 13 05:21:14 ip-172-31-19-153 kernel: [    1.942258] VFS: Dquot-cache hash table entries: 512 (order 0, 4096 bytes)
Oct 13 05:21:14 ip-172-31-19-153 kernel: [    1.948986] *** VALIDATE ramfs ***
Oct 13 05:21:14 ip-172-31-19-153 kernel: [    1.952828] *** VALIDATE hugetlbfs ***
Oct 13 05:21:14 ip-172-31-19-153 kernel: [    1.956969] AppArmor: AppArmor Filesystem Enabled
Oct 13 05:21:14 ip-172-31-19-153 kernel: [    1.961967] pnp: PnP ACPI init
Oct 13 05:21:14 ip-172-31-19-153 kernel: [    1.965767] system 00:00: [mem 0x00000000-0x0009ffff] could not be reserved
Oct 13 05:21:14 ip-172-31-19-153 kernel: [    1.972754] system 00:00: Plug and Play ACPI device, IDs PNP0c02 (active)
Oct 13 05:21:14 ip-172-31-19-153 kernel: [    1.972858] system 00:01: [io  0x08a0-0x08a3] has been reserved
Oct 13 05:21:14 ip-172-31-19-153 kernel: [    1.978771] system 00:01: [io  0x0cc0-0x0ccf] has been reserved
Oct 13 05:21:14 ip-172-31-19-153 kernel: [    1.984556] system 00:01: [io  0x04d0-0x04d1] has been reserved
Oct 13 05:21:14 ip-172-31-19-153 kernel: [    1.990396] system 00:01: Plug and Play ACPI device, IDs PNP0c02 (active)
Oct 13 05:21:14 ip-172-31-19-153 kernel: [    1.990431] xen: --> pirq=17 -> irq=8 (gsi=8)
Oct 13 05:21:14 ip-172-31-19-153 kernel: [    1.990456] pnp 00:02: Plug and Play ACPI device, IDs PNP0b00 (active)
Oct 13 05:21:14 ip-172-31-19-153 kernel: [    1.990484] xen: --> pirq=18 -> irq=12 (gsi=12)
Oct 13 05:21:14 ip-172-31-19-153 kernel: [    1.990497] pnp 00:03: Plug and Play ACPI device, IDs PNP0f13 (active)
Oct 13 05:21:14 ip-172-31-19-153 kernel: [    1.990516] xen: --> pirq=19 -> irq=1 (gsi=1)
Oct 13 05:21:14 ip-172-31-19-153 kernel: [    1.990527] pnp 00:04: Plug and Play ACPI device, IDs PNP0303 PNP030b (active)
Oct 13 05:21:14 ip-172-31-19-153 kernel: [    1.990544] xen: --> pirq=20 -> irq=6 (gsi=6)
Oct 13 05:21:14 ip-172-31-19-153 kernel: [    1.990546] pnp 00:05: [dma 2]
Oct 13 05:21:14 ip-172-31-19-153 kernel: [    1.990558] pnp 00:05: Plug and Play ACPI device, IDs PNP0700 (active)
Oct 13 05:21:14 ip-172-31-19-153 kernel: [    1.990601] xen: --> pirq=21 -> irq=4 (gsi=4)
Oct 13 05:21:14 ip-172-31-19-153 kernel: [    1.990613] pnp 00:06: Plug and Play ACPI device, IDs PNP0501 (active)
Oct 13 05:21:14 ip-172-31-19-153 kernel: [    1.990657] system 00:07: [io  0x10c0-0x1141] has been reserved
Oct 13 05:21:14 ip-172-31-19-153 kernel: [    1.996566] system 00:07: [io  0xb044-0xb047] has been reserved
Oct 13 05:21:14 ip-172-31-19-153 kernel: [    2.001118] system 00:07: Plug and Play ACPI device, IDs PNP0c02 (active)
Oct 13 05:21:14 ip-172-31-19-153 kernel: [    2.025218] pnp: PnP ACPI: found 8 devices
Oct 13 05:21:14 ip-172-31-19-153 kernel: [    2.032946] thermal_sys: Registered thermal governor 'fair_share'
Oct 13 05:21:14 ip-172-31-19-153 kernel: [    2.032947] thermal_sys: Registered thermal governor 'bang_bang'
Oct 13 05:21:14 ip-172-31-19-153 kernel: [    2.038746] thermal_sys: Registered thermal governor 'step_wise'
Oct 13 05:21:14 ip-172-31-19-153 kernel: [    2.044670] thermal_sys: Registered thermal governor 'user_space'
Oct 13 05:21:14 ip-172-31-19-153 kernel: [    2.051293] thermal_sys: Registered thermal governor 'power_allocator'
Oct 13 05:21:14 ip-172-31-19-153 kernel: [    2.063285] clocksource: acpi_pm: mask: 0xffffff max_cycles: 0xffffff, max_idle_ns: 2085701024 ns
Oct 13 05:21:14 ip-172-31-19-153 kernel: [    2.082319] pci_bus 0000:00: resource 4 [io  0x0000-0x0cf7 window]
Oct 13 05:21:14 ip-172-31-19-153 kernel: [    2.089884] pci_bus 0000:00: resource 5 [io  0x0d00-0xffff window]
Oct 13 05:21:14 ip-172-31-19-153 kernel: [    2.097531] pci_bus 0000:00: resource 6 [mem 0x000a0000-0x000bffff window]
Oct 13 05:21:14 ip-172-31-19-153 kernel: [    2.105720] pci_bus 0000:00: resource 7 [mem 0xf0000000-0xfbffffff window]
Oct 13 05:21:14 ip-172-31-19-153 kernel: [    2.114488] NET: Registered protocol family 2
Oct 13 05:21:14 ip-172-31-19-153 kernel: [    2.120390] tcp_listen_portaddr_hash hash table entries: 16384 (order: 6, 262144 bytes, linear)
Oct 13 05:21:14 ip-172-31-19-153 kernel: [    2.128294] TCP established hash table entries: 262144 (order: 9, 2097152 bytes, linear)
Oct 13 05:21:14 ip-172-31-19-153 kernel: [    2.136947] TCP bind hash table entries: 65536 (order: 8, 1048576 bytes, linear)
Oct 13 05:21:14 ip-172-31-19-153 kernel: [    2.145613] TCP: Hash tables configured (established 262144 bind 65536)
Oct 13 05:21:14 ip-172-31-19-153 kernel: [    2.152301] UDP hash table entries: 16384 (order: 7, 524288 bytes, linear)
Oct 13 05:21:14 ip-172-31-19-153 kernel: [    2.159402] UDP-Lite hash table entries: 16384 (order: 7, 524288 bytes, linear)
Oct 13 05:21:14 ip-172-31-19-153 kernel: [    2.167175] NET: Registered protocol family 1
Oct 13 05:21:14 ip-172-31-19-153 kernel: [    2.171822] NET: Registered protocol family 44
Oct 13 05:21:14 ip-172-31-19-153 kernel: [    2.176683] pci 0000:00:01.0: PIIX3: Enabling Passive Release
Oct 13 05:21:14 ip-172-31-19-153 kernel: [    2.182445] pci 0000:00:00.0: Limiting direct PCI/PCI transfers
Oct 13 05:21:14 ip-172-31-19-153 kernel: [    2.188340] pci 0000:00:01.0: Activating ISA DMA hang workarounds
Oct 13 05:21:14 ip-172-31-19-153 kernel: [    2.194787] pci 0000:00:02.0: Video device with shadowed ROM at [mem 0x000c0000-0x000dffff]
Oct 13 05:21:14 ip-172-31-19-153 kernel: [    2.203458] PCI: CLS 0 bytes, default 64
Oct 13 05:21:14 ip-172-31-19-153 kernel: [    2.207802] Trying to unpack rootfs image as initramfs...
Oct 13 05:21:14 ip-172-31-19-153 kernel: [    2.513894] Freeing initrd memory: 21068K
Oct 13 05:21:14 ip-172-31-19-153 kernel: [    2.518665] PCI-DMA: Using software bounce buffering for IO (SWIOTLB)
Oct 13 05:21:14 ip-172-31-19-153 kernel: [    2.523502] software IO TLB: mapped [mem 0xec000000-0xf0000000] (64MB)
Oct 13 05:21:14 ip-172-31-19-153 kernel: [    2.528744] check: Scanning for low memory corruption every 60 seconds
Oct 13 05:21:14 ip-172-31-19-153 kernel: [    2.534534] Initialise system trusted keyrings
Oct 13 05:21:14 ip-172-31-19-153 kernel: [    2.538210] Key type blacklist registered
Oct 13 05:21:14 ip-172-31-19-153 kernel: [    2.541791] workingset: timestamp_bits=36 max_order=23 bucket_order=0
Oct 13 05:21:14 ip-172-31-19-153 kernel: [    2.548069] zbud: loaded
Oct 13 05:21:14 ip-172-31-19-153 kernel: [    2.550915] squashfs: version 4.0 (2009/01/31) Phillip Lougher
Oct 13 05:21:14 ip-172-31-19-153 kernel: [    2.561558] fuse: init (API version 7.31)
Oct 13 05:21:14 ip-172-31-19-153 kernel: [    2.570008] *** VALIDATE fuse ***
Oct 13 05:21:14 ip-172-31-19-153 kernel: [    2.574240] *** VALIDATE fuse ***
Oct 13 05:21:14 ip-172-31-19-153 kernel: [    2.577984] Platform Keyring initialized
Oct 13 05:21:14 ip-172-31-19-153 kernel: [    2.591697] Key type asymmetric registered
Oct 13 05:21:14 ip-172-31-19-153 kernel: [    2.597345] Asymmetric key parser 'x509' registered
Oct 13 05:21:14 ip-172-31-19-153 kernel: [    2.602347] Block layer SCSI generic (bsg) driver version 0.4 loaded (major 244)
Oct 13 05:21:14 ip-172-31-19-153 kernel: [    2.609835] io scheduler mq-deadline registered
Oct 13 05:21:14 ip-172-31-19-153 kernel: [    2.615819] shpchp: Standard Hot Plug PCI Controller Driver version: 0.4
Oct 13 05:21:14 ip-172-31-19-153 kernel: [    2.621940] intel_idle: Please enable MWAIT in BIOS SETUP
Oct 13 05:21:14 ip-172-31-19-153 kernel: [    2.622056] input: Power Button as /devices/LNXSYSTM:00/LNXPWRBN:00/input/input0
Oct 13 05:21:14 ip-172-31-19-153 kernel: [    2.628876] ACPI: Power Button [PWRF]
Oct 13 05:21:14 ip-172-31-19-153 kernel: [    2.632808] input: Sleep Button as /devices/LNXSYSTM:00/LNXSLPBN:00/input/input1
Oct 13 05:21:14 ip-172-31-19-153 kernel: [    2.645967] ACPI: Sleep Button [SLPF]
Oct 13 05:21:14 ip-172-31-19-153 kernel: [    2.657851] xen: --> pirq=22 -> irq=28 (gsi=28)
Oct 13 05:21:14 ip-172-31-19-153 kernel: [    2.658033] xen:grant_table: Grant tables using version 1 layout
Oct 13 05:21:14 ip-172-31-19-153 kernel: [    2.666075] Grant table initialized
Oct 13 05:21:14 ip-172-31-19-153 kernel: [    2.669970] Cannot get hvm parameter CONSOLE_EVTCHN (18): -22!
Oct 13 05:21:14 ip-172-31-19-153 kernel: [    2.679369] Serial: 8250/16550 driver, 4 ports, IRQ sharing enabled
Oct 13 05:21:14 ip-172-31-19-153 kernel: [    2.730017] 00:06: ttyS0 at I/O 0x3f8 (irq = 4, base_baud = 115200) is a 16550A
Oct 13 05:21:14 ip-172-31-19-153 kernel: [    2.737148] Linux agpgart interface v0.103
Oct 13 05:21:14 ip-172-31-19-153 kernel: [    2.745546] loop: module loaded
Oct 13 05:21:14 ip-172-31-19-153 kernel: [    2.749984] ata_piix 0000:00:01.1: version 2.13
Oct 13 05:21:14 ip-172-31-19-153 kernel: [    2.751014] scsi host0: ata_piix
Oct 13 05:21:14 ip-172-31-19-153 kernel: [    2.754829] scsi host1: ata_piix
Oct 13 05:21:14 ip-172-31-19-153 kernel: [    2.757891] ata1: PATA max MWDMA2 cmd 0x1f0 ctl 0x3f6 bmdma 0xc100 irq 14
Oct 13 05:21:14 ip-172-31-19-153 kernel: [    2.759205] blkfront: xvda: barrier or flush: disabled; persistent grants: disabled; indirect descriptors: enabled;
Oct 13 05:21:14 ip-172-31-19-153 kernel: [    2.763373] ata2: PATA max MWDMA2 cmd 0x170 ctl 0x376 bmdma 0xc108 irq 15
Oct 13 05:21:14 ip-172-31-19-153 kernel: [    2.763464] libphy: Fixed MDIO Bus: probed
Oct 13 05:21:14 ip-172-31-19-153 kernel: [    2.782566] tun: Universal TUN/TAP device driver, 1.6
Oct 13 05:21:14 ip-172-31-19-153 kernel: [    2.787392] PPP generic driver version 2.4.2
Oct 13 05:21:14 ip-172-31-19-153 kernel: [    2.788012]  xvda: xvda1
Oct 13 05:21:14 ip-172-31-19-153 kernel: [    2.794914] ehci_hcd: USB 2.0 'Enhanced' Host Controller (EHCI) Driver
Oct 13 05:21:14 ip-172-31-19-153 kernel: [    2.806732] ehci-pci: EHCI PCI platform driver
Oct 13 05:21:14 ip-172-31-19-153 kernel: [    2.813128] ehci-platform: EHCI generic platform driver
Oct 13 05:21:14 ip-172-31-19-153 kernel: [    2.821505] ohci_hcd: USB 1.1 'Open' Host Controller (OHCI) Driver
Oct 13 05:21:14 ip-172-31-19-153 kernel: [    2.828622] ohci-pci: OHCI PCI platform driver
Oct 13 05:21:14 ip-172-31-19-153 kernel: [    2.833145] ohci-platform: OHCI generic platform driver
Oct 13 05:21:14 ip-172-31-19-153 kernel: [    2.839047] uhci_hcd: USB Universal Host Controller Interface driver
Oct 13 05:21:14 ip-172-31-19-153 kernel: [    2.845115] i8042: PNP: PS/2 Controller [PNP0303:PS2K,PNP0f13:PS2M] at 0x60,0x64 irq 1,12
Oct 13 05:21:14 ip-172-31-19-153 kernel: [    2.857807] serio: i8042 KBD port at 0x60,0x64 irq 1
Oct 13 05:21:14 ip-172-31-19-153 kernel: [    2.864251] serio: i8042 AUX port at 0x60,0x64 irq 12
Oct 13 05:21:14 ip-172-31-19-153 kernel: [    2.869654] mousedev: PS/2 mouse device common for all mice
Oct 13 05:21:14 ip-172-31-19-153 kernel: [    2.877708] rtc_cmos 00:02: registered as rtc0
Oct 13 05:21:14 ip-172-31-19-153 kernel: [    2.882956] rtc_cmos 00:02: alarms up to one day, 114 bytes nvram, hpet irqs
Oct 13 05:21:14 ip-172-31-19-153 kernel: [    2.890961] device-mapper: uevent: version 1.0.3
Oct 13 05:21:14 ip-172-31-19-153 kernel: [    2.896573] device-mapper: ioctl: 4.41.0-ioctl (2019-09-16) initialised: dm-devel@redhat.com
Oct 13 05:21:14 ip-172-31-19-153 kernel: [    2.896791] input: AT Translated Set 2 keyboard as /devices/platform/i8042/serio0/input/input2
Oct 13 05:21:14 ip-172-31-19-153 kernel: [    2.905634] platform eisa.0: Probing EISA bus 0
Oct 13 05:21:14 ip-172-31-19-153 kernel: [    2.919935] platform eisa.0: EISA: Cannot allocate resource for mainboard
Oct 13 05:21:14 ip-172-31-19-153 kernel: [    2.927211] platform eisa.0: Cannot allocate resource for EISA slot 1
Oct 13 05:21:14 ip-172-31-19-153 kernel: [    2.933859] platform eisa.0: Cannot allocate resource for EISA slot 2
Oct 13 05:21:14 ip-172-31-19-153 kernel: [    2.941236] platform eisa.0: Cannot allocate resource for EISA slot 3
Oct 13 05:21:14 ip-172-31-19-153 kernel: [    2.948390] platform eisa.0: Cannot allocate resource for EISA slot 4
Oct 13 05:21:14 ip-172-31-19-153 kernel: [    2.955227] platform eisa.0: Cannot allocate resource for EISA slot 5
Oct 13 05:21:14 ip-172-31-19-153 kernel: [    2.962239] platform eisa.0: Cannot allocate resource for EISA slot 6
Oct 13 05:21:14 ip-172-31-19-153 kernel: [    2.969334] platform eisa.0: Cannot allocate resource for EISA slot 7
Oct 13 05:21:14 ip-172-31-19-153 kernel: [    2.976455] platform eisa.0: Cannot allocate resource for EISA slot 8
Oct 13 05:21:14 ip-172-31-19-153 kernel: [    2.983565] platform eisa.0: EISA: Detected 0 cards
Oct 13 05:21:14 ip-172-31-19-153 kernel: [    2.990407] intel_pstate: CPU model not supported
Oct 13 05:21:14 ip-172-31-19-153 kernel: [    2.997338] drop_monitor: Initializing network drop monitor service
Oct 13 05:21:14 ip-172-31-19-153 kernel: [    3.004451] NET: Registered protocol family 10
Oct 13 05:21:14 ip-172-31-19-153 kernel: [    3.013838] Segment Routing with IPv6
Oct 13 05:21:14 ip-172-31-19-153 kernel: [    3.018637] NET: Registered protocol family 17
Oct 13 05:21:14 ip-172-31-19-153 kernel: [    3.023961] Key type dns_resolver registered
Oct 13 05:21:14 ip-172-31-19-153 kernel: [    3.030265] RAS: Correctable Errors collector initialized.
Oct 13 05:21:14 ip-172-31-19-153 kernel: [    3.036487] IPI shorthand broadcast: enabled
Oct 13 05:21:14 ip-172-31-19-153 kernel: [    3.041730] sched_clock: Marking stable (2246221797, 795496029)->(3453387930, -411670104)
Oct 13 05:21:14 ip-172-31-19-153 kernel: [    3.049138] registered taskstats version 1
Oct 13 05:21:14 ip-172-31-19-153 kernel: [    3.054980] Loading compiled-in X.509 certificates
Oct 13 05:21:14 ip-172-31-19-153 kernel: [    3.062316] Loaded X.509 cert 'Build time autogenerated kernel key: 8286cd69e9f8b235cc87c05595d9618d16929256'
Oct 13 05:21:14 ip-172-31-19-153 kernel: [    3.076001] Loaded X.509 cert 'Canonical Ltd. Live Patch Signing: 14df34d1a87cf37625abec039ef2bf521249b969'
Oct 13 05:21:14 ip-172-31-19-153 kernel: [    3.088004] Loaded X.509 cert 'Canonical Ltd. Kernel Module Signing: 88f752e560a1e0737e31163a466ad7b70a850c19'
Oct 13 05:21:14 ip-172-31-19-153 kernel: [    3.100244] zswap: loaded using pool lzo/zbud
Oct 13 05:21:14 ip-172-31-19-153 kernel: [    3.105879] Key type ._fscrypt registered
Oct 13 05:21:14 ip-172-31-19-153 kernel: [    3.111068] Key type .fscrypt registered
Oct 13 05:21:14 ip-172-31-19-153 kernel: [    3.120592] Key type big_key registered
Oct 13 05:21:14 ip-172-31-19-153 kernel: [    3.127300] Key type encrypted registered
Oct 13 05:21:14 ip-172-31-19-153 kernel: [    3.132196] AppArmor: AppArmor sha1 policy hashing enabled
Oct 13 05:21:14 ip-172-31-19-153 kernel: [    3.138299] ima: No TPM chip found, activating TPM-bypass!
Oct 13 05:21:14 ip-172-31-19-153 kernel: [    3.142692] ima: Allocated hash algorithm: sha1
Oct 13 05:21:14 ip-172-31-19-153 kernel: [    3.147555] ima: No architecture policies found
Oct 13 05:21:14 ip-172-31-19-153 kernel: [    3.150907] evm: Initialising EVM extended attributes:
Oct 13 05:21:14 ip-172-31-19-153 kernel: [    3.154696] evm: security.selinux
Oct 13 05:21:14 ip-172-31-19-153 kernel: [    3.158348] evm: security.SMACK64
Oct 13 05:21:14 ip-172-31-19-153 kernel: [    3.162006] evm: security.SMACK64EXEC
Oct 13 05:21:14 ip-172-31-19-153 kernel: [    3.165870] evm: security.SMACK64TRANSMUTE
Oct 13 05:21:14 ip-172-31-19-153 kernel: [    3.170194] evm: security.SMACK64MMAP
Oct 13 05:21:14 ip-172-31-19-153 kernel: [    3.174310] evm: security.apparmor
Oct 13 05:21:14 ip-172-31-19-153 kernel: [    3.177494] evm: security.ima
Oct 13 05:21:14 ip-172-31-19-153 kernel: [    3.180353] evm: security.capability
Oct 13 05:21:14 ip-172-31-19-153 kernel: [    3.183621] evm: HMAC attrs: 0x1
Oct 13 05:21:14 ip-172-31-19-153 kernel: [    3.186934] xenbus_probe_frontend: Device with no driver: device/vif/0
Oct 13 05:21:14 ip-172-31-19-153 kernel: [    3.193481] PM:   Magic number: 9:352:365
Oct 13 05:21:14 ip-172-31-19-153 kernel: [    3.197212] rtc_cmos 00:02: setting system clock to 2021-10-13T05:21:02 UTC (1634102462)
Oct 13 05:21:14 ip-172-31-19-153 kernel: [    3.206604] Freeing unused decrypted memory: 2036K
Oct 13 05:21:14 ip-172-31-19-153 kernel: [    3.211476] Freeing unused kernel image memory: 2656K
Oct 13 05:21:14 ip-172-31-19-153 kernel: [    3.238617] Write protecting the kernel read-only data: 22528k
Oct 13 05:21:14 ip-172-31-19-153 kernel: [    3.244384] Freeing unused kernel image memory: 2008K
Oct 13 05:21:14 ip-172-31-19-153 kernel: [    3.249223] Freeing unused kernel image memory: 1488K
Oct 13 05:21:14 ip-172-31-19-153 kernel: [    3.262496] x86/mm: Checked W+X mappings: passed, no W+X pages found.
Oct 13 05:21:14 ip-172-31-19-153 kernel: [    3.267654] x86/mm: Checking user space page tables
Oct 13 05:21:14 ip-172-31-19-153 kernel: [    3.281482] x86/mm: Checked W+X mappings: passed, no W+X pages found.
Oct 13 05:21:14 ip-172-31-19-153 kernel: [    3.286148] Run /init as init process
Oct 13 05:21:14 ip-172-31-19-153 kernel: [    3.388150] cryptd: max_cpu_qlen set to 1000
Oct 13 05:21:14 ip-172-31-19-153 kernel: [    3.399496] AVX2 version of gcm_enc/dec engaged.
Oct 13 05:21:14 ip-172-31-19-153 kernel: [    3.408146] AES CTR mode by8 optimization enabled
Oct 13 05:21:14 ip-172-31-19-153 kernel: [    3.416361] xen_netfront: Initialising Xen virtual ethernet driver
Oct 13 05:21:14 ip-172-31-19-153 kernel: [    3.534621] tsc: Refined TSC clocksource calibration: 2300.000 MHz
Oct 13 05:21:14 ip-172-31-19-153 kernel: [    3.543021] clocksource: tsc: mask: 0xffffffffffffffff max_cycles: 0x212735223b2, max_idle_ns: 440795277976 ns
Oct 13 05:21:14 ip-172-31-19-153 kernel: [    5.186592] raid6: avx2x4   gen() 23730 MB/s
Oct 13 05:21:14 ip-172-31-19-153 kernel: [    5.234589] raid6: avx2x4   xor() 14769 MB/s
Oct 13 05:21:14 ip-172-31-19-153 kernel: [    5.282597] raid6: avx2x2   gen() 20754 MB/s
Oct 13 05:21:14 ip-172-31-19-153 kernel: [    5.334623] raid6: avx2x2   xor() 12343 MB/s
Oct 13 05:21:14 ip-172-31-19-153 kernel: [    5.382594] raid6: avx2x1   gen() 17798 MB/s
Oct 13 05:21:14 ip-172-31-19-153 kernel: [    5.430613] raid6: avx2x1   xor() 11658 MB/s
Oct 13 05:21:14 ip-172-31-19-153 kernel: [    5.478589] raid6: sse2x4   gen() 12849 MB/s
Oct 13 05:21:14 ip-172-31-19-153 kernel: [    5.526593] raid6: sse2x4   xor()  8289 MB/s
Oct 13 05:21:14 ip-172-31-19-153 kernel: [    5.574595] raid6: sse2x2   gen() 11019 MB/s
Oct 13 05:21:14 ip-172-31-19-153 kernel: [    5.622614] raid6: sse2x2   xor()  7009 MB/s
Oct 13 05:21:14 ip-172-31-19-153 kernel: [    5.670595] raid6: sse2x1   gen()  9317 MB/s
Oct 13 05:21:14 ip-172-31-19-153 kernel: [    5.718592] raid6: sse2x1   xor()  6404 MB/s
Oct 13 05:21:14 ip-172-31-19-153 kernel: [    5.722538] raid6: using algorithm avx2x4 gen() 23730 MB/s
Oct 13 05:21:14 ip-172-31-19-153 kernel: [    5.727324] raid6: .... xor() 14769 MB/s, rmw enabled
Oct 13 05:21:14 ip-172-31-19-153 kernel: [    5.731664] raid6: using avx2x2 recovery algorithm
Oct 13 05:21:14 ip-172-31-19-153 kernel: [    5.737031] xor: automatically using best checksumming function   avx       
Oct 13 05:21:14 ip-172-31-19-153 kernel: [    5.743586] async_tx: api initialized (async)
Oct 13 05:21:14 ip-172-31-19-153 kernel: [    5.802800] Btrfs loaded, crc32c=crc32c-intel
Oct 13 05:21:14 ip-172-31-19-153 kernel: [    5.869097] EXT4-fs (xvda1): mounted filesystem with ordered data mode. Opts: (null)
Oct 13 05:21:14 ip-172-31-19-153 kernel: [    6.586253] systemd[1]: systemd 237 running in system mode. (+PAM +AUDIT +SELINUX +IMA +APPARMOR +SMACK +SYSVINIT +UTMP +LIBCRYPTSETUP +GCRYPT +GNUTLS +ACL +XZ +LZ4 +SECCOMP +BLKID +ELFUTILS +KMOD -IDN2 +IDN -PCRE2 default-hierarchy=hybrid)
Oct 13 05:21:14 ip-172-31-19-153 kernel: [    6.606825] systemd[1]: Detected virtualization xen.
Oct 13 05:21:14 ip-172-31-19-153 kernel: [    6.613789] systemd[1]: Detected architecture x86-64.
Oct 13 05:21:14 ip-172-31-19-153 kernel: [    6.656991] systemd[1]: Set hostname to <ubuntu>.
Oct 13 05:21:14 ip-172-31-19-153 kernel: [    6.696206] systemd[1]: Initializing machine ID from random generator.
Oct 13 05:21:14 ip-172-31-19-153 kernel: [    6.701359] systemd[1]: Installed transient /etc/machine-id file.
Oct 13 05:21:14 ip-172-31-19-153 kernel: [    7.102933] systemd[1]: Started Forward Password Requests to Wall Directory Watch.
Oct 13 05:21:14 ip-172-31-19-153 kernel: [    7.113184] systemd[1]: Created slice System Slice.
Oct 13 05:21:14 ip-172-31-19-153 kernel: [    7.121458] systemd[1]: Listening on Syslog Socket.
Oct 13 05:21:14 ip-172-31-19-153 kernel: [    7.130988] systemd[1]: Set up automount Arbitrary Executable File Formats File System Automount Point.
Oct 13 05:21:14 ip-172-31-19-153 kernel: [    7.255948] EXT4-fs (xvda1): re-mounted. Opts: discard
Oct 13 05:21:14 ip-172-31-19-153 kernel: [    7.264091] Loading iSCSI transport class v2.0-870.
Oct 13 05:21:14 ip-172-31-19-153 kernel: [    7.294099] systemd-journald[463]: Received request to flush runtime journal from PID 1
Oct 13 05:21:14 ip-172-31-19-153 kernel: [    7.311698] iscsi: registered transport (tcp)
Oct 13 05:21:14 ip-172-31-19-153 kernel: [    7.383357] iscsi: registered transport (iser)
Oct 13 05:21:14 ip-172-31-19-153 kernel: [    8.242828] audit: type=1400 audit(1634102467.544:2): apparmor="STATUS" operation="profile_load" profile="unconfined" name="/usr/bin/lxc-start" pid=738 comm="apparmor_parser"
Oct 13 05:21:14 ip-172-31-19-153 kernel: [    8.295535] audit: type=1400 audit(1634102467.596:3): apparmor="STATUS" operation="profile_load" profile="unconfined" name="/usr/bin/man" pid=736 comm="apparmor_parser"
Oct 13 05:21:14 ip-172-31-19-153 kernel: [    8.295878] audit: type=1400 audit(1634102467.596:4): apparmor="STATUS" operation="profile_load" profile="unconfined" name="man_filter" pid=736 comm="apparmor_parser"
Oct 13 05:21:14 ip-172-31-19-153 kernel: [    8.296242] audit: type=1400 audit(1634102467.596:5): apparmor="STATUS" operation="profile_load" profile="unconfined" name="man_groff" pid=736 comm="apparmor_parser"
Oct 13 05:21:14 ip-172-31-19-153 kernel: [    8.316900] audit: type=1400 audit(1634102467.616:6): apparmor="STATUS" operation="profile_load" profile="unconfined" name="/usr/sbin/tcpdump" pid=735 comm="apparmor_parser"
Oct 13 05:21:14 ip-172-31-19-153 kernel: [    8.388975] audit: type=1400 audit(1634102467.688:7): apparmor="STATUS" operation="profile_load" profile="unconfined" name="/sbin/dhclient" pid=732 comm="apparmor_parser"
Oct 13 05:21:14 ip-172-31-19-153 kernel: [    8.389467] audit: type=1400 audit(1634102467.688:8): apparmor="STATUS" operation="profile_load" profile="unconfined" name="/usr/lib/NetworkManager/nm-dhcp-client.action" pid=732 comm="apparmor_parser"
Oct 13 05:21:14 ip-172-31-19-153 kernel: [    8.389799] audit: type=1400 audit(1634102467.688:9): apparmor="STATUS" operation="profile_load" profile="unconfined" name="/usr/lib/NetworkManager/nm-dhcp-helper" pid=732 comm="apparmor_parser"
Oct 13 05:21:14 ip-172-31-19-153 kernel: [    8.390164] audit: type=1400 audit(1634102467.688:10): apparmor="STATUS" operation="profile_load" profile="unconfined" name="/usr/lib/connman/scripts/dhclient-script" pid=732 comm="apparmor_parser"
Oct 13 05:21:14 ip-172-31-19-153 kernel: [    8.455709] audit: type=1400 audit(1634102467.756:11): apparmor="STATUS" operation="profile_load" profile="unconfined" name="/usr/lib/snapd/snap-confine" pid=734 comm="apparmor_parser"
Oct 13 05:21:14 ip-172-31-19-153 kernel: [   13.407107] EXT4-fs (xvda1): resizing filesystem from 2096891 to 31457019 blocks
Oct 13 05:21:14 ip-172-31-19-153 kernel: [   14.029682] EXT4-fs (xvda1): resized filesystem to 31457019
Oct 13 05:21:14 ip-172-31-19-153 dbus-daemon[1023]: [system] Activating via systemd: service name='org.freedesktop.PolicyKit1' unit='polkit.service' requested by ':1.4' (uid=0 pid=1008 comm="/usr/lib/accountsservice/accounts-daemon " label="unconfined")
Oct 13 05:21:14 ip-172-31-19-153 systemd[1]: Started irqbalance daemon.
Oct 13 05:21:14 ip-172-31-19-153 systemd[1]: Started Deferred execution scheduler.
Oct 13 05:21:14 ip-172-31-19-153 systemd[1]: Started FUSE filesystem for LXC.
Oct 13 05:21:14 ip-172-31-19-153 acpid: starting up with netlink and the input layer
Oct 13 05:21:14 ip-172-31-19-153 systemd[1]: Starting Permit User Sessions...
Oct 13 05:21:14 ip-172-31-19-153 acpid: 2 rules loaded
Oct 13 05:21:14 ip-172-31-19-153 acpid: waiting for events: event logging is off
Oct 13 05:21:14 ip-172-31-19-153 systemd[1]: Starting LXD - container startup/shutdown...
Oct 13 05:21:14 ip-172-31-19-153 systemd[1]: Started System Logging Service.
Oct 13 05:21:14 ip-172-31-19-153 systemd[1]: Started Permit User Sessions.
Oct 13 05:21:14 ip-172-31-19-153 grub-common[1001]:  * Recording successful boot for GRUB
Oct 13 05:21:14 ip-172-31-19-153 systemd[1]: Started Login Service.
Oct 13 05:21:14 ip-172-31-19-153 lxcfs[1104]: mount namespace: 5
Oct 13 05:21:14 ip-172-31-19-153 lxcfs[1104]: hierarchies:
Oct 13 05:21:14 ip-172-31-19-153 lxcfs[1104]:   0: fd:   6: devices
Oct 13 05:21:14 ip-172-31-19-153 lxcfs[1104]:   1: fd:   7: freezer
Oct 13 05:21:14 ip-172-31-19-153 lxcfs[1104]:   2: fd:   8: rdma
Oct 13 05:21:14 ip-172-31-19-153 lxcfs[1104]:   3: fd:   9: perf_event
Oct 13 05:21:14 ip-172-31-19-153 lxcfs[1104]:   4: fd:  10: cpuset
Oct 13 05:21:14 ip-172-31-19-153 lxcfs[1104]:   5: fd:  11: blkio
Oct 13 05:21:14 ip-172-31-19-153 lxcfs[1104]:   6: fd:  12: memory
Oct 13 05:21:14 ip-172-31-19-153 lxcfs[1104]:   7: fd:  13: cpu,cpuacct
Oct 13 05:21:14 ip-172-31-19-153 lxcfs[1104]:   8: fd:  14: net_cls,net_prio
Oct 13 05:21:14 ip-172-31-19-153 lxcfs[1104]:   9: fd:  15: hugetlb
Oct 13 05:21:14 ip-172-31-19-153 lxcfs[1104]:  10: fd:  16: pids
Oct 13 05:21:14 ip-172-31-19-153 lxcfs[1104]:  11: fd:  17: name=systemd
Oct 13 05:21:14 ip-172-31-19-153 lxcfs[1104]:  12: fd:  18: unified
Oct 13 05:21:14 ip-172-31-19-153 kernel: [   14.995873] new mount options do not match the existing superblock, will be ignored
Oct 13 05:21:14 ip-172-31-19-153 apport[1010]:  * Starting automatic crash report generation: apport
Oct 13 05:21:14 ip-172-31-19-153 systemd[1]: Starting Authorization Manager...
Oct 13 05:21:14 ip-172-31-19-153 systemd[1]: Starting Hostname Service...
Oct 13 05:21:14 ip-172-31-19-153 systemd[1]: Started Unattended Upgrades Shutdown.
Oct 13 05:21:14 ip-172-31-19-153 networkd-dispatcher[1004]: No valid path found for iwconfig
Oct 13 05:21:14 ip-172-31-19-153 networkd-dispatcher[1004]: No valid path found for iw
Oct 13 05:21:14 ip-172-31-19-153 systemd[1]: Starting Hold until boot process finishes up...
Oct 13 05:21:14 ip-172-31-19-153 apport[1010]:    ...done.
Oct 13 05:21:14 ip-172-31-19-153 systemd[1]: Starting Terminate Plymouth Boot Screen...
Oct 13 05:21:14 ip-172-31-19-153 systemd[1]: Started LSB: automatic crash report generation.
Oct 13 05:21:14 ip-172-31-19-153 systemd[1]: Started Hold until boot process finishes up.
Oct 13 05:21:14 ip-172-31-19-153 systemd[1]: Started Dispatcher daemon for systemd-networkd.
Oct 13 05:21:14 ip-172-31-19-153 grub-common[1001]:    ...done.
Oct 13 05:21:14 ip-172-31-19-153 dbus-daemon[1023]: [system] Successfully activated service 'org.freedesktop.hostname1'
Oct 13 05:21:14 ip-172-31-19-153 systemd[1]: Started LSB: Record successful boot for GRUB.
Oct 13 05:21:14 ip-172-31-19-153 systemd[1]: Started Terminate Plymouth Boot Screen.
Oct 13 05:21:14 ip-172-31-19-153 polkitd[1162]: started daemon version 0.105 using authority implementation `local' version `0.105'
Oct 13 05:21:14 ip-172-31-19-153 dbus-daemon[1023]: [system] Successfully activated service 'org.freedesktop.PolicyKit1'
Oct 13 05:21:14 ip-172-31-19-153 accounts-daemon[1008]: started daemon version 0.6.45
Oct 13 05:21:14 ip-172-31-19-153 systemd[1]: Started Hostname Service.
Oct 13 05:21:14 ip-172-31-19-153 systemd[1]: Started Authorization Manager.
Oct 13 05:21:14 ip-172-31-19-153 systemd[1]: Started Accounts Service.
Oct 13 05:21:14 ip-172-31-19-153 systemd[1]: Started Serial Getty on ttyS0.
Oct 13 05:21:14 ip-172-31-19-153 systemd[1]: Starting Set console scheme...
Oct 13 05:21:14 ip-172-31-19-153 systemd[1]: Started Set console scheme.
Oct 13 05:21:14 ip-172-31-19-153 systemd[1]: Created slice system-getty.slice.
Oct 13 05:21:14 ip-172-31-19-153 systemd[1]: Started Getty on tty1.
Oct 13 05:21:14 ip-172-31-19-153 systemd[1]: Reached target Login Prompts.
Oct 13 05:21:14 ip-172-31-19-153 snapd[1079]: AppArmor status: apparmor is enabled and all features are available
Oct 13 05:21:14 ip-172-31-19-153 snapd[1079]: daemon.go:347: started snapd/2.48.3+18.04 (series 16; classic) ubuntu/18.04 (amd64) linux/5.4.0-1045-aws.
Oct 13 05:21:14 ip-172-31-19-153 systemd[1]: Started LXD - container startup/shutdown.
Oct 13 05:21:14 ip-172-31-19-153 snapd[1079]: daemon.go:440: adjusting startup timeout by 30s (pessimistic estimate of 30s plus 5s per snap)
Oct 13 05:21:14 ip-172-31-19-153 snapd[1079]: helpers.go:105: error trying to compare the snap system key: system-key missing on disk
Oct 13 05:21:14 ip-172-31-19-153 systemd[1]: Started Snap Daemon.
Oct 13 05:21:14 ip-172-31-19-153 systemd[1]: Starting Wait until snapd is fully seeded...
Oct 13 05:21:15 ip-172-31-19-153 pollinate[1012]: client verified challenge/response with [https://entropy.ubuntu.com/]
Oct 13 05:21:15 ip-172-31-19-153 pollinate[1012]: client hashed response from [https://entropy.ubuntu.com/]
Oct 13 05:21:15 ip-172-31-19-153 pollinate[1012]: client successfully seeded [/dev/urandom]
Oct 13 05:21:15 ip-172-31-19-153 systemd[1]: Started Pollinate to seed the pseudo random number generator.
Oct 13 05:21:15 ip-172-31-19-153 systemd[1]: Starting OpenBSD Secure Shell server...
Oct 13 05:21:15 ip-172-31-19-153 systemd[1]: Started OpenBSD Secure Shell server.
Oct 13 05:21:18 ip-172-31-19-153 systemd[1]: Reloading.
Oct 13 05:21:18 ip-172-31-19-153 systemd[1]: Reloading.
Oct 13 05:21:18 ip-172-31-19-153 systemd[1]: Mounting Mount unit for snapd, revision 11588...
Oct 13 05:21:18 ip-172-31-19-153 systemd[1]: Mounted Mount unit for snapd, revision 11588.
Oct 13 05:21:19 ip-172-31-19-153 kernel: [   20.161169] kauditd_printk_skb: 5 callbacks suppressed
Oct 13 05:21:19 ip-172-31-19-153 kernel: [   20.161170] audit: type=1400 audit(1634102479.460:17): apparmor="STATUS" operation="profile_load" profile="unconfined" name="/snap/snapd/11588/usr/lib/snapd/snap-confine" pid=1721 comm="apparmor_parser"
Oct 13 05:21:19 ip-172-31-19-153 kernel: [   20.161383] audit: type=1400 audit(1634102479.460:18): apparmor="STATUS" operation="profile_load" profile="unconfined" name="/snap/snapd/11588/usr/lib/snapd/snap-confine//mount-namespace-capture-helper" pid=1721 comm="apparmor_parser"
Oct 13 05:21:19 ip-172-31-19-153 snapd[1079]: daemon.go:589: gracefully waiting for running hooks
Oct 13 05:21:19 ip-172-31-19-153 snapd[1079]: daemon.go:591: done waiting for running hooks
Oct 13 05:21:20 ip-172-31-19-153 systemd[1]: snapd.service: Service hold-off time over, scheduling restart.
Oct 13 05:21:20 ip-172-31-19-153 systemd[1]: snapd.service: Scheduled restart job, restart counter is at 1.
Oct 13 05:21:20 ip-172-31-19-153 systemd[1]: Stopped Snap Daemon.
Oct 13 05:21:20 ip-172-31-19-153 systemd[1]: Starting Snap Daemon...
Oct 13 05:21:20 ip-172-31-19-153 snapd[1756]: AppArmor status: apparmor is enabled and all features are available
Oct 13 05:21:21 ip-172-31-19-153 snapd[1756]: AppArmor status: apparmor is enabled and all features are available
Oct 13 05:21:21 ip-172-31-19-153 snapd[1756]: patch.go:64: Patching system state level 6 to sublevel 1...
Oct 13 05:21:21 ip-172-31-19-153 snapd[1756]: patch.go:64: Patching system state level 6 to sublevel 2...
Oct 13 05:21:21 ip-172-31-19-153 snapd[1756]: patch.go:64: Patching system state level 6 to sublevel 3...
Oct 13 05:21:21 ip-172-31-19-153 snapd[1756]: daemon.go:347: started snapd/2.49.2 (series 16; classic) ubuntu/18.04 (amd64) linux/5.4.0-1045-aws.
Oct 13 05:21:21 ip-172-31-19-153 snapd[1756]: daemon.go:440: adjusting startup timeout by 35s (pessimistic estimate of 30s plus 5s per snap)
Oct 13 05:21:21 ip-172-31-19-153 kernel: [   22.068287] audit: type=1400 audit(1634102481.368:19): apparmor="STATUS" operation="profile_replace" profile="unconfined" name="/snap/snapd/11588/usr/lib/snapd/snap-confine" pid=1828 comm="apparmor_parser"
Oct 13 05:21:21 ip-172-31-19-153 kernel: [   22.090671] audit: type=1400 audit(1634102481.392:20): apparmor="STATUS" operation="profile_replace" profile="unconfined" name="/snap/snapd/11588/usr/lib/snapd/snap-confine//mount-namespace-capture-helper" pid=1828 comm="apparmor_parser"
Oct 13 05:21:21 ip-172-31-19-153 systemd[1]: Started Snap Daemon.
Oct 13 05:21:22 ip-172-31-19-153 systemd[1]: Reloading.
Oct 13 05:21:22 ip-172-31-19-153 systemd[1]: Reloading.
Oct 13 05:21:22 ip-172-31-19-153 systemd[1]: Mounting Mount unit for core18, revision 1997...
Oct 13 05:21:22 ip-172-31-19-153 systemd[1]: Mounted Mount unit for core18, revision 1997.
Oct 13 05:21:22 ip-172-31-19-153 systemd[1]: Reloading.
Oct 13 05:21:22 ip-172-31-19-153 systemd[1]: Reloading.
Oct 13 05:21:22 ip-172-31-19-153 systemd[1]: Mounting Mount unit for amazon-ssm-agent, revision 3552...
Oct 13 05:21:22 ip-172-31-19-153 systemd[1]: Mounted Mount unit for amazon-ssm-agent, revision 3552.
Oct 13 05:21:23 ip-172-31-19-153 kernel: [   23.765762] audit: type=1400 audit(1634102483.064:21): apparmor="STATUS" operation="profile_load" profile="unconfined" name="snap.amazon-ssm-agent.amazon-ssm-agent" pid=2134 comm="apparmor_parser"
Oct 13 05:21:23 ip-172-31-19-153 kernel: [   23.765840] audit: type=1400 audit(1634102483.064:22): apparmor="STATUS" operation="profile_load" profile="unconfined" name="snap.amazon-ssm-agent.ssm-cli" pid=2135 comm="apparmor_parser"
Oct 13 05:21:23 ip-172-31-19-153 kernel: [   23.772715] audit: type=1400 audit(1634102483.072:23): apparmor="STATUS" operation="profile_load" profile="unconfined" name="snap-update-ns.amazon-ssm-agent" pid=2133 comm="apparmor_parser"
Oct 13 05:21:23 ip-172-31-19-153 systemd[1]: Reloading.
Oct 13 05:21:23 ip-172-31-19-153 systemd[1]: Reloading.
Oct 13 05:21:23 ip-172-31-19-153 systemd[1]: Started Service for snap application amazon-ssm-agent.amazon-ssm-agent.
Oct 13 05:21:24 ip-172-31-19-153 amazon-ssm-agent.amazon-ssm-agent[2191]: Error occurred fetching the seelog config file path:  open /etc/amazon/ssm/seelog.xml: no such file or directory
Oct 13 05:21:24 ip-172-31-19-153 amazon-ssm-agent.amazon-ssm-agent[2191]: Initializing new seelog logger
Oct 13 05:21:24 ip-172-31-19-153 amazon-ssm-agent.amazon-ssm-agent[2191]: New Seelog Logger Creation Complete
Oct 13 05:21:24 ip-172-31-19-153 amazon-ssm-agent.amazon-ssm-agent[2191]: 2021-10-13 05:21:24 WARN Error adding the directory '/etc/amazon/ssm' to watcher: no such file or directory
Oct 13 05:21:24 ip-172-31-19-153 amazon-ssm-agent.amazon-ssm-agent[2191]: 2021-10-13 05:21:24 INFO [amazon-ssm-agent] amazon-ssm-agent - v3.0.529.0
Oct 13 05:21:24 ip-172-31-19-153 amazon-ssm-agent.amazon-ssm-agent[2191]: 2021-10-13 05:21:24 INFO [amazon-ssm-agent] OS: linux, Arch: amd64
Oct 13 05:21:24 ip-172-31-19-153 systemd[1]: Started Wait until snapd is fully seeded.
Oct 13 05:21:24 ip-172-31-19-153 systemd[1]: Starting Apply the settings specified in cloud-config...
Oct 13 05:21:25 ip-172-31-19-153 amazon-ssm-agent.amazon-ssm-agent[2191]: 2021-10-13 05:21:25 INFO [amazon-ssm-agent] [LongRunningWorkerContainer] [WorkerProvider] Worker ssm-agent-worker is not running, starting worker process
Oct 13 05:21:25 ip-172-31-19-153 amazon-ssm-agent.amazon-ssm-agent[2191]: 2021-10-13 05:21:25 INFO [amazon-ssm-agent] [LongRunningWorkerContainer] [WorkerProvider] Worker ssm-agent-worker (pid:2290) started
Oct 13 05:21:25 ip-172-31-19-153 amazon-ssm-agent.amazon-ssm-agent[2191]: 2021-10-13 05:21:25 INFO [amazon-ssm-agent] [LongRunningWorkerContainer] Monitor long running worker health every 60 seconds
Oct 13 05:21:26 ip-172-31-19-153 cloud-init[2249]: Cloud-init v. 21.1-19-gbad84ad4-0ubuntu1~18.04.1 running 'modules:config' at Wed, 13 Oct 2021 05:21:25 +0000. Up 25.21 seconds.
Oct 13 05:21:26 ip-172-31-19-153 systemd[1]: Started Apply the settings specified in cloud-config.
Oct 13 05:21:26 ip-172-31-19-153 systemd[1]: Starting EC2 instance hibernation setup agent...
Oct 13 05:21:26 ip-172-31-19-153 /hibinit-agent: Instance Launch has not enabled Hibernation Configured Flag. hibinit-agent exiting!!
Oct 13 05:21:26 ip-172-31-19-153 hibinit-agent[2305]: Instance Launch has not enabled Hibernation Configured Flag. hibinit-agent exiting!!
Oct 13 05:21:26 ip-172-31-19-153 systemd[1]: Started EC2 instance hibernation setup agent.
Oct 13 05:21:26 ip-172-31-19-153 systemd[1]: Reached target Multi-User System.
Oct 13 05:21:26 ip-172-31-19-153 systemd[1]: Starting Execute cloud user/final scripts...
Oct 13 05:21:26 ip-172-31-19-153 systemd[1]: Reached target Graphical Interface.
Oct 13 05:21:26 ip-172-31-19-153 systemd[1]: Starting Update UTMP about System Runlevel Changes...
Oct 13 05:21:26 ip-172-31-19-153 systemd[1]: Started Update UTMP about System Runlevel Changes.
Oct 13 05:21:26 ip-172-31-19-153 ec2: 
Oct 13 05:21:26 ip-172-31-19-153 ec2: #############################################################
Oct 13 05:21:26 ip-172-31-19-153 ec2: -----BEGIN SSH HOST KEY FINGERPRINTS-----
Oct 13 05:21:26 ip-172-31-19-153 ec2: 1024 SHA256:8D95Aq63So3nRzoJAsyUSB5qDG/mG9rBBfh5P8nOsZE root@ip-172-31-19-153 (DSA)
Oct 13 05:21:26 ip-172-31-19-153 ec2: 256 SHA256:rGrnE4q8V6CNy1iuYWQIle5q9nSOsjTyC47iTrsCZC0 root@ip-172-31-19-153 (ECDSA)
Oct 13 05:21:26 ip-172-31-19-153 ec2: 256 SHA256:tuWvI4AwSp4Mtf6maBQ6ibr2k7IeHuE/3SKy2/j0BQE root@ip-172-31-19-153 (ED25519)
Oct 13 05:21:26 ip-172-31-19-153 ec2: 2048 SHA256:02DD5+HvPSzOg75viPKS12qk8BW0plWeRg/3Can6+bE root@ip-172-31-19-153 (RSA)
Oct 13 05:21:26 ip-172-31-19-153 ec2: -----END SSH HOST KEY FINGERPRINTS-----
Oct 13 05:21:26 ip-172-31-19-153 ec2: #############################################################
Oct 13 05:21:26 ip-172-31-19-153 cloud-init[2323]: Cloud-init v. 21.1-19-gbad84ad4-0ubuntu1~18.04.1 running 'modules:final' at Wed, 13 Oct 2021 05:21:26 +0000. Up 26.47 seconds.
Oct 13 05:21:26 ip-172-31-19-153 cloud-init[2323]: Cloud-init v. 21.1-19-gbad84ad4-0ubuntu1~18.04.1 finished at Wed, 13 Oct 2021 05:21:26 +0000. Datasource DataSourceEc2Local.  Up 26.63 seconds
Oct 13 05:21:26 ip-172-31-19-153 systemd[1]: Started Execute cloud user/final scripts.
Oct 13 05:21:26 ip-172-31-19-153 systemd[1]: Reached target Cloud-init target.
Oct 13 05:21:26 ip-172-31-19-153 systemd[1]: Startup finished in 5.614s (kernel) + 21.129s (userspace) = 26.743s.
Oct 13 05:21:42 ip-172-31-19-153 systemd-timesyncd[650]: Synchronized to time server 91.189.94.4:123 (ntp.ubuntu.com).
Oct 13 05:22:16 ip-172-31-19-153 systemd[1]: Created slice User Slice of ubuntu.
Oct 13 05:22:16 ip-172-31-19-153 systemd[1]: Starting User Manager for UID 1000...
Oct 13 05:22:16 ip-172-31-19-153 systemd[1]: Started Session 1 of user ubuntu.
Oct 13 05:22:16 ip-172-31-19-153 systemd[2427]: Listening on GnuPG cryptographic agent and passphrase cache (restricted).
Oct 13 05:22:16 ip-172-31-19-153 systemd[2427]: Listening on GnuPG network certificate management daemon.
Oct 13 05:22:16 ip-172-31-19-153 systemd[2427]: Reached target Paths.
Oct 13 05:22:16 ip-172-31-19-153 systemd[2427]: Listening on GnuPG cryptographic agent and passphrase cache.
Oct 13 05:22:16 ip-172-31-19-153 systemd[2427]: Listening on GnuPG cryptographic agent and passphrase cache (access for web browsers).
Oct 13 05:22:16 ip-172-31-19-153 systemd[2427]: Listening on REST API socket for snapd user session agent.
Oct 13 05:22:16 ip-172-31-19-153 systemd[2427]: Reached target Timers.
Oct 13 05:22:16 ip-172-31-19-153 systemd[2427]: Listening on GnuPG cryptographic agent (ssh-agent emulation).
Oct 13 05:22:16 ip-172-31-19-153 systemd[2427]: Reached target Sockets.
Oct 13 05:22:16 ip-172-31-19-153 systemd[2427]: Reached target Basic System.
Oct 13 05:22:16 ip-172-31-19-153 systemd[2427]: Reached target Default.
Oct 13 05:22:16 ip-172-31-19-153 systemd[2427]: Startup finished in 113ms.
Oct 13 05:22:16 ip-172-31-19-153 systemd[1]: Started User Manager for UID 1000.
Oct 13 05:22:19 ip-172-31-19-153 systemd[1]: Started Session 3 of user ubuntu.
Oct 13 05:24:16 ip-172-31-19-153 systemd[1]: Reloading.
Oct 13 05:24:16 ip-172-31-19-153 systemd[1]: Reloading.
Oct 13 05:24:22 ip-172-31-19-153 apache2.postinst: Executing deferred 'a2enconf gitweb' for package gitweb
Oct 13 05:24:22 ip-172-31-19-153 systemd[1]: Reloading.
Oct 13 05:24:22 ip-172-31-19-153 systemd[1]: message repeated 3 times: [ Reloading.]
Oct 13 05:24:22 ip-172-31-19-153 systemd[1]: Starting The Apache HTTP Server...
Oct 13 05:24:23 ip-172-31-19-153 systemd[1]: Started The Apache HTTP Server.
Oct 13 05:24:23 ip-172-31-19-153 systemd[1]: Reloading.
Oct 13 05:24:28 ip-172-31-19-153 systemd[1]: message repeated 3 times: [ Reloading.]
Oct 13 05:25:49 ip-172-31-19-153 systemd[1]: Stopping User Manager for UID 1000...
Oct 13 05:25:49 ip-172-31-19-153 systemd[2427]: Stopped target Default.
Oct 13 05:25:49 ip-172-31-19-153 systemd[2427]: Stopped target Basic System.
Oct 13 05:25:49 ip-172-31-19-153 systemd[2427]: Stopped target Sockets.
Oct 13 05:25:49 ip-172-31-19-153 systemd[2427]: Closed GnuPG network certificate management daemon.
Oct 13 05:25:49 ip-172-31-19-153 systemd[2427]: Closed GnuPG cryptographic agent and passphrase cache (restricted).
Oct 13 05:25:49 ip-172-31-19-153 systemd[2427]: Closed GnuPG cryptographic agent and passphrase cache (access for web browsers).
Oct 13 05:25:49 ip-172-31-19-153 systemd[2427]: Closed GnuPG cryptographic agent and passphrase cache.
Oct 13 05:25:49 ip-172-31-19-153 systemd[2427]: Closed REST API socket for snapd user session agent.
Oct 13 05:25:49 ip-172-31-19-153 systemd[2427]: Stopped target Timers.
Oct 13 05:25:49 ip-172-31-19-153 systemd[2427]: Stopped target Paths.
Oct 13 05:25:49 ip-172-31-19-153 systemd[2427]: Closed GnuPG cryptographic agent (ssh-agent emulation).
Oct 13 05:25:49 ip-172-31-19-153 systemd[2427]: Reached target Shutdown.
Oct 13 05:25:49 ip-172-31-19-153 systemd[2427]: Starting Exit the Session...
Oct 13 05:25:49 ip-172-31-19-153 systemd[2427]: Received SIGRTMIN+24 from PID 17584 (kill).
Oct 13 05:25:49 ip-172-31-19-153 systemd[1]: Stopped User Manager for UID 1000.
Oct 13 05:25:49 ip-172-31-19-153 systemd[1]: Removed slice User Slice of ubuntu.
Oct 13 05:25:56 ip-172-31-19-153 systemd[1]: Created slice User Slice of ubuntu.
Oct 13 05:25:56 ip-172-31-19-153 systemd[1]: Starting User Manager for UID 1000...
Oct 13 05:25:56 ip-172-31-19-153 systemd[1]: Started Session 4 of user ubuntu.
Oct 13 05:25:56 ip-172-31-19-153 systemd[17588]: Listening on REST API socket for snapd user session agent.
Oct 13 05:25:56 ip-172-31-19-153 systemd[17588]: Listening on GnuPG cryptographic agent and passphrase cache.
Oct 13 05:25:56 ip-172-31-19-153 systemd[17588]: Listening on GnuPG cryptographic agent and passphrase cache (restricted).
Oct 13 05:25:56 ip-172-31-19-153 systemd[17588]: Listening on GnuPG cryptographic agent and passphrase cache (access for web browsers).
Oct 13 05:25:56 ip-172-31-19-153 systemd[17588]: Reached target Paths.
Oct 13 05:25:56 ip-172-31-19-153 systemd[17588]: Listening on GnuPG cryptographic agent (ssh-agent emulation).
Oct 13 05:25:56 ip-172-31-19-153 systemd[17588]: Reached target Timers.
