Oct 19 06:25:21 ip-172-31-18-107 systemd[1]: Started Uncomplicated firewall.
Oct 19 06:25:21 ip-172-31-18-107 keyboard-setup.sh[461]: cannot open file /run/tmpkbd.1f9MVw
Oct 19 06:25:21 ip-172-31-18-107 systemd[1]: Started Create list of required static device nodes for the current kernel.
Oct 19 06:25:21 ip-172-31-18-107 systemd[1]: Started Remount Root and Kernel File Systems.
Oct 19 06:25:21 ip-172-31-18-107 systemd[1]: Starting Load/Save Random Seed...
Oct 19 06:25:21 ip-172-31-18-107 systemd[1]: Starting Create Static Device Nodes in /dev...
Oct 19 06:25:21 ip-172-31-18-107 systemd[1]: Starting Flush Journal to Persistent Storage...
Oct 19 06:25:21 ip-172-31-18-107 systemd[1]: Started Load/Save Random Seed.
Oct 19 06:25:21 ip-172-31-18-107 systemd[1]: Started LVM2 metadata daemon.
Oct 19 06:25:21 ip-172-31-18-107 systemd[1]: Started Create Static Device Nodes in /dev.
Oct 19 06:25:21 ip-172-31-18-107 systemd[1]: Started Monitoring of LVM2 mirrors, snapshots etc. using dmeventd or progress polling.
Oct 19 06:25:21 ip-172-31-18-107 systemd[1]: Started udev Coldplug all Devices.
Oct 19 06:25:21 ip-172-31-18-107 systemd-modules-load[466]: Inserted module 'iscsi_tcp'
Oct 19 06:25:21 ip-172-31-18-107 systemd[1]: Starting udev Kernel Device Manager...
Oct 19 06:25:21 ip-172-31-18-107 systemd[1]: Started Flush Journal to Persistent Storage.
Oct 19 06:25:21 ip-172-31-18-107 systemd-modules-load[466]: Inserted module 'ib_iser'
Oct 19 06:25:21 ip-172-31-18-107 systemd[1]: Started Load Kernel Modules.
Oct 19 06:25:21 ip-172-31-18-107 systemd[1]: Mounting FUSE Control File System...
Oct 19 06:25:21 ip-172-31-18-107 systemd[1]: Starting Apply Kernel Variables...
Oct 19 06:25:21 ip-172-31-18-107 systemd[1]: Mounting Kernel Configuration File System...
Oct 19 06:25:21 ip-172-31-18-107 systemd[1]: Mounted FUSE Control File System.
Oct 19 06:25:21 ip-172-31-18-107 systemd[1]: Mounted Kernel Configuration File System.
Oct 19 06:25:21 ip-172-31-18-107 systemd[1]: Started udev Kernel Device Manager.
Oct 19 06:25:21 ip-172-31-18-107 systemd[1]: Started Apply Kernel Variables.
Oct 19 06:25:21 ip-172-31-18-107 systemd[1]: Found device /dev/ttyS0.
Oct 19 06:25:21 ip-172-31-18-107 systemd-udevd[530]: link_config: autonegotiation is unset or enabled, the speed and duplex are not writable.
Oct 19 06:25:21 ip-172-31-18-107 systemd[1]: Listening on Load/Save RF Kill Switch Status /dev/rfkill Watch.
Oct 19 06:25:21 ip-172-31-18-107 systemd-udevd[528]: link_config: autonegotiation is unset or enabled, the speed and duplex are not writable.
Oct 19 06:25:21 ip-172-31-18-107 systemd[1]: Started Set the console keyboard layout.
Oct 19 06:25:21 ip-172-31-18-107 systemd[1]: Started Dispatch Password Requests to Console Directory Watch.
Oct 19 06:25:21 ip-172-31-18-107 systemd[1]: Reached target Local Encrypted Volumes.
Oct 19 06:25:21 ip-172-31-18-107 systemd[1]: Reached target Local File Systems (Pre).
Oct 19 06:25:21 ip-172-31-18-107 systemd[1]: Reached target Local File Systems.
Oct 19 06:25:21 ip-172-31-18-107 systemd[1]: Starting Set console font and keymap...
Oct 19 06:25:21 ip-172-31-18-107 systemd[1]: Starting Tell Plymouth To Write Out Runtime Data...
Oct 19 06:25:21 ip-172-31-18-107 systemd[1]: Starting Create Volatile Files and Directories...
Oct 19 06:25:21 ip-172-31-18-107 systemd[1]: Starting Commit a transient machine-id on disk...
Oct 19 06:25:21 ip-172-31-18-107 systemd[1]: Starting AppArmor initialization...
Oct 19 06:25:21 ip-172-31-18-107 systemd[1]: Starting ebtables ruleset management...
Oct 19 06:25:21 ip-172-31-18-107 systemd[1]: Started Set console font and keymap.
Oct 19 06:25:21 ip-172-31-18-107 systemd[1]: Started Create Volatile Files and Directories.
Oct 19 06:25:21 ip-172-31-18-107 systemd[1]: Starting Network Time Synchronization...
Oct 19 06:25:21 ip-172-31-18-107 systemd[1]: Starting Update UTMP about System Boot/Shutdown...
Oct 19 06:25:21 ip-172-31-18-107 systemd[1]: Started Tell Plymouth To Write Out Runtime Data.
Oct 19 06:25:21 ip-172-31-18-107 systemd[1]: Started Commit a transient machine-id on disk.
Oct 19 06:25:21 ip-172-31-18-107 systemd[1]: Started Update UTMP about System Boot/Shutdown.
Oct 19 06:25:21 ip-172-31-18-107 apparmor[604]:  * Starting AppArmor profiles
Oct 19 06:25:21 ip-172-31-18-107 systemd[1]: Started Network Time Synchronization.
Oct 19 06:25:21 ip-172-31-18-107 systemd[1]: Started ebtables ruleset management.
Oct 19 06:25:21 ip-172-31-18-107 systemd[1]: Reached target System Time Synchronized.
Oct 19 06:25:21 ip-172-31-18-107 apparmor[604]: Skipping profile in /etc/apparmor.d/disable: usr.sbin.rsyslogd
Oct 19 06:25:21 ip-172-31-18-107 apparmor[604]:    ...done.
Oct 19 06:25:21 ip-172-31-18-107 systemd[1]: Started AppArmor initialization.
Oct 19 06:25:21 ip-172-31-18-107 systemd[1]: Starting Load AppArmor profiles managed internally by snapd...
Oct 19 06:25:21 ip-172-31-18-107 systemd[1]: Starting Initial cloud-init job (pre-networking)...
Oct 19 06:25:21 ip-172-31-18-107 snapd-apparmor[739]: find: ‘/var/lib/snapd/apparmor/profiles/’: No such file or directory
Oct 19 06:25:21 ip-172-31-18-107 systemd[1]: Started Load AppArmor profiles managed internally by snapd.
Oct 19 06:25:21 ip-172-31-18-107 dhclient[807]: Internet Systems Consortium DHCP Client 4.3.5
Oct 19 06:25:21 ip-172-31-18-107 dhclient[807]: Copyright 2004-2016 Internet Systems Consortium.
Oct 19 06:25:21 ip-172-31-18-107 dhclient[807]: All rights reserved.
Oct 19 06:25:21 ip-172-31-18-107 dhclient[807]: For info, please visit https://www.isc.org/software/dhcp/
Oct 19 06:25:21 ip-172-31-18-107 dhclient[807]: 
Oct 19 06:25:21 ip-172-31-18-107 dhclient[807]: Listening on LPF/eth0/02:13:9a:13:bb:f1
Oct 19 06:25:21 ip-172-31-18-107 dhclient[807]: Sending on   LPF/eth0/02:13:9a:13:bb:f1
Oct 19 06:25:21 ip-172-31-18-107 dhclient[807]: Sending on   Socket/fallback
Oct 19 06:25:21 ip-172-31-18-107 dhclient[807]: DHCPDISCOVER on eth0 to 255.255.255.255 port 67 interval 3 (xid=0x7ecd2a69)
Oct 19 06:25:21 ip-172-31-18-107 dhclient[807]: DHCPREQUEST of 172.31.18.107 on eth0 to 255.255.255.255 port 67 (xid=0x692acd7e)
Oct 19 06:25:21 ip-172-31-18-107 dhclient[807]: DHCPOFFER of 172.31.18.107 from 172.31.16.1
Oct 19 06:25:21 ip-172-31-18-107 dhclient[807]: DHCPACK of 172.31.18.107 from 172.31.16.1
Oct 19 06:25:21 ip-172-31-18-107 dhclient[807]: bound to 172.31.18.107 -- renewal in 1410 seconds.
Oct 19 06:25:21 ip-172-31-18-107 cloud-init[747]: Cloud-init v. 21.1-19-gbad84ad4-0ubuntu1~18.04.1 running 'init-local' at Tue, 19 Oct 2021 06:25:16 +0000. Up 9.92 seconds.
Oct 19 06:25:21 ip-172-31-18-107 systemd[1]: Started Initial cloud-init job (pre-networking).
Oct 19 06:25:21 ip-172-31-18-107 systemd[1]: Reached target Network (Pre).
Oct 19 06:25:21 ip-172-31-18-107 systemd[1]: Starting Network Service...
Oct 19 06:25:21 ip-172-31-18-107 systemd-networkd[831]: Enumeration completed
Oct 19 06:25:21 ip-172-31-18-107 systemd[1]: Started Network Service.
Oct 19 06:25:21 ip-172-31-18-107 systemd-networkd[831]: eth0: Link UP
Oct 19 06:25:21 ip-172-31-18-107 systemd-networkd[831]: eth0: Gained carrier
Oct 19 06:25:21 ip-172-31-18-107 systemd-timesyncd[640]: Network configuration changed, trying to establish connection.
Oct 19 06:25:21 ip-172-31-18-107 systemd-networkd[831]: eth0: Link DOWN
Oct 19 06:25:21 ip-172-31-18-107 systemd-networkd[831]: eth0: Lost carrier
Oct 19 06:25:21 ip-172-31-18-107 systemd-networkd[831]: eth0: Removing non-existent address: fe80::13:9aff:fe13:bbf1/64 (valid forever), ignoring
Oct 19 06:25:21 ip-172-31-18-107 systemd-networkd[831]: eth0: IPv6 successfully enabled
Oct 19 06:25:21 ip-172-31-18-107 systemd-networkd[831]: lo: Link is not managed by us
Oct 19 06:25:21 ip-172-31-18-107 systemd[1]: Starting Wait for Network to be Configured...
Oct 19 06:25:21 ip-172-31-18-107 systemd-networkd[831]: eth0: Link UP
Oct 19 06:25:21 ip-172-31-18-107 systemd[1]: Starting Network Name Resolution...
Oct 19 06:25:21 ip-172-31-18-107 systemd-networkd[831]: eth0: Gained carrier
Oct 19 06:25:21 ip-172-31-18-107 systemd-resolved[867]: Positive Trust Anchors:
Oct 19 06:25:21 ip-172-31-18-107 systemd-resolved[867]: . IN DS 19036 8 2 49aac11d7b6f6446702e54a1607371607a1a41855200fd2ce1cdde32f24e8fb5
Oct 19 06:25:21 ip-172-31-18-107 systemd-resolved[867]: . IN DS 20326 8 2 e06d44b80b8f1d39a95c0b0d7c65d08458e880409bbc683457104237c7f8ec8d
Oct 19 06:25:21 ip-172-31-18-107 systemd-resolved[867]: Negative trust anchors: 10.in-addr.arpa 16.172.in-addr.arpa 17.172.in-addr.arpa 18.172.in-addr.arpa 19.172.in-addr.arpa 20.172.in-addr.arpa 21.172.in-addr.arpa 22.172.in-addr.arpa 23.172.in-addr.arpa 24.172.in-addr.arpa 25.172.in-addr.arpa 26.172.in-addr.arpa 27.172.in-addr.arpa 28.172.in-addr.arpa 29.172.in-addr.arpa 30.172.in-addr.arpa 31.172.in-addr.arpa 168.192.in-addr.arpa d.f.ip6.arpa corp home internal intranet lan local private test
Oct 19 06:25:21 ip-172-31-18-107 systemd-networkd[831]: eth0: DHCPv4 address 172.31.18.107/20 via 172.31.16.1
Oct 19 06:25:21 ip-172-31-18-107 systemd-networkd[831]: Not connected to system bus, not setting hostname.
Oct 19 06:25:21 ip-172-31-18-107 systemd-resolved[867]: Using system hostname 'ip-172-31-18-107'.
Oct 19 06:25:21 ip-172-31-18-107 systemd-timesyncd[640]: Network configuration changed, trying to establish connection.
Oct 19 06:25:21 ip-172-31-18-107 systemd[1]: Started Network Name Resolution.
Oct 19 06:25:21 ip-172-31-18-107 systemd[1]: Reached target Host and Network Name Lookups.
Oct 19 06:25:21 ip-172-31-18-107 systemd[1]: Reached target Network.
Oct 19 06:25:21 ip-172-31-18-107 systemd-networkd[831]: eth0: Gained IPv6LL
Oct 19 06:25:21 ip-172-31-18-107 systemd-networkd[831]: eth0: Configured
Oct 19 06:25:21 ip-172-31-18-107 systemd-timesyncd[640]: Network configuration changed, trying to establish connection.
Oct 19 06:25:21 ip-172-31-18-107 systemd-networkd-wait-online[860]: managing: eth0
Oct 19 06:25:21 ip-172-31-18-107 systemd-networkd-wait-online[860]: ignoring: lo
Oct 19 06:25:21 ip-172-31-18-107 systemd[1]: Started Wait for Network to be Configured.
Oct 19 06:25:21 ip-172-31-18-107 systemd[1]: Starting Initial cloud-init job (metadata service crawler)...
Oct 19 06:25:21 ip-172-31-18-107 cloud-init[894]: Cloud-init v. 21.1-19-gbad84ad4-0ubuntu1~18.04.1 running 'init' at Tue, 19 Oct 2021 06:25:19 +0000. Up 12.52 seconds.
Oct 19 06:25:21 ip-172-31-18-107 cloud-init[894]: ci-info: ++++++++++++++++++++++++++++++++++++++Net device info++++++++++++++++++++++++++++++++++++++
Oct 19 06:25:21 ip-172-31-18-107 cloud-init[894]: ci-info: +--------+------+----------------------------+---------------+--------+-------------------+
Oct 19 06:25:21 ip-172-31-18-107 cloud-init[894]: ci-info: | Device |  Up  |          Address           |      Mask     | Scope  |     Hw-Address    |
Oct 19 06:25:21 ip-172-31-18-107 cloud-init[894]: ci-info: +--------+------+----------------------------+---------------+--------+-------------------+
Oct 19 06:25:21 ip-172-31-18-107 cloud-init[894]: ci-info: |  eth0  | True |       172.31.18.107        | 255.255.240.0 | global | 02:13:9a:13:bb:f1 |
Oct 19 06:25:21 ip-172-31-18-107 cloud-init[894]: ci-info: |  eth0  | True | fe80::13:9aff:fe13:bbf1/64 |       .       |  link  | 02:13:9a:13:bb:f1 |
Oct 19 06:25:21 ip-172-31-18-107 cloud-init[894]: ci-info: |   lo   | True |         127.0.0.1          |   255.0.0.0   |  host  |         .         |
Oct 19 06:25:21 ip-172-31-18-107 cloud-init[894]: ci-info: |   lo   | True |          ::1/128           |       .       |  host  |         .         |
Oct 19 06:25:21 ip-172-31-18-107 cloud-init[894]: ci-info: +--------+------+----------------------------+---------------+--------+-------------------+
Oct 19 06:25:21 ip-172-31-18-107 cloud-init[894]: ci-info: ++++++++++++++++++++++++++++++Route IPv4 info++++++++++++++++++++++++++++++
Oct 19 06:25:21 ip-172-31-18-107 cloud-init[894]: ci-info: +-------+-------------+-------------+-----------------+-----------+-------+
Oct 19 06:25:21 ip-172-31-18-107 cloud-init[894]: ci-info: | Route | Destination |   Gateway   |     Genmask     | Interface | Flags |
Oct 19 06:25:21 ip-172-31-18-107 cloud-init[894]: ci-info: +-------+-------------+-------------+-----------------+-----------+-------+
Oct 19 06:25:21 ip-172-31-18-107 cloud-init[894]: ci-info: |   0   |   0.0.0.0   | 172.31.16.1 |     0.0.0.0     |    eth0   |   UG  |
Oct 19 06:25:21 ip-172-31-18-107 cloud-init[894]: ci-info: |   1   | 172.31.16.0 |   0.0.0.0   |  255.255.240.0  |    eth0   |   U   |
Oct 19 06:25:21 ip-172-31-18-107 cloud-init[894]: ci-info: |   2   | 172.31.16.1 |   0.0.0.0   | 255.255.255.255 |    eth0   |   UH  |
Oct 19 06:25:21 ip-172-31-18-107 cloud-init[894]: ci-info: +-------+-------------+-------------+-----------------+-----------+-------+
Oct 19 06:25:21 ip-172-31-18-107 cloud-init[894]: ci-info: +++++++++++++++++++Route IPv6 info+++++++++++++++++++
Oct 19 06:25:21 ip-172-31-18-107 cloud-init[894]: ci-info: +-------+-------------+---------+-----------+-------+
Oct 19 06:25:21 ip-172-31-18-107 cloud-init[894]: ci-info: | Route | Destination | Gateway | Interface | Flags |
Oct 19 06:25:21 ip-172-31-18-107 cloud-init[894]: ci-info: +-------+-------------+---------+-----------+-------+
Oct 19 06:25:21 ip-172-31-18-107 cloud-init[894]: ci-info: |   1   |  fe80::/64  |    ::   |    eth0   |   U   |
Oct 19 06:25:21 ip-172-31-18-107 cloud-init[894]: ci-info: |   3   |    local    |    ::   |    eth0   |   U   |
Oct 19 06:25:21 ip-172-31-18-107 cloud-init[894]: ci-info: |   4   |  multicast  |    ::   |    eth0   |   U   |
Oct 19 06:25:21 ip-172-31-18-107 cloud-init[894]: ci-info: +-------+-------------+---------+-----------+-------+
Oct 19 06:25:21 ip-172-31-18-107 cloud-init[894]: Generating public/private rsa key pair.
Oct 19 06:25:21 ip-172-31-18-107 cloud-init[894]: Your identification has been saved in /etc/ssh/ssh_host_rsa_key.
Oct 19 06:25:21 ip-172-31-18-107 cloud-init[894]: Your public key has been saved in /etc/ssh/ssh_host_rsa_key.pub.
Oct 19 06:25:21 ip-172-31-18-107 cloud-init[894]: The key fingerprint is:
Oct 19 06:25:21 ip-172-31-18-107 cloud-init[894]: SHA256:YuFaQLQQeZza+gF3tjAIESSeD8p1Do7ZriiCCOEWo9Q root@ip-172-31-18-107
Oct 19 06:25:21 ip-172-31-18-107 cloud-init[894]: The key's randomart image is:
Oct 19 06:25:21 ip-172-31-18-107 cloud-init[894]: +---[RSA 2048]----+
Oct 19 06:25:21 ip-172-31-18-107 cloud-init[894]: |=+o=o.           |
Oct 19 06:25:21 ip-172-31-18-107 cloud-init[894]: |+ oo+.           |
Oct 19 06:25:21 ip-172-31-18-107 cloud-init[894]: | =.Bo..          |
Oct 19 06:25:21 ip-172-31-18-107 cloud-init[894]: |++%EOoo.         |
Oct 19 06:25:21 ip-172-31-18-107 cloud-init[894]: |==oB *=.S        |
Oct 19 06:25:21 ip-172-31-18-107 cloud-init[894]: |ooo .+..         |
Oct 19 06:25:21 ip-172-31-18-107 cloud-init[894]: |=  o..           |
Oct 19 06:25:21 ip-172-31-18-107 cloud-init[894]: |* . .            |
Oct 19 06:25:21 ip-172-31-18-107 cloud-init[894]: |+.               |
Oct 19 06:25:21 ip-172-31-18-107 cloud-init[894]: +----[SHA256]-----+
Oct 19 06:25:21 ip-172-31-18-107 cloud-init[894]: Generating public/private dsa key pair.
Oct 19 06:25:21 ip-172-31-18-107 cloud-init[894]: Your identification has been saved in /etc/ssh/ssh_host_dsa_key.
Oct 19 06:25:21 ip-172-31-18-107 cloud-init[894]: Your public key has been saved in /etc/ssh/ssh_host_dsa_key.pub.
Oct 19 06:25:21 ip-172-31-18-107 cloud-init[894]: The key fingerprint is:
Oct 19 06:25:21 ip-172-31-18-107 cloud-init[894]: SHA256:MlbYiU78KT4RVpCufq6LBZwSWtzN8yax4CdO3NEHt7k root@ip-172-31-18-107
Oct 19 06:25:21 ip-172-31-18-107 kernel: [    0.000000] Linux version 5.4.0-1045-aws (buildd@lgw01-amd64-003) (gcc version 7.5.0 (Ubuntu 7.5.0-3ubuntu1~18.04)) #47~18.04.1-Ubuntu SMP Tue Apr 13 15:58:14 UTC 2021 (Ubuntu 5.4.0-1045.47~18.04.1-aws 5.4.101)
Oct 19 06:25:21 ip-172-31-18-107 kernel: [    0.000000] Command line: BOOT_IMAGE=/boot/vmlinuz-5.4.0-1045-aws root=LABEL=cloudimg-rootfs ro console=tty1 console=ttyS0 nvme_core.io_timeout=4294967295
Oct 19 06:25:21 ip-172-31-18-107 kernel: [    0.000000] KERNEL supported cpus:
Oct 19 06:25:21 ip-172-31-18-107 kernel: [    0.000000]   Intel GenuineIntel
Oct 19 06:25:21 ip-172-31-18-107 kernel: [    0.000000]   AMD AuthenticAMD
Oct 19 06:25:21 ip-172-31-18-107 kernel: [    0.000000]   Hygon HygonGenuine
Oct 19 06:25:21 ip-172-31-18-107 kernel: [    0.000000]   Centaur CentaurHauls
Oct 19 06:25:21 ip-172-31-18-107 kernel: [    0.000000]   zhaoxin   Shanghai  
Oct 19 06:25:21 ip-172-31-18-107 kernel: [    0.000000] x86/fpu: Supporting XSAVE feature 0x001: 'x87 floating point registers'
Oct 19 06:25:21 ip-172-31-18-107 kernel: [    0.000000] x86/fpu: Supporting XSAVE feature 0x002: 'SSE registers'
Oct 19 06:25:21 ip-172-31-18-107 kernel: [    0.000000] x86/fpu: Supporting XSAVE feature 0x004: 'AVX registers'
Oct 19 06:25:21 ip-172-31-18-107 kernel: [    0.000000] x86/fpu: xstate_offset[2]:  576, xstate_sizes[2]:  256
Oct 19 06:25:21 ip-172-31-18-107 kernel: [    0.000000] x86/fpu: Enabled xstate features 0x7, context size is 832 bytes, using 'standard' format.
Oct 19 06:25:21 ip-172-31-18-107 kernel: [    0.000000] BIOS-provided physical RAM map:
Oct 19 06:25:21 ip-172-31-18-107 kernel: [    0.000000] BIOS-e820: [mem 0x0000000000000000-0x000000000009dfff] usable
Oct 19 06:25:21 ip-172-31-18-107 kernel: [    0.000000] BIOS-e820: [mem 0x000000000009e000-0x000000000009ffff] reserved
Oct 19 06:25:21 ip-172-31-18-107 kernel: [    0.000000] BIOS-e820: [mem 0x00000000000e0000-0x00000000000fffff] reserved
Oct 19 06:25:21 ip-172-31-18-107 kernel: [    0.000000] BIOS-e820: [mem 0x0000000000100000-0x00000000efffffff] usable
Oct 19 06:25:21 ip-172-31-18-107 kernel: [    0.000000] BIOS-e820: [mem 0x00000000fc000000-0x00000000ffffffff] reserved
Oct 19 06:25:21 ip-172-31-18-107 kernel: [    0.000000] BIOS-e820: [mem 0x0000000100000000-0x000000080fffffff] usable
Oct 19 06:25:21 ip-172-31-18-107 kernel: [    0.000000] NX (Execute Disable) protection: active
Oct 19 06:25:21 ip-172-31-18-107 kernel: [    0.000000] SMBIOS 2.7 present.
Oct 19 06:25:21 ip-172-31-18-107 kernel: [    0.000000] DMI: Xen HVM domU, BIOS 4.11.amazon 08/24/2006
Oct 19 06:25:21 ip-172-31-18-107 kernel: [    0.000000] Hypervisor detected: Xen HVM
Oct 19 06:25:21 ip-172-31-18-107 kernel: [    0.000000] Xen version 4.11.
Oct 19 06:25:21 ip-172-31-18-107 kernel: [    0.000000] Xen Platform PCI: I/O protocol version 1
Oct 19 06:25:21 ip-172-31-18-107 kernel: [    0.000000] Netfront and the Xen platform PCI driver have been compiled for this kernel: unplug emulated NICs.
Oct 19 06:25:21 ip-172-31-18-107 kernel: [    0.000000] Blkfront and the Xen platform PCI driver have been compiled for this kernel: unplug emulated disks.
Oct 19 06:25:21 ip-172-31-18-107 kernel: [    0.000000] You might have to change the root device
Oct 19 06:25:21 ip-172-31-18-107 kernel: [    0.000000] from /dev/hd[a-d] to /dev/xvd[a-d]
Oct 19 06:25:21 ip-172-31-18-107 kernel: [    0.000000] in your root= kernel command line option
Oct 19 06:25:21 ip-172-31-18-107 kernel: [    0.000004] HVMOP_pagetable_dying not supported
Oct 19 06:25:21 ip-172-31-18-107 kernel: [    0.021472] tsc: Fast TSC calibration using PIT
Oct 19 06:25:21 ip-172-31-18-107 kernel: [    0.021474] tsc: Detected 2300.000 MHz processor
Oct 19 06:25:21 ip-172-31-18-107 kernel: [    0.022491] e820: update [mem 0x00000000-0x00000fff] usable ==> reserved
Oct 19 06:25:21 ip-172-31-18-107 kernel: [    0.022492] e820: remove [mem 0x000a0000-0x000fffff] usable
Oct 19 06:25:21 ip-172-31-18-107 kernel: [    0.022496] last_pfn = 0x810000 max_arch_pfn = 0x400000000
Oct 19 06:25:21 ip-172-31-18-107 kernel: [    0.022530] MTRR default type: write-back
Oct 19 06:25:21 ip-172-31-18-107 kernel: [    0.022531] MTRR fixed ranges enabled:
Oct 19 06:25:21 ip-172-31-18-107 kernel: [    0.022532]   00000-9FFFF write-back
Oct 19 06:25:21 ip-172-31-18-107 kernel: [    0.022532]   A0000-BFFFF write-combining
Oct 19 06:25:21 ip-172-31-18-107 kernel: [    0.022533]   C0000-FFFFF write-back
Oct 19 06:25:21 ip-172-31-18-107 kernel: [    0.022534] MTRR variable ranges enabled:
Oct 19 06:25:21 ip-172-31-18-107 kernel: [    0.022535]   0 base 0000F0000000 mask 3FFFF0000000 uncachable
Oct 19 06:25:21 ip-172-31-18-107 kernel: [    0.022536]   1 disabled
Oct 19 06:25:21 ip-172-31-18-107 kernel: [    0.022536]   2 disabled
Oct 19 06:25:21 ip-172-31-18-107 kernel: [    0.022537]   3 disabled
Oct 19 06:25:21 ip-172-31-18-107 kernel: [    0.022537]   4 disabled
Oct 19 06:25:21 ip-172-31-18-107 kernel: [    0.022538]   5 disabled
Oct 19 06:25:21 ip-172-31-18-107 kernel: [    0.022538]   6 disabled
Oct 19 06:25:21 ip-172-31-18-107 kernel: [    0.022538]   7 disabled
Oct 19 06:25:21 ip-172-31-18-107 kernel: [    0.022547] x86/PAT: Configuration [0-7]: WB  WC  UC- UC  WB  WP  UC- WT  
Oct 19 06:25:21 ip-172-31-18-107 kernel: [    0.022557] last_pfn = 0xf0000 max_arch_pfn = 0x400000000
Oct 19 06:25:21 ip-172-31-18-107 kernel: [    0.029542] found SMP MP-table at [mem 0x000fb9a0-0x000fb9af]
Oct 19 06:25:21 ip-172-31-18-107 kernel: [    0.029618] check: Scanning 1 areas for low memory corruption
Oct 19 06:25:21 ip-172-31-18-107 kernel: [    0.029708] Using GB pages for direct mapping
Oct 19 06:25:21 ip-172-31-18-107 kernel: [    0.029873] RAMDISK: [mem 0x356c9000-0x36b5bfff]
Oct 19 06:25:21 ip-172-31-18-107 kernel: [    0.029934] ACPI: Early table checksum verification disabled
Oct 19 06:25:21 ip-172-31-18-107 kernel: [    0.029939] ACPI: RSDP 0x00000000000EA020 000024 (v02 Xen   )
Oct 19 06:25:21 ip-172-31-18-107 kernel: [    0.029942] ACPI: XSDT 0x00000000FC00C780 000054 (v01 Xen    HVM      00000000 HVML 00000000)
Oct 19 06:25:21 ip-172-31-18-107 kernel: [    0.029948] ACPI: FACP 0x00000000FC00C440 0000F4 (v04 Xen    HVM      00000000 HVML 00000000)
Oct 19 06:25:21 ip-172-31-18-107 kernel: [    0.029953] ACPI: DSDT 0x00000000FC003940 008A7E (v02 Xen    HVM      00000000 INTL 20090123)
Oct 19 06:25:21 ip-172-31-18-107 kernel: [    0.029956] ACPI: FACS 0x00000000FC003900 000040
Oct 19 06:25:21 ip-172-31-18-107 kernel: [    0.029958] ACPI: FACS 0x00000000FC003900 000040
Oct 19 06:25:21 ip-172-31-18-107 kernel: [    0.029960] ACPI: APIC 0x00000000FC00C540 0000D8 (v02 Xen    HVM      00000000 HVML 00000000)
Oct 19 06:25:21 ip-172-31-18-107 kernel: [    0.029962] ACPI: HPET 0x00000000FC00C690 000038 (v01 Xen    HVM      00000000 HVML 00000000)
Oct 19 06:25:21 ip-172-31-18-107 kernel: [    0.029965] ACPI: WAET 0x00000000FC00C6D0 000028 (v01 Xen    HVM      00000000 HVML 00000000)
Oct 19 06:25:21 ip-172-31-18-107 kernel: [    0.029967] ACPI: SSDT 0x00000000FC00C700 000031 (v02 Xen    HVM      00000000 INTL 20090123)
Oct 19 06:25:21 ip-172-31-18-107 kernel: [    0.029970] ACPI: SSDT 0x00000000FC00C740 000033 (v02 Xen    HVM      00000000 INTL 20090123)
Oct 19 06:25:21 ip-172-31-18-107 kernel: [    0.029978] ACPI: Local APIC address 0xfee00000
Oct 19 06:25:21 ip-172-31-18-107 kernel: [    0.031748] No NUMA configuration found
Oct 19 06:25:21 ip-172-31-18-107 kernel: [    0.031749] Faking a node at [mem 0x0000000000000000-0x000000080fffffff]
Oct 19 06:25:21 ip-172-31-18-107 kernel: [    0.031759] NODE_DATA(0) allocated [mem 0x80ffd5000-0x80fffffff]
Oct 19 06:25:21 ip-172-31-18-107 kernel: [    0.032044] Zone ranges:
Oct 19 06:25:21 ip-172-31-18-107 kernel: [    0.032046]   DMA      [mem 0x0000000000001000-0x0000000000ffffff]
Oct 19 06:25:21 ip-172-31-18-107 kernel: [    0.032047]   DMA32    [mem 0x0000000001000000-0x00000000ffffffff]
Oct 19 06:25:21 ip-172-31-18-107 kernel: [    0.032048]   Normal   [mem 0x0000000100000000-0x000000080fffffff]
Oct 19 06:25:21 ip-172-31-18-107 kernel: [    0.032049]   Device   empty
Oct 19 06:25:21 ip-172-31-18-107 kernel: [    0.032050] Movable zone start for each node
Oct 19 06:25:21 ip-172-31-18-107 kernel: [    0.032054] Early memory node ranges
Oct 19 06:25:21 ip-172-31-18-107 kernel: [    0.032055]   node   0: [mem 0x0000000000001000-0x000000000009dfff]
Oct 19 06:25:21 ip-172-31-18-107 kernel: [    0.032056]   node   0: [mem 0x0000000000100000-0x00000000efffffff]
Oct 19 06:25:21 ip-172-31-18-107 kernel: [    0.032057]   node   0: [mem 0x0000000100000000-0x000000080fffffff]
Oct 19 06:25:21 ip-172-31-18-107 kernel: [    0.032066] Zeroed struct page in unavailable ranges: 99 pages
Oct 19 06:25:21 ip-172-31-18-107 kernel: [    0.032067] Initmem setup node 0 [mem 0x0000000000001000-0x000000080fffffff]
Oct 19 06:25:21 ip-172-31-18-107 kernel: [    0.032069] On node 0 totalpages: 8388509
Oct 19 06:25:21 ip-172-31-18-107 kernel: [    0.032070]   DMA zone: 64 pages used for memmap
Oct 19 06:25:21 ip-172-31-18-107 kernel: [    0.032070]   DMA zone: 21 pages reserved
Oct 19 06:25:21 ip-172-31-18-107 kernel: [    0.032071]   DMA zone: 3997 pages, LIFO batch:0
Oct 19 06:25:21 ip-172-31-18-107 kernel: [    0.032195]   DMA32 zone: 15296 pages used for memmap
Oct 19 06:25:21 ip-172-31-18-107 kernel: [    0.032196]   DMA32 zone: 978944 pages, LIFO batch:63
Oct 19 06:25:21 ip-172-31-18-107 kernel: [    0.049311]   Normal zone: 115712 pages used for memmap
Oct 19 06:25:21 ip-172-31-18-107 kernel: [    0.049313]   Normal zone: 7405568 pages, LIFO batch:63
Oct 19 06:25:21 ip-172-31-18-107 kernel: [    0.179288] ACPI: PM-Timer IO Port: 0xb008
Oct 19 06:25:21 ip-172-31-18-107 kernel: [    0.179293] ACPI: Local APIC address 0xfee00000
Oct 19 06:25:21 ip-172-31-18-107 kernel: [    0.179355] IOAPIC[0]: apic_id 1, version 17, address 0xfec00000, GSI 0-47
Oct 19 06:25:21 ip-172-31-18-107 kernel: [    0.179359] ACPI: INT_SRC_OVR (bus 0 bus_irq 0 global_irq 2 dfl dfl)
Oct 19 06:25:21 ip-172-31-18-107 kernel: [    0.179360] ACPI: INT_SRC_OVR (bus 0 bus_irq 5 global_irq 5 low level)
Oct 19 06:25:21 ip-172-31-18-107 kernel: [    0.179362] ACPI: INT_SRC_OVR (bus 0 bus_irq 10 global_irq 10 low level)
Oct 19 06:25:21 ip-172-31-18-107 kernel: [    0.179363] ACPI: INT_SRC_OVR (bus 0 bus_irq 11 global_irq 11 low level)
Oct 19 06:25:21 ip-172-31-18-107 kernel: [    0.179365] ACPI: IRQ0 used by override.
Oct 19 06:25:21 ip-172-31-18-107 kernel: [    0.179365] ACPI: IRQ5 used by override.
Oct 19 06:25:21 ip-172-31-18-107 kernel: [    0.179366] ACPI: IRQ9 used by override.
Oct 19 06:25:21 ip-172-31-18-107 kernel: [    0.179366] ACPI: IRQ10 used by override.
Oct 19 06:25:21 ip-172-31-18-107 kernel: [    0.179367] ACPI: IRQ11 used by override.
Oct 19 06:25:21 ip-172-31-18-107 kernel: [    0.179368] Using ACPI (MADT) for SMP configuration information
Oct 19 06:25:21 ip-172-31-18-107 kernel: [    0.179370] ACPI: HPET id: 0x8086a201 base: 0xfed00000
Oct 19 06:25:21 ip-172-31-18-107 kernel: [    0.179376] TSC deadline timer available
Oct 19 06:25:21 ip-172-31-18-107 kernel: [    0.179384] smpboot: Allowing 15 CPUs, 7 hotplug CPUs
Oct 19 06:25:21 ip-172-31-18-107 kernel: [    0.179395] PM: Registered nosave memory: [mem 0x00000000-0x00000fff]
Oct 19 06:25:21 ip-172-31-18-107 kernel: [    0.179397] PM: Registered nosave memory: [mem 0x0009e000-0x0009ffff]
Oct 19 06:25:21 ip-172-31-18-107 kernel: [    0.179397] PM: Registered nosave memory: [mem 0x000a0000-0x000dffff]
Oct 19 06:25:21 ip-172-31-18-107 kernel: [    0.179398] PM: Registered nosave memory: [mem 0x000e0000-0x000fffff]
Oct 19 06:25:21 ip-172-31-18-107 kernel: [    0.179400] PM: Registered nosave memory: [mem 0xf0000000-0xfbffffff]
Oct 19 06:25:21 ip-172-31-18-107 kernel: [    0.179400] PM: Registered nosave memory: [mem 0xfc000000-0xffffffff]
Oct 19 06:25:21 ip-172-31-18-107 kernel: [    0.179403] [mem 0xf0000000-0xfbffffff] available for PCI devices
Oct 19 06:25:21 ip-172-31-18-107 kernel: [    0.179405] Booting paravirtualized kernel on Xen HVM
Oct 19 06:25:21 ip-172-31-18-107 kernel: [    0.179409] clocksource: refined-jiffies: mask: 0xffffffff max_cycles: 0xffffffff, max_idle_ns: 7645519600211568 ns
Oct 19 06:25:21 ip-172-31-18-107 kernel: [    0.179415] setup_percpu: NR_CPUS:8192 nr_cpumask_bits:15 nr_cpu_ids:15 nr_node_ids:1
Oct 19 06:25:21 ip-172-31-18-107 kernel: [    0.180656] percpu: Embedded 54 pages/cpu s184320 r8192 d28672 u262144
Oct 19 06:25:21 ip-172-31-18-107 kernel: [    0.180662] pcpu-alloc: s184320 r8192 d28672 u262144 alloc=1*2097152
Oct 19 06:25:21 ip-172-31-18-107 kernel: [    0.180663] pcpu-alloc: [0] 00 01 02 03 04 05 06 07 [0] 08 09 10 11 12 13 14 -- 
Oct 19 06:25:21 ip-172-31-18-107 kernel: [    0.180694] xen: PV spinlocks enabled
Oct 19 06:25:21 ip-172-31-18-107 kernel: [    0.180697] PV qspinlock hash table entries: 256 (order: 0, 4096 bytes, linear)
Oct 19 06:25:21 ip-172-31-18-107 kernel: [    0.180703] Built 1 zonelists, mobility grouping on.  Total pages: 8257416
Oct 19 06:25:21 ip-172-31-18-107 kernel: [    0.180704] Policy zone: Normal
Oct 19 06:25:21 ip-172-31-18-107 kernel: [    0.180706] Kernel command line: BOOT_IMAGE=/boot/vmlinuz-5.4.0-1045-aws root=LABEL=cloudimg-rootfs ro console=tty1 console=ttyS0 nvme_core.io_timeout=4294967295
Oct 19 06:25:21 ip-172-31-18-107 kernel: [    0.189110] Dentry cache hash table entries: 4194304 (order: 13, 33554432 bytes, linear)
Oct 19 06:25:21 ip-172-31-18-107 kernel: [    0.193507] Inode-cache hash table entries: 2097152 (order: 12, 16777216 bytes, linear)
Oct 19 06:25:21 ip-172-31-18-107 kernel: [    0.193651] mem auto-init: stack:off, heap alloc:on, heap free:off
Oct 19 06:25:21 ip-172-31-18-107 kernel: [    0.206199] Calgary: detecting Calgary via BIOS EBDA area
Oct 19 06:25:21 ip-172-31-18-107 kernel: [    0.206202] Calgary: Unable to locate Rio Grande table in EBDA - bailing!
Oct 19 06:25:21 ip-172-31-18-107 kernel: [    0.315266] Memory: 32857220K/33554036K available (14339K kernel code, 2313K rwdata, 4656K rodata, 2656K init, 5136K bss, 696816K reserved, 0K cma-reserved)
Oct 19 06:25:21 ip-172-31-18-107 kernel: [    0.315276] random: get_random_u64 called from __kmem_cache_create+0x41/0x550 with crng_init=0
Oct 19 06:25:21 ip-172-31-18-107 kernel: [    0.315477] SLUB: HWalign=64, Order=0-3, MinObjects=0, CPUs=15, Nodes=1
Oct 19 06:25:21 ip-172-31-18-107 kernel: [    0.315494] Kernel/User page tables isolation: enabled
Oct 19 06:25:21 ip-172-31-18-107 kernel: [    0.315515] ftrace: allocating 42787 entries in 168 pages
Oct 19 06:25:21 ip-172-31-18-107 kernel: [    0.333084] rcu: Hierarchical RCU implementation.
Oct 19 06:25:21 ip-172-31-18-107 kernel: [    0.333086] rcu: 	RCU restricting CPUs from NR_CPUS=8192 to nr_cpu_ids=15.
Oct 19 06:25:21 ip-172-31-18-107 kernel: [    0.333088] 	Tasks RCU enabled.
Oct 19 06:25:21 ip-172-31-18-107 kernel: [    0.333089] rcu: RCU calculated value of scheduler-enlistment delay is 25 jiffies.
Oct 19 06:25:21 ip-172-31-18-107 kernel: [    0.333090] rcu: Adjusting geometry for rcu_fanout_leaf=16, nr_cpu_ids=15
Oct 19 06:25:21 ip-172-31-18-107 kernel: [    0.335866] NR_IRQS: 524544, nr_irqs: 952, preallocated irqs: 16
Oct 19 06:25:21 ip-172-31-18-107 kernel: [    0.335903] xen:events: Using 2-level ABI
Oct 19 06:25:21 ip-172-31-18-107 kernel: [    0.335954] xen:events: Xen HVM callback vector for event delivery is enabled
Oct 19 06:25:21 ip-172-31-18-107 kernel: [    0.336122] random: crng done (trusting CPU's manufacturer)
Oct 19 06:25:21 ip-172-31-18-107 kernel: [    0.364501] Console: colour VGA+ 80x25
Oct 19 06:25:21 ip-172-31-18-107 kernel: [    0.445074] printk: console [tty1] enabled
Oct 19 06:25:21 ip-172-31-18-107 kernel: [    0.445679] Cannot get hvm parameter CONSOLE_EVTCHN (18): -22!
Oct 19 06:25:21 ip-172-31-18-107 kernel: [    0.799149] printk: console [ttyS0] enabled
Oct 19 06:25:21 ip-172-31-18-107 kernel: [    0.802629] ACPI: Core revision 20190816
Oct 19 06:25:21 ip-172-31-18-107 kernel: [    0.805948] clocksource: hpet: mask: 0xffffffff max_cycles: 0xffffffff, max_idle_ns: 30580167144 ns
Oct 19 06:25:21 ip-172-31-18-107 kernel: [    0.812755] APIC: Switch to symmetric I/O mode setup
Oct 19 06:25:21 ip-172-31-18-107 kernel: [    0.817496] x2apic: IRQ remapping doesn't support X2APIC mode
Oct 19 06:25:21 ip-172-31-18-107 kernel: [    0.822750] Switched APIC routing to physical flat.
Oct 19 06:25:21 ip-172-31-18-107 kernel: [    0.829171] ..TIMER: vector=0x30 apic1=0 pin1=2 apic2=0 pin2=0
Oct 19 06:25:21 ip-172-31-18-107 kernel: [    0.833388] clocksource: tsc-early: mask: 0xffffffffffffffff max_cycles: 0x212735223b2, max_idle_ns: 440795277976 ns
Oct 19 06:25:21 ip-172-31-18-107 kernel: [    0.840022] Calibrating delay loop (skipped), value calculated using timer frequency.. 4600.00 BogoMIPS (lpj=9200000)
Oct 19 06:25:21 ip-172-31-18-107 kernel: [    0.844019] pid_max: default: 32768 minimum: 301
Oct 19 06:25:21 ip-172-31-18-107 kernel: [    0.848077] LSM: Security Framework initializing
Oct 19 06:25:21 ip-172-31-18-107 kernel: [    0.852037] Yama: becoming mindful.
Oct 19 06:25:21 ip-172-31-18-107 kernel: [    0.854267] AppArmor: AppArmor initialized
Oct 19 06:25:21 ip-172-31-18-107 kernel: [    0.856156] Mount-cache hash table entries: 65536 (order: 7, 524288 bytes, linear)
Oct 19 06:25:21 ip-172-31-18-107 kernel: [    0.860119] Mountpoint-cache hash table entries: 65536 (order: 7, 524288 bytes, linear)
Oct 19 06:25:21 ip-172-31-18-107 kernel: [    0.864038] *** VALIDATE tmpfs ***
Oct 19 06:25:21 ip-172-31-18-107 kernel: [    0.868200] *** VALIDATE proc ***
Oct 19 06:25:21 ip-172-31-18-107 kernel: [    0.870319] *** VALIDATE cgroup1 ***
Oct 19 06:25:21 ip-172-31-18-107 kernel: [    0.872021] *** VALIDATE cgroup2 ***
Oct 19 06:25:21 ip-172-31-18-107 kernel: [    0.874372] Last level iTLB entries: 4KB 64, 2MB 8, 4MB 8
Oct 19 06:25:21 ip-172-31-18-107 kernel: [    0.876019] Last level dTLB entries: 4KB 64, 2MB 0, 4MB 0, 1GB 4
Oct 19 06:25:21 ip-172-31-18-107 kernel: [    0.880022] Spectre V1 : Mitigation: usercopy/swapgs barriers and __user pointer sanitization
Oct 19 06:25:21 ip-172-31-18-107 kernel: [    0.884019] Spectre V2 : Mitigation: Full generic retpoline
Oct 19 06:25:21 ip-172-31-18-107 kernel: [    0.888018] Spectre V2 : Spectre v2 / SpectreRSB mitigation: Filling RSB on context switch
Oct 19 06:25:21 ip-172-31-18-107 kernel: [    0.896019] Speculative Store Bypass: Vulnerable
Oct 19 06:25:21 ip-172-31-18-107 kernel: [    0.898742] MDS: Vulnerable: Clear CPU buffers attempted, no microcode
Oct 19 06:25:21 ip-172-31-18-107 kernel: [    0.900247] Freeing SMP alternatives memory: 40K
Oct 19 06:25:21 ip-172-31-18-107 kernel: [    0.909167] clocksource: xen: mask: 0xffffffffffffffff max_cycles: 0x1cd42e4dffb, max_idle_ns: 881590591483 ns
Oct 19 06:25:21 ip-172-31-18-107 kernel: [    0.912029] Xen: using vcpuop timer interface
Oct 19 06:25:21 ip-172-31-18-107 kernel: [    0.912038] installing Xen timer for CPU 0
Oct 19 06:25:21 ip-172-31-18-107 kernel: [    0.916107] smpboot: CPU0: Intel(R) Xeon(R) CPU E5-2686 v4 @ 2.30GHz (family: 0x6, model: 0x4f, stepping: 0x1)
Oct 19 06:25:21 ip-172-31-18-107 kernel: [    0.920062] cpu 0 spinlock event irq 53
Oct 19 06:25:21 ip-172-31-18-107 kernel: [    0.922765] Performance Events: unsupported p6 CPU model 79 no PMU driver, software events only.
Oct 19 06:25:21 ip-172-31-18-107 kernel: [    0.924063] rcu: Hierarchical SRCU implementation.
Oct 19 06:25:21 ip-172-31-18-107 kernel: [    0.928065] NMI watchdog: Perf NMI watchdog permanently disabled
Oct 19 06:25:21 ip-172-31-18-107 kernel: [    0.931979] smp: Bringing up secondary CPUs ...
Oct 19 06:25:21 ip-172-31-18-107 kernel: [    0.932160] installing Xen timer for CPU 1
Oct 19 06:25:21 ip-172-31-18-107 kernel: [    0.934971] x86: Booting SMP configuration:
Oct 19 06:25:21 ip-172-31-18-107 kernel: [    0.936026] .... node  #0, CPUs:        #1
Oct 19 06:25:21 ip-172-31-18-107 kernel: [    0.936699] cpu 1 spinlock event irq 59
Oct 19 06:25:21 ip-172-31-18-107 kernel: [    1.092196] installing Xen timer for CPU 2
Oct 19 06:25:21 ip-172-31-18-107 kernel: [    1.096130]   #2
Oct 19 06:25:21 ip-172-31-18-107 kernel: [    1.096858] cpu 2 spinlock event irq 65
Oct 19 06:25:21 ip-172-31-18-107 kernel: [    1.100154] installing Xen timer for CPU 3
Oct 19 06:25:21 ip-172-31-18-107 kernel: [    1.104118]   #3
Oct 19 06:25:21 ip-172-31-18-107 kernel: [    1.104789] cpu 3 spinlock event irq 71
Oct 19 06:25:21 ip-172-31-18-107 kernel: [    1.108157] installing Xen timer for CPU 4
Oct 19 06:25:21 ip-172-31-18-107 kernel: [    1.112116]   #4
Oct 19 06:25:21 ip-172-31-18-107 kernel: [    1.112778] cpu 4 spinlock event irq 77
Oct 19 06:25:21 ip-172-31-18-107 kernel: [    1.116146] installing Xen timer for CPU 5
Oct 19 06:25:21 ip-172-31-18-107 kernel: [    1.120105]   #5
Oct 19 06:25:21 ip-172-31-18-107 kernel: [    1.120774] cpu 5 spinlock event irq 83
Oct 19 06:25:21 ip-172-31-18-107 kernel: [    1.124148] installing Xen timer for CPU 6
Oct 19 06:25:21 ip-172-31-18-107 kernel: [    1.128121]   #6
Oct 19 06:25:21 ip-172-31-18-107 kernel: [    1.128785] cpu 6 spinlock event irq 89
Oct 19 06:25:21 ip-172-31-18-107 kernel: [    1.132162] installing Xen timer for CPU 7
Oct 19 06:25:21 ip-172-31-18-107 kernel: [    1.136123]   #7
Oct 19 06:25:21 ip-172-31-18-107 kernel: [    1.136815] cpu 7 spinlock event irq 95
Oct 19 06:25:21 ip-172-31-18-107 kernel: [    1.140178] smp: Brought up 1 node, 8 CPUs
Oct 19 06:25:21 ip-172-31-18-107 kernel: [    1.144026] smpboot: Max logical packages: 2
Oct 19 06:25:21 ip-172-31-18-107 kernel: [    1.148017] smpboot: Total of 8 processors activated (36800.00 BogoMIPS)
Oct 19 06:25:21 ip-172-31-18-107 kernel: [    1.153559] devtmpfs: initialized
Oct 19 06:25:21 ip-172-31-18-107 kernel: [    1.156108] x86/mm: Memory block size: 128MB
Oct 19 06:25:21 ip-172-31-18-107 kernel: [    1.164395] clocksource: jiffies: mask: 0xffffffff max_cycles: 0xffffffff, max_idle_ns: 7645041785100000 ns
Oct 19 06:25:21 ip-172-31-18-107 kernel: [    1.172110] futex hash table entries: 4096 (order: 6, 262144 bytes, linear)
Oct 19 06:25:21 ip-172-31-18-107 kernel: [    1.176169] pinctrl core: initialized pinctrl subsystem
Oct 19 06:25:21 ip-172-31-18-107 kernel: [    1.184158] PM: RTC time: 06:25:07, date: 2021-10-19
Oct 19 06:25:21 ip-172-31-18-107 kernel: [    1.188350] NET: Registered protocol family 16
Oct 19 06:25:21 ip-172-31-18-107 kernel: [    1.192244] audit: initializing netlink subsys (disabled)
Oct 19 06:25:21 ip-172-31-18-107 kernel: [    1.196040] audit: type=2000 audit(1634624706.992:1): state=initialized audit_enabled=0 res=1
Oct 19 06:25:21 ip-172-31-18-107 kernel: [    1.196175] EISA bus registered
Oct 19 06:25:21 ip-172-31-18-107 kernel: [    1.208045] cpuidle: using governor ladder
Oct 19 06:25:21 ip-172-31-18-107 kernel: [    1.212051] cpuidle: using governor menu
Oct 19 06:25:21 ip-172-31-18-107 kernel: [    1.212080] ACPI: bus type PCI registered
Oct 19 06:25:21 ip-172-31-18-107 kernel: [    1.215768] acpiphp: ACPI Hot Plug PCI Controller Driver version: 0.5
Oct 19 06:25:21 ip-172-31-18-107 kernel: [    1.224524] PCI: Using configuration type 1 for base access
Oct 19 06:25:21 ip-172-31-18-107 kernel: [    1.232064] HugeTLB registered 1.00 GiB page size, pre-allocated 0 pages
Oct 19 06:25:21 ip-172-31-18-107 kernel: [    1.240027] HugeTLB registered 2.00 MiB page size, pre-allocated 0 pages
Oct 19 06:25:21 ip-172-31-18-107 kernel: [    1.248169] ACPI: Added _OSI(Module Device)
Oct 19 06:25:21 ip-172-31-18-107 kernel: [    1.252025] ACPI: Added _OSI(Processor Device)
Oct 19 06:25:21 ip-172-31-18-107 kernel: [    1.256024] ACPI: Added _OSI(3.0 _SCP Extensions)
Oct 19 06:25:21 ip-172-31-18-107 kernel: [    1.260023] ACPI: Added _OSI(Processor Aggregator Device)
Oct 19 06:25:21 ip-172-31-18-107 kernel: [    1.264023] ACPI: Added _OSI(Linux-Dell-Video)
Oct 19 06:25:21 ip-172-31-18-107 kernel: [    1.268023] ACPI: Added _OSI(Linux-Lenovo-NV-HDMI-Audio)
Oct 19 06:25:21 ip-172-31-18-107 kernel: [    1.276023] ACPI: Added _OSI(Linux-HPI-Hybrid-Graphics)
Oct 19 06:25:21 ip-172-31-18-107 kernel: [    1.283517] ACPI: 3 ACPI AML tables successfully acquired and loaded
Oct 19 06:25:21 ip-172-31-18-107 kernel: [    1.288733] xen: --> pirq=16 -> irq=9 (gsi=9)
Oct 19 06:25:21 ip-172-31-18-107 kernel: [    1.292681] ACPI: Interpreter enabled
Oct 19 06:25:21 ip-172-31-18-107 kernel: [    1.296042] ACPI: (supports S0 S4 S5)
Oct 19 06:25:21 ip-172-31-18-107 kernel: [    1.299631] ACPI: Using IOAPIC for interrupt routing
Oct 19 06:25:21 ip-172-31-18-107 kernel: [    1.304077] PCI: Using host bridge windows from ACPI; if necessary, use "pci=nocrs" and report a bug
Oct 19 06:25:21 ip-172-31-18-107 kernel: [    1.312410] ACPI: Enabled 2 GPEs in block 00 to 0F
Oct 19 06:25:21 ip-172-31-18-107 kernel: [    1.338707] ACPI: PCI Root Bridge [PCI0] (domain 0000 [bus 00-ff])
Oct 19 06:25:21 ip-172-31-18-107 kernel: [    1.344043] acpi PNP0A03:00: _OSC: OS supports [ASPM ClockPM Segments MSI HPX-Type3]
Oct 19 06:25:21 ip-172-31-18-107 kernel: [    1.352046] acpi PNP0A03:00: fail to add MMCONFIG information, can't access extended PCI configuration space under this bridge.
Oct 19 06:25:21 ip-172-31-18-107 kernel: [    1.361187] acpiphp: Slot [0] registered
Oct 19 06:25:21 ip-172-31-18-107 kernel: [    1.369504] acpiphp: Slot [3] registered
Oct 19 06:25:21 ip-172-31-18-107 kernel: [    1.372525] acpiphp: Slot [4] registered
Oct 19 06:25:21 ip-172-31-18-107 kernel: [    1.376542] acpiphp: Slot [5] registered
Oct 19 06:25:21 ip-172-31-18-107 kernel: [    1.380538] acpiphp: Slot [6] registered
Oct 19 06:25:21 ip-172-31-18-107 kernel: [    1.384510] acpiphp: Slot [7] registered
Oct 19 06:25:21 ip-172-31-18-107 kernel: [    1.388546] acpiphp: Slot [8] registered
Oct 19 06:25:21 ip-172-31-18-107 kernel: [    1.392507] acpiphp: Slot [9] registered
Oct 19 06:25:21 ip-172-31-18-107 kernel: [    1.396531] acpiphp: Slot [10] registered
Oct 19 06:25:21 ip-172-31-18-107 kernel: [    1.404529] acpiphp: Slot [11] registered
Oct 19 06:25:21 ip-172-31-18-107 kernel: [    1.408518] acpiphp: Slot [12] registered
Oct 19 06:25:21 ip-172-31-18-107 kernel: [    1.412533] acpiphp: Slot [13] registered
Oct 19 06:25:21 ip-172-31-18-107 kernel: [    1.416525] acpiphp: Slot [14] registered
Oct 19 06:25:21 ip-172-31-18-107 kernel: [    1.420546] acpiphp: Slot [15] registered
Oct 19 06:25:21 ip-172-31-18-107 kernel: [    1.424531] acpiphp: Slot [16] registered
Oct 19 06:25:21 ip-172-31-18-107 kernel: [    1.428544] acpiphp: Slot [17] registered
Oct 19 06:25:21 ip-172-31-18-107 kernel: [    1.432508] acpiphp: Slot [18] registered
Oct 19 06:25:21 ip-172-31-18-107 kernel: [    1.436558] acpiphp: Slot [19] registered
Oct 19 06:25:21 ip-172-31-18-107 kernel: [    1.440551] acpiphp: Slot [20] registered
Oct 19 06:25:21 ip-172-31-18-107 kernel: [    1.448562] acpiphp: Slot [21] registered
Oct 19 06:25:21 ip-172-31-18-107 kernel: [    1.452742] acpiphp: Slot [22] registered
Oct 19 06:25:21 ip-172-31-18-107 kernel: [    1.456572] acpiphp: Slot [23] registered
Oct 19 06:25:21 ip-172-31-18-107 kernel: [    1.460607] acpiphp: Slot [24] registered
Oct 19 06:25:21 ip-172-31-18-107 kernel: [    1.464497] acpiphp: Slot [25] registered
Oct 19 06:25:21 ip-172-31-18-107 kernel: [    1.468401] acpiphp: Slot [26] registered
Oct 19 06:25:21 ip-172-31-18-107 kernel: [    1.471974] acpiphp: Slot [27] registered
Oct 19 06:25:21 ip-172-31-18-107 kernel: [    1.476426] acpiphp: Slot [28] registered
Oct 19 06:25:21 ip-172-31-18-107 kernel: [    1.480037] acpiphp: Slot [29] registered
Oct 19 06:25:21 ip-172-31-18-107 kernel: [    1.483407] acpiphp: Slot [30] registered
Oct 19 06:25:21 ip-172-31-18-107 kernel: [    1.488395] acpiphp: Slot [31] registered
Oct 19 06:25:21 ip-172-31-18-107 kernel: [    1.491548] PCI host bridge to bus 0000:00
Oct 19 06:25:21 ip-172-31-18-107 kernel: [    1.492028] pci_bus 0000:00: root bus resource [io  0x0000-0x0cf7 window]
Oct 19 06:25:21 ip-172-31-18-107 kernel: [    1.496027] pci_bus 0000:00: root bus resource [io  0x0d00-0xffff window]
Oct 19 06:25:21 ip-172-31-18-107 kernel: [    1.500028] pci_bus 0000:00: root bus resource [mem 0x000a0000-0x000bffff window]
Oct 19 06:25:21 ip-172-31-18-107 kernel: [    1.508028] pci_bus 0000:00: root bus resource [mem 0xf0000000-0xfbffffff window]
Oct 19 06:25:21 ip-172-31-18-107 kernel: [    1.516028] pci_bus 0000:00: root bus resource [bus 00-ff]
Oct 19 06:25:21 ip-172-31-18-107 kernel: [    1.520256] pci 0000:00:00.0: [8086:1237] type 00 class 0x060000
Oct 19 06:25:21 ip-172-31-18-107 kernel: [    1.531292] pci 0000:00:01.0: [8086:7000] type 00 class 0x060100
Oct 19 06:25:21 ip-172-31-18-107 kernel: [    1.539657] pci 0000:00:01.1: [8086:7010] type 00 class 0x010180
Oct 19 06:25:21 ip-172-31-18-107 kernel: [    1.546504] pci 0000:00:01.1: reg 0x20: [io  0xc100-0xc10f]
Oct 19 06:25:21 ip-172-31-18-107 kernel: [    1.552769] pci 0000:00:01.1: legacy IDE quirk: reg 0x10: [io  0x01f0-0x01f7]
Oct 19 06:25:21 ip-172-31-18-107 kernel: [    1.556026] pci 0000:00:01.1: legacy IDE quirk: reg 0x14: [io  0x03f6]
Oct 19 06:25:21 ip-172-31-18-107 kernel: [    1.560027] pci 0000:00:01.1: legacy IDE quirk: reg 0x18: [io  0x0170-0x0177]
Oct 19 06:25:21 ip-172-31-18-107 kernel: [    1.564027] pci 0000:00:01.1: legacy IDE quirk: reg 0x1c: [io  0x0376]
Oct 19 06:25:21 ip-172-31-18-107 kernel: [    1.573141] pci 0000:00:01.3: [8086:7113] type 00 class 0x068000
Oct 19 06:25:21 ip-172-31-18-107 kernel: [    1.576076] * Found PM-Timer Bug on the chipset. Due to workarounds for a bug,
Oct 19 06:25:21 ip-172-31-18-107 kernel: [    1.576076] * this clock source is slow. Consider trying other clock sources
Oct 19 06:25:21 ip-172-31-18-107 kernel: [    1.586120] pci 0000:00:01.3: quirk: [io  0xb000-0xb03f] claimed by PIIX4 ACPI
Oct 19 06:25:21 ip-172-31-18-107 kernel: [    1.598233] pci 0000:00:02.0: [1013:00b8] type 00 class 0x030000
Oct 19 06:25:21 ip-172-31-18-107 kernel: [    1.605049] pci 0000:00:02.0: reg 0x10: [mem 0xf0000000-0xf1ffffff pref]
Oct 19 06:25:21 ip-172-31-18-107 kernel: [    1.612559] pci 0000:00:02.0: reg 0x14: [mem 0xf3000000-0xf3000fff]
Oct 19 06:25:21 ip-172-31-18-107 kernel: [    1.623406] pci 0000:00:03.0: [5853:0001] type 00 class 0xff8000
Oct 19 06:25:21 ip-172-31-18-107 kernel: [    1.628791] pci 0000:00:03.0: reg 0x10: [io  0xc000-0xc0ff]
Oct 19 06:25:21 ip-172-31-18-107 kernel: [    1.636442] pci 0000:00:03.0: reg 0x14: [mem 0xf2000000-0xf2ffffff pref]
Oct 19 06:25:21 ip-172-31-18-107 kernel: [    1.656935] ACPI: PCI Interrupt Link [LNKA] (IRQs *5 10 11)
Oct 19 06:25:21 ip-172-31-18-107 kernel: [    1.660371] ACPI: PCI Interrupt Link [LNKB] (IRQs 5 *10 11)
Oct 19 06:25:21 ip-172-31-18-107 kernel: [    1.668408] ACPI: PCI Interrupt Link [LNKC] (IRQs 5 10 *11)
Oct 19 06:25:21 ip-172-31-18-107 kernel: [    1.676375] ACPI: PCI Interrupt Link [LNKD] (IRQs *5 10 11)
Oct 19 06:25:21 ip-172-31-18-107 kernel: [    1.690432] xen:balloon: Initialising balloon driver
Oct 19 06:25:21 ip-172-31-18-107 kernel: [    1.696086] iommu: Default domain type: Translated 
Oct 19 06:25:21 ip-172-31-18-107 kernel: [    1.700239] SCSI subsystem initialized
Oct 19 06:25:21 ip-172-31-18-107 kernel: [    1.704043] libata version 3.00 loaded.
Oct 19 06:25:21 ip-172-31-18-107 kernel: [    1.704077] pci 0000:00:02.0: vgaarb: setting as boot VGA device
Oct 19 06:25:21 ip-172-31-18-107 kernel: [    1.708017] pci 0000:00:02.0: vgaarb: VGA device added: decodes=io+mem,owns=io+mem,locks=none
Oct 19 06:25:21 ip-172-31-18-107 kernel: [    1.712027] pci 0000:00:02.0: vgaarb: bridge control possible
Oct 19 06:25:21 ip-172-31-18-107 kernel: [    1.720027] vgaarb: loaded
Oct 19 06:25:21 ip-172-31-18-107 kernel: [    1.722861] ACPI: bus type USB registered
Oct 19 06:25:21 ip-172-31-18-107 kernel: [    1.724044] usbcore: registered new interface driver usbfs
Oct 19 06:25:21 ip-172-31-18-107 kernel: [    1.732042] usbcore: registered new interface driver hub
Oct 19 06:25:21 ip-172-31-18-107 kernel: [    1.736046] usbcore: registered new device driver usb
Oct 19 06:25:21 ip-172-31-18-107 kernel: [    1.740057] pps_core: LinuxPPS API ver. 1 registered
Oct 19 06:25:21 ip-172-31-18-107 kernel: [    1.744025] pps_core: Software ver. 5.3.6 - Copyright 2005-2007 Rodolfo Giometti <giometti@linux.it>
Oct 19 06:25:21 ip-172-31-18-107 kernel: [    1.752030] PTP clock support registered
Oct 19 06:25:21 ip-172-31-18-107 kernel: [    1.756063] EDAC MC: Ver: 3.0.0
Oct 19 06:25:21 ip-172-31-18-107 kernel: [    1.760728] PCI: Using ACPI for IRQ routing
Oct 19 06:25:21 ip-172-31-18-107 kernel: [    1.764026] PCI: pci_cache_line_size set to 64 bytes
Oct 19 06:25:21 ip-172-31-18-107 kernel: [    1.764682] e820: reserve RAM buffer [mem 0x0009e000-0x0009ffff]
Oct 19 06:25:21 ip-172-31-18-107 kernel: [    1.764822] NetLabel: Initializing
Oct 19 06:25:21 ip-172-31-18-107 kernel: [    1.768024] NetLabel:  domain hash size = 128
Oct 19 06:25:21 ip-172-31-18-107 kernel: [    1.772022] NetLabel:  protocols = UNLABELED CIPSOv4 CALIPSO
Oct 19 06:25:21 ip-172-31-18-107 kernel: [    1.780060] NetLabel:  unlabeled traffic allowed by default
Oct 19 06:25:21 ip-172-31-18-107 kernel: [    1.784085] hpet: 3 channels of 0 reserved for per-cpu timers
Oct 19 06:25:21 ip-172-31-18-107 kernel: [    1.788033] hpet0: at MMIO 0xfed00000, IRQs 2, 8, 0
Oct 19 06:25:21 ip-172-31-18-107 kernel: [    1.792026] hpet0: 3 comparators, 64-bit 62.500000 MHz counter
Oct 19 06:25:21 ip-172-31-18-107 kernel: [    1.804127] clocksource: Switched to clocksource xen
Oct 19 06:25:21 ip-172-31-18-107 kernel: [    1.824532] *** VALIDATE bpf ***
Oct 19 06:25:21 ip-172-31-18-107 kernel: [    1.827917] VFS: Disk quotas dquot_6.6.0
Oct 19 06:25:21 ip-172-31-18-107 kernel: [    1.831629] VFS: Dquot-cache hash table entries: 512 (order 0, 4096 bytes)
Oct 19 06:25:21 ip-172-31-18-107 kernel: [    1.838122] *** VALIDATE ramfs ***
Oct 19 06:25:21 ip-172-31-18-107 kernel: [    1.841839] *** VALIDATE hugetlbfs ***
Oct 19 06:25:21 ip-172-31-18-107 kernel: [    1.845777] AppArmor: AppArmor Filesystem Enabled
Oct 19 06:25:21 ip-172-31-18-107 kernel: [    1.850284] pnp: PnP ACPI init
Oct 19 06:25:21 ip-172-31-18-107 kernel: [    1.853594] system 00:00: [mem 0x00000000-0x0009ffff] could not be reserved
Oct 19 06:25:21 ip-172-31-18-107 kernel: [    1.860985] system 00:00: Plug and Play ACPI device, IDs PNP0c02 (active)
Oct 19 06:25:21 ip-172-31-18-107 kernel: [    1.861120] system 00:01: [io  0x08a0-0x08a3] has been reserved
Oct 19 06:25:21 ip-172-31-18-107 kernel: [    1.867617] system 00:01: [io  0x0cc0-0x0ccf] has been reserved
Oct 19 06:25:21 ip-172-31-18-107 kernel: [    1.873800] system 00:01: [io  0x04d0-0x04d1] has been reserved
Oct 19 06:25:21 ip-172-31-18-107 kernel: [    1.880011] system 00:01: Plug and Play ACPI device, IDs PNP0c02 (active)
Oct 19 06:25:21 ip-172-31-18-107 kernel: [    1.880052] xen: --> pirq=17 -> irq=8 (gsi=8)
Oct 19 06:25:21 ip-172-31-18-107 kernel: [    1.880071] pnp 00:02: Plug and Play ACPI device, IDs PNP0b00 (active)
Oct 19 06:25:21 ip-172-31-18-107 kernel: [    1.880115] xen: --> pirq=18 -> irq=12 (gsi=12)
Oct 19 06:25:21 ip-172-31-18-107 kernel: [    1.880127] pnp 00:03: Plug and Play ACPI device, IDs PNP0f13 (active)
Oct 19 06:25:21 ip-172-31-18-107 kernel: [    1.880150] xen: --> pirq=19 -> irq=1 (gsi=1)
Oct 19 06:25:21 ip-172-31-18-107 kernel: [    1.880164] pnp 00:04: Plug and Play ACPI device, IDs PNP0303 PNP030b (active)
Oct 19 06:25:21 ip-172-31-18-107 kernel: [    1.880185] xen: --> pirq=20 -> irq=6 (gsi=6)
Oct 19 06:25:21 ip-172-31-18-107 kernel: [    1.880187] pnp 00:05: [dma 2]
Oct 19 06:25:21 ip-172-31-18-107 kernel: [    1.880200] pnp 00:05: Plug and Play ACPI device, IDs PNP0700 (active)
Oct 19 06:25:21 ip-172-31-18-107 kernel: [    1.880227] xen: --> pirq=21 -> irq=4 (gsi=4)
Oct 19 06:25:21 ip-172-31-18-107 kernel: [    1.880239] pnp 00:06: Plug and Play ACPI device, IDs PNP0501 (active)
Oct 19 06:25:21 ip-172-31-18-107 kernel: [    1.880299] system 00:07: [io  0x10c0-0x1141] has been reserved
Oct 19 06:25:21 ip-172-31-18-107 kernel: [    1.886379] system 00:07: [io  0xb044-0xb047] has been reserved
Oct 19 06:25:21 ip-172-31-18-107 kernel: [    1.892759] system 00:07: Plug and Play ACPI device, IDs PNP0c02 (active)
Oct 19 06:25:21 ip-172-31-18-107 kernel: [    1.903321] pnp: PnP ACPI: found 8 devices
Oct 19 06:25:21 ip-172-31-18-107 kernel: [    1.911562] thermal_sys: Registered thermal governor 'fair_share'
Oct 19 06:25:21 ip-172-31-18-107 kernel: [    1.911563] thermal_sys: Registered thermal governor 'bang_bang'
Oct 19 06:25:21 ip-172-31-18-107 kernel: [    1.918967] thermal_sys: Registered thermal governor 'step_wise'
Oct 19 06:25:21 ip-172-31-18-107 kernel: [    1.927149] thermal_sys: Registered thermal governor 'user_space'
Oct 19 06:25:21 ip-172-31-18-107 kernel: [    1.931807] thermal_sys: Registered thermal governor 'power_allocator'
Oct 19 06:25:21 ip-172-31-18-107 kernel: [    1.941764] clocksource: acpi_pm: mask: 0xffffff max_cycles: 0xffffff, max_idle_ns: 2085701024 ns
Oct 19 06:25:21 ip-172-31-18-107 kernel: [    1.954467] pci_bus 0000:00: resource 4 [io  0x0000-0x0cf7 window]
Oct 19 06:25:21 ip-172-31-18-107 kernel: [    1.959670] pci_bus 0000:00: resource 5 [io  0x0d00-0xffff window]
Oct 19 06:25:21 ip-172-31-18-107 kernel: [    1.964851] pci_bus 0000:00: resource 6 [mem 0x000a0000-0x000bffff window]
Oct 19 06:25:21 ip-172-31-18-107 kernel: [    1.970725] pci_bus 0000:00: resource 7 [mem 0xf0000000-0xfbffffff window]
Oct 19 06:25:21 ip-172-31-18-107 kernel: [    1.976872] NET: Registered protocol family 2
Oct 19 06:25:21 ip-172-31-18-107 kernel: [    1.981375] tcp_listen_portaddr_hash hash table entries: 16384 (order: 6, 262144 bytes, linear)
Oct 19 06:25:21 ip-172-31-18-107 kernel: [    1.988721] TCP established hash table entries: 262144 (order: 9, 2097152 bytes, linear)
Oct 19 06:25:21 ip-172-31-18-107 kernel: [    1.996326] TCP bind hash table entries: 65536 (order: 8, 1048576 bytes, linear)
Oct 19 06:25:21 ip-172-31-18-107 kernel: [    2.178153] TCP: Hash tables configured (established 262144 bind 65536)
Oct 19 06:25:21 ip-172-31-18-107 kernel: [    2.185753] UDP hash table entries: 16384 (order: 7, 524288 bytes, linear)
Oct 19 06:25:21 ip-172-31-18-107 kernel: [    2.193870] UDP-Lite hash table entries: 16384 (order: 7, 524288 bytes, linear)
Oct 19 06:25:21 ip-172-31-18-107 kernel: [    2.202475] NET: Registered protocol family 1
Oct 19 06:25:21 ip-172-31-18-107 kernel: [    2.207911] NET: Registered protocol family 44
Oct 19 06:25:21 ip-172-31-18-107 kernel: [    2.213190] pci 0000:00:01.0: PIIX3: Enabling Passive Release
Oct 19 06:25:21 ip-172-31-18-107 kernel: [    2.219771] pci 0000:00:00.0: Limiting direct PCI/PCI transfers
Oct 19 06:25:21 ip-172-31-18-107 kernel: [    2.226710] pci 0000:00:01.0: Activating ISA DMA hang workarounds
Oct 19 06:25:21 ip-172-31-18-107 kernel: [    2.234103] pci 0000:00:02.0: Video device with shadowed ROM at [mem 0x000c0000-0x000dffff]
Oct 19 06:25:21 ip-172-31-18-107 kernel: [    2.243226] PCI: CLS 0 bytes, default 64
Oct 19 06:25:21 ip-172-31-18-107 kernel: [    2.247971] Trying to unpack rootfs image as initramfs...
Oct 19 06:25:21 ip-172-31-18-107 kernel: [    2.558057] Freeing initrd memory: 21068K
Oct 19 06:25:21 ip-172-31-18-107 kernel: [    2.561203] PCI-DMA: Using software bounce buffering for IO (SWIOTLB)
Oct 19 06:25:21 ip-172-31-18-107 kernel: [    2.566624] software IO TLB: mapped [mem 0xec000000-0xf0000000] (64MB)
Oct 19 06:25:21 ip-172-31-18-107 kernel: [    2.572988] check: Scanning for low memory corruption every 60 seconds
Oct 19 06:25:21 ip-172-31-18-107 kernel: [    2.579532] Initialise system trusted keyrings
Oct 19 06:25:21 ip-172-31-18-107 kernel: [    2.583583] Key type blacklist registered
Oct 19 06:25:21 ip-172-31-18-107 kernel: [    2.587600] workingset: timestamp_bits=36 max_order=23 bucket_order=0
Oct 19 06:25:21 ip-172-31-18-107 kernel: [    2.594747] zbud: loaded
Oct 19 06:25:21 ip-172-31-18-107 kernel: [    2.597897] squashfs: version 4.0 (2009/01/31) Phillip Lougher
Oct 19 06:25:21 ip-172-31-18-107 kernel: [    2.603374] fuse: init (API version 7.31)
Oct 19 06:25:21 ip-172-31-18-107 kernel: [    2.607181] *** VALIDATE fuse ***
Oct 19 06:25:21 ip-172-31-18-107 kernel: [    2.610409] *** VALIDATE fuse ***
Oct 19 06:25:21 ip-172-31-18-107 kernel: [    2.613877] Platform Keyring initialized
Oct 19 06:25:21 ip-172-31-18-107 kernel: [    2.621482] Key type asymmetric registered
Oct 19 06:25:21 ip-172-31-18-107 kernel: [    2.625910] Asymmetric key parser 'x509' registered
Oct 19 06:25:21 ip-172-31-18-107 kernel: [    2.630419] Block layer SCSI generic (bsg) driver version 0.4 loaded (major 244)
Oct 19 06:25:21 ip-172-31-18-107 kernel: [    2.636738] io scheduler mq-deadline registered
Oct 19 06:25:21 ip-172-31-18-107 kernel: [    2.641544] shpchp: Standard Hot Plug PCI Controller Driver version: 0.4
Oct 19 06:25:21 ip-172-31-18-107 kernel: [    2.647001] intel_idle: Please enable MWAIT in BIOS SETUP
Oct 19 06:25:21 ip-172-31-18-107 kernel: [    2.647139] input: Power Button as /devices/LNXSYSTM:00/LNXPWRBN:00/input/input0
Oct 19 06:25:21 ip-172-31-18-107 kernel: [    2.653710] ACPI: Power Button [PWRF]
Oct 19 06:25:21 ip-172-31-18-107 kernel: [    2.657028] input: Sleep Button as /devices/LNXSYSTM:00/LNXSLPBN:00/input/input1
Oct 19 06:25:21 ip-172-31-18-107 kernel: [    2.663532] ACPI: Sleep Button [SLPF]
Oct 19 06:25:21 ip-172-31-18-107 kernel: [    2.670349] xen: --> pirq=22 -> irq=28 (gsi=28)
Oct 19 06:25:21 ip-172-31-18-107 kernel: [    2.670504] xen:grant_table: Grant tables using version 1 layout
Oct 19 06:25:21 ip-172-31-18-107 kernel: [    2.675737] Grant table initialized
Oct 19 06:25:21 ip-172-31-18-107 kernel: [    2.679295] Cannot get hvm parameter CONSOLE_EVTCHN (18): -22!
Oct 19 06:25:21 ip-172-31-18-107 kernel: [    2.684468] Serial: 8250/16550 driver, 4 ports, IRQ sharing enabled
Oct 19 06:25:21 ip-172-31-18-107 kernel: [    2.723315] 00:06: ttyS0 at I/O 0x3f8 (irq = 4, base_baud = 115200) is a 16550A
Oct 19 06:25:21 ip-172-31-18-107 kernel: [    2.730726] Linux agpgart interface v0.103
Oct 19 06:25:21 ip-172-31-18-107 kernel: [    2.738895] loop: module loaded
Oct 19 06:25:21 ip-172-31-18-107 kernel: [    2.743040] ata_piix 0000:00:01.1: version 2.13
Oct 19 06:25:21 ip-172-31-18-107 kernel: [    2.744268] scsi host0: ata_piix
Oct 19 06:25:21 ip-172-31-18-107 kernel: [    2.748272] scsi host1: ata_piix
Oct 19 06:25:21 ip-172-31-18-107 kernel: [    2.749006] blkfront: xvda: barrier or flush: disabled; persistent grants: disabled; indirect descriptors: enabled;
Oct 19 06:25:21 ip-172-31-18-107 kernel: [    2.754521] ata1: PATA max MWDMA2 cmd 0x1f0 ctl 0x3f6 bmdma 0xc100 irq 14
Oct 19 06:25:21 ip-172-31-18-107 kernel: [    2.769663] ata2: PATA max MWDMA2 cmd 0x170 ctl 0x376 bmdma 0xc108 irq 15
Oct 19 06:25:21 ip-172-31-18-107 kernel: [    2.776199] libphy: Fixed MDIO Bus: probed
Oct 19 06:25:21 ip-172-31-18-107 kernel: [    2.776801]  xvda: xvda1
Oct 19 06:25:21 ip-172-31-18-107 kernel: [    2.780212] tun: Universal TUN/TAP device driver, 1.6
Oct 19 06:25:21 ip-172-31-18-107 kernel: [    2.780309] PPP generic driver version 2.4.2
Oct 19 06:25:21 ip-172-31-18-107 kernel: [    2.792403] ehci_hcd: USB 2.0 'Enhanced' Host Controller (EHCI) Driver
Oct 19 06:25:21 ip-172-31-18-107 kernel: [    2.799045] ehci-pci: EHCI PCI platform driver
Oct 19 06:25:21 ip-172-31-18-107 kernel: [    2.803392] ehci-platform: EHCI generic platform driver
Oct 19 06:25:21 ip-172-31-18-107 kernel: [    2.808323] ohci_hcd: USB 1.1 'Open' Host Controller (OHCI) Driver
Oct 19 06:25:21 ip-172-31-18-107 kernel: [    2.822467] ohci-pci: OHCI PCI platform driver
Oct 19 06:25:21 ip-172-31-18-107 kernel: [    2.833102] ohci-platform: OHCI generic platform driver
Oct 19 06:25:21 ip-172-31-18-107 kernel: [    2.837514] uhci_hcd: USB Universal Host Controller Interface driver
Oct 19 06:25:21 ip-172-31-18-107 kernel: [    2.843649] i8042: PNP: PS/2 Controller [PNP0303:PS2K,PNP0f13:PS2M] at 0x60,0x64 irq 1,12
Oct 19 06:25:21 ip-172-31-18-107 kernel: [    2.853892] serio: i8042 KBD port at 0x60,0x64 irq 1
Oct 19 06:25:21 ip-172-31-18-107 kernel: [    2.858516] serio: i8042 AUX port at 0x60,0x64 irq 12
Oct 19 06:25:21 ip-172-31-18-107 kernel: [    2.863712] mousedev: PS/2 mouse device common for all mice
Oct 19 06:25:21 ip-172-31-18-107 kernel: [    2.870006] rtc_cmos 00:02: registered as rtc0
Oct 19 06:25:21 ip-172-31-18-107 kernel: [    2.874614] rtc_cmos 00:02: alarms up to one day, 114 bytes nvram, hpet irqs
Oct 19 06:25:21 ip-172-31-18-107 kernel: [    2.881413] device-mapper: uevent: version 1.0.3
Oct 19 06:25:21 ip-172-31-18-107 kernel: [    2.886274] device-mapper: ioctl: 4.41.0-ioctl (2019-09-16) initialised: dm-devel@redhat.com
Oct 19 06:25:21 ip-172-31-18-107 kernel: [    2.886321] input: AT Translated Set 2 keyboard as /devices/platform/i8042/serio0/input/input2
Oct 19 06:25:21 ip-172-31-18-107 kernel: [    2.894191] platform eisa.0: Probing EISA bus 0
Oct 19 06:25:21 ip-172-31-18-107 kernel: [    2.914766] platform eisa.0: EISA: Cannot allocate resource for mainboard
Oct 19 06:25:21 ip-172-31-18-107 kernel: [    2.933744] platform eisa.0: Cannot allocate resource for EISA slot 1
Oct 19 06:25:21 ip-172-31-18-107 kernel: [    2.948599] platform eisa.0: Cannot allocate resource for EISA slot 2
Oct 19 06:25:21 ip-172-31-18-107 kernel: [    2.961648] platform eisa.0: Cannot allocate resource for EISA slot 3
Oct 19 06:25:21 ip-172-31-18-107 kernel: [    2.978420] platform eisa.0: Cannot allocate resource for EISA slot 4
Oct 19 06:25:21 ip-172-31-18-107 kernel: [    2.995403] platform eisa.0: Cannot allocate resource for EISA slot 5
Oct 19 06:25:21 ip-172-31-18-107 kernel: [    3.013541] platform eisa.0: Cannot allocate resource for EISA slot 6
Oct 19 06:25:21 ip-172-31-18-107 kernel: [    3.032798] platform eisa.0: Cannot allocate resource for EISA slot 7
Oct 19 06:25:21 ip-172-31-18-107 kernel: [    3.050272] platform eisa.0: Cannot allocate resource for EISA slot 8
Oct 19 06:25:21 ip-172-31-18-107 kernel: [    3.058084] platform eisa.0: EISA: Detected 0 cards
Oct 19 06:25:21 ip-172-31-18-107 kernel: [    3.062533] intel_pstate: CPU model not supported
Oct 19 06:25:21 ip-172-31-18-107 kernel: [    3.066980] drop_monitor: Initializing network drop monitor service
Oct 19 06:25:21 ip-172-31-18-107 kernel: [    3.072630] NET: Registered protocol family 10
Oct 19 06:25:21 ip-172-31-18-107 kernel: [    3.081069] Segment Routing with IPv6
Oct 19 06:25:21 ip-172-31-18-107 kernel: [    3.084748] NET: Registered protocol family 17
Oct 19 06:25:21 ip-172-31-18-107 kernel: [    3.089205] Key type dns_resolver registered
Oct 19 06:25:21 ip-172-31-18-107 kernel: [    3.094142] RAS: Correctable Errors collector initialized.
Oct 19 06:25:21 ip-172-31-18-107 kernel: [    3.099370] IPI shorthand broadcast: enabled
Oct 19 06:25:21 ip-172-31-18-107 kernel: [    3.103490] sched_clock: Marking stable (2627536813, 475934306)->(3146891497, -43420378)
Oct 19 06:25:21 ip-172-31-18-107 kernel: [    3.110868] registered taskstats version 1
Oct 19 06:25:21 ip-172-31-18-107 kernel: [    3.114885] Loading compiled-in X.509 certificates
Oct 19 06:25:21 ip-172-31-18-107 kernel: [    3.120424] Loaded X.509 cert 'Build time autogenerated kernel key: 8286cd69e9f8b235cc87c05595d9618d16929256'
Oct 19 06:25:21 ip-172-31-18-107 kernel: [    3.129959] Loaded X.509 cert 'Canonical Ltd. Live Patch Signing: 14df34d1a87cf37625abec039ef2bf521249b969'
Oct 19 06:25:21 ip-172-31-18-107 kernel: [    3.139502] Loaded X.509 cert 'Canonical Ltd. Kernel Module Signing: 88f752e560a1e0737e31163a466ad7b70a850c19'
Oct 19 06:25:21 ip-172-31-18-107 kernel: [    3.149332] zswap: loaded using pool lzo/zbud
Oct 19 06:25:21 ip-172-31-18-107 kernel: [    3.154010] Key type ._fscrypt registered
Oct 19 06:25:21 ip-172-31-18-107 kernel: [    3.158218] Key type .fscrypt registered
Oct 19 06:25:21 ip-172-31-18-107 kernel: [    3.166689] Key type big_key registered
Oct 19 06:25:21 ip-172-31-18-107 kernel: [    3.172650] Key type encrypted registered
Oct 19 06:25:21 ip-172-31-18-107 kernel: [    3.177022] AppArmor: AppArmor sha1 policy hashing enabled
Oct 19 06:25:21 ip-172-31-18-107 kernel: [    3.182431] ima: No TPM chip found, activating TPM-bypass!
Oct 19 06:25:21 ip-172-31-18-107 kernel: [    3.187870] ima: Allocated hash algorithm: sha1
Oct 19 06:25:21 ip-172-31-18-107 kernel: [    3.192550] ima: No architecture policies found
Oct 19 06:25:21 ip-172-31-18-107 kernel: [    3.197586] evm: Initialising EVM extended attributes:
Oct 19 06:25:21 ip-172-31-18-107 kernel: [    3.203336] evm: security.selinux
Oct 19 06:25:21 ip-172-31-18-107 kernel: [    3.207196] evm: security.SMACK64
Oct 19 06:25:21 ip-172-31-18-107 kernel: [    3.211325] evm: security.SMACK64EXEC
Oct 19 06:25:21 ip-172-31-18-107 kernel: [    3.216105] evm: security.SMACK64TRANSMUTE
Oct 19 06:25:21 ip-172-31-18-107 kernel: [    3.221156] evm: security.SMACK64MMAP
Oct 19 06:25:21 ip-172-31-18-107 kernel: [    3.225611] evm: security.apparmor
Oct 19 06:25:21 ip-172-31-18-107 kernel: [    3.229621] evm: security.ima
Oct 19 06:25:21 ip-172-31-18-107 kernel: [    3.232990] evm: security.capability
Oct 19 06:25:21 ip-172-31-18-107 kernel: [    3.236748] evm: HMAC attrs: 0x1
Oct 19 06:25:21 ip-172-31-18-107 kernel: [    3.240584] xenbus_probe_frontend: Device with no driver: device/vif/0
Oct 19 06:25:21 ip-172-31-18-107 kernel: [    3.246710] PM:   Magic number: 9:461:418
Oct 19 06:25:21 ip-172-31-18-107 kernel: [    3.251115] rtc_cmos 00:02: setting system clock to 2021-10-19T06:25:09 UTC (1634624709)
Oct 19 06:25:21 ip-172-31-18-107 kernel: [    3.261856] Freeing unused decrypted memory: 2036K
Oct 19 06:25:21 ip-172-31-18-107 kernel: [    3.269662] Freeing unused kernel image memory: 2656K
Oct 19 06:25:21 ip-172-31-18-107 kernel: [    3.292118] Write protecting the kernel read-only data: 22528k
Oct 19 06:25:21 ip-172-31-18-107 kernel: [    3.302257] Freeing unused kernel image memory: 2008K
Oct 19 06:25:21 ip-172-31-18-107 kernel: [    3.311102] Freeing unused kernel image memory: 1488K
Oct 19 06:25:21 ip-172-31-18-107 kernel: [    3.327990] x86/mm: Checked W+X mappings: passed, no W+X pages found.
Oct 19 06:25:21 ip-172-31-18-107 kernel: [    3.334032] x86/mm: Checking user space page tables
Oct 19 06:25:21 ip-172-31-18-107 kernel: [    3.347788] x86/mm: Checked W+X mappings: passed, no W+X pages found.
Oct 19 06:25:21 ip-172-31-18-107 kernel: [    3.353966] Run /init as init process
Oct 19 06:25:21 ip-172-31-18-107 kernel: [    3.463240] cryptd: max_cpu_qlen set to 1000
Oct 19 06:25:21 ip-172-31-18-107 kernel: [    3.474514] AVX2 version of gcm_enc/dec engaged.
Oct 19 06:25:21 ip-172-31-18-107 kernel: [    3.481492] AES CTR mode by8 optimization enabled
Oct 19 06:25:21 ip-172-31-18-107 kernel: [    3.489025] xen_netfront: Initialising Xen virtual ethernet driver
Oct 19 06:25:21 ip-172-31-18-107 kernel: [    3.592127] tsc: Refined TSC clocksource calibration: 2300.001 MHz
Oct 19 06:25:21 ip-172-31-18-107 kernel: [    3.597321] clocksource: tsc: mask: 0xffffffffffffffff max_cycles: 0x212735f0517, max_idle_ns: 440795237604 ns
Oct 19 06:25:21 ip-172-31-18-107 kernel: [    5.308079] raid6: avx2x4   gen() 23718 MB/s
Oct 19 06:25:21 ip-172-31-18-107 kernel: [    5.360071] raid6: avx2x4   xor() 14002 MB/s
Oct 19 06:25:21 ip-172-31-18-107 kernel: [    5.412067] raid6: avx2x2   gen() 20998 MB/s
Oct 19 06:25:21 ip-172-31-18-107 kernel: [    5.464072] raid6: avx2x2   xor() 12275 MB/s
Oct 19 06:25:21 ip-172-31-18-107 kernel: [    5.516076] raid6: avx2x1   gen() 17432 MB/s
Oct 19 06:25:21 ip-172-31-18-107 kernel: [    5.564067] raid6: avx2x1   xor() 11656 MB/s
Oct 19 06:25:21 ip-172-31-18-107 kernel: [    5.612074] raid6: sse2x4   gen() 12831 MB/s
Oct 19 06:25:21 ip-172-31-18-107 kernel: [    5.660064] raid6: sse2x4   xor()  8089 MB/s
Oct 19 06:25:21 ip-172-31-18-107 kernel: [    5.712071] raid6: sse2x2   gen() 11042 MB/s
Oct 19 06:25:21 ip-172-31-18-107 kernel: [    5.764070] raid6: sse2x2   xor()  6965 MB/s
Oct 19 06:25:21 ip-172-31-18-107 kernel: [    5.816081] raid6: sse2x1   gen()  9212 MB/s
Oct 19 06:25:21 ip-172-31-18-107 kernel: [    5.868080] raid6: sse2x1   xor()  6397 MB/s
Oct 19 06:25:21 ip-172-31-18-107 kernel: [    5.873194] raid6: using algorithm avx2x4 gen() 23718 MB/s
Oct 19 06:25:21 ip-172-31-18-107 kernel: [    5.878678] raid6: .... xor() 14002 MB/s, rmw enabled
Oct 19 06:25:21 ip-172-31-18-107 kernel: [    5.883729] raid6: using avx2x2 recovery algorithm
Oct 19 06:25:21 ip-172-31-18-107 kernel: [    5.889671] xor: automatically using best checksumming function   avx       
Oct 19 06:25:21 ip-172-31-18-107 kernel: [    5.897994] async_tx: api initialized (async)
Oct 19 06:25:21 ip-172-31-18-107 kernel: [    5.964667] Btrfs loaded, crc32c=crc32c-intel
Oct 19 06:25:21 ip-172-31-18-107 kernel: [    6.039067] EXT4-fs (xvda1): mounted filesystem with ordered data mode. Opts: (null)
Oct 19 06:25:21 ip-172-31-18-107 kernel: [    6.733646] systemd[1]: systemd 237 running in system mode. (+PAM +AUDIT +SELINUX +IMA +APPARMOR +SMACK +SYSVINIT +UTMP +LIBCRYPTSETUP +GCRYPT +GNUTLS +ACL +XZ +LZ4 +SECCOMP +BLKID +ELFUTILS +KMOD -IDN2 +IDN -PCRE2 default-hierarchy=hybrid)
Oct 19 06:25:21 ip-172-31-18-107 kernel: [    6.747817] systemd[1]: Detected virtualization xen.
Oct 19 06:25:21 ip-172-31-18-107 kernel: [    6.751527] systemd[1]: Detected architecture x86-64.
Oct 19 06:25:21 ip-172-31-18-107 kernel: [    6.783980] systemd[1]: Set hostname to <ubuntu>.
Oct 19 06:25:21 ip-172-31-18-107 kernel: [    6.817706] systemd[1]: Initializing machine ID from random generator.
Oct 19 06:25:21 ip-172-31-18-107 kernel: [    6.822759] systemd[1]: Installed transient /etc/machine-id file.
Oct 19 06:25:21 ip-172-31-18-107 kernel: [    7.190361] systemd[1]: Reached target User and Group Name Lookups.
Oct 19 06:25:21 ip-172-31-18-107 kernel: [    7.200323] systemd[1]: Started Forward Password Requests to Wall Directory Watch.
Oct 19 06:25:21 ip-172-31-18-107 kernel: [    7.212264] systemd[1]: Created slice System Slice.
Oct 19 06:25:21 ip-172-31-18-107 kernel: [    7.219880] systemd[1]: Listening on Syslog Socket.
Oct 19 06:25:21 ip-172-31-18-107 kernel: [    7.347516] EXT4-fs (xvda1): re-mounted. Opts: discard
Oct 19 06:25:21 ip-172-31-18-107 kernel: [    7.372386] Loading iSCSI transport class v2.0-870.
Oct 19 06:25:21 ip-172-31-18-107 kernel: [    7.400205] systemd-journald[457]: Received request to flush runtime journal from PID 1
Oct 19 06:25:21 ip-172-31-18-107 kernel: [    7.598791] iscsi: registered transport (tcp)
Oct 19 06:25:21 ip-172-31-18-107 kernel: [    7.664279] iscsi: registered transport (iser)
Oct 19 06:25:21 ip-172-31-18-107 kernel: [    8.523677] audit: type=1400 audit(1634624714.768:2): apparmor="STATUS" operation="profile_load" profile="unconfined" name="/usr/bin/lxc-start" pid=732 comm="apparmor_parser"
Oct 19 06:25:21 ip-172-31-18-107 kernel: [    8.580159] audit: type=1400 audit(1634624714.828:3): apparmor="STATUS" operation="profile_load" profile="unconfined" name="/usr/bin/man" pid=736 comm="apparmor_parser"
Oct 19 06:25:21 ip-172-31-18-107 kernel: [    8.580528] audit: type=1400 audit(1634624714.828:4): apparmor="STATUS" operation="profile_load" profile="unconfined" name="man_filter" pid=736 comm="apparmor_parser"
Oct 19 06:25:21 ip-172-31-18-107 kernel: [    8.580893] audit: type=1400 audit(1634624714.828:5): apparmor="STATUS" operation="profile_load" profile="unconfined" name="man_groff" pid=736 comm="apparmor_parser"
Oct 19 06:25:21 ip-172-31-18-107 kernel: [    8.604610] audit: type=1400 audit(1634624714.852:6): apparmor="STATUS" operation="profile_load" profile="unconfined" name="/usr/sbin/tcpdump" pid=734 comm="apparmor_parser"
Oct 19 06:25:21 ip-172-31-18-107 kernel: [    8.670383] audit: type=1400 audit(1634624714.916:7): apparmor="STATUS" operation="profile_load" profile="unconfined" name="/sbin/dhclient" pid=735 comm="apparmor_parser"
Oct 19 06:25:21 ip-172-31-18-107 kernel: [    8.670838] audit: type=1400 audit(1634624714.916:8): apparmor="STATUS" operation="profile_load" profile="unconfined" name="/usr/lib/NetworkManager/nm-dhcp-client.action" pid=735 comm="apparmor_parser"
Oct 19 06:25:21 ip-172-31-18-107 kernel: [    8.671245] audit: type=1400 audit(1634624714.916:9): apparmor="STATUS" operation="profile_load" profile="unconfined" name="/usr/lib/NetworkManager/nm-dhcp-helper" pid=735 comm="apparmor_parser"
Oct 19 06:25:21 ip-172-31-18-107 kernel: [    8.671642] audit: type=1400 audit(1634624714.916:10): apparmor="STATUS" operation="profile_load" profile="unconfined" name="/usr/lib/connman/scripts/dhclient-script" pid=735 comm="apparmor_parser"
Oct 19 06:25:21 ip-172-31-18-107 kernel: [    8.742482] audit: type=1400 audit(1634624714.988:11): apparmor="STATUS" operation="profile_load" profile="unconfined" name="/usr/lib/snapd/snap-confine" pid=731 comm="apparmor_parser"
Oct 19 06:25:21 ip-172-31-18-107 kernel: [   13.495603] EXT4-fs (xvda1): resizing filesystem from 2096891 to 33554171 blocks
Oct 19 06:25:21 ip-172-31-18-107 kernel: [   14.110774] EXT4-fs (xvda1): resized filesystem to 33554171
Oct 19 06:25:21 ip-172-31-18-107 cloud-init[894]: The key's randomart image is:
Oct 19 06:25:21 ip-172-31-18-107 cloud-init[894]: +---[DSA 1024]----+
Oct 19 06:25:21 ip-172-31-18-107 cloud-init[894]: |      .oo .      |
Oct 19 06:25:21 ip-172-31-18-107 cloud-init[894]: | . . +.* + o     |
Oct 19 06:25:21 ip-172-31-18-107 cloud-init[894]: |. o o.& = +      |
Oct 19 06:25:21 ip-172-31-18-107 cloud-init[894]: |.+ + *.X o .     |
Oct 19 06:25:21 ip-172-31-18-107 cloud-init[894]: |o + =.% S E      |
Oct 19 06:25:21 ip-172-31-18-107 cloud-init[894]: | . +.= B         |
Oct 19 06:25:21 ip-172-31-18-107 cloud-init[894]: |   .o o          |
Oct 19 06:25:21 ip-172-31-18-107 cloud-init[894]: |   o. ..         |
Oct 19 06:25:21 ip-172-31-18-107 cloud-init[894]: |  . o=.          |
Oct 19 06:25:21 ip-172-31-18-107 cloud-init[894]: +----[SHA256]-----+
Oct 19 06:25:21 ip-172-31-18-107 cloud-init[894]: Generating public/private ecdsa key pair.
Oct 19 06:25:21 ip-172-31-18-107 cloud-init[894]: Your identification has been saved in /etc/ssh/ssh_host_ecdsa_key.
Oct 19 06:25:21 ip-172-31-18-107 cloud-init[894]: Your public key has been saved in /etc/ssh/ssh_host_ecdsa_key.pub.
Oct 19 06:25:21 ip-172-31-18-107 cloud-init[894]: The key fingerprint is:
Oct 19 06:25:21 ip-172-31-18-107 cloud-init[894]: SHA256:ALgW+830yusrtWhwu+jsH+Le6zJOfabcGu3t8WZwWOA root@ip-172-31-18-107
Oct 19 06:25:21 ip-172-31-18-107 kernel: [   15.155707] new mount options do not match the existing superblock, will be ignored
Oct 19 06:25:21 ip-172-31-18-107 cloud-init[894]: The key's randomart image is:
Oct 19 06:25:21 ip-172-31-18-107 cloud-init[894]: +---[ECDSA 256]---+
Oct 19 06:25:21 ip-172-31-18-107 cloud-init[894]: |   ..            |
Oct 19 06:25:21 ip-172-31-18-107 cloud-init[894]: |  o  .  .        |
Oct 19 06:25:21 ip-172-31-18-107 cloud-init[894]: |   +  .. .       |
Oct 19 06:25:21 ip-172-31-18-107 cloud-init[894]: |  +   ..E .      |
Oct 19 06:25:21 ip-172-31-18-107 cloud-init[894]: | . . + .So       |
Oct 19 06:25:21 ip-172-31-18-107 cloud-init[894]: |  ..o.+ + .      |
Oct 19 06:25:21 ip-172-31-18-107 cloud-init[894]: |  oo+=+o.o       |
Oct 19 06:25:21 ip-172-31-18-107 cloud-init[894]: | +o==O+. oo      |
Oct 19 06:25:21 ip-172-31-18-107 cloud-init[894]: | =O*X**+oo.      |
Oct 19 06:25:21 ip-172-31-18-107 cloud-init[894]: +----[SHA256]-----+
Oct 19 06:25:21 ip-172-31-18-107 cloud-init[894]: Generating public/private ed25519 key pair.
Oct 19 06:25:21 ip-172-31-18-107 cloud-init[894]: Your identification has been saved in /etc/ssh/ssh_host_ed25519_key.
Oct 19 06:25:21 ip-172-31-18-107 cloud-init[894]: Your public key has been saved in /etc/ssh/ssh_host_ed25519_key.pub.
Oct 19 06:25:21 ip-172-31-18-107 cloud-init[894]: The key fingerprint is:
Oct 19 06:25:21 ip-172-31-18-107 cloud-init[894]: SHA256:b75i6s4OB1NATxw/93A34KtOgvCe9xkxuLaMQb5o2l4 root@ip-172-31-18-107
Oct 19 06:25:21 ip-172-31-18-107 cloud-init[894]: The key's randomart image is:
Oct 19 06:25:21 ip-172-31-18-107 cloud-init[894]: +--[ED25519 256]--+
Oct 19 06:25:21 ip-172-31-18-107 cloud-init[894]: |   .o.o.    .    |
Oct 19 06:25:21 ip-172-31-18-107 cloud-init[894]: |     +..   . .   |
Oct 19 06:25:21 ip-172-31-18-107 cloud-init[894]: |      o o o o o  |
Oct 19 06:25:21 ip-172-31-18-107 cloud-init[894]: |     .   + + o . |
Oct 19 06:25:21 ip-172-31-18-107 cloud-init[894]: |    + . S o o    |
Oct 19 06:25:21 ip-172-31-18-107 cloud-init[894]: |     B . o +     |
Oct 19 06:25:21 ip-172-31-18-107 cloud-init[894]: |    . E + *      |
Oct 19 06:25:21 ip-172-31-18-107 cloud-init[894]: |   ..B B+B o     |
Oct 19 06:25:21 ip-172-31-18-107 systemd[1]: Started Initial cloud-init job (metadata service crawler).
Oct 19 06:25:21 ip-172-31-18-107 cron[1039]: (CRON) INFO (pidfile fd = 3)
Oct 19 06:25:21 ip-172-31-18-107 cloud-init[894]: |  .+++@+oo*.     |
Oct 19 06:25:21 ip-172-31-18-107 cloud-init[894]: +----[SHA256]-----+
Oct 19 06:25:21 ip-172-31-18-107 systemd[1]: Reached target Cloud-config availability.
Oct 19 06:25:21 ip-172-31-18-107 cron[1039]: (CRON) INFO (Running @reboot jobs)
Oct 19 06:25:21 ip-172-31-18-107 systemd[1]: Reached target Network is Online.
Oct 19 06:25:21 ip-172-31-18-107 dbus-daemon[1049]: [system] AppArmor D-Bus mediation is enabled
Oct 19 06:25:21 ip-172-31-18-107 systemd[1]: Starting Availability of block devices...
Oct 19 06:25:21 ip-172-31-18-107 dbus-daemon[1049]: [system] Activating via systemd: service name='org.freedesktop.hostname1' unit='dbus-org.freedesktop.hostname1.service' requested by ':1.2' (uid=100 pid=831 comm="/lib/systemd/systemd-networkd " label="unconfined")
Oct 19 06:25:21 ip-172-31-18-107 systemd[1]: Reached target Remote File Systems (Pre).
Oct 19 06:25:21 ip-172-31-18-107 rsyslogd: imuxsock: Acquired UNIX socket '/run/systemd/journal/syslog' (fd 3) from systemd.  [v8.32.0]
Oct 19 06:25:21 ip-172-31-18-107 networkd-dispatcher[1029]: No valid path found for iwconfig
Oct 19 06:25:21 ip-172-31-18-107 networkd-dispatcher[1029]: No valid path found for iw
Oct 19 06:25:21 ip-172-31-18-107 systemd[1]: Reached target Remote File Systems.
Oct 19 06:25:21 ip-172-31-18-107 rsyslogd: rsyslogd's groupid changed to 106
Oct 19 06:25:21 ip-172-31-18-107 systemd[1]: Reached target System Initialization.
Oct 19 06:25:21 ip-172-31-18-107 rsyslogd: rsyslogd's userid changed to 102
Oct 19 06:25:21 ip-172-31-18-107 systemd[1]: Started Daily apt download activities.
Oct 19 06:25:21 ip-172-31-18-107 rsyslogd:  [origin software="rsyslogd" swVersion="8.32.0" x-pid="1044" x-info="http://www.rsyslog.com"] start
Oct 19 06:25:21 ip-172-31-18-107 systemd[1]: Started Daily apt upgrade and clean activities.
Oct 19 06:25:21 ip-172-31-18-107 acpid: starting up with netlink and the input layer
Oct 19 06:25:21 ip-172-31-18-107 systemd[1]: Listening on Open-iSCSI iscsid Socket.
Oct 19 06:25:21 ip-172-31-18-107 acpid: 2 rules loaded
Oct 19 06:25:21 ip-172-31-18-107 systemd[1]: Started Message of the Day.
Oct 19 06:25:21 ip-172-31-18-107 acpid: waiting for events: event logging is off
Oct 19 06:25:21 ip-172-31-18-107 grub-common[1124]:  * Recording successful boot for GRUB
Oct 19 06:25:21 ip-172-31-18-107 grub-common[1124]:    ...done.
Oct 19 06:25:21 ip-172-31-18-107 systemd[1]: Started Discard unused blocks once a week.
Oct 19 06:25:21 ip-172-31-18-107 dbus-daemon[1049]: [system] Activating via systemd: service name='org.freedesktop.PolicyKit1' unit='polkit.service' requested by ':1.4' (uid=0 pid=1106 comm="/usr/lib/accountsservice/accounts-daemon " label="unconfined")
Oct 19 06:25:21 ip-172-31-18-107 systemd[1]: Listening on ACPID Listen Socket.
Oct 19 06:25:21 ip-172-31-18-107 pollinate[1117]: client sent challenge to [https://entropy.ubuntu.com/]
Oct 19 06:25:21 ip-172-31-18-107 systemd[1]: Started ACPI Events Check.
Oct 19 06:25:21 ip-172-31-18-107 dbus-daemon[1049]: [system] Successfully activated service 'org.freedesktop.hostname1'
Oct 19 06:25:21 ip-172-31-18-107 lxcfs[1161]: mount namespace: 5
Oct 19 06:25:21 ip-172-31-18-107 lxcfs[1161]: hierarchies:
Oct 19 06:25:21 ip-172-31-18-107 lxcfs[1161]:   0: fd:   6: freezer
Oct 19 06:25:21 ip-172-31-18-107 lxcfs[1161]:   1: fd:   7: devices
Oct 19 06:25:21 ip-172-31-18-107 lxcfs[1161]:   2: fd:   8: cpuset
Oct 19 06:25:21 ip-172-31-18-107 lxcfs[1161]:   3: fd:   9: blkio
Oct 19 06:25:21 ip-172-31-18-107 lxcfs[1161]:   4: fd:  10: memory
Oct 19 06:25:21 ip-172-31-18-107 lxcfs[1161]:   5: fd:  11: cpu,cpuacct
Oct 19 06:25:21 ip-172-31-18-107 lxcfs[1161]:   6: fd:  12: hugetlb
Oct 19 06:25:21 ip-172-31-18-107 lxcfs[1161]:   7: fd:  13: rdma
Oct 19 06:25:21 ip-172-31-18-107 lxcfs[1161]:   8: fd:  14: pids
Oct 19 06:25:21 ip-172-31-18-107 lxcfs[1161]:   9: fd:  15: perf_event
Oct 19 06:25:21 ip-172-31-18-107 lxcfs[1161]:  10: fd:  16: net_cls,net_prio
Oct 19 06:25:21 ip-172-31-18-107 lxcfs[1161]:  11: fd:  17: name=systemd
Oct 19 06:25:21 ip-172-31-18-107 lxcfs[1161]:  12: fd:  18: unified
Oct 19 06:25:21 ip-172-31-18-107 systemd[1]: Listening on UUID daemon activation socket.
Oct 19 06:25:21 ip-172-31-18-107 polkitd[1283]: started daemon version 0.105 using authority implementation `local' version `0.105'
Oct 19 06:25:21 ip-172-31-18-107 apport[1167]:  * Starting automatic crash report generation: apport
Oct 19 06:25:21 ip-172-31-18-107 apport[1167]:    ...done.
Oct 19 06:25:21 ip-172-31-18-107 systemd[1]: Started Daily Cleanup of Temporary Directories.
Oct 19 06:25:21 ip-172-31-18-107 dbus-daemon[1049]: [system] Successfully activated service 'org.freedesktop.PolicyKit1'
Oct 19 06:25:21 ip-172-31-18-107 systemd[1]: Reached target Timers.
Oct 19 06:25:21 ip-172-31-18-107 accounts-daemon[1106]: started daemon version 0.6.45
Oct 19 06:25:21 ip-172-31-18-107 systemd[1]: Starting Socket activation for snappy daemon.
Oct 19 06:25:21 ip-172-31-18-107 systemd[1]: Starting LXD - unix socket.
Oct 19 06:25:21 ip-172-31-18-107 systemd[1]: Reached target Paths.
Oct 19 06:25:21 ip-172-31-18-107 systemd[1]: Listening on D-Bus System Message Bus Socket.
Oct 19 06:25:21 ip-172-31-18-107 systemd[1]: Started Availability of block devices.
Oct 19 06:25:21 ip-172-31-18-107 systemd[1]: Listening on Socket activation for snappy daemon.
Oct 19 06:25:21 ip-172-31-18-107 systemd[1]: Listening on LXD - unix socket.
Oct 19 06:25:21 ip-172-31-18-107 systemd[1]: Reached target Sockets.
Oct 19 06:25:21 ip-172-31-18-107 systemd[1]: Reached target Basic System.
Oct 19 06:25:21 ip-172-31-18-107 systemd[1]: Starting Login Service...
Oct 19 06:25:21 ip-172-31-18-107 systemd[1]: Starting LXD - container startup/shutdown...
Oct 19 06:25:21 ip-172-31-18-107 systemd[1]: Starting Dispatcher daemon for systemd-networkd...
Oct 19 06:25:21 ip-172-31-18-107 systemd[1]: Started Deferred execution scheduler.
Oct 19 06:25:21 ip-172-31-18-107 systemd[1]: Started Regular background program processing daemon.
Oct 19 06:25:21 ip-172-31-18-107 systemd[1]: Starting System Logging Service...
Oct 19 06:25:21 ip-172-31-18-107 systemd[1]: Started D-Bus System Message Bus.
Oct 19 06:25:21 ip-172-31-18-107 systemd[1]: Starting Accounts Service...
Oct 19 06:25:21 ip-172-31-18-107 systemd[1]: Starting Pollinate to seed the pseudo random number generator...
Oct 19 06:25:21 ip-172-31-18-107 systemd[1]: Starting LSB: Record successful boot for GRUB...
Oct 19 06:25:21 ip-172-31-18-107 systemd[1]: Started ACPI event daemon.
Oct 19 06:25:21 ip-172-31-18-107 systemd[1]: Starting Permit User Sessions...
Oct 19 06:25:21 ip-172-31-18-107 systemd[1]: Started irqbalance daemon.
Oct 19 06:25:21 ip-172-31-18-107 systemd[1]: Starting Snap Daemon...
Oct 19 06:25:21 ip-172-31-18-107 systemd[1]: Started FUSE filesystem for LXC.
Oct 19 06:25:21 ip-172-31-18-107 systemd[1]: Starting LSB: automatic crash report generation...
Oct 19 06:25:21 ip-172-31-18-107 systemd[1]: Started System Logging Service.
Oct 19 06:25:21 ip-172-31-18-107 systemd[1]: Started Permit User Sessions.
Oct 19 06:25:21 ip-172-31-18-107 systemd[1]: Started Login Service.
Oct 19 06:25:21 ip-172-31-18-107 systemd[1]: Starting Hostname Service...
Oct 19 06:25:21 ip-172-31-18-107 systemd[1]: Started Unattended Upgrades Shutdown.
Oct 19 06:25:21 ip-172-31-18-107 systemd[1]: Starting Hold until boot process finishes up...
Oct 19 06:25:21 ip-172-31-18-107 systemd[1]: Starting Terminate Plymouth Boot Screen...
Oct 19 06:25:21 ip-172-31-18-107 systemd[1]: Started LSB: automatic crash report generation.
Oct 19 06:25:21 ip-172-31-18-107 systemd[1]: Started Hold until boot process finishes up.
Oct 19 06:25:21 ip-172-31-18-107 systemd[1]: Started Terminate Plymouth Boot Screen.
Oct 19 06:25:21 ip-172-31-18-107 systemd[1]: Started LSB: Record successful boot for GRUB.
Oct 19 06:25:21 ip-172-31-18-107 systemd[1]: Starting Authorization Manager...
Oct 19 06:25:21 ip-172-31-18-107 systemd[1]: Started Serial Getty on ttyS0.
Oct 19 06:25:21 ip-172-31-18-107 systemd[1]: Starting Set console scheme...
Oct 19 06:25:21 ip-172-31-18-107 systemd[1]: Started Set console scheme.
Oct 19 06:25:21 ip-172-31-18-107 systemd[1]: Created slice system-getty.slice.
Oct 19 06:25:21 ip-172-31-18-107 systemd[1]: Started Getty on tty1.
Oct 19 06:25:21 ip-172-31-18-107 systemd[1]: Reached target Login Prompts.
Oct 19 06:25:21 ip-172-31-18-107 systemd[1]: Started Hostname Service.
Oct 19 06:25:21 ip-172-31-18-107 systemd[1]: Started Authorization Manager.
Oct 19 06:25:21 ip-172-31-18-107 systemd[1]: Started Accounts Service.
Oct 19 06:25:21 ip-172-31-18-107 systemd[1]: Started Dispatcher daemon for systemd-networkd.
Oct 19 06:25:21 ip-172-31-18-107 snapd[1156]: AppArmor status: apparmor is enabled and all features are available
Oct 19 06:25:21 ip-172-31-18-107 systemd[1]: Started LXD - container startup/shutdown.
Oct 19 06:25:21 ip-172-31-18-107 snapd[1156]: daemon.go:347: started snapd/2.48.3+18.04 (series 16; classic) ubuntu/18.04 (amd64) linux/5.4.0-1045-aws.
Oct 19 06:25:22 ip-172-31-18-107 snapd[1156]: daemon.go:440: adjusting startup timeout by 30s (pessimistic estimate of 30s plus 5s per snap)
Oct 19 06:25:22 ip-172-31-18-107 snapd[1156]: helpers.go:105: error trying to compare the snap system key: system-key missing on disk
Oct 19 06:25:22 ip-172-31-18-107 systemd[1]: Started Snap Daemon.
Oct 19 06:25:22 ip-172-31-18-107 systemd[1]: Starting Wait until snapd is fully seeded...
Oct 19 06:25:22 ip-172-31-18-107 pollinate[1117]: client verified challenge/response with [https://entropy.ubuntu.com/]
Oct 19 06:25:22 ip-172-31-18-107 pollinate[1117]: client hashed response from [https://entropy.ubuntu.com/]
Oct 19 06:25:22 ip-172-31-18-107 pollinate[1117]: client successfully seeded [/dev/urandom]
Oct 19 06:25:22 ip-172-31-18-107 systemd[1]: Started Pollinate to seed the pseudo random number generator.
Oct 19 06:25:22 ip-172-31-18-107 systemd[1]: Starting OpenBSD Secure Shell server...
Oct 19 06:25:22 ip-172-31-18-107 systemd[1]: Started OpenBSD Secure Shell server.
Oct 19 06:25:25 ip-172-31-18-107 systemd[1]: Reloading.
Oct 19 06:25:25 ip-172-31-18-107 systemd[1]: Reloading.
Oct 19 06:25:25 ip-172-31-18-107 systemd[1]: Mounting Mount unit for snapd, revision 11588...
Oct 19 06:25:25 ip-172-31-18-107 systemd[1]: Mounted Mount unit for snapd, revision 11588.
Oct 19 06:25:26 ip-172-31-18-107 kernel: [   19.892623] kauditd_printk_skb: 5 callbacks suppressed
Oct 19 06:25:26 ip-172-31-18-107 kernel: [   19.892624] audit: type=1400 audit(1634624726.140:17): apparmor="STATUS" operation="profile_load" profile="unconfined" name="/snap/snapd/11588/usr/lib/snapd/snap-confine" pid=1842 comm="apparmor_parser"
Oct 19 06:25:26 ip-172-31-18-107 kernel: [   19.892885] audit: type=1400 audit(1634624726.140:18): apparmor="STATUS" operation="profile_load" profile="unconfined" name="/snap/snapd/11588/usr/lib/snapd/snap-confine//mount-namespace-capture-helper" pid=1842 comm="apparmor_parser"
Oct 19 06:25:26 ip-172-31-18-107 snapd[1156]: daemon.go:589: gracefully waiting for running hooks
Oct 19 06:25:26 ip-172-31-18-107 snapd[1156]: daemon.go:591: done waiting for running hooks
Oct 19 06:25:28 ip-172-31-18-107 systemd[1]: snapd.service: Service hold-off time over, scheduling restart.
Oct 19 06:25:28 ip-172-31-18-107 systemd[1]: snapd.service: Scheduled restart job, restart counter is at 1.
Oct 19 06:25:28 ip-172-31-18-107 systemd[1]: Stopped Snap Daemon.
Oct 19 06:25:28 ip-172-31-18-107 systemd[1]: Starting Snap Daemon...
Oct 19 06:25:28 ip-172-31-18-107 snapd[1877]: AppArmor status: apparmor is enabled and all features are available
Oct 19 06:25:29 ip-172-31-18-107 snapd[1877]: AppArmor status: apparmor is enabled and all features are available
Oct 19 06:25:29 ip-172-31-18-107 snapd[1877]: patch.go:64: Patching system state level 6 to sublevel 1...
Oct 19 06:25:29 ip-172-31-18-107 snapd[1877]: patch.go:64: Patching system state level 6 to sublevel 2...
Oct 19 06:25:29 ip-172-31-18-107 snapd[1877]: patch.go:64: Patching system state level 6 to sublevel 3...
Oct 19 06:25:29 ip-172-31-18-107 snapd[1877]: daemon.go:347: started snapd/2.49.2 (series 16; classic) ubuntu/18.04 (amd64) linux/5.4.0-1045-aws.
Oct 19 06:25:29 ip-172-31-18-107 snapd[1877]: daemon.go:440: adjusting startup timeout by 35s (pessimistic estimate of 30s plus 5s per snap)
Oct 19 06:25:29 ip-172-31-18-107 kernel: [   22.994098] audit: type=1400 audit(1634624729.240:19): apparmor="STATUS" operation="profile_replace" profile="unconfined" name="/snap/snapd/11588/usr/lib/snapd/snap-confine" pid=1947 comm="apparmor_parser"
Oct 19 06:25:29 ip-172-31-18-107 kernel: [   23.016194] audit: type=1400 audit(1634624729.264:20): apparmor="STATUS" operation="profile_replace" profile="unconfined" name="/snap/snapd/11588/usr/lib/snapd/snap-confine//mount-namespace-capture-helper" pid=1947 comm="apparmor_parser"
Oct 19 06:25:29 ip-172-31-18-107 systemd[1]: Started Snap Daemon.
Oct 19 06:25:29 ip-172-31-18-107 systemd[1]: Reloading.
Oct 19 06:25:30 ip-172-31-18-107 systemd[1]: Reloading.
Oct 19 06:25:30 ip-172-31-18-107 systemd[1]: Mounting Mount unit for core18, revision 1997...
Oct 19 06:25:30 ip-172-31-18-107 systemd[1]: Mounted Mount unit for core18, revision 1997.
Oct 19 06:25:30 ip-172-31-18-107 systemd[1]: Reloading.
Oct 19 06:25:30 ip-172-31-18-107 systemd[1]: Reloading.
Oct 19 06:25:30 ip-172-31-18-107 systemd[1]: Mounting Mount unit for amazon-ssm-agent, revision 3552...
Oct 19 06:25:30 ip-172-31-18-107 systemd[1]: Mounted Mount unit for amazon-ssm-agent, revision 3552.
Oct 19 06:25:30 ip-172-31-18-107 kernel: [   24.656103] audit: type=1400 audit(1634624730.904:21): apparmor="STATUS" operation="profile_load" profile="unconfined" name="snap.amazon-ssm-agent.amazon-ssm-agent" pid=2252 comm="apparmor_parser"
Oct 19 06:25:30 ip-172-31-18-107 kernel: [   24.656146] audit: type=1400 audit(1634624730.904:22): apparmor="STATUS" operation="profile_load" profile="unconfined" name="snap.amazon-ssm-agent.ssm-cli" pid=2253 comm="apparmor_parser"
Oct 19 06:25:30 ip-172-31-18-107 kernel: [   24.663330] audit: type=1400 audit(1634624730.908:23): apparmor="STATUS" operation="profile_load" profile="unconfined" name="snap-update-ns.amazon-ssm-agent" pid=2251 comm="apparmor_parser"
Oct 19 06:25:30 ip-172-31-18-107 systemd[1]: Reloading.
Oct 19 06:25:31 ip-172-31-18-107 systemd[1]: Reloading.
Oct 19 06:25:31 ip-172-31-18-107 systemd[1]: Started Service for snap application amazon-ssm-agent.amazon-ssm-agent.
Oct 19 06:25:32 ip-172-31-18-107 amazon-ssm-agent.amazon-ssm-agent[2310]: Error occurred fetching the seelog config file path:  open /etc/amazon/ssm/seelog.xml: no such file or directory
Oct 19 06:25:32 ip-172-31-18-107 amazon-ssm-agent.amazon-ssm-agent[2310]: Initializing new seelog logger
Oct 19 06:25:32 ip-172-31-18-107 amazon-ssm-agent.amazon-ssm-agent[2310]: New Seelog Logger Creation Complete
Oct 19 06:25:32 ip-172-31-18-107 amazon-ssm-agent.amazon-ssm-agent[2310]: 2021-10-19 06:25:32 WARN Error adding the directory '/etc/amazon/ssm' to watcher: no such file or directory
Oct 19 06:25:32 ip-172-31-18-107 amazon-ssm-agent.amazon-ssm-agent[2310]: 2021-10-19 06:25:32 INFO [amazon-ssm-agent] amazon-ssm-agent - v3.0.529.0
Oct 19 06:25:32 ip-172-31-18-107 amazon-ssm-agent.amazon-ssm-agent[2310]: 2021-10-19 06:25:32 INFO [amazon-ssm-agent] OS: linux, Arch: amd64
Oct 19 06:25:33 ip-172-31-18-107 amazon-ssm-agent.amazon-ssm-agent[2310]: 2021-10-19 06:25:33 INFO [amazon-ssm-agent] [LongRunningWorkerContainer] [WorkerProvider] Worker ssm-agent-worker is not running, starting worker process
Oct 19 06:25:33 ip-172-31-18-107 amazon-ssm-agent.amazon-ssm-agent[2310]: 2021-10-19 06:25:33 INFO [amazon-ssm-agent] [LongRunningWorkerContainer] [WorkerProvider] Worker ssm-agent-worker (pid:2370) started
Oct 19 06:25:33 ip-172-31-18-107 amazon-ssm-agent.amazon-ssm-agent[2310]: 2021-10-19 06:25:33 INFO [amazon-ssm-agent] [LongRunningWorkerContainer] Monitor long running worker health every 60 seconds
Oct 19 06:25:41 ip-172-31-18-107 systemd[1]: Started Wait until snapd is fully seeded.
Oct 19 06:25:41 ip-172-31-18-107 systemd[1]: Starting Apply the settings specified in cloud-config...
Oct 19 06:25:42 ip-172-31-18-107 cloud-init[2387]: Cloud-init v. 21.1-19-gbad84ad4-0ubuntu1~18.04.1 running 'modules:config' at Tue, 19 Oct 2021 06:25:41 +0000. Up 34.96 seconds.
Oct 19 06:25:42 ip-172-31-18-107 systemd[1]: Started Apply the settings specified in cloud-config.
Oct 19 06:25:42 ip-172-31-18-107 systemd[1]: Starting EC2 instance hibernation setup agent...
Oct 19 06:25:42 ip-172-31-18-107 /hibinit-agent: Instance Launch has not enabled Hibernation Configured Flag. hibinit-agent exiting!!
Oct 19 06:25:42 ip-172-31-18-107 hibinit-agent[2433]: Instance Launch has not enabled Hibernation Configured Flag. hibinit-agent exiting!!
Oct 19 06:25:42 ip-172-31-18-107 systemd[1]: Started EC2 instance hibernation setup agent.
Oct 19 06:25:42 ip-172-31-18-107 systemd[1]: Reached target Multi-User System.
Oct 19 06:25:42 ip-172-31-18-107 systemd[1]: Starting Execute cloud user/final scripts...
Oct 19 06:25:42 ip-172-31-18-107 systemd[1]: Reached target Graphical Interface.
Oct 19 06:25:42 ip-172-31-18-107 systemd[1]: Starting Update UTMP about System Runlevel Changes...
Oct 19 06:25:42 ip-172-31-18-107 systemd[1]: Started Update UTMP about System Runlevel Changes.
Oct 19 06:25:43 ip-172-31-18-107 ec2: 
Oct 19 06:25:43 ip-172-31-18-107 ec2: #############################################################
Oct 19 06:25:43 ip-172-31-18-107 ec2: -----BEGIN SSH HOST KEY FINGERPRINTS-----
Oct 19 06:25:43 ip-172-31-18-107 ec2: 1024 SHA256:MlbYiU78KT4RVpCufq6LBZwSWtzN8yax4CdO3NEHt7k root@ip-172-31-18-107 (DSA)
Oct 19 06:25:43 ip-172-31-18-107 ec2: 256 SHA256:ALgW+830yusrtWhwu+jsH+Le6zJOfabcGu3t8WZwWOA root@ip-172-31-18-107 (ECDSA)
Oct 19 06:25:43 ip-172-31-18-107 ec2: 256 SHA256:b75i6s4OB1NATxw/93A34KtOgvCe9xkxuLaMQb5o2l4 root@ip-172-31-18-107 (ED25519)
Oct 19 06:25:43 ip-172-31-18-107 ec2: 2048 SHA256:YuFaQLQQeZza+gF3tjAIESSeD8p1Do7ZriiCCOEWo9Q root@ip-172-31-18-107 (RSA)
Oct 19 06:25:43 ip-172-31-18-107 ec2: -----END SSH HOST KEY FINGERPRINTS-----
Oct 19 06:25:43 ip-172-31-18-107 ec2: #############################################################
Oct 19 06:25:43 ip-172-31-18-107 systemd[1]: Started Execute cloud user/final scripts.
Oct 19 06:25:43 ip-172-31-18-107 systemd[1]: Reached target Cloud-init target.
Oct 19 06:25:43 ip-172-31-18-107 systemd[1]: Startup finished in 6.090s (kernel) + 30.414s (userspace) = 36.505s.
Oct 19 06:25:43 ip-172-31-18-107 cloud-init[2448]: Cloud-init v. 21.1-19-gbad84ad4-0ubuntu1~18.04.1 running 'modules:final' at Tue, 19 Oct 2021 06:25:42 +0000. Up 36.23 seconds.
Oct 19 06:25:43 ip-172-31-18-107 cloud-init[2448]: Cloud-init v. 21.1-19-gbad84ad4-0ubuntu1~18.04.1 finished at Tue, 19 Oct 2021 06:25:43 +0000. Datasource DataSourceEc2Local.  Up 36.44 seconds
Oct 19 06:25:49 ip-172-31-18-107 systemd-timesyncd[640]: Synchronized to time server 91.189.91.157:123 (ntp.ubuntu.com).
Oct 19 06:40:09 ip-172-31-18-107 systemd[1]: Starting Cleanup of Temporary Directories...
Oct 19 06:40:10 ip-172-31-18-107 systemd[1]: Started Cleanup of Temporary Directories.
Oct 19 06:55:16 ip-172-31-18-107 systemd-timesyncd[640]: Network configuration changed, trying to establish connection.
Oct 19 06:55:16 ip-172-31-18-107 systemd-networkd[831]: eth0: Configured
Oct 19 06:55:16 ip-172-31-18-107 systemd-timesyncd[640]: Synchronized to time server 91.189.91.157:123 (ntp.ubuntu.com).
Oct 19 06:59:58 ip-172-31-18-107 systemd[1]: Created slice User Slice of ubuntu.
Oct 19 06:59:58 ip-172-31-18-107 systemd[1]: Starting User Manager for UID 1000...
Oct 19 06:59:58 ip-172-31-18-107 systemd[1]: Started Session 1 of user ubuntu.
Oct 19 06:59:58 ip-172-31-18-107 systemd[2600]: Listening on GnuPG cryptographic agent and passphrase cache (access for web browsers).
Oct 19 06:59:58 ip-172-31-18-107 systemd[2600]: Listening on REST API socket for snapd user session agent.
Oct 19 06:59:58 ip-172-31-18-107 systemd[2600]: Listening on GnuPG cryptographic agent and passphrase cache.
Oct 19 06:59:58 ip-172-31-18-107 systemd[2600]: Listening on GnuPG network certificate management daemon.
Oct 19 06:59:58 ip-172-31-18-107 systemd[2600]: Listening on GnuPG cryptographic agent and passphrase cache (restricted).
Oct 19 06:59:58 ip-172-31-18-107 systemd[2600]: Reached target Timers.
Oct 19 06:59:58 ip-172-31-18-107 systemd[2600]: Listening on GnuPG cryptographic agent (ssh-agent emulation).
Oct 19 06:59:58 ip-172-31-18-107 systemd[2600]: Reached target Sockets.
Oct 19 06:59:58 ip-172-31-18-107 systemd[2600]: Reached target Paths.
Oct 19 06:59:58 ip-172-31-18-107 systemd[2600]: Reached target Basic System.
Oct 19 06:59:58 ip-172-31-18-107 systemd[2600]: Reached target Default.
Oct 19 06:59:58 ip-172-31-18-107 systemd[2600]: Startup finished in 89ms.
Oct 19 06:59:58 ip-172-31-18-107 systemd[1]: Started User Manager for UID 1000.
Oct 19 07:00:00 ip-172-31-18-107 systemd[1]: Started Session 3 of user ubuntu.
Oct 19 07:09:25 ip-172-31-18-107 kernel: [ 2659.857304] SGI XFS with ACLs, security attributes, realtime, no debug enabled
Oct 19 07:10:17 ip-172-31-18-107 systemd[1]: Stopped target Cloud-init target.
Oct 19 07:10:17 ip-172-31-18-107 systemd[1]: Stopping User Manager for UID 1000...
Oct 19 07:10:17 ip-172-31-18-107 systemd[1]: Stopping Session 3 of user ubuntu.
Oct 19 07:10:17 ip-172-31-18-107 systemd[1]: Stopping Session 1 of user ubuntu.
Oct 19 07:10:17 ip-172-31-18-107 systemd[1]: Closed Load/Save RF Kill Switch Status /dev/rfkill Watch.
Oct 19 07:10:17 ip-172-31-18-107 systemd[1]: Stopped target Host and Network Name Lookups.
Oct 19 07:10:17 ip-172-31-18-107 systemd[1]: Stopping Authorization Manager...
Oct 19 07:10:17 ip-172-31-18-107 systemd[1]: Stopping ACPI event daemon...
Oct 19 07:10:17 ip-172-31-18-107 systemd[1]: Stopping Availability of block devices...
Oct 19 07:10:17 ip-172-31-18-107 systemd[1]: Stopped Execute cloud user/final scripts.
Oct 19 07:10:17 ip-172-31-18-107 systemd[1]: Stopped Apply the settings specified in cloud-config.
Oct 19 07:10:17 ip-172-31-18-107 systemd[1]: Stopped target Network is Online.
Oct 19 07:10:17 ip-172-31-18-107 systemd[1]: Stopped target Cloud-config availability.
Oct 19 07:10:17 ip-172-31-18-107 systemd[1]: Stopped target Graphical Interface.
Oct 19 07:10:17 ip-172-31-18-107 systemd[1]: Stopped target Multi-User System.
Oct 19 07:10:17 ip-172-31-18-107 systemd[1]: Stopped target Login Prompts.
Oct 19 07:10:17 ip-172-31-18-107 systemd[1]: Stopping Serial Getty on ttyS0...
Oct 19 07:10:17 ip-172-31-18-107 systemd[1]: Stopping Regular background program processing daemon...
Oct 19 07:10:17 ip-172-31-18-107 systemd[1]: Stopping D-Bus System Message Bus...
Oct 19 07:10:17 ip-172-31-18-107 systemd[1]: Stopped Wait until snapd is fully seeded.
Oct 19 07:10:17 ip-172-31-18-107 systemd[1]: Stopping Snap Daemon...
Oct 19 07:10:17 ip-172-31-18-107 blkdeactivate[11688]: Deactivating block devices:
Oct 19 07:10:17 ip-172-31-18-107 systemd[1]: Stopping Deferred execution scheduler...
Oct 19 07:10:17 ip-172-31-18-107 systemd[2600]: Stopped target Default.
Oct 19 07:10:55 ip-172-31-18-107 systemd-modules-load[554]: Inserted module 'iscsi_tcp'
