Oct 22 10:41:03 ip-172-31-29-159 kernel: [    0.000000] Linux version 5.4.0-1045-aws (buildd@lgw01-amd64-003) (gcc version 7.5.0 (Ubuntu 7.5.0-3ubuntu1~18.04)) #47~18.04.1-Ubuntu SMP Tue Apr 13 15:58:14 UTC 2021 (Ubuntu 5.4.0-1045.47~18.04.1-aws 5.4.101)
Oct 22 10:41:03 ip-172-31-29-159 kernel: [    0.000000] Command line: BOOT_IMAGE=/boot/vmlinuz-5.4.0-1045-aws root=LABEL=cloudimg-rootfs ro console=tty1 console=ttyS0 nvme_core.io_timeout=4294967295
Oct 22 10:41:03 ip-172-31-29-159 kernel: [    0.000000] KERNEL supported cpus:
Oct 22 10:41:03 ip-172-31-29-159 kernel: [    0.000000]   Intel GenuineIntel
Oct 22 10:41:03 ip-172-31-29-159 kernel: [    0.000000]   AMD AuthenticAMD
Oct 22 10:41:03 ip-172-31-29-159 kernel: [    0.000000]   Hygon HygonGenuine
Oct 22 10:41:03 ip-172-31-29-159 kernel: [    0.000000]   Centaur CentaurHauls
Oct 22 10:41:03 ip-172-31-29-159 kernel: [    0.000000]   zhaoxin   Shanghai  
Oct 22 10:41:03 ip-172-31-29-159 keyboard-setup.sh[458]: cannot open file /run/tmpkbd.1f9MVw
Oct 22 10:41:03 ip-172-31-29-159 systemd[1]: Started Create list of required static device nodes for the current kernel.
Oct 22 10:41:03 ip-172-31-29-159 systemd[1]: Starting Create Static Device Nodes in /dev...
Oct 22 10:41:03 ip-172-31-29-159 systemd[1]: Started Remount Root and Kernel File Systems.
Oct 22 10:41:03 ip-172-31-29-159 systemd[1]: Started udev Coldplug all Devices.
Oct 22 10:41:03 ip-172-31-29-159 systemd[1]: Starting Load/Save Random Seed...
Oct 22 10:41:03 ip-172-31-29-159 systemd[1]: Starting Flush Journal to Persistent Storage...
Oct 22 10:41:03 ip-172-31-29-159 systemd[1]: Started Load/Save Random Seed.
Oct 22 10:41:03 ip-172-31-29-159 systemd[1]: Started Create Static Device Nodes in /dev.
Oct 22 10:41:03 ip-172-31-29-159 systemd[1]: Starting udev Kernel Device Manager...
Oct 22 10:41:03 ip-172-31-29-159 systemd[1]: Started LVM2 metadata daemon.
Oct 22 10:41:03 ip-172-31-29-159 systemd-modules-load[462]: Inserted module 'iscsi_tcp'
Oct 22 10:41:03 ip-172-31-29-159 systemd[1]: Started Monitoring of LVM2 mirrors, snapshots etc. using dmeventd or progress polling.
Oct 22 10:41:03 ip-172-31-29-159 systemd[1]: Started Flush Journal to Persistent Storage.
Oct 22 10:41:03 ip-172-31-29-159 systemd-modules-load[462]: Inserted module 'ib_iser'
Oct 22 10:41:03 ip-172-31-29-159 systemd[1]: Started Load Kernel Modules.
Oct 22 10:41:03 ip-172-31-29-159 systemd[1]: Mounting FUSE Control File System...
Oct 22 10:41:03 ip-172-31-29-159 systemd[1]: Starting Apply Kernel Variables...
Oct 22 10:41:03 ip-172-31-29-159 systemd[1]: Mounting Kernel Configuration File System...
Oct 22 10:41:03 ip-172-31-29-159 systemd[1]: Started udev Kernel Device Manager.
Oct 22 10:41:03 ip-172-31-29-159 systemd[1]: Mounted FUSE Control File System.
Oct 22 10:41:03 ip-172-31-29-159 systemd[1]: Mounted Kernel Configuration File System.
Oct 22 10:41:03 ip-172-31-29-159 systemd[1]: Started Apply Kernel Variables.
Oct 22 10:41:03 ip-172-31-29-159 systemd[1]: Found device /dev/ttyS0.
Oct 22 10:41:03 ip-172-31-29-159 systemd-udevd[529]: link_config: autonegotiation is unset or enabled, the speed and duplex are not writable.
Oct 22 10:41:03 ip-172-31-29-159 systemd[1]: Listening on Load/Save RF Kill Switch Status /dev/rfkill Watch.
Oct 22 10:41:03 ip-172-31-29-159 systemd-udevd[516]: link_config: autonegotiation is unset or enabled, the speed and duplex are not writable.
Oct 22 10:41:03 ip-172-31-29-159 systemd[1]: Started Set the console keyboard layout.
Oct 22 10:41:03 ip-172-31-29-159 systemd[1]: Reached target Local File Systems (Pre).
Oct 22 10:41:03 ip-172-31-29-159 systemd[1]: Reached target Local File Systems.
Oct 22 10:41:03 ip-172-31-29-159 systemd[1]: Starting Tell Plymouth To Write Out Runtime Data...
Oct 22 10:41:03 ip-172-31-29-159 systemd[1]: Starting AppArmor initialization...
Oct 22 10:41:03 ip-172-31-29-159 systemd[1]: Starting Commit a transient machine-id on disk...
Oct 22 10:41:03 ip-172-31-29-159 systemd[1]: Starting Set console font and keymap...
Oct 22 10:41:03 ip-172-31-29-159 systemd[1]: Starting Create Volatile Files and Directories...
Oct 22 10:41:03 ip-172-31-29-159 systemd[1]: Starting ebtables ruleset management...
Oct 22 10:41:03 ip-172-31-29-159 systemd[1]: Started Dispatch Password Requests to Console Directory Watch.
Oct 22 10:41:03 ip-172-31-29-159 systemd[1]: Reached target Local Encrypted Volumes.
Oct 22 10:41:03 ip-172-31-29-159 systemd[1]: Started Set console font and keymap.
Oct 22 10:41:03 ip-172-31-29-159 systemd[1]: Started Tell Plymouth To Write Out Runtime Data.
Oct 22 10:41:03 ip-172-31-29-159 systemd[1]: Started Commit a transient machine-id on disk.
Oct 22 10:41:03 ip-172-31-29-159 systemd[1]: Started Create Volatile Files and Directories.
Oct 22 10:41:03 ip-172-31-29-159 systemd[1]: Starting Update UTMP about System Boot/Shutdown...
Oct 22 10:41:03 ip-172-31-29-159 systemd[1]: Starting Network Time Synchronization...
Oct 22 10:41:03 ip-172-31-29-159 systemd[1]: Started Update UTMP about System Boot/Shutdown.
Oct 22 10:41:03 ip-172-31-29-159 apparmor[589]:  * Starting AppArmor profiles
Oct 22 10:41:03 ip-172-31-29-159 systemd[1]: Started ebtables ruleset management.
Oct 22 10:41:03 ip-172-31-29-159 systemd[1]: Started Network Time Synchronization.
Oct 22 10:41:03 ip-172-31-29-159 systemd[1]: Reached target System Time Synchronized.
Oct 22 10:41:03 ip-172-31-29-159 apparmor[589]: Skipping profile in /etc/apparmor.d/disable: usr.sbin.rsyslogd
Oct 22 10:41:03 ip-172-31-29-159 apparmor[589]:    ...done.
Oct 22 10:41:03 ip-172-31-29-159 systemd[1]: Started AppArmor initialization.
Oct 22 10:41:03 ip-172-31-29-159 systemd[1]: Starting Initial cloud-init job (pre-networking)...
Oct 22 10:41:03 ip-172-31-29-159 systemd[1]: Starting Load AppArmor profiles managed internally by snapd...
Oct 22 10:41:03 ip-172-31-29-159 snapd-apparmor[736]: find: ‘/var/lib/snapd/apparmor/profiles/’: No such file or directory
Oct 22 10:41:03 ip-172-31-29-159 systemd[1]: Started Load AppArmor profiles managed internally by snapd.
Oct 22 10:41:03 ip-172-31-29-159 dhclient[799]: Internet Systems Consortium DHCP Client 4.3.5
Oct 22 10:41:03 ip-172-31-29-159 dhclient[799]: Copyright 2004-2016 Internet Systems Consortium.
Oct 22 10:41:03 ip-172-31-29-159 dhclient[799]: All rights reserved.
Oct 22 10:41:03 ip-172-31-29-159 dhclient[799]: For info, please visit https://www.isc.org/software/dhcp/
Oct 22 10:41:03 ip-172-31-29-159 dhclient[799]: 
Oct 22 10:41:03 ip-172-31-29-159 dhclient[799]: Listening on LPF/eth0/02:d8:19:87:e8:37
Oct 22 10:41:03 ip-172-31-29-159 dhclient[799]: Sending on   LPF/eth0/02:d8:19:87:e8:37
Oct 22 10:41:03 ip-172-31-29-159 dhclient[799]: Sending on   Socket/fallback
Oct 22 10:41:03 ip-172-31-29-159 dhclient[799]: DHCPDISCOVER on eth0 to 255.255.255.255 port 67 interval 3 (xid=0x2e98b728)
Oct 22 10:41:03 ip-172-31-29-159 dhclient[799]: DHCPREQUEST of 172.31.29.159 on eth0 to 255.255.255.255 port 67 (xid=0x28b7982e)
Oct 22 10:41:03 ip-172-31-29-159 dhclient[799]: DHCPOFFER of 172.31.29.159 from 172.31.16.1
Oct 22 10:41:03 ip-172-31-29-159 dhclient[799]: DHCPACK of 172.31.29.159 from 172.31.16.1
Oct 22 10:41:03 ip-172-31-29-159 dhclient[799]: bound to 172.31.29.159 -- renewal in 1598 seconds.
Oct 22 10:41:03 ip-172-31-29-159 cloud-init[728]: Cloud-init v. 21.1-19-gbad84ad4-0ubuntu1~18.04.1 running 'init-local' at Fri, 22 Oct 2021 10:40:57 +0000. Up 9.77 seconds.
Oct 22 10:41:03 ip-172-31-29-159 systemd[1]: Started Initial cloud-init job (pre-networking).
Oct 22 10:41:03 ip-172-31-29-159 systemd[1]: Reached target Network (Pre).
Oct 22 10:41:03 ip-172-31-29-159 systemd[1]: Starting Network Service...
Oct 22 10:41:03 ip-172-31-29-159 systemd-networkd[823]: Enumeration completed
Oct 22 10:41:03 ip-172-31-29-159 systemd[1]: Started Network Service.
Oct 22 10:41:03 ip-172-31-29-159 systemd-networkd[823]: eth0: Link UP
Oct 22 10:41:03 ip-172-31-29-159 systemd-networkd[823]: eth0: Gained carrier
Oct 22 10:41:03 ip-172-31-29-159 systemd-timesyncd[643]: Network configuration changed, trying to establish connection.
Oct 22 10:41:03 ip-172-31-29-159 systemd[1]: Starting Network Name Resolution...
Oct 22 10:41:03 ip-172-31-29-159 systemd-networkd[823]: eth0: Link DOWN
Oct 22 10:41:03 ip-172-31-29-159 systemd-networkd[823]: eth0: Lost carrier
Oct 22 10:41:03 ip-172-31-29-159 systemd-networkd[823]: eth0: Removing non-existent address: fe80::d8:19ff:fe87:e837/64 (valid forever), ignoring
Oct 22 10:41:03 ip-172-31-29-159 systemd[1]: Starting Wait for Network to be Configured...
Oct 22 10:41:03 ip-172-31-29-159 systemd-networkd[823]: eth0: IPv6 successfully enabled
Oct 22 10:41:03 ip-172-31-29-159 systemd-networkd[823]: lo: Link is not managed by us
Oct 22 10:41:03 ip-172-31-29-159 systemd-networkd[823]: eth0: Link UP
Oct 22 10:41:03 ip-172-31-29-159 systemd-resolved[846]: Positive Trust Anchors:
Oct 22 10:41:03 ip-172-31-29-159 systemd-resolved[846]: . IN DS 19036 8 2 49aac11d7b6f6446702e54a1607371607a1a41855200fd2ce1cdde32f24e8fb5
Oct 22 10:41:03 ip-172-31-29-159 systemd-resolved[846]: . IN DS 20326 8 2 e06d44b80b8f1d39a95c0b0d7c65d08458e880409bbc683457104237c7f8ec8d
Oct 22 10:41:03 ip-172-31-29-159 systemd-resolved[846]: Negative trust anchors: 10.in-addr.arpa 16.172.in-addr.arpa 17.172.in-addr.arpa 18.172.in-addr.arpa 19.172.in-addr.arpa 20.172.in-addr.arpa 21.172.in-addr.arpa 22.172.in-addr.arpa 23.172.in-addr.arpa 24.172.in-addr.arpa 25.172.in-addr.arpa 26.172.in-addr.arpa 27.172.in-addr.arpa 28.172.in-addr.arpa 29.172.in-addr.arpa 30.172.in-addr.arpa 31.172.in-addr.arpa 168.192.in-addr.arpa d.f.ip6.arpa corp home internal intranet lan local private test
Oct 22 10:41:03 ip-172-31-29-159 systemd-resolved[846]: Using system hostname 'ip-172-31-29-159'.
Oct 22 10:41:03 ip-172-31-29-159 systemd[1]: Started Network Name Resolution.
Oct 22 10:41:03 ip-172-31-29-159 systemd[1]: Reached target Network.
Oct 22 10:41:03 ip-172-31-29-159 systemd[1]: Reached target Host and Network Name Lookups.
Oct 22 10:41:03 ip-172-31-29-159 systemd-networkd[823]: eth0: Gained carrier
Oct 22 10:41:03 ip-172-31-29-159 systemd-networkd[823]: eth0: DHCPv4 address 172.31.29.159/20 via 172.31.16.1
Oct 22 10:41:03 ip-172-31-29-159 systemd-networkd[823]: Not connected to system bus, not setting hostname.
Oct 22 10:41:03 ip-172-31-29-159 systemd-timesyncd[643]: Network configuration changed, trying to establish connection.
Oct 22 10:41:03 ip-172-31-29-159 systemd-networkd[823]: eth0: Gained IPv6LL
Oct 22 10:41:03 ip-172-31-29-159 systemd-networkd[823]: eth0: Configured
Oct 22 10:41:03 ip-172-31-29-159 systemd-timesyncd[643]: Network configuration changed, trying to establish connection.
Oct 22 10:41:03 ip-172-31-29-159 systemd-networkd-wait-online[853]: managing: eth0
Oct 22 10:41:03 ip-172-31-29-159 systemd-networkd-wait-online[853]: ignoring: lo
Oct 22 10:41:03 ip-172-31-29-159 systemd[1]: Started Wait for Network to be Configured.
Oct 22 10:41:03 ip-172-31-29-159 systemd[1]: Starting Initial cloud-init job (metadata service crawler)...
Oct 22 10:41:03 ip-172-31-29-159 cloud-init[882]: Cloud-init v. 21.1-19-gbad84ad4-0ubuntu1~18.04.1 running 'init' at Fri, 22 Oct 2021 10:41:00 +0000. Up 12.74 seconds.
Oct 22 10:41:03 ip-172-31-29-159 cloud-init[882]: ci-info: ++++++++++++++++++++++++++++++++++++++Net device info++++++++++++++++++++++++++++++++++++++
Oct 22 10:41:03 ip-172-31-29-159 cloud-init[882]: ci-info: +--------+------+----------------------------+---------------+--------+-------------------+
Oct 22 10:41:03 ip-172-31-29-159 cloud-init[882]: ci-info: | Device |  Up  |          Address           |      Mask     | Scope  |     Hw-Address    |
Oct 22 10:41:03 ip-172-31-29-159 cloud-init[882]: ci-info: +--------+------+----------------------------+---------------+--------+-------------------+
Oct 22 10:41:03 ip-172-31-29-159 cloud-init[882]: ci-info: |  eth0  | True |       172.31.29.159        | 255.255.240.0 | global | 02:d8:19:87:e8:37 |
Oct 22 10:41:03 ip-172-31-29-159 cloud-init[882]: ci-info: |  eth0  | True | fe80::d8:19ff:fe87:e837/64 |       .       |  link  | 02:d8:19:87:e8:37 |
Oct 22 10:41:03 ip-172-31-29-159 cloud-init[882]: ci-info: |   lo   | True |         127.0.0.1          |   255.0.0.0   |  host  |         .         |
Oct 22 10:41:03 ip-172-31-29-159 cloud-init[882]: ci-info: |   lo   | True |          ::1/128           |       .       |  host  |         .         |
Oct 22 10:41:03 ip-172-31-29-159 cloud-init[882]: ci-info: +--------+------+----------------------------+---------------+--------+-------------------+
Oct 22 10:41:03 ip-172-31-29-159 cloud-init[882]: ci-info: ++++++++++++++++++++++++++++++Route IPv4 info++++++++++++++++++++++++++++++
Oct 22 10:41:03 ip-172-31-29-159 cloud-init[882]: ci-info: +-------+-------------+-------------+-----------------+-----------+-------+
Oct 22 10:41:03 ip-172-31-29-159 cloud-init[882]: ci-info: | Route | Destination |   Gateway   |     Genmask     | Interface | Flags |
Oct 22 10:41:03 ip-172-31-29-159 cloud-init[882]: ci-info: +-------+-------------+-------------+-----------------+-----------+-------+
Oct 22 10:41:03 ip-172-31-29-159 cloud-init[882]: ci-info: |   0   |   0.0.0.0   | 172.31.16.1 |     0.0.0.0     |    eth0   |   UG  |
Oct 22 10:41:03 ip-172-31-29-159 cloud-init[882]: ci-info: |   1   | 172.31.16.0 |   0.0.0.0   |  255.255.240.0  |    eth0   |   U   |
Oct 22 10:41:03 ip-172-31-29-159 cloud-init[882]: ci-info: |   2   | 172.31.16.1 |   0.0.0.0   | 255.255.255.255 |    eth0   |   UH  |
Oct 22 10:41:03 ip-172-31-29-159 cloud-init[882]: ci-info: +-------+-------------+-------------+-----------------+-----------+-------+
Oct 22 10:41:03 ip-172-31-29-159 cloud-init[882]: ci-info: +++++++++++++++++++Route IPv6 info+++++++++++++++++++
Oct 22 10:41:03 ip-172-31-29-159 cloud-init[882]: ci-info: +-------+-------------+---------+-----------+-------+
Oct 22 10:41:03 ip-172-31-29-159 cloud-init[882]: ci-info: | Route | Destination | Gateway | Interface | Flags |
Oct 22 10:41:03 ip-172-31-29-159 cloud-init[882]: ci-info: +-------+-------------+---------+-----------+-------+
Oct 22 10:41:03 ip-172-31-29-159 cloud-init[882]: ci-info: |   1   |  fe80::/64  |    ::   |    eth0   |   U   |
Oct 22 10:41:03 ip-172-31-29-159 cloud-init[882]: ci-info: |   3   |    local    |    ::   |    eth0   |   U   |
Oct 22 10:41:03 ip-172-31-29-159 cloud-init[882]: ci-info: |   4   |  multicast  |    ::   |    eth0   |   U   |
Oct 22 10:41:03 ip-172-31-29-159 cloud-init[882]: ci-info: +-------+-------------+---------+-----------+-------+
Oct 22 10:41:03 ip-172-31-29-159 cloud-init[882]: Generating public/private rsa key pair.
Oct 22 10:41:03 ip-172-31-29-159 cloud-init[882]: Your identification has been saved in /etc/ssh/ssh_host_rsa_key.
Oct 22 10:41:03 ip-172-31-29-159 cloud-init[882]: Your public key has been saved in /etc/ssh/ssh_host_rsa_key.pub.
Oct 22 10:41:03 ip-172-31-29-159 cloud-init[882]: The key fingerprint is:
Oct 22 10:41:03 ip-172-31-29-159 cloud-init[882]: SHA256:A3+1iLbauNY855B81rJ2NhY1kJ9J4TsUiWhfTcKTabw root@ip-172-31-29-159
Oct 22 10:41:03 ip-172-31-29-159 cloud-init[882]: The key's randomart image is:
Oct 22 10:41:03 ip-172-31-29-159 cloud-init[882]: +---[RSA 2048]----+
Oct 22 10:41:03 ip-172-31-29-159 cloud-init[882]: |           . =+B.|
Oct 22 10:41:03 ip-172-31-29-159 cloud-init[882]: |          o +.@o.|
Oct 22 10:41:03 ip-172-31-29-159 cloud-init[882]: |      .  . ..*o= |
Oct 22 10:41:03 ip-172-31-29-159 cloud-init[882]: |       o . o.oE. |
Oct 22 10:41:03 ip-172-31-29-159 cloud-init[882]: |        S o ..o. |
Oct 22 10:41:03 ip-172-31-29-159 cloud-init[882]: |       o = ..  . |
Oct 22 10:41:03 ip-172-31-29-159 cloud-init[882]: |       o= + ..   |
Oct 22 10:41:03 ip-172-31-29-159 cloud-init[882]: |      .+++oo=    |
Oct 22 10:41:03 ip-172-31-29-159 cloud-init[882]: |     .+..=o+ .   |
Oct 22 10:41:03 ip-172-31-29-159 cloud-init[882]: +----[SHA256]-----+
Oct 22 10:41:03 ip-172-31-29-159 cloud-init[882]: Generating public/private dsa key pair.
Oct 22 10:41:03 ip-172-31-29-159 cloud-init[882]: Your identification has been saved in /etc/ssh/ssh_host_dsa_key.
Oct 22 10:41:03 ip-172-31-29-159 cloud-init[882]: Your public key has been saved in /etc/ssh/ssh_host_dsa_key.pub.
Oct 22 10:41:03 ip-172-31-29-159 cloud-init[882]: The key fingerprint is:
Oct 22 10:41:03 ip-172-31-29-159 cloud-init[882]: SHA256:PGy5nUpg7H2IuvKPXm4/28YY05Yn1GWSsUMBIPBFadY root@ip-172-31-29-159
Oct 22 10:41:03 ip-172-31-29-159 cloud-init[882]: The key's randomart image is:
Oct 22 10:41:03 ip-172-31-29-159 cloud-init[882]: +---[DSA 1024]----+
Oct 22 10:41:03 ip-172-31-29-159 cloud-init[882]: |    ....++..++   |
Oct 22 10:41:03 ip-172-31-29-159 cloud-init[882]: |     . o+ E.o.o  |
Oct 22 10:41:03 ip-172-31-29-159 cloud-init[882]: |      .o   .o+   |
Oct 22 10:41:03 ip-172-31-29-159 cloud-init[882]: |     . o .. ..   |
Oct 22 10:41:03 ip-172-31-29-159 cloud-init[882]: |      + So .     |
Oct 22 10:41:03 ip-172-31-29-159 cloud-init[882]: |     o =o==..    |
Oct 22 10:41:03 ip-172-31-29-159 cloud-init[882]: |      + =*+o     |
Oct 22 10:41:03 ip-172-31-29-159 cloud-init[882]: |  .  =..o+o      |
Oct 22 10:41:03 ip-172-31-29-159 cloud-init[882]: |   +*+o.++.      |
Oct 22 10:41:03 ip-172-31-29-159 cloud-init[882]: +----[SHA256]-----+
Oct 22 10:41:03 ip-172-31-29-159 cloud-init[882]: Generating public/private ecdsa key pair.
Oct 22 10:41:03 ip-172-31-29-159 cloud-init[882]: Your identification has been saved in /etc/ssh/ssh_host_ecdsa_key.
Oct 22 10:41:03 ip-172-31-29-159 cloud-init[882]: Your public key has been saved in /etc/ssh/ssh_host_ecdsa_key.pub.
Oct 22 10:41:03 ip-172-31-29-159 cloud-init[882]: The key fingerprint is:
Oct 22 10:41:03 ip-172-31-29-159 cloud-init[882]: SHA256:9GM9HMAEyxUcsry7WzpFcoLw15mqgjWEtUIsmbay2Tk root@ip-172-31-29-159
Oct 22 10:41:03 ip-172-31-29-159 cloud-init[882]: The key's randomart image is:
Oct 22 10:41:03 ip-172-31-29-159 cloud-init[882]: +---[ECDSA 256]---+
Oct 22 10:41:03 ip-172-31-29-159 cloud-init[882]: | +      o=*o     |
Oct 22 10:41:03 ip-172-31-29-159 cloud-init[882]: |+.o o  o =o.     |
Oct 22 10:41:03 ip-172-31-29-159 cloud-init[882]: |.o.o + .*. o.    |
Oct 22 10:41:03 ip-172-31-29-159 cloud-init[882]: |..o o o.+o*o .   |
Oct 22 10:41:03 ip-172-31-29-159 cloud-init[882]: |.+ +   .S*+ +    |
Oct 22 10:41:03 ip-172-31-29-159 cloud-init[882]: |o E o   .o.. .   |
Oct 22 10:41:03 ip-172-31-29-159 cloud-init[882]: |   + . ....      |
Oct 22 10:41:03 ip-172-31-29-159 cloud-init[882]: |  . . . .+       |
Oct 22 10:41:03 ip-172-31-29-159 cloud-init[882]: |     .  +o       |
Oct 22 10:41:03 ip-172-31-29-159 cloud-init[882]: +----[SHA256]-----+
Oct 22 10:41:03 ip-172-31-29-159 cloud-init[882]: Generating public/private ed25519 key pair.
Oct 22 10:41:03 ip-172-31-29-159 cloud-init[882]: Your identification has been saved in /etc/ssh/ssh_host_ed25519_key.
Oct 22 10:41:03 ip-172-31-29-159 cloud-init[882]: Your public key has been saved in /etc/ssh/ssh_host_ed25519_key.pub.
Oct 22 10:41:03 ip-172-31-29-159 cloud-init[882]: The key fingerprint is:
Oct 22 10:41:03 ip-172-31-29-159 cloud-init[882]: SHA256:LjbBlaAg0VdaxkHZ2Thbj0dMCVOkMJ2C+QAnDbFk7dE root@ip-172-31-29-159
Oct 22 10:41:03 ip-172-31-29-159 cloud-init[882]: The key's randomart image is:
Oct 22 10:41:03 ip-172-31-29-159 cloud-init[882]: +--[ED25519 256]--+
Oct 22 10:41:03 ip-172-31-29-159 cloud-init[882]: |oo. BXOBo=oB+.   |
Oct 22 10:41:03 ip-172-31-29-159 cloud-init[882]: | ..+.OX.E+=o+    |
Oct 22 10:41:03 ip-172-31-29-159 cloud-init[882]: |   .+. +o=.+     |
Oct 22 10:41:03 ip-172-31-29-159 cloud-init[882]: |     ...o . o    |
Oct 22 10:41:03 ip-172-31-29-159 cloud-init[882]: |      o S  .     |
Oct 22 10:41:03 ip-172-31-29-159 cloud-init[882]: |       o         |
Oct 22 10:41:03 ip-172-31-29-159 cloud-init[882]: |      + .        |
Oct 22 10:41:03 ip-172-31-29-159 cloud-init[882]: |     . o         |
Oct 22 10:41:03 ip-172-31-29-159 systemd[1]: Started Initial cloud-init job (metadata service crawler).
Oct 22 10:41:03 ip-172-31-29-159 cloud-init[882]: |                 |
Oct 22 10:41:03 ip-172-31-29-159 cloud-init[882]: +----[SHA256]-----+
Oct 22 10:41:03 ip-172-31-29-159 systemd[1]: Reached target Network is Online.
Oct 22 10:41:03 ip-172-31-29-159 dbus-daemon[1002]: [system] AppArmor D-Bus mediation is enabled
Oct 22 10:41:03 ip-172-31-29-159 systemd[1]: Reached target Remote File Systems (Pre).
Oct 22 10:41:03 ip-172-31-29-159 lxcfs[1001]: mount namespace: 5
Oct 22 10:41:03 ip-172-31-29-159 lxcfs[1001]: hierarchies:
Oct 22 10:41:03 ip-172-31-29-159 lxcfs[1001]:   0: fd:   6: pids
Oct 22 10:41:03 ip-172-31-29-159 lxcfs[1001]:   1: fd:   7: memory
Oct 22 10:41:03 ip-172-31-29-159 lxcfs[1001]:   2: fd:   8: blkio
Oct 22 10:41:03 ip-172-31-29-159 lxcfs[1001]:   3: fd:   9: cpuset
Oct 22 10:41:03 ip-172-31-29-159 lxcfs[1001]:   4: fd:  10: freezer
Oct 22 10:41:03 ip-172-31-29-159 lxcfs[1001]:   5: fd:  11: devices
Oct 22 10:41:03 ip-172-31-29-159 lxcfs[1001]:   6: fd:  12: hugetlb
Oct 22 10:41:03 ip-172-31-29-159 lxcfs[1001]:   7: fd:  13: rdma
Oct 22 10:41:03 ip-172-31-29-159 lxcfs[1001]:   8: fd:  14: perf_event
Oct 22 10:41:03 ip-172-31-29-159 lxcfs[1001]:   9: fd:  15: cpu,cpuacct
Oct 22 10:41:03 ip-172-31-29-159 lxcfs[1001]:  10: fd:  16: net_cls,net_prio
Oct 22 10:41:03 ip-172-31-29-159 lxcfs[1001]:  11: fd:  17: name=systemd
Oct 22 10:41:03 ip-172-31-29-159 lxcfs[1001]:  12: fd:  18: unified
Oct 22 10:41:03 ip-172-31-29-159 dbus-daemon[1002]: [system] Activating via systemd: service name='org.freedesktop.hostname1' unit='dbus-org.freedesktop.hostname1.service' requested by ':1.2' (uid=100 pid=823 comm="/lib/systemd/systemd-networkd " label="unconfined")
Oct 22 10:41:03 ip-172-31-29-159 systemd[1]: Reached target Remote File Systems.
Oct 22 10:41:03 ip-172-31-29-159 systemd[1]: Starting Availability of block devices...
Oct 22 10:41:03 ip-172-31-29-159 systemd[1]: Reached target System Initialization.
Oct 22 10:41:03 ip-172-31-29-159 systemd[1]: Listening on Open-iSCSI iscsid Socket.
Oct 22 10:41:03 ip-172-31-29-159 systemd[1]: Started Daily apt download activities.
Oct 22 10:41:03 ip-172-31-29-159 systemd[1]: Started ACPI Events Check.
Oct 22 10:41:03 ip-172-31-29-159 systemd[1]: Started Message of the Day.
Oct 22 10:41:03 ip-172-31-29-159 systemd[1]: Listening on UUID daemon activation socket.
Oct 22 10:41:03 ip-172-31-29-159 systemd[1]: Started Discard unused blocks once a week.
Oct 22 10:41:03 ip-172-31-29-159 systemd[1]: Listening on D-Bus System Message Bus Socket.
Oct 22 10:41:03 ip-172-31-29-159 systemd[1]: Started Daily apt upgrade and clean activities.
Oct 22 10:41:03 ip-172-31-29-159 systemd[1]: Starting Socket activation for snappy daemon.
Oct 22 10:41:03 ip-172-31-29-159 systemd[1]: Starting LXD - unix socket.
Oct 22 10:41:03 ip-172-31-29-159 systemd[1]: Listening on ACPID Listen Socket.
Oct 22 10:41:03 ip-172-31-29-159 systemd[1]: Started Daily Cleanup of Temporary Directories.
Oct 22 10:41:03 ip-172-31-29-159 systemd[1]: Reached target Timers.
Oct 22 10:41:03 ip-172-31-29-159 systemd[1]: Reached target Paths.
Oct 22 10:41:03 ip-172-31-29-159 systemd[1]: Reached target Cloud-config availability.
Oct 22 10:41:03 ip-172-31-29-159 systemd[1]: Started Availability of block devices.
Oct 22 10:41:03 ip-172-31-29-159 systemd[1]: Listening on Socket activation for snappy daemon.
Oct 22 10:41:03 ip-172-31-29-159 systemd[1]: Listening on LXD - unix socket.
Oct 22 10:41:03 ip-172-31-29-159 systemd[1]: Reached target Sockets.
Oct 22 10:41:03 ip-172-31-29-159 systemd[1]: Reached target Basic System.
Oct 22 10:41:03 ip-172-31-29-159 systemd[1]: Started FUSE filesystem for LXC.
Oct 22 10:41:03 ip-172-31-29-159 systemd[1]: Started D-Bus System Message Bus.
Oct 22 10:41:03 ip-172-31-29-159 systemd[1]: Started Regular background program processing daemon.
Oct 22 10:41:03 ip-172-31-29-159 systemd[1]: Started irqbalance daemon.
Oct 22 10:41:03 ip-172-31-29-159 systemd[1]: Starting Accounts Service...
Oct 22 10:41:03 ip-172-31-29-159 cron[1024]: (CRON) INFO (pidfile fd = 3)
Oct 22 10:41:03 ip-172-31-29-159 systemd[1]: Starting LSB: Record successful boot for GRUB...
Oct 22 10:41:03 ip-172-31-29-159 cron[1024]: (CRON) INFO (Running @reboot jobs)
Oct 22 10:41:03 ip-172-31-29-159 systemd[1]: Starting LSB: automatic crash report generation...
Oct 22 10:41:03 ip-172-31-29-159 systemd[1]: Starting System Logging Service...
Oct 22 10:41:03 ip-172-31-29-159 systemd[1]: Starting Permit User Sessions...
Oct 22 10:41:03 ip-172-31-29-159 systemd[1]: Starting Pollinate to seed the pseudo random number generator...
Oct 22 10:41:03 ip-172-31-29-159 systemd[1]: Starting Dispatcher daemon for systemd-networkd...
Oct 22 10:41:03 ip-172-31-29-159 systemd[1]: Starting LXD - container startup/shutdown...
Oct 22 10:41:03 ip-172-31-29-159 systemd[1]: Started Deferred execution scheduler.
Oct 22 10:41:03 ip-172-31-29-159 systemd[1]: Started ACPI event daemon.
Oct 22 10:41:03 ip-172-31-29-159 acpid: starting up with netlink and the input layer
Oct 22 10:41:03 ip-172-31-29-159 systemd[1]: Starting Login Service...
Oct 22 10:41:03 ip-172-31-29-159 acpid: 2 rules loaded
Oct 22 10:41:03 ip-172-31-29-159 acpid: waiting for events: event logging is off
Oct 22 10:41:03 ip-172-31-29-159 systemd[1]: Starting Snap Daemon...
Oct 22 10:41:03 ip-172-31-29-159 systemd[1]: Started Permit User Sessions.
Oct 22 10:41:03 ip-172-31-29-159 dbus-daemon[1002]: [system] Activating via systemd: service name='org.freedesktop.PolicyKit1' unit='polkit.service' requested by ':1.3' (uid=0 pid=1029 comm="/usr/lib/accountsservice/accounts-daemon " label="unconfined")
Oct 22 10:41:03 ip-172-31-29-159 grub-common[1033]:  * Recording successful boot for GRUB
Oct 22 10:41:03 ip-172-31-29-159 apport[1042]:  * Starting automatic crash report generation: apport
Oct 22 10:41:03 ip-172-31-29-159 systemd[1]: Started Login Service.
Oct 22 10:41:03 ip-172-31-29-159 systemd[1]: Started Unattended Upgrades Shutdown.
Oct 22 10:41:03 ip-172-31-29-159 systemd[1]: Starting Authorization Manager...
Oct 22 10:41:03 ip-172-31-29-159 systemd[1]: Starting Hostname Service...
Oct 22 10:41:03 ip-172-31-29-159 pollinate[1060]: client sent challenge to [https://entropy.ubuntu.com/]
Oct 22 10:41:03 ip-172-31-29-159 systemd[1]: Starting Terminate Plymouth Boot Screen...
Oct 22 10:41:03 ip-172-31-29-159 apport[1042]:    ...done.
Oct 22 10:41:03 ip-172-31-29-159 rsyslogd: imuxsock: Acquired UNIX socket '/run/systemd/journal/syslog' (fd 3) from systemd.  [v8.32.0]
Oct 22 10:41:03 ip-172-31-29-159 rsyslogd: rsyslogd's groupid changed to 106
Oct 22 10:41:03 ip-172-31-29-159 systemd[1]: Starting Hold until boot process finishes up...
Oct 22 10:41:03 ip-172-31-29-159 rsyslogd: rsyslogd's userid changed to 102
Oct 22 10:41:03 ip-172-31-29-159 rsyslogd:  [origin software="rsyslogd" swVersion="8.32.0" x-pid="1045" x-info="http://www.rsyslog.com"] start
Oct 22 10:41:03 ip-172-31-29-159 kernel: [    0.000000] x86/fpu: Supporting XSAVE feature 0x001: 'x87 floating point registers'
Oct 22 10:41:03 ip-172-31-29-159 kernel: [    0.000000] x86/fpu: Supporting XSAVE feature 0x002: 'SSE registers'
Oct 22 10:41:03 ip-172-31-29-159 kernel: [    0.000000] x86/fpu: Supporting XSAVE feature 0x004: 'AVX registers'
Oct 22 10:41:03 ip-172-31-29-159 kernel: [    0.000000] x86/fpu: xstate_offset[2]:  576, xstate_sizes[2]:  256
Oct 22 10:41:03 ip-172-31-29-159 kernel: [    0.000000] x86/fpu: Enabled xstate features 0x7, context size is 832 bytes, using 'standard' format.
Oct 22 10:41:03 ip-172-31-29-159 kernel: [    0.000000] BIOS-provided physical RAM map:
Oct 22 10:41:03 ip-172-31-29-159 kernel: [    0.000000] BIOS-e820: [mem 0x0000000000000000-0x000000000009dfff] usable
Oct 22 10:41:03 ip-172-31-29-159 kernel: [    0.000000] BIOS-e820: [mem 0x000000000009e000-0x000000000009ffff] reserved
Oct 22 10:41:03 ip-172-31-29-159 kernel: [    0.000000] BIOS-e820: [mem 0x00000000000e0000-0x00000000000fffff] reserved
Oct 22 10:41:03 ip-172-31-29-159 kernel: [    0.000000] BIOS-e820: [mem 0x0000000000100000-0x00000000efffffff] usable
Oct 22 10:41:03 ip-172-31-29-159 kernel: [    0.000000] BIOS-e820: [mem 0x00000000fc000000-0x00000000ffffffff] reserved
Oct 22 10:41:03 ip-172-31-29-159 kernel: [    0.000000] BIOS-e820: [mem 0x0000000100000000-0x000000080fffffff] usable
Oct 22 10:41:03 ip-172-31-29-159 kernel: [    0.000000] NX (Execute Disable) protection: active
Oct 22 10:41:03 ip-172-31-29-159 kernel: [    0.000000] SMBIOS 2.7 present.
Oct 22 10:41:03 ip-172-31-29-159 kernel: [    0.000000] DMI: Xen HVM domU, BIOS 4.11.amazon 08/24/2006
Oct 22 10:41:03 ip-172-31-29-159 kernel: [    0.000000] Hypervisor detected: Xen HVM
Oct 22 10:41:03 ip-172-31-29-159 kernel: [    0.000000] Xen version 4.11.
Oct 22 10:41:03 ip-172-31-29-159 kernel: [    0.000000] Xen Platform PCI: I/O protocol version 1
Oct 22 10:41:03 ip-172-31-29-159 kernel: [    0.000000] Netfront and the Xen platform PCI driver have been compiled for this kernel: unplug emulated NICs.
Oct 22 10:41:03 ip-172-31-29-159 kernel: [    0.000000] Blkfront and the Xen platform PCI driver have been compiled for this kernel: unplug emulated disks.
Oct 22 10:41:03 ip-172-31-29-159 kernel: [    0.000000] You might have to change the root device
Oct 22 10:41:03 ip-172-31-29-159 kernel: [    0.000000] from /dev/hd[a-d] to /dev/xvd[a-d]
Oct 22 10:41:03 ip-172-31-29-159 kernel: [    0.000000] in your root= kernel command line option
Oct 22 10:41:03 ip-172-31-29-159 kernel: [    0.000005] HVMOP_pagetable_dying not supported
Oct 22 10:41:03 ip-172-31-29-159 kernel: [    0.021474] tsc: Fast TSC calibration using PIT
Oct 22 10:41:03 ip-172-31-29-159 kernel: [    0.021477] tsc: Detected 2299.936 MHz processor
Oct 22 10:41:03 ip-172-31-29-159 kernel: [    0.021478] tsc: Detected 2300.000 MHz TSC
Oct 22 10:41:03 ip-172-31-29-159 kernel: [    0.022492] e820: update [mem 0x00000000-0x00000fff] usable ==> reserved
Oct 22 10:41:03 ip-172-31-29-159 kernel: [    0.022494] e820: remove [mem 0x000a0000-0x000fffff] usable
Oct 22 10:41:03 ip-172-31-29-159 kernel: [    0.022498] last_pfn = 0x810000 max_arch_pfn = 0x400000000
Oct 22 10:41:03 ip-172-31-29-159 kernel: [    0.022537] MTRR default type: write-back
Oct 22 10:41:03 ip-172-31-29-159 kernel: [    0.022538] MTRR fixed ranges enabled:
Oct 22 10:41:03 ip-172-31-29-159 kernel: [    0.022539]   00000-9FFFF write-back
Oct 22 10:41:03 ip-172-31-29-159 kernel: [    0.022540]   A0000-BFFFF write-combining
Oct 22 10:41:03 ip-172-31-29-159 kernel: [    0.022540]   C0000-FFFFF write-back
Oct 22 10:41:03 ip-172-31-29-159 kernel: [    0.022541] MTRR variable ranges enabled:
Oct 22 10:41:03 ip-172-31-29-159 kernel: [    0.022543]   0 base 0000F0000000 mask 3FFFF0000000 uncachable
Oct 22 10:41:03 ip-172-31-29-159 kernel: [    0.022543]   1 disabled
Oct 22 10:41:03 ip-172-31-29-159 kernel: [    0.022544]   2 disabled
Oct 22 10:41:03 ip-172-31-29-159 kernel: [    0.022544]   3 disabled
Oct 22 10:41:03 ip-172-31-29-159 kernel: [    0.022544]   4 disabled
Oct 22 10:41:03 ip-172-31-29-159 kernel: [    0.022545]   5 disabled
Oct 22 10:41:03 ip-172-31-29-159 kernel: [    0.022545]   6 disabled
Oct 22 10:41:03 ip-172-31-29-159 kernel: [    0.022546]   7 disabled
Oct 22 10:41:03 ip-172-31-29-159 kernel: [    0.022557] x86/PAT: Configuration [0-7]: WB  WC  UC- UC  WB  WP  UC- WT  
Oct 22 10:41:03 ip-172-31-29-159 kernel: [    0.022567] last_pfn = 0xf0000 max_arch_pfn = 0x400000000
Oct 22 10:41:03 ip-172-31-29-159 kernel: [    0.029575] found SMP MP-table at [mem 0x000fb9a0-0x000fb9af]
Oct 22 10:41:03 ip-172-31-29-159 kernel: [    0.029655] check: Scanning 1 areas for low memory corruption
Oct 22 10:41:03 ip-172-31-29-159 kernel: [    0.029756] Using GB pages for direct mapping
Oct 22 10:41:03 ip-172-31-29-159 kernel: [    0.029919] RAMDISK: [mem 0x356c9000-0x36b5bfff]
Oct 22 10:41:03 ip-172-31-29-159 kernel: [    0.030027] ACPI: Early table checksum verification disabled
Oct 22 10:41:03 ip-172-31-29-159 kernel: [    0.030037] ACPI: RSDP 0x00000000000EA020 000024 (v02 Xen   )
Oct 22 10:41:03 ip-172-31-29-159 kernel: [    0.030041] ACPI: XSDT 0x00000000FC00C780 000054 (v01 Xen    HVM      00000000 HVML 00000000)
Oct 22 10:41:03 ip-172-31-29-159 kernel: [    0.030048] ACPI: FACP 0x00000000FC00C440 0000F4 (v04 Xen    HVM      00000000 HVML 00000000)
Oct 22 10:41:03 ip-172-31-29-159 kernel: [    0.030053] ACPI: DSDT 0x00000000FC003940 008A7E (v02 Xen    HVM      00000000 INTL 20090123)
Oct 22 10:41:03 ip-172-31-29-159 kernel: [    0.030056] ACPI: FACS 0x00000000FC003900 000040
Oct 22 10:41:03 ip-172-31-29-159 kernel: [    0.030058] ACPI: FACS 0x00000000FC003900 000040
Oct 22 10:41:03 ip-172-31-29-159 kernel: [    0.030060] ACPI: APIC 0x00000000FC00C540 0000D8 (v02 Xen    HVM      00000000 HVML 00000000)
Oct 22 10:41:03 ip-172-31-29-159 kernel: [    0.030063] ACPI: HPET 0x00000000FC00C690 000038 (v01 Xen    HVM      00000000 HVML 00000000)
Oct 22 10:41:03 ip-172-31-29-159 kernel: [    0.030065] ACPI: WAET 0x00000000FC00C6D0 000028 (v01 Xen    HVM      00000000 HVML 00000000)
Oct 22 10:41:03 ip-172-31-29-159 kernel: [    0.030068] ACPI: SSDT 0x00000000FC00C700 000031 (v02 Xen    HVM      00000000 INTL 20090123)
Oct 22 10:41:03 ip-172-31-29-159 kernel: [    0.030070] ACPI: SSDT 0x00000000FC00C740 000033 (v02 Xen    HVM      00000000 INTL 20090123)
Oct 22 10:41:03 ip-172-31-29-159 kernel: [    0.030078] ACPI: Local APIC address 0xfee00000
Oct 22 10:41:03 ip-172-31-29-159 kernel: [    0.032361] No NUMA configuration found
Oct 22 10:41:03 ip-172-31-29-159 kernel: [    0.032363] Faking a node at [mem 0x0000000000000000-0x000000080fffffff]
Oct 22 10:41:03 ip-172-31-29-159 kernel: [    0.032373] NODE_DATA(0) allocated [mem 0x80ffd5000-0x80fffffff]
Oct 22 10:41:03 ip-172-31-29-159 kernel: [    0.032663] Zone ranges:
Oct 22 10:41:03 ip-172-31-29-159 kernel: [    0.032664]   DMA      [mem 0x0000000000001000-0x0000000000ffffff]
Oct 22 10:41:03 ip-172-31-29-159 kernel: [    0.032665]   DMA32    [mem 0x0000000001000000-0x00000000ffffffff]
Oct 22 10:41:03 ip-172-31-29-159 kernel: [    0.032666]   Normal   [mem 0x0000000100000000-0x000000080fffffff]
Oct 22 10:41:03 ip-172-31-29-159 kernel: [    0.032668]   Device   empty
Oct 22 10:41:03 ip-172-31-29-159 kernel: [    0.032669] Movable zone start for each node
Oct 22 10:41:03 ip-172-31-29-159 kernel: [    0.032672] Early memory node ranges
Oct 22 10:41:03 ip-172-31-29-159 kernel: [    0.032673]   node   0: [mem 0x0000000000001000-0x000000000009dfff]
Oct 22 10:41:03 ip-172-31-29-159 kernel: [    0.032674]   node   0: [mem 0x0000000000100000-0x00000000efffffff]
Oct 22 10:41:03 ip-172-31-29-159 kernel: [    0.032675]   node   0: [mem 0x0000000100000000-0x000000080fffffff]
Oct 22 10:41:03 ip-172-31-29-159 kernel: [    0.032689] Zeroed struct page in unavailable ranges: 99 pages
Oct 22 10:41:03 ip-172-31-29-159 kernel: [    0.032690] Initmem setup node 0 [mem 0x0000000000001000-0x000000080fffffff]
Oct 22 10:41:03 ip-172-31-29-159 kernel: [    0.032691] On node 0 totalpages: 8388509
Oct 22 10:41:03 ip-172-31-29-159 kernel: [    0.032693]   DMA zone: 64 pages used for memmap
Oct 22 10:41:03 ip-172-31-29-159 kernel: [    0.032693]   DMA zone: 21 pages reserved
Oct 22 10:41:03 ip-172-31-29-159 kernel: [    0.032694]   DMA zone: 3997 pages, LIFO batch:0
Oct 22 10:41:03 ip-172-31-29-159 kernel: [    0.032790]   DMA32 zone: 15296 pages used for memmap
Oct 22 10:41:03 ip-172-31-29-159 kernel: [    0.032791]   DMA32 zone: 978944 pages, LIFO batch:63
Oct 22 10:41:03 ip-172-31-29-159 kernel: [    0.048078]   Normal zone: 115712 pages used for memmap
Oct 22 10:41:03 ip-172-31-29-159 kernel: [    0.048079]   Normal zone: 7405568 pages, LIFO batch:63
Oct 22 10:41:03 ip-172-31-29-159 kernel: [    0.166141] ACPI: PM-Timer IO Port: 0xb008
Oct 22 10:41:03 ip-172-31-29-159 kernel: [    0.166146] ACPI: Local APIC address 0xfee00000
Oct 22 10:41:03 ip-172-31-29-159 kernel: [    0.166203] IOAPIC[0]: apic_id 1, version 17, address 0xfec00000, GSI 0-47
Oct 22 10:41:03 ip-172-31-29-159 kernel: [    0.166206] ACPI: INT_SRC_OVR (bus 0 bus_irq 0 global_irq 2 dfl dfl)
Oct 22 10:41:03 ip-172-31-29-159 kernel: [    0.166208] ACPI: INT_SRC_OVR (bus 0 bus_irq 5 global_irq 5 low level)
Oct 22 10:41:03 ip-172-31-29-159 kernel: [    0.166209] ACPI: INT_SRC_OVR (bus 0 bus_irq 10 global_irq 10 low level)
Oct 22 10:41:03 ip-172-31-29-159 kernel: [    0.166210] ACPI: INT_SRC_OVR (bus 0 bus_irq 11 global_irq 11 low level)
Oct 22 10:41:03 ip-172-31-29-159 kernel: [    0.166212] ACPI: IRQ0 used by override.
Oct 22 10:41:03 ip-172-31-29-159 kernel: [    0.166212] ACPI: IRQ5 used by override.
Oct 22 10:41:03 ip-172-31-29-159 kernel: [    0.166213] ACPI: IRQ9 used by override.
Oct 22 10:41:03 ip-172-31-29-159 kernel: [    0.166213] ACPI: IRQ10 used by override.
Oct 22 10:41:03 ip-172-31-29-159 kernel: [    0.166214] ACPI: IRQ11 used by override.
Oct 22 10:41:03 ip-172-31-29-159 kernel: [    0.166215] Using ACPI (MADT) for SMP configuration information
Oct 22 10:41:03 ip-172-31-29-159 kernel: [    0.166217] ACPI: HPET id: 0x8086a201 base: 0xfed00000
Oct 22 10:41:03 ip-172-31-29-159 kernel: [    0.166221] TSC deadline timer available
Oct 22 10:41:03 ip-172-31-29-159 kernel: [    0.166229] smpboot: Allowing 15 CPUs, 7 hotplug CPUs
Oct 22 10:41:03 ip-172-31-29-159 kernel: [    0.166239] PM: Registered nosave memory: [mem 0x00000000-0x00000fff]
Oct 22 10:41:03 ip-172-31-29-159 kernel: [    0.166240] PM: Registered nosave memory: [mem 0x0009e000-0x0009ffff]
Oct 22 10:41:03 ip-172-31-29-159 kernel: [    0.166241] PM: Registered nosave memory: [mem 0x000a0000-0x000dffff]
Oct 22 10:41:03 ip-172-31-29-159 kernel: [    0.166242] PM: Registered nosave memory: [mem 0x000e0000-0x000fffff]
Oct 22 10:41:03 ip-172-31-29-159 kernel: [    0.166244] PM: Registered nosave memory: [mem 0xf0000000-0xfbffffff]
Oct 22 10:41:03 ip-172-31-29-159 kernel: [    0.166244] PM: Registered nosave memory: [mem 0xfc000000-0xffffffff]
Oct 22 10:41:03 ip-172-31-29-159 kernel: [    0.166246] [mem 0xf0000000-0xfbffffff] available for PCI devices
Oct 22 10:41:03 ip-172-31-29-159 kernel: [    0.166248] Booting paravirtualized kernel on Xen HVM
Oct 22 10:41:03 ip-172-31-29-159 kernel: [    0.166251] clocksource: refined-jiffies: mask: 0xffffffff max_cycles: 0xffffffff, max_idle_ns: 7645519600211568 ns
Oct 22 10:41:03 ip-172-31-29-159 kernel: [    0.166256] setup_percpu: NR_CPUS:8192 nr_cpumask_bits:15 nr_cpu_ids:15 nr_node_ids:1
Oct 22 10:41:03 ip-172-31-29-159 kernel: [    0.167236] percpu: Embedded 54 pages/cpu s184320 r8192 d28672 u262144
Oct 22 10:41:03 ip-172-31-29-159 kernel: [    0.167242] pcpu-alloc: s184320 r8192 d28672 u262144 alloc=1*2097152
Oct 22 10:41:03 ip-172-31-29-159 kernel: [    0.167243] pcpu-alloc: [0] 00 01 02 03 04 05 06 07 [0] 08 09 10 11 12 13 14 -- 
Oct 22 10:41:03 ip-172-31-29-159 kernel: [    0.167275] xen: PV spinlocks enabled
Oct 22 10:41:03 ip-172-31-29-159 kernel: [    0.167278] PV qspinlock hash table entries: 256 (order: 0, 4096 bytes, linear)
Oct 22 10:41:03 ip-172-31-29-159 kernel: [    0.167284] Built 1 zonelists, mobility grouping on.  Total pages: 8257416
Oct 22 10:41:03 ip-172-31-29-159 kernel: [    0.167285] Policy zone: Normal
Oct 22 10:41:03 ip-172-31-29-159 kernel: [    0.167287] Kernel command line: BOOT_IMAGE=/boot/vmlinuz-5.4.0-1045-aws root=LABEL=cloudimg-rootfs ro console=tty1 console=ttyS0 nvme_core.io_timeout=4294967295
Oct 22 10:41:03 ip-172-31-29-159 kernel: [    0.173531] Dentry cache hash table entries: 4194304 (order: 13, 33554432 bytes, linear)
Oct 22 10:41:03 ip-172-31-29-159 kernel: [    0.176656] Inode-cache hash table entries: 2097152 (order: 12, 16777216 bytes, linear)
Oct 22 10:41:03 ip-172-31-29-159 kernel: [    0.176846] mem auto-init: stack:off, heap alloc:on, heap free:off
Oct 22 10:41:03 ip-172-31-29-159 kernel: [    0.189372] Calgary: detecting Calgary via BIOS EBDA area
Oct 22 10:41:03 ip-172-31-29-159 kernel: [    0.189374] Calgary: Unable to locate Rio Grande table in EBDA - bailing!
Oct 22 10:41:03 ip-172-31-29-159 kernel: [    0.283291] Memory: 32857220K/33554036K available (14339K kernel code, 2313K rwdata, 4656K rodata, 2656K init, 5136K bss, 696816K reserved, 0K cma-reserved)
Oct 22 10:41:03 ip-172-31-29-159 kernel: [    0.283300] random: get_random_u64 called from __kmem_cache_create+0x41/0x550 with crng_init=0
Oct 22 10:41:03 ip-172-31-29-159 kernel: [    0.283485] SLUB: HWalign=64, Order=0-3, MinObjects=0, CPUs=15, Nodes=1
Oct 22 10:41:03 ip-172-31-29-159 kernel: [    0.283500] Kernel/User page tables isolation: enabled
Oct 22 10:41:03 ip-172-31-29-159 kernel: [    0.283517] ftrace: allocating 42787 entries in 168 pages
Oct 22 10:41:03 ip-172-31-29-159 kernel: [    0.299777] rcu: Hierarchical RCU implementation.
Oct 22 10:41:03 ip-172-31-29-159 kernel: [    0.299779] rcu: 	RCU restricting CPUs from NR_CPUS=8192 to nr_cpu_ids=15.
Oct 22 10:41:03 ip-172-31-29-159 kernel: [    0.299780] 	Tasks RCU enabled.
Oct 22 10:41:03 ip-172-31-29-159 kernel: [    0.299781] rcu: RCU calculated value of scheduler-enlistment delay is 25 jiffies.
Oct 22 10:41:03 ip-172-31-29-159 kernel: [    0.299782] rcu: Adjusting geometry for rcu_fanout_leaf=16, nr_cpu_ids=15
Oct 22 10:41:03 ip-172-31-29-159 kernel: [    0.302482] NR_IRQS: 524544, nr_irqs: 952, preallocated irqs: 16
Oct 22 10:41:03 ip-172-31-29-159 kernel: [    0.302519] xen:events: Using 2-level ABI
Oct 22 10:41:03 ip-172-31-29-159 kernel: [    0.302569] xen:events: Xen HVM callback vector for event delivery is enabled
Oct 22 10:41:03 ip-172-31-29-159 kernel: [    0.302734] random: crng done (trusting CPU's manufacturer)
Oct 22 10:41:03 ip-172-31-29-159 kernel: [    0.345654] Console: colour VGA+ 80x25
Oct 22 10:41:03 ip-172-31-29-159 kernel: [    0.463159] printk: console [tty1] enabled
Oct 22 10:41:03 ip-172-31-29-159 kernel: [    0.464170] Cannot get hvm parameter CONSOLE_EVTCHN (18): -22!
Oct 22 10:41:03 ip-172-31-29-159 kernel: [    1.056834] printk: console [ttyS0] enabled
Oct 22 10:41:03 ip-172-31-29-159 kernel: [    1.061544] ACPI: Core revision 20190816
Oct 22 10:41:03 ip-172-31-29-159 kernel: [    1.066142] clocksource: hpet: mask: 0xffffffff max_cycles: 0xffffffff, max_idle_ns: 30580167144 ns
Oct 22 10:41:03 ip-172-31-29-159 kernel: [    1.075517] APIC: Switch to symmetric I/O mode setup
Oct 22 10:41:03 ip-172-31-29-159 kernel: [    1.081616] x2apic: IRQ remapping doesn't support X2APIC mode
Oct 22 10:41:03 ip-172-31-29-159 kernel: [    1.088416] Switched APIC routing to physical flat.
Oct 22 10:41:03 ip-172-31-29-159 kernel: [    1.096188] ..TIMER: vector=0x30 apic1=0 pin1=2 apic2=0 pin2=0
Oct 22 10:41:03 ip-172-31-29-159 kernel: [    1.102221] clocksource: tsc-early: mask: 0xffffffffffffffff max_cycles: 0x212735223b2, max_idle_ns: 440795277976 ns
Oct 22 10:41:03 ip-172-31-29-159 kernel: [    1.112541] Calibrating delay loop (skipped), value calculated using timer frequency.. 4600.00 BogoMIPS (lpj=9200000)
Oct 22 10:41:03 ip-172-31-29-159 kernel: [    1.124541] pid_max: default: 32768 minimum: 301
Oct 22 10:41:03 ip-172-31-29-159 kernel: [    1.128608] LSM: Security Framework initializing
Oct 22 10:41:03 ip-172-31-29-159 kernel: [    1.132557] Yama: becoming mindful.
Oct 22 10:41:03 ip-172-31-29-159 kernel: [    1.136649] AppArmor: AppArmor initialized
Oct 22 10:41:03 ip-172-31-29-159 kernel: [    1.140685] Mount-cache hash table entries: 65536 (order: 7, 524288 bytes, linear)
Oct 22 10:41:03 ip-172-31-29-159 kernel: [    1.148625] Mountpoint-cache hash table entries: 65536 (order: 7, 524288 bytes, linear)
Oct 22 10:41:03 ip-172-31-29-159 kernel: [    1.156566] *** VALIDATE tmpfs ***
Oct 22 10:41:03 ip-172-31-29-159 kernel: [    1.160724] *** VALIDATE proc ***
Oct 22 10:41:03 ip-172-31-29-159 kernel: [    1.164622] *** VALIDATE cgroup1 ***
Oct 22 10:41:03 ip-172-31-29-159 kernel: [    1.168542] *** VALIDATE cgroup2 ***
Oct 22 10:41:03 ip-172-31-29-159 kernel: [    1.172684] Last level iTLB entries: 4KB 64, 2MB 8, 4MB 8
Oct 22 10:41:03 ip-172-31-29-159 kernel: [    1.180540] Last level dTLB entries: 4KB 64, 2MB 0, 4MB 0, 1GB 4
Oct 22 10:41:03 ip-172-31-29-159 kernel: [    1.184545] Spectre V1 : Mitigation: usercopy/swapgs barriers and __user pointer sanitization
Oct 22 10:41:03 ip-172-31-29-159 kernel: [    1.192541] Spectre V2 : Mitigation: Full generic retpoline
Oct 22 10:41:03 ip-172-31-29-159 kernel: [    1.200540] Spectre V2 : Spectre v2 / SpectreRSB mitigation: Filling RSB on context switch
Oct 22 10:41:03 ip-172-31-29-159 kernel: [    1.208540] Speculative Store Bypass: Vulnerable
Oct 22 10:41:03 ip-172-31-29-159 kernel: [    1.212545] MDS: Vulnerable: Clear CPU buffers attempted, no microcode
Oct 22 10:41:03 ip-172-31-29-159 kernel: [    1.216734] Freeing SMP alternatives memory: 40K
Oct 22 10:41:03 ip-172-31-29-159 kernel: [    1.222454] clocksource: xen: mask: 0xffffffffffffffff max_cycles: 0x1cd42e4dffb, max_idle_ns: 881590591483 ns
Oct 22 10:41:03 ip-172-31-29-159 kernel: [    1.228556] Xen: using vcpuop timer interface
Oct 22 10:41:03 ip-172-31-29-159 kernel: [    1.228565] installing Xen timer for CPU 0
Oct 22 10:41:03 ip-172-31-29-159 kernel: [    1.232623] smpboot: CPU0: Intel(R) Xeon(R) CPU E5-2686 v4 @ 2.30GHz (family: 0x6, model: 0x4f, stepping: 0x1)
Oct 22 10:41:03 ip-172-31-29-159 kernel: [    1.236592] cpu 0 spinlock event irq 53
Oct 22 10:41:03 ip-172-31-29-159 kernel: [    1.240730] Performance Events: unsupported p6 CPU model 79 no PMU driver, software events only.
Oct 22 10:41:03 ip-172-31-29-159 kernel: [    1.244601] rcu: Hierarchical SRCU implementation.
Oct 22 10:41:03 ip-172-31-29-159 kernel: [    1.249241] NMI watchdog: Perf NMI watchdog permanently disabled
Oct 22 10:41:03 ip-172-31-29-159 kernel: [    1.252771] smp: Bringing up secondary CPUs ...
Oct 22 10:41:03 ip-172-31-29-159 kernel: [    1.256690] installing Xen timer for CPU 1
Oct 22 10:41:03 ip-172-31-29-159 kernel: [    1.260636] x86: Booting SMP configuration:
Oct 22 10:41:03 ip-172-31-29-159 kernel: [    1.264560] .... node  #0, CPUs:        #1
Oct 22 10:41:03 ip-172-31-29-159 kernel: [    1.265297] cpu 1 spinlock event irq 59
Oct 22 10:41:03 ip-172-31-29-159 kernel: [    1.272699] installing Xen timer for CPU 2
Oct 22 10:41:03 ip-172-31-29-159 kernel: [    1.276405]   #2
Oct 22 10:41:03 ip-172-31-29-159 kernel: [    1.277088] cpu 2 spinlock event irq 65
Oct 22 10:41:03 ip-172-31-29-159 kernel: [    1.280665] installing Xen timer for CPU 3
Oct 22 10:41:03 ip-172-31-29-159 kernel: [    1.284638]   #3
Oct 22 10:41:03 ip-172-31-29-159 kernel: [    1.285383] cpu 3 spinlock event irq 71
Oct 22 10:41:03 ip-172-31-29-159 kernel: [    1.288671] installing Xen timer for CPU 4
Oct 22 10:41:03 ip-172-31-29-159 kernel: [    1.292643]   #4
Oct 22 10:41:03 ip-172-31-29-159 kernel: [    1.293333] cpu 4 spinlock event irq 77
Oct 22 10:41:03 ip-172-31-29-159 kernel: [    1.296659] installing Xen timer for CPU 5
Oct 22 10:41:03 ip-172-31-29-159 kernel: [    1.300633]   #5
Oct 22 10:41:03 ip-172-31-29-159 kernel: [    1.301349] cpu 5 spinlock event irq 83
Oct 22 10:41:03 ip-172-31-29-159 kernel: [    1.304670] installing Xen timer for CPU 6
Oct 22 10:41:03 ip-172-31-29-159 kernel: [    1.308636]   #6
Oct 22 10:41:03 ip-172-31-29-159 kernel: [    1.309332] cpu 6 spinlock event irq 89
Oct 22 10:41:03 ip-172-31-29-159 kernel: [    1.312676] installing Xen timer for CPU 7
Oct 22 10:41:03 ip-172-31-29-159 kernel: [    1.316640]   #7
Oct 22 10:41:03 ip-172-31-29-159 kernel: [    1.317374] cpu 7 spinlock event irq 95
Oct 22 10:41:03 ip-172-31-29-159 kernel: [    1.320667] smp: Brought up 1 node, 8 CPUs
Oct 22 10:41:03 ip-172-31-29-159 kernel: [    1.324550] smpboot: Max logical packages: 2
Oct 22 10:41:03 ip-172-31-29-159 kernel: [    1.328547] smpboot: Total of 8 processors activated (36800.00 BogoMIPS)
Oct 22 10:41:03 ip-172-31-29-159 kernel: [    1.333781] devtmpfs: initialized
Oct 22 10:41:03 ip-172-31-29-159 kernel: [    1.336609] x86/mm: Memory block size: 128MB
Oct 22 10:41:03 ip-172-31-29-159 kernel: [    1.344895] clocksource: jiffies: mask: 0xffffffff max_cycles: 0xffffffff, max_idle_ns: 7645041785100000 ns
Oct 22 10:41:03 ip-172-31-29-159 kernel: [    1.348630] futex hash table entries: 4096 (order: 6, 262144 bytes, linear)
Oct 22 10:41:03 ip-172-31-29-159 kernel: [    1.352643] pinctrl core: initialized pinctrl subsystem
Oct 22 10:41:03 ip-172-31-29-159 kernel: [    1.356679] PM: RTC time: 10:40:48, date: 2021-10-22
Oct 22 10:41:03 ip-172-31-29-159 kernel: [    1.360917] NET: Registered protocol family 16
Oct 22 10:41:03 ip-172-31-29-159 systemd[1]: Started System Logging Service.
Oct 22 10:41:03 ip-172-31-29-159 kernel: [    1.364806] audit: initializing netlink subsys (disabled)
Oct 22 10:41:03 ip-172-31-29-159 kernel: [    1.368568] audit: type=2000 audit(1634899248.333:1): state=initialized audit_enabled=0 res=1
Oct 22 10:41:03 ip-172-31-29-159 kernel: [    1.368707] EISA bus registered
Oct 22 10:41:03 ip-172-31-29-159 kernel: [    1.375767] cpuidle: using governor ladder
Oct 22 10:41:03 ip-172-31-29-159 kernel: [    1.376554] cpuidle: using governor menu
Oct 22 10:41:03 ip-172-31-29-159 kernel: [    1.379855] ACPI: bus type PCI registered
Oct 22 10:41:03 ip-172-31-29-159 kernel: [    1.380546] acpiphp: ACPI Hot Plug PCI Controller Driver version: 0.5
Oct 22 10:41:03 ip-172-31-29-159 kernel: [    1.385004] PCI: Using configuration type 1 for base access
Oct 22 10:41:03 ip-172-31-29-159 kernel: [    1.392627] HugeTLB registered 1.00 GiB page size, pre-allocated 0 pages
Oct 22 10:41:03 ip-172-31-29-159 kernel: [    1.396548] HugeTLB registered 2.00 MiB page size, pre-allocated 0 pages
Oct 22 10:41:03 ip-172-31-29-159 kernel: [    1.404626] ACPI: Added _OSI(Module Device)
Oct 22 10:41:03 ip-172-31-29-159 kernel: [    1.408562] ACPI: Added _OSI(Processor Device)
Oct 22 10:41:03 ip-172-31-29-159 kernel: [    1.412547] ACPI: Added _OSI(3.0 _SCP Extensions)
Oct 22 10:41:03 ip-172-31-29-159 kernel: [    1.416425] ACPI: Added _OSI(Processor Aggregator Device)
Oct 22 10:41:03 ip-172-31-29-159 kernel: [    1.416548] ACPI: Added _OSI(Linux-Dell-Video)
Oct 22 10:41:03 ip-172-31-29-159 kernel: [    1.420401] ACPI: Added _OSI(Linux-Lenovo-NV-HDMI-Audio)
Oct 22 10:41:03 ip-172-31-29-159 kernel: [    1.420548] ACPI: Added _OSI(Linux-HPI-Hybrid-Graphics)
Oct 22 10:41:03 ip-172-31-29-159 kernel: [    1.428030] ACPI: 3 ACPI AML tables successfully acquired and loaded
Oct 22 10:41:03 ip-172-31-29-159 kernel: [    1.429261] xen: --> pirq=16 -> irq=9 (gsi=9)
Oct 22 10:41:03 ip-172-31-29-159 kernel: [    1.430429] ACPI: Interpreter enabled
Oct 22 10:41:03 ip-172-31-29-159 kernel: [    1.432571] ACPI: (supports S0 S4 S5)
Oct 22 10:41:03 ip-172-31-29-159 kernel: [    1.436170] ACPI: Using IOAPIC for interrupt routing
Oct 22 10:41:03 ip-172-31-29-159 kernel: [    1.436577] PCI: Using host bridge windows from ACPI; if necessary, use "pci=nocrs" and report a bug
Oct 22 10:41:03 ip-172-31-29-159 kernel: [    1.440984] ACPI: Enabled 2 GPEs in block 00 to 0F
Oct 22 10:41:03 ip-172-31-29-159 kernel: [    1.470922] ACPI: PCI Root Bridge [PCI0] (domain 0000 [bus 00-ff])
Oct 22 10:41:03 ip-172-31-29-159 kernel: [    1.472560] acpi PNP0A03:00: _OSC: OS supports [ASPM ClockPM Segments MSI HPX-Type3]
Oct 22 10:41:03 ip-172-31-29-159 kernel: [    1.476568] acpi PNP0A03:00: fail to add MMCONFIG information, can't access extended PCI configuration space under this bridge.
Oct 22 10:41:03 ip-172-31-29-159 kernel: [    1.481877] acpiphp: Slot [0] registered
Oct 22 10:41:03 ip-172-31-29-159 kernel: [    1.486691] acpiphp: Slot [3] registered
Oct 22 10:41:03 ip-172-31-29-159 kernel: [    1.489206] acpiphp: Slot [4] registered
Oct 22 10:41:03 ip-172-31-29-159 kernel: [    1.493133] acpiphp: Slot [5] registered
Oct 22 10:41:03 ip-172-31-29-159 kernel: [    1.497118] acpiphp: Slot [6] registered
Oct 22 10:41:03 ip-172-31-29-159 kernel: [    1.501127] acpiphp: Slot [7] registered
Oct 22 10:41:03 ip-172-31-29-159 kernel: [    1.505156] acpiphp: Slot [8] registered
Oct 22 10:41:03 ip-172-31-29-159 kernel: [    1.509001] acpiphp: Slot [9] registered
Oct 22 10:41:03 ip-172-31-29-159 kernel: [    1.513033] acpiphp: Slot [10] registered
Oct 22 10:41:03 ip-172-31-29-159 kernel: [    1.517235] acpiphp: Slot [11] registered
Oct 22 10:41:03 ip-172-31-29-159 kernel: [    1.521153] acpiphp: Slot [12] registered
Oct 22 10:41:03 ip-172-31-29-159 kernel: [    1.525147] acpiphp: Slot [13] registered
Oct 22 10:41:03 ip-172-31-29-159 kernel: [    1.529189] acpiphp: Slot [14] registered
Oct 22 10:41:03 ip-172-31-29-159 kernel: [    1.533154] acpiphp: Slot [15] registered
Oct 22 10:41:03 ip-172-31-29-159 kernel: [    1.537165] acpiphp: Slot [16] registered
Oct 22 10:41:03 ip-172-31-29-159 kernel: [    1.541191] acpiphp: Slot [17] registered
Oct 22 10:41:03 ip-172-31-29-159 kernel: [    1.545424] acpiphp: Slot [18] registered
Oct 22 10:41:03 ip-172-31-29-159 kernel: [    1.549211] acpiphp: Slot [19] registered
Oct 22 10:41:03 ip-172-31-29-159 kernel: [    1.553272] acpiphp: Slot [20] registered
Oct 22 10:41:03 ip-172-31-29-159 kernel: [    1.557196] acpiphp: Slot [21] registered
Oct 22 10:41:03 ip-172-31-29-159 kernel: [    1.561169] acpiphp: Slot [22] registered
Oct 22 10:41:03 ip-172-31-29-159 kernel: [    1.565159] acpiphp: Slot [23] registered
Oct 22 10:41:03 ip-172-31-29-159 kernel: [    1.569258] acpiphp: Slot [24] registered
Oct 22 10:41:03 ip-172-31-29-159 kernel: [    1.573228] acpiphp: Slot [25] registered
Oct 22 10:41:03 ip-172-31-29-159 kernel: [    1.577186] acpiphp: Slot [26] registered
Oct 22 10:41:03 ip-172-31-29-159 kernel: [    1.581164] acpiphp: Slot [27] registered
Oct 22 10:41:03 ip-172-31-29-159 kernel: [    1.585328] acpiphp: Slot [28] registered
Oct 22 10:41:03 ip-172-31-29-159 kernel: [    1.589370] acpiphp: Slot [29] registered
Oct 22 10:41:03 ip-172-31-29-159 kernel: [    1.593192] acpiphp: Slot [30] registered
Oct 22 10:41:03 ip-172-31-29-159 kernel: [    1.597224] acpiphp: Slot [31] registered
Oct 22 10:41:03 ip-172-31-29-159 kernel: [    1.601180] PCI host bridge to bus 0000:00
Oct 22 10:41:03 ip-172-31-29-159 kernel: [    1.604549] pci_bus 0000:00: root bus resource [io  0x0000-0x0cf7 window]
Oct 22 10:41:03 ip-172-31-29-159 kernel: [    1.608549] pci_bus 0000:00: root bus resource [io  0x0d00-0xffff window]
Oct 22 10:41:03 ip-172-31-29-159 kernel: [    1.612549] pci_bus 0000:00: root bus resource [mem 0x000a0000-0x000bffff window]
Oct 22 10:41:03 ip-172-31-29-159 kernel: [    1.616548] pci_bus 0000:00: root bus resource [mem 0xf0000000-0xfbffffff window]
Oct 22 10:41:03 ip-172-31-29-159 kernel: [    1.620548] pci_bus 0000:00: root bus resource [bus 00-ff]
Oct 22 10:41:03 ip-172-31-29-159 kernel: [    1.624881] pci 0000:00:00.0: [8086:1237] type 00 class 0x060000
Oct 22 10:41:03 ip-172-31-29-159 kernel: [    1.632624] pci 0000:00:01.0: [8086:7000] type 00 class 0x060100
Oct 22 10:41:03 ip-172-31-29-159 kernel: [    1.641257] pci 0000:00:01.1: [8086:7010] type 00 class 0x010180
Oct 22 10:41:03 ip-172-31-29-159 kernel: [    1.647669] pci 0000:00:01.1: reg 0x20: [io  0xc100-0xc10f]
Oct 22 10:41:03 ip-172-31-29-159 kernel: [    1.649843] pci 0000:00:01.1: legacy IDE quirk: reg 0x10: [io  0x01f0-0x01f7]
Oct 22 10:41:03 ip-172-31-29-159 kernel: [    1.652548] pci 0000:00:01.1: legacy IDE quirk: reg 0x14: [io  0x03f6]
Oct 22 10:41:03 ip-172-31-29-159 kernel: [    1.656545] pci 0000:00:01.1: legacy IDE quirk: reg 0x18: [io  0x0170-0x0177]
Oct 22 10:41:03 ip-172-31-29-159 kernel: [    1.660544] pci 0000:00:01.1: legacy IDE quirk: reg 0x1c: [io  0x0376]
Oct 22 10:41:03 ip-172-31-29-159 kernel: [    1.665924] pci 0000:00:01.3: [8086:7113] type 00 class 0x068000
Oct 22 10:41:03 ip-172-31-29-159 kernel: [    1.668621] * Found PM-Timer Bug on the chipset. Due to workarounds for a bug,
Oct 22 10:41:03 ip-172-31-29-159 kernel: [    1.668621] * this clock source is slow. Consider trying other clock sources
Oct 22 10:41:03 ip-172-31-29-159 kernel: [    1.675962] pci 0000:00:01.3: quirk: [io  0xb000-0xb03f] claimed by PIIX4 ACPI
Oct 22 10:41:03 ip-172-31-29-159 kernel: [    1.678767] pci 0000:00:02.0: [1013:00b8] type 00 class 0x030000
Oct 22 10:41:03 ip-172-31-29-159 kernel: [    1.681506] pci 0000:00:02.0: reg 0x10: [mem 0xf0000000-0xf1ffffff pref]
Oct 22 10:41:03 ip-172-31-29-159 kernel: [    1.685071] pci 0000:00:02.0: reg 0x14: [mem 0xf3000000-0xf3000fff]
Oct 22 10:41:03 ip-172-31-29-159 kernel: [    1.692939] pci 0000:00:03.0: [5853:0001] type 00 class 0xff8000
Oct 22 10:41:03 ip-172-31-29-159 kernel: [    1.697584] pci 0000:00:03.0: reg 0x10: [io  0xc000-0xc0ff]
Oct 22 10:41:03 ip-172-31-29-159 kernel: [    1.701081] pci 0000:00:03.0: reg 0x14: [mem 0xf2000000-0xf2ffffff pref]
Oct 22 10:41:03 ip-172-31-29-159 kernel: [    1.716987] ACPI: PCI Interrupt Link [LNKA] (IRQs *5 10 11)
Oct 22 10:41:03 ip-172-31-29-159 kernel: [    1.720908] ACPI: PCI Interrupt Link [LNKB] (IRQs 5 *10 11)
Oct 22 10:41:03 ip-172-31-29-159 kernel: [    1.724906] ACPI: PCI Interrupt Link [LNKC] (IRQs 5 10 *11)
Oct 22 10:41:03 ip-172-31-29-159 kernel: [    1.728966] ACPI: PCI Interrupt Link [LNKD] (IRQs *5 10 11)
Oct 22 10:41:03 ip-172-31-29-159 kernel: [    1.744650] xen:balloon: Initialising balloon driver
Oct 22 10:41:03 ip-172-31-29-159 kernel: [    1.748603] iommu: Default domain type: Translated 
Oct 22 10:41:03 ip-172-31-29-159 kernel: [    1.752707] SCSI subsystem initialized
Oct 22 10:41:03 ip-172-31-29-159 kernel: [    1.756572] libata version 3.00 loaded.
Oct 22 10:41:03 ip-172-31-29-159 kernel: [    1.756624] pci 0000:00:02.0: vgaarb: setting as boot VGA device
Oct 22 10:41:03 ip-172-31-29-159 kernel: [    1.760537] pci 0000:00:02.0: vgaarb: VGA device added: decodes=io+mem,owns=io+mem,locks=none
Oct 22 10:41:03 ip-172-31-29-159 kernel: [    1.760550] pci 0000:00:02.0: vgaarb: bridge control possible
Oct 22 10:41:03 ip-172-31-29-159 kernel: [    1.764543] vgaarb: loaded
Oct 22 10:41:03 ip-172-31-29-159 kernel: [    1.768244] ACPI: bus type USB registered
Oct 22 10:41:03 ip-172-31-29-159 kernel: [    1.768566] usbcore: registered new interface driver usbfs
Oct 22 10:41:03 ip-172-31-29-159 kernel: [    1.772565] usbcore: registered new interface driver hub
Oct 22 10:41:03 ip-172-31-29-159 kernel: [    1.776569] usbcore: registered new device driver usb
Oct 22 10:41:03 ip-172-31-29-159 kernel: [    1.780579] pps_core: LinuxPPS API ver. 1 registered
Oct 22 10:41:03 ip-172-31-29-159 kernel: [    1.784546] pps_core: Software ver. 5.3.6 - Copyright 2005-2007 Rodolfo Giometti <giometti@linux.it>
Oct 22 10:41:03 ip-172-31-29-159 kernel: [    1.788554] PTP clock support registered
Oct 22 10:41:03 ip-172-31-29-159 kernel: [    1.792606] EDAC MC: Ver: 3.0.0
Oct 22 10:41:03 ip-172-31-29-159 kernel: [    1.797239] PCI: Using ACPI for IRQ routing
Oct 22 10:41:03 ip-172-31-29-159 kernel: [    1.800548] PCI: pci_cache_line_size set to 64 bytes
Oct 22 10:41:03 ip-172-31-29-159 kernel: [    1.801451] e820: reserve RAM buffer [mem 0x0009e000-0x0009ffff]
Oct 22 10:41:03 ip-172-31-29-159 kernel: [    1.801575] NetLabel: Initializing
Oct 22 10:41:03 ip-172-31-29-159 kernel: [    1.804547] NetLabel:  domain hash size = 128
Oct 22 10:41:03 ip-172-31-29-159 kernel: [    1.808545] NetLabel:  protocols = UNLABELED CIPSOv4 CALIPSO
Oct 22 10:41:03 ip-172-31-29-159 kernel: [    1.812576] NetLabel:  unlabeled traffic allowed by default
Oct 22 10:41:03 ip-172-31-29-159 kernel: [    1.816604] hpet: 3 channels of 0 reserved for per-cpu timers
Oct 22 10:41:03 ip-172-31-29-159 kernel: [    1.820554] hpet0: at MMIO 0xfed00000, IRQs 2, 8, 0
Oct 22 10:41:03 ip-172-31-29-159 kernel: [    1.824546] hpet0: 3 comparators, 64-bit 62.500000 MHz counter
Oct 22 10:41:03 ip-172-31-29-159 kernel: [    1.830722] clocksource: Switched to clocksource xen
Oct 22 10:41:03 ip-172-31-29-159 kernel: [    1.848267] *** VALIDATE bpf ***
Oct 22 10:41:03 ip-172-31-29-159 kernel: [    1.852302] VFS: Disk quotas dquot_6.6.0
Oct 22 10:41:03 ip-172-31-29-159 kernel: [    1.856650] VFS: Dquot-cache hash table entries: 512 (order 0, 4096 bytes)
Oct 22 10:41:03 ip-172-31-29-159 kernel: [    1.863815] *** VALIDATE ramfs ***
Oct 22 10:41:03 ip-172-31-29-159 kernel: [    1.867750] *** VALIDATE hugetlbfs ***
Oct 22 10:41:03 ip-172-31-29-159 kernel: [    1.872248] AppArmor: AppArmor Filesystem Enabled
Oct 22 10:41:03 ip-172-31-29-159 kernel: [    1.877379] pnp: PnP ACPI init
Oct 22 10:41:03 ip-172-31-29-159 kernel: [    1.881119] system 00:00: [mem 0x00000000-0x0009ffff] could not be reserved
Oct 22 10:41:03 ip-172-31-29-159 kernel: [    1.888339] system 00:00: Plug and Play ACPI device, IDs PNP0c02 (active)
Oct 22 10:41:03 ip-172-31-29-159 kernel: [    1.888434] system 00:01: [io  0x08a0-0x08a3] has been reserved
Oct 22 10:41:03 ip-172-31-29-159 kernel: [    1.894734] system 00:01: [io  0x0cc0-0x0ccf] has been reserved
Oct 22 10:41:03 ip-172-31-29-159 kernel: [    1.901001] system 00:01: [io  0x04d0-0x04d1] has been reserved
Oct 22 10:41:03 ip-172-31-29-159 kernel: [    1.907153] system 00:01: Plug and Play ACPI device, IDs PNP0c02 (active)
Oct 22 10:41:03 ip-172-31-29-159 kernel: [    1.907193] xen: --> pirq=17 -> irq=8 (gsi=8)
Oct 22 10:41:03 ip-172-31-29-159 kernel: [    1.907215] pnp 00:02: Plug and Play ACPI device, IDs PNP0b00 (active)
Oct 22 10:41:03 ip-172-31-29-159 kernel: [    1.907246] xen: --> pirq=18 -> irq=12 (gsi=12)
Oct 22 10:41:03 ip-172-31-29-159 kernel: [    1.907258] pnp 00:03: Plug and Play ACPI device, IDs PNP0f13 (active)
Oct 22 10:41:03 ip-172-31-29-159 kernel: [    1.907280] xen: --> pirq=19 -> irq=1 (gsi=1)
Oct 22 10:41:03 ip-172-31-29-159 kernel: [    1.907293] pnp 00:04: Plug and Play ACPI device, IDs PNP0303 PNP030b (active)
Oct 22 10:41:03 ip-172-31-29-159 kernel: [    1.907382] xen: --> pirq=20 -> irq=6 (gsi=6)
Oct 22 10:41:03 ip-172-31-29-159 kernel: [    1.907384] pnp 00:05: [dma 2]
Oct 22 10:41:03 ip-172-31-29-159 kernel: [    1.907395] pnp 00:05: Plug and Play ACPI device, IDs PNP0700 (active)
Oct 22 10:41:03 ip-172-31-29-159 kernel: [    1.907425] xen: --> pirq=21 -> irq=4 (gsi=4)
Oct 22 10:41:03 ip-172-31-29-159 kernel: [    1.907438] pnp 00:06: Plug and Play ACPI device, IDs PNP0501 (active)
Oct 22 10:41:03 ip-172-31-29-159 kernel: [    1.907507] system 00:07: [io  0x10c0-0x1141] has been reserved
Oct 22 10:41:03 ip-172-31-29-159 kernel: [    1.913831] system 00:07: [io  0xb044-0xb047] has been reserved
Oct 22 10:41:03 ip-172-31-29-159 kernel: [    1.920186] system 00:07: Plug and Play ACPI device, IDs PNP0c02 (active)
Oct 22 10:41:03 ip-172-31-29-159 kernel: [    1.931120] pnp: PnP ACPI: found 8 devices
Oct 22 10:41:03 ip-172-31-29-159 kernel: [    1.939382] thermal_sys: Registered thermal governor 'fair_share'
Oct 22 10:41:03 ip-172-31-29-159 kernel: [    1.939383] thermal_sys: Registered thermal governor 'bang_bang'
Oct 22 10:41:03 ip-172-31-29-159 kernel: [    1.946136] thermal_sys: Registered thermal governor 'step_wise'
Oct 22 10:41:03 ip-172-31-29-159 kernel: [    1.952279] thermal_sys: Registered thermal governor 'user_space'
Oct 22 10:41:03 ip-172-31-29-159 kernel: [    1.958536] thermal_sys: Registered thermal governor 'power_allocator'
Oct 22 10:41:03 ip-172-31-29-159 kernel: [    1.969602] clocksource: acpi_pm: mask: 0xffffff max_cycles: 0xffffff, max_idle_ns: 2085701024 ns
Oct 22 10:41:03 ip-172-31-29-159 kernel: [    1.985037] pci_bus 0000:00: resource 4 [io  0x0000-0x0cf7 window]
Oct 22 10:41:03 ip-172-31-29-159 kernel: [    1.991565] pci_bus 0000:00: resource 5 [io  0x0d00-0xffff window]
Oct 22 10:41:03 ip-172-31-29-159 kernel: [    1.997930] pci_bus 0000:00: resource 6 [mem 0x000a0000-0x000bffff window]
Oct 22 10:41:03 ip-172-31-29-159 kernel: [    2.005020] pci_bus 0000:00: resource 7 [mem 0xf0000000-0xfbffffff window]
Oct 22 10:41:03 ip-172-31-29-159 kernel: [    2.012245] NET: Registered protocol family 2
Oct 22 10:41:03 ip-172-31-29-159 kernel: [    2.017358] tcp_listen_portaddr_hash hash table entries: 16384 (order: 6, 262144 bytes, linear)
Oct 22 10:41:03 ip-172-31-29-159 kernel: [    2.026785] TCP established hash table entries: 262144 (order: 9, 2097152 bytes, linear)
Oct 22 10:41:03 ip-172-31-29-159 kernel: [    2.035529] TCP bind hash table entries: 65536 (order: 8, 1048576 bytes, linear)
Oct 22 10:41:03 ip-172-31-29-159 kernel: [    2.192295] TCP: Hash tables configured (established 262144 bind 65536)
Oct 22 10:41:03 ip-172-31-29-159 kernel: [    2.198901] UDP hash table entries: 16384 (order: 7, 524288 bytes, linear)
Oct 22 10:41:03 ip-172-31-29-159 kernel: [    2.205675] UDP-Lite hash table entries: 16384 (order: 7, 524288 bytes, linear)
Oct 22 10:41:03 ip-172-31-29-159 kernel: [    2.213267] NET: Registered protocol family 1
Oct 22 10:41:03 ip-172-31-29-159 kernel: [    2.218042] NET: Registered protocol family 44
Oct 22 10:41:03 ip-172-31-29-159 kernel: [    2.222951] pci 0000:00:01.0: PIIX3: Enabling Passive Release
Oct 22 10:41:03 ip-172-31-29-159 kernel: [    2.228932] pci 0000:00:00.0: Limiting direct PCI/PCI transfers
Oct 22 10:41:03 ip-172-31-29-159 kernel: [    2.234907] pci 0000:00:01.0: Activating ISA DMA hang workarounds
Oct 22 10:41:03 ip-172-31-29-159 kernel: [    2.241358] pci 0000:00:02.0: Video device with shadowed ROM at [mem 0x000c0000-0x000dffff]
Oct 22 10:41:03 ip-172-31-29-159 kernel: [    2.249703] PCI: CLS 0 bytes, default 64
Oct 22 10:41:03 ip-172-31-29-159 kernel: [    2.253937] Trying to unpack rootfs image as initramfs...
Oct 22 10:41:03 ip-172-31-29-159 kernel: [    2.563269] Freeing initrd memory: 21068K
Oct 22 10:41:03 ip-172-31-29-159 kernel: [    2.567618] PCI-DMA: Using software bounce buffering for IO (SWIOTLB)
Oct 22 10:41:03 ip-172-31-29-159 kernel: [    2.574187] software IO TLB: mapped [mem 0xec000000-0xf0000000] (64MB)
Oct 22 10:41:03 ip-172-31-29-159 kernel: [    2.580803] check: Scanning for low memory corruption every 60 seconds
Oct 22 10:41:03 ip-172-31-29-159 kernel: [    2.587911] Initialise system trusted keyrings
Oct 22 10:41:03 ip-172-31-29-159 kernel: [    2.592544] Key type blacklist registered
Oct 22 10:41:03 ip-172-31-29-159 kernel: [    2.596941] workingset: timestamp_bits=36 max_order=23 bucket_order=0
Oct 22 10:41:03 ip-172-31-29-159 kernel: [    2.604595] zbud: loaded
Oct 22 10:41:03 ip-172-31-29-159 kernel: [    2.608043] squashfs: version 4.0 (2009/01/31) Phillip Lougher
Oct 22 10:41:03 ip-172-31-29-159 kernel: [    2.614173] fuse: init (API version 7.31)
Oct 22 10:41:03 ip-172-31-29-159 kernel: [    2.618428] *** VALIDATE fuse ***
Oct 22 10:41:03 ip-172-31-29-159 kernel: [    2.622365] *** VALIDATE fuse ***
Oct 22 10:41:03 ip-172-31-29-159 kernel: [    2.626524] Platform Keyring initialized
Oct 22 10:41:03 ip-172-31-29-159 kernel: [    2.635481] Key type asymmetric registered
Oct 22 10:41:03 ip-172-31-29-159 kernel: [    2.640892] Asymmetric key parser 'x509' registered
Oct 22 10:41:03 ip-172-31-29-159 kernel: [    2.646959] Block layer SCSI generic (bsg) driver version 0.4 loaded (major 244)
Oct 22 10:41:03 ip-172-31-29-159 kernel: [    2.655800] io scheduler mq-deadline registered
Oct 22 10:41:03 ip-172-31-29-159 kernel: [    2.662189] shpchp: Standard Hot Plug PCI Controller Driver version: 0.4
Oct 22 10:41:03 ip-172-31-29-159 kernel: [    2.670484] intel_idle: Please enable MWAIT in BIOS SETUP
Oct 22 10:41:03 ip-172-31-29-159 kernel: [    2.670605] input: Power Button as /devices/LNXSYSTM:00/LNXPWRBN:00/input/input0
Oct 22 10:41:03 ip-172-31-29-159 kernel: [    2.679508] ACPI: Power Button [PWRF]
Oct 22 10:41:03 ip-172-31-29-159 kernel: [    2.684301] input: Sleep Button as /devices/LNXSYSTM:00/LNXSLPBN:00/input/input1
Oct 22 10:41:03 ip-172-31-29-159 kernel: [    2.689719] ACPI: Sleep Button [SLPF]
Oct 22 10:41:03 ip-172-31-29-159 kernel: [    2.696048] xen: --> pirq=22 -> irq=28 (gsi=28)
Oct 22 10:41:03 ip-172-31-29-159 kernel: [    2.696223] xen:grant_table: Grant tables using version 1 layout
Oct 22 10:41:03 ip-172-31-29-159 kernel: [    2.700817] Grant table initialized
Oct 22 10:41:03 ip-172-31-29-159 kernel: [    2.703981] Cannot get hvm parameter CONSOLE_EVTCHN (18): -22!
Oct 22 10:41:03 ip-172-31-29-159 kernel: [    2.709711] Serial: 8250/16550 driver, 4 ports, IRQ sharing enabled
Oct 22 10:41:03 ip-172-31-29-159 kernel: [    2.751464] 00:06: ttyS0 at I/O 0x3f8 (irq = 4, base_baud = 115200) is a 16550A
Oct 22 10:41:03 ip-172-31-29-159 kernel: [    2.759767] Linux agpgart interface v0.103
Oct 22 10:41:03 ip-172-31-29-159 kernel: [    2.768327] loop: module loaded
Oct 22 10:41:03 ip-172-31-29-159 kernel: [    2.772991] ata_piix 0000:00:01.1: version 2.13
Oct 22 10:41:03 ip-172-31-29-159 kernel: [    2.774327] scsi host0: ata_piix
Oct 22 10:41:03 ip-172-31-29-159 kernel: [    2.778069] scsi host1: ata_piix
Oct 22 10:41:03 ip-172-31-29-159 kernel: [    2.781300] blkfront: xvda: barrier or flush: disabled; persistent grants: disabled; indirect descriptors: enabled;
Oct 22 10:41:03 ip-172-31-29-159 kernel: [    2.781893] ata1: PATA max MWDMA2 cmd 0x1f0 ctl 0x3f6 bmdma 0xc100 irq 14
Oct 22 10:41:03 ip-172-31-29-159 kernel: [    2.799490] ata2: PATA max MWDMA2 cmd 0x170 ctl 0x376 bmdma 0xc108 irq 15
Oct 22 10:41:03 ip-172-31-29-159 kernel: [    2.806069] libphy: Fixed MDIO Bus: probed
Oct 22 10:41:03 ip-172-31-29-159 kernel: [    2.806765]  xvda: xvda1
Oct 22 10:41:03 ip-172-31-29-159 kernel: [    2.810347] tun: Universal TUN/TAP device driver, 1.6
Oct 22 10:41:03 ip-172-31-29-159 kernel: [    2.810453] PPP generic driver version 2.4.2
Oct 22 10:41:03 ip-172-31-29-159 kernel: [    2.826100] ehci_hcd: USB 2.0 'Enhanced' Host Controller (EHCI) Driver
Oct 22 10:41:03 ip-172-31-29-159 kernel: [    2.833735] ehci-pci: EHCI PCI platform driver
Oct 22 10:41:03 ip-172-31-29-159 kernel: [    2.840462] ehci-platform: EHCI generic platform driver
Oct 22 10:41:03 ip-172-31-29-159 kernel: [    2.848756] ohci_hcd: USB 1.1 'Open' Host Controller (OHCI) Driver
Oct 22 10:41:03 ip-172-31-29-159 kernel: [    2.858093] ohci-pci: OHCI PCI platform driver
Oct 22 10:41:03 ip-172-31-29-159 kernel: [    2.865366] ohci-platform: OHCI generic platform driver
Oct 22 10:41:03 ip-172-31-29-159 kernel: [    2.873486] uhci_hcd: USB Universal Host Controller Interface driver
Oct 22 10:41:03 ip-172-31-29-159 kernel: [    2.883587] i8042: PNP: PS/2 Controller [PNP0303:PS2K,PNP0f13:PS2M] at 0x60,0x64 irq 1,12
Oct 22 10:41:03 ip-172-31-29-159 kernel: [    2.898002] serio: i8042 KBD port at 0x60,0x64 irq 1
Oct 22 10:41:03 ip-172-31-29-159 kernel: [    2.905014] serio: i8042 AUX port at 0x60,0x64 irq 12
Oct 22 10:41:03 ip-172-31-29-159 kernel: [    2.911933] mousedev: PS/2 mouse device common for all mice
Oct 22 10:41:03 ip-172-31-29-159 kernel: [    2.920828] rtc_cmos 00:02: registered as rtc0
Oct 22 10:41:03 ip-172-31-29-159 kernel: [    2.927412] rtc_cmos 00:02: alarms up to one day, 114 bytes nvram, hpet irqs
Oct 22 10:41:03 ip-172-31-29-159 kernel: [    2.937213] device-mapper: uevent: version 1.0.3
Oct 22 10:41:03 ip-172-31-29-159 kernel: [    2.937744] input: AT Translated Set 2 keyboard as /devices/platform/i8042/serio0/input/input2
Oct 22 10:41:03 ip-172-31-29-159 kernel: [    2.943906] device-mapper: ioctl: 4.41.0-ioctl (2019-09-16) initialised: dm-devel@redhat.com
Oct 22 10:41:03 ip-172-31-29-159 kernel: [    2.966592] platform eisa.0: Probing EISA bus 0
Oct 22 10:41:03 ip-172-31-29-159 kernel: [    2.972640] platform eisa.0: EISA: Cannot allocate resource for mainboard
Oct 22 10:41:03 ip-172-31-29-159 kernel: [    2.981607] platform eisa.0: Cannot allocate resource for EISA slot 1
Oct 22 10:41:03 ip-172-31-29-159 kernel: [    2.990436] platform eisa.0: Cannot allocate resource for EISA slot 2
Oct 22 10:41:03 ip-172-31-29-159 kernel: [    2.999702] platform eisa.0: Cannot allocate resource for EISA slot 3
Oct 22 10:41:03 ip-172-31-29-159 kernel: [    3.008862] platform eisa.0: Cannot allocate resource for EISA slot 4
Oct 22 10:41:03 ip-172-31-29-159 kernel: [    3.018468] platform eisa.0: Cannot allocate resource for EISA slot 5
Oct 22 10:41:03 ip-172-31-29-159 kernel: [    3.028412] platform eisa.0: Cannot allocate resource for EISA slot 6
Oct 22 10:41:03 ip-172-31-29-159 kernel: [    3.037696] platform eisa.0: Cannot allocate resource for EISA slot 7
Oct 22 10:41:03 ip-172-31-29-159 kernel: [    3.047299] platform eisa.0: Cannot allocate resource for EISA slot 8
Oct 22 10:41:03 ip-172-31-29-159 kernel: [    3.056657] platform eisa.0: EISA: Detected 0 cards
Oct 22 10:41:03 ip-172-31-29-159 kernel: [    3.064167] intel_pstate: CPU model not supported
Oct 22 10:41:03 ip-172-31-29-159 kernel: [    3.071537] drop_monitor: Initializing network drop monitor service
Oct 22 10:41:03 ip-172-31-29-159 kernel: [    3.080929] NET: Registered protocol family 10
Oct 22 10:41:03 ip-172-31-29-159 kernel: [    3.092493] Segment Routing with IPv6
Oct 22 10:41:03 ip-172-31-29-159 kernel: [    3.098802] NET: Registered protocol family 17
Oct 22 10:41:03 ip-172-31-29-159 kernel: [    3.106258] Key type dns_resolver registered
Oct 22 10:41:03 ip-172-31-29-159 kernel: [    3.113890] RAS: Correctable Errors collector initialized.
Oct 22 10:41:03 ip-172-31-29-159 kernel: [    3.122004] IPI shorthand broadcast: enabled
Oct 22 10:41:03 ip-172-31-29-159 kernel: [    3.128989] sched_clock: Marking stable (2355116808, 773841198)->(3634381976, -505423970)
Oct 22 10:41:03 ip-172-31-29-159 kernel: [    3.138673] registered taskstats version 1
Oct 22 10:41:03 ip-172-31-29-159 kernel: [    3.143306] Loading compiled-in X.509 certificates
Oct 22 10:41:03 ip-172-31-29-159 kernel: [    3.149448] Loaded X.509 cert 'Build time autogenerated kernel key: 8286cd69e9f8b235cc87c05595d9618d16929256'
Oct 22 10:41:03 ip-172-31-29-159 kernel: [    3.160284] Loaded X.509 cert 'Canonical Ltd. Live Patch Signing: 14df34d1a87cf37625abec039ef2bf521249b969'
Oct 22 10:41:03 ip-172-31-29-159 kernel: [    3.170361] Loaded X.509 cert 'Canonical Ltd. Kernel Module Signing: 88f752e560a1e0737e31163a466ad7b70a850c19'
Oct 22 10:41:03 ip-172-31-29-159 kernel: [    3.181293] zswap: loaded using pool lzo/zbud
Oct 22 10:41:03 ip-172-31-29-159 kernel: [    3.186393] Key type ._fscrypt registered
Oct 22 10:41:03 ip-172-31-29-159 kernel: [    3.191016] Key type .fscrypt registered
Oct 22 10:41:03 ip-172-31-29-159 kernel: [    3.199449] Key type big_key registered
Oct 22 10:41:03 ip-172-31-29-159 kernel: [    3.205665] Key type encrypted registered
Oct 22 10:41:03 ip-172-31-29-159 kernel: [    3.210317] AppArmor: AppArmor sha1 policy hashing enabled
Oct 22 10:41:03 ip-172-31-29-159 kernel: [    3.217252] ima: No TPM chip found, activating TPM-bypass!
Oct 22 10:41:03 ip-172-31-29-159 kernel: [    3.223886] ima: Allocated hash algorithm: sha1
Oct 22 10:41:03 ip-172-31-29-159 kernel: [    3.229993] ima: No architecture policies found
Oct 22 10:41:03 ip-172-31-29-159 kernel: [    3.236238] evm: Initialising EVM extended attributes:
Oct 22 10:41:03 ip-172-31-29-159 kernel: [    3.242270] evm: security.selinux
Oct 22 10:41:03 ip-172-31-29-159 kernel: [    3.246622] evm: security.SMACK64
Oct 22 10:41:03 ip-172-31-29-159 kernel: [    3.250963] evm: security.SMACK64EXEC
Oct 22 10:41:03 ip-172-31-29-159 kernel: [    3.256231] evm: security.SMACK64TRANSMUTE
Oct 22 10:41:03 ip-172-31-29-159 kernel: [    3.262050] evm: security.SMACK64MMAP
Oct 22 10:41:03 ip-172-31-29-159 kernel: [    3.267457] evm: security.apparmor
Oct 22 10:41:03 ip-172-31-29-159 kernel: [    3.272595] evm: security.ima
Oct 22 10:41:03 ip-172-31-29-159 kernel: [    3.277061] evm: security.capability
Oct 22 10:41:03 ip-172-31-29-159 kernel: [    3.282109] evm: HMAC attrs: 0x1
Oct 22 10:41:03 ip-172-31-29-159 kernel: [    3.287104] xenbus_probe_frontend: Device with no driver: device/vif/0
Oct 22 10:41:03 ip-172-31-29-159 kernel: [    3.295719] PM:   Magic number: 9:869:679
Oct 22 10:41:03 ip-172-31-29-159 kernel: [    3.301491] rtc_cmos 00:02: setting system clock to 2021-10-22T10:40:50 UTC (1634899250)
Oct 22 10:41:03 ip-172-31-29-159 kernel: [    3.315243] Freeing unused decrypted memory: 2036K
Oct 22 10:41:03 ip-172-31-29-159 kernel: [    3.323068] Freeing unused kernel image memory: 2656K
Oct 22 10:41:03 ip-172-31-29-159 kernel: [    3.348630] Write protecting the kernel read-only data: 22528k
Oct 22 10:41:03 ip-172-31-29-159 kernel: [    3.357303] Freeing unused kernel image memory: 2008K
Oct 22 10:41:03 ip-172-31-29-159 kernel: [    3.363693] Freeing unused kernel image memory: 1488K
Oct 22 10:41:03 ip-172-31-29-159 kernel: [    3.379446] x86/mm: Checked W+X mappings: passed, no W+X pages found.
Oct 22 10:41:03 ip-172-31-29-159 kernel: [    3.390538] x86/mm: Checking user space page tables
Oct 22 10:41:03 ip-172-31-29-159 kernel: [    3.407238] x86/mm: Checked W+X mappings: passed, no W+X pages found.
Oct 22 10:41:03 ip-172-31-29-159 kernel: [    3.414799] Run /init as init process
Oct 22 10:41:03 ip-172-31-29-159 kernel: [    3.523909] cryptd: max_cpu_qlen set to 1000
Oct 22 10:41:03 ip-172-31-29-159 kernel: [    3.534600] AVX2 version of gcm_enc/dec engaged.
Oct 22 10:41:03 ip-172-31-29-159 kernel: [    3.541136] AES CTR mode by8 optimization enabled
Oct 22 10:41:03 ip-172-31-29-159 kernel: [    3.549225] xen_netfront: Initialising Xen virtual ethernet driver
Oct 22 10:41:03 ip-172-31-29-159 kernel: [    3.604613] tsc: Refined TSC clocksource calibration: 2299.999 MHz
Oct 22 10:41:03 ip-172-31-29-159 kernel: [    3.612733] clocksource: tsc: mask: 0xffffffffffffffff max_cycles: 0x2127345424d, max_idle_ns: 440795318347 ns
Oct 22 10:41:03 ip-172-31-29-159 kernel: [    5.332588] raid6: avx2x4   gen() 23384 MB/s
Oct 22 10:41:03 ip-172-31-29-159 kernel: [    5.384566] raid6: avx2x4   xor() 14431 MB/s
Oct 22 10:41:03 ip-172-31-29-159 kernel: [    5.436595] raid6: avx2x2   gen() 20164 MB/s
Oct 22 10:41:03 ip-172-31-29-159 kernel: [    5.488564] raid6: avx2x2   xor() 12201 MB/s
Oct 22 10:41:03 ip-172-31-29-159 kernel: [    5.540603] raid6: avx2x1   gen() 17695 MB/s
Oct 22 10:41:03 ip-172-31-29-159 kernel: [    5.592559] raid6: avx2x1   xor() 11654 MB/s
Oct 22 10:41:03 ip-172-31-29-159 kernel: [    5.644564] raid6: sse2x4   gen() 12842 MB/s
Oct 22 10:41:03 ip-172-31-29-159 kernel: [    5.696562] raid6: sse2x4   xor()  8109 MB/s
Oct 22 10:41:03 ip-172-31-29-159 kernel: [    5.748610] raid6: sse2x2   gen() 10862 MB/s
Oct 22 10:41:03 ip-172-31-29-159 kernel: [    5.800596] raid6: sse2x2   xor()  6889 MB/s
Oct 22 10:41:03 ip-172-31-29-159 kernel: [    5.852599] raid6: sse2x1   gen()  9112 MB/s
Oct 22 10:41:03 ip-172-31-29-159 kernel: [    5.904571] raid6: sse2x1   xor()  6295 MB/s
Oct 22 10:41:03 ip-172-31-29-159 kernel: [    5.909477] raid6: using algorithm avx2x4 gen() 23384 MB/s
Oct 22 10:41:03 ip-172-31-29-159 kernel: [    5.915506] raid6: .... xor() 14431 MB/s, rmw enabled
Oct 22 10:41:03 ip-172-31-29-159 kernel: [    5.921020] raid6: using avx2x2 recovery algorithm
Oct 22 10:41:03 ip-172-31-29-159 kernel: [    5.928012] xor: automatically using best checksumming function   avx       
Oct 22 10:41:03 ip-172-31-29-159 kernel: [    5.938813] async_tx: api initialized (async)
Oct 22 10:41:03 ip-172-31-29-159 kernel: [    6.006488] Btrfs loaded, crc32c=crc32c-intel
Oct 22 10:41:03 ip-172-31-29-159 kernel: [    6.079769] EXT4-fs (xvda1): mounted filesystem with ordered data mode. Opts: (null)
Oct 22 10:41:03 ip-172-31-29-159 kernel: [    6.760007] systemd[1]: systemd 237 running in system mode. (+PAM +AUDIT +SELINUX +IMA +APPARMOR +SMACK +SYSVINIT +UTMP +LIBCRYPTSETUP +GCRYPT +GNUTLS +ACL +XZ +LZ4 +SECCOMP +BLKID +ELFUTILS +KMOD -IDN2 +IDN -PCRE2 default-hierarchy=hybrid)
Oct 22 10:41:03 ip-172-31-29-159 kernel: [    6.780764] systemd[1]: Detected virtualization xen.
Oct 22 10:41:03 ip-172-31-29-159 kernel: [    6.786119] systemd[1]: Detected architecture x86-64.
Oct 22 10:41:03 ip-172-31-29-159 kernel: [    6.821546] systemd[1]: Set hostname to <ubuntu>.
Oct 22 10:41:03 ip-172-31-29-159 kernel: [    6.847319] systemd[1]: Initializing machine ID from random generator.
Oct 22 10:41:03 ip-172-31-29-159 kernel: [    6.855610] systemd[1]: Installed transient /etc/machine-id file.
Oct 22 10:41:03 ip-172-31-29-159 kernel: [    7.250883] systemd[1]: Started Forward Password Requests to Wall Directory Watch.
Oct 22 10:41:03 ip-172-31-29-159 kernel: [    7.265204] systemd[1]: Created slice System Slice.
Oct 22 10:41:03 ip-172-31-29-159 kernel: [    7.274786] systemd[1]: Listening on LVM2 poll daemon socket.
Oct 22 10:41:03 ip-172-31-29-159 kernel: [    7.285134] systemd[1]: Listening on udev Control Socket.
Oct 22 10:41:03 ip-172-31-29-159 kernel: [    7.456495] EXT4-fs (xvda1): re-mounted. Opts: discard
Oct 22 10:41:03 ip-172-31-29-159 kernel: [    7.462765] Loading iSCSI transport class v2.0-870.
Oct 22 10:41:03 ip-172-31-29-159 kernel: [    7.669075] systemd-journald[457]: Received request to flush runtime journal from PID 1
Oct 22 10:41:03 ip-172-31-29-159 kernel: [    7.681791] iscsi: registered transport (tcp)
Oct 22 10:41:03 ip-172-31-29-159 kernel: [    7.759737] iscsi: registered transport (iser)
Oct 22 10:41:03 ip-172-31-29-159 kernel: [    8.619745] audit: type=1400 audit(1634899255.812:2): apparmor="STATUS" operation="profile_load" profile="unconfined" name="/usr/bin/lxc-start" pid=725 comm="apparmor_parser"
Oct 22 10:41:03 ip-172-31-29-159 kernel: [    8.676827] audit: type=1400 audit(1634899255.872:3): apparmor="STATUS" operation="profile_load" profile="unconfined" name="/usr/bin/man" pid=723 comm="apparmor_parser"
Oct 22 10:41:03 ip-172-31-29-159 kernel: [    8.677160] audit: type=1400 audit(1634899255.872:4): apparmor="STATUS" operation="profile_load" profile="unconfined" name="man_filter" pid=723 comm="apparmor_parser"
Oct 22 10:41:03 ip-172-31-29-159 kernel: [    8.677527] audit: type=1400 audit(1634899255.872:5): apparmor="STATUS" operation="profile_load" profile="unconfined" name="man_groff" pid=723 comm="apparmor_parser"
Oct 22 10:41:03 ip-172-31-29-159 kernel: [    8.700734] audit: type=1400 audit(1634899255.896:6): apparmor="STATUS" operation="profile_load" profile="unconfined" name="/usr/sbin/tcpdump" pid=726 comm="apparmor_parser"
Oct 22 10:41:03 ip-172-31-29-159 kernel: [    8.767108] audit: type=1400 audit(1634899255.960:7): apparmor="STATUS" operation="profile_load" profile="unconfined" name="/sbin/dhclient" pid=724 comm="apparmor_parser"
Oct 22 10:41:03 ip-172-31-29-159 kernel: [    8.767576] audit: type=1400 audit(1634899255.960:8): apparmor="STATUS" operation="profile_load" profile="unconfined" name="/usr/lib/NetworkManager/nm-dhcp-client.action" pid=724 comm="apparmor_parser"
Oct 22 10:41:03 ip-172-31-29-159 kernel: [    8.768009] audit: type=1400 audit(1634899255.960:9): apparmor="STATUS" operation="profile_load" profile="unconfined" name="/usr/lib/NetworkManager/nm-dhcp-helper" pid=724 comm="apparmor_parser"
Oct 22 10:41:03 ip-172-31-29-159 kernel: [    8.768410] audit: type=1400 audit(1634899255.960:10): apparmor="STATUS" operation="profile_load" profile="unconfined" name="/usr/lib/connman/scripts/dhclient-script" pid=724 comm="apparmor_parser"
Oct 22 10:41:03 ip-172-31-29-159 kernel: [    8.830764] audit: type=1400 audit(1634899256.024:11): apparmor="STATUS" operation="profile_load" profile="unconfined" name="/usr/lib/snapd/snap-confine" pid=720 comm="apparmor_parser"
Oct 22 10:41:03 ip-172-31-29-159 kernel: [   14.166980] EXT4-fs (xvda1): resizing filesystem from 2096891 to 33554171 blocks
Oct 22 10:41:03 ip-172-31-29-159 kernel: [   14.960811] EXT4-fs (xvda1): resized filesystem to 33554171
Oct 22 10:41:03 ip-172-31-29-159 kernel: [   15.801690] new mount options do not match the existing superblock, will be ignored
Oct 22 10:41:03 ip-172-31-29-159 systemd[1]: Started LSB: automatic crash report generation.
Oct 22 10:41:03 ip-172-31-29-159 systemd[1]: Started Terminate Plymouth Boot Screen.
Oct 22 10:41:03 ip-172-31-29-159 systemd[1]: Started Hold until boot process finishes up.
Oct 22 10:41:03 ip-172-31-29-159 grub-common[1033]:    ...done.
Oct 22 10:41:03 ip-172-31-29-159 systemd[1]: Started LSB: Record successful boot for GRUB.
Oct 22 10:41:03 ip-172-31-29-159 systemd[1]: Started Serial Getty on ttyS0.
Oct 22 10:41:03 ip-172-31-29-159 systemd[1]: Starting Set console scheme...
Oct 22 10:41:03 ip-172-31-29-159 dbus-daemon[1002]: [system] Successfully activated service 'org.freedesktop.hostname1'
Oct 22 10:41:03 ip-172-31-29-159 systemd[1]: Started Hostname Service.
Oct 22 10:41:03 ip-172-31-29-159 polkitd[1130]: started daemon version 0.105 using authority implementation `local' version `0.105'
Oct 22 10:41:03 ip-172-31-29-159 dbus-daemon[1002]: [system] Successfully activated service 'org.freedesktop.PolicyKit1'
Oct 22 10:41:03 ip-172-31-29-159 accounts-daemon[1029]: started daemon version 0.6.45
Oct 22 10:41:03 ip-172-31-29-159 systemd[1]: Started Authorization Manager.
Oct 22 10:41:03 ip-172-31-29-159 systemd[1]: Started Accounts Service.
Oct 22 10:41:03 ip-172-31-29-159 systemd[1]: Started Set console scheme.
Oct 22 10:41:03 ip-172-31-29-159 systemd[1]: Created slice system-getty.slice.
Oct 22 10:41:03 ip-172-31-29-159 systemd[1]: Started Getty on tty1.
Oct 22 10:41:03 ip-172-31-29-159 systemd[1]: Reached target Login Prompts.
Oct 22 10:41:03 ip-172-31-29-159 networkd-dispatcher[1063]: No valid path found for iwconfig
Oct 22 10:41:03 ip-172-31-29-159 networkd-dispatcher[1063]: No valid path found for iw
Oct 22 10:41:03 ip-172-31-29-159 systemd[1]: Started Dispatcher daemon for systemd-networkd.
Oct 22 10:41:03 ip-172-31-29-159 snapd[1097]: AppArmor status: apparmor is enabled and all features are available
Oct 22 10:41:03 ip-172-31-29-159 snapd[1097]: daemon.go:347: started snapd/2.48.3+18.04 (series 16; classic) ubuntu/18.04 (amd64) linux/5.4.0-1045-aws.
Oct 22 10:41:03 ip-172-31-29-159 systemd[1]: Started LXD - container startup/shutdown.
Oct 22 10:41:03 ip-172-31-29-159 snapd[1097]: daemon.go:440: adjusting startup timeout by 30s (pessimistic estimate of 30s plus 5s per snap)
Oct 22 10:41:03 ip-172-31-29-159 snapd[1097]: helpers.go:105: error trying to compare the snap system key: system-key missing on disk
Oct 22 10:41:03 ip-172-31-29-159 systemd[1]: Started Snap Daemon.
Oct 22 10:41:03 ip-172-31-29-159 systemd[1]: Starting Wait until snapd is fully seeded...
Oct 22 10:41:04 ip-172-31-29-159 pollinate[1060]: client verified challenge/response with [https://entropy.ubuntu.com/]
Oct 22 10:41:04 ip-172-31-29-159 pollinate[1060]: client hashed response from [https://entropy.ubuntu.com/]
Oct 22 10:41:04 ip-172-31-29-159 pollinate[1060]: client successfully seeded [/dev/urandom]
Oct 22 10:41:04 ip-172-31-29-159 systemd[1]: Started Pollinate to seed the pseudo random number generator.
Oct 22 10:41:04 ip-172-31-29-159 systemd[1]: Starting OpenBSD Secure Shell server...
Oct 22 10:41:04 ip-172-31-29-159 systemd[1]: Started OpenBSD Secure Shell server.
Oct 22 10:41:07 ip-172-31-29-159 systemd[1]: Reloading.
Oct 22 10:41:07 ip-172-31-29-159 systemd[1]: Reloading.
Oct 22 10:41:07 ip-172-31-29-159 systemd[1]: Mounting Mount unit for snapd, revision 11588...
Oct 22 10:41:07 ip-172-31-29-159 systemd[1]: Mounted Mount unit for snapd, revision 11588.
Oct 22 10:41:07 ip-172-31-29-159 kernel: [   20.693823] kauditd_printk_skb: 5 callbacks suppressed
Oct 22 10:41:07 ip-172-31-29-159 kernel: [   20.693825] audit: type=1400 audit(1634899267.888:17): apparmor="STATUS" operation="profile_load" profile="unconfined" name="/snap/snapd/11588/usr/lib/snapd/snap-confine" pid=1683 comm="apparmor_parser"
Oct 22 10:41:07 ip-172-31-29-159 kernel: [   20.694004] audit: type=1400 audit(1634899267.888:18): apparmor="STATUS" operation="profile_load" profile="unconfined" name="/snap/snapd/11588/usr/lib/snapd/snap-confine//mount-namespace-capture-helper" pid=1683 comm="apparmor_parser"
Oct 22 10:41:08 ip-172-31-29-159 snapd[1097]: daemon.go:589: gracefully waiting for running hooks
Oct 22 10:41:08 ip-172-31-29-159 snapd[1097]: daemon.go:591: done waiting for running hooks
Oct 22 10:41:09 ip-172-31-29-159 systemd[1]: snapd.service: Service hold-off time over, scheduling restart.
Oct 22 10:41:09 ip-172-31-29-159 systemd[1]: snapd.service: Scheduled restart job, restart counter is at 1.
Oct 22 10:41:09 ip-172-31-29-159 systemd[1]: Stopped Snap Daemon.
Oct 22 10:41:09 ip-172-31-29-159 systemd[1]: Starting Snap Daemon...
Oct 22 10:41:09 ip-172-31-29-159 snapd[1722]: AppArmor status: apparmor is enabled and all features are available
Oct 22 10:41:10 ip-172-31-29-159 snapd[1722]: AppArmor status: apparmor is enabled and all features are available
Oct 22 10:41:10 ip-172-31-29-159 snapd[1722]: patch.go:64: Patching system state level 6 to sublevel 1...
Oct 22 10:41:10 ip-172-31-29-159 snapd[1722]: patch.go:64: Patching system state level 6 to sublevel 2...
Oct 22 10:41:10 ip-172-31-29-159 snapd[1722]: patch.go:64: Patching system state level 6 to sublevel 3...
Oct 22 10:41:10 ip-172-31-29-159 snapd[1722]: daemon.go:347: started snapd/2.49.2 (series 16; classic) ubuntu/18.04 (amd64) linux/5.4.0-1045-aws.
Oct 22 10:41:10 ip-172-31-29-159 snapd[1722]: daemon.go:440: adjusting startup timeout by 35s (pessimistic estimate of 30s plus 5s per snap)
Oct 22 10:41:10 ip-172-31-29-159 kernel: [   23.080382] audit: type=1400 audit(1634899270.272:19): apparmor="STATUS" operation="profile_replace" profile="unconfined" name="/snap/snapd/11588/usr/lib/snapd/snap-confine" pid=1794 comm="apparmor_parser"
Oct 22 10:41:10 ip-172-31-29-159 kernel: [   23.104666] audit: type=1400 audit(1634899270.300:20): apparmor="STATUS" operation="profile_replace" profile="unconfined" name="/snap/snapd/11588/usr/lib/snapd/snap-confine//mount-namespace-capture-helper" pid=1794 comm="apparmor_parser"
Oct 22 10:41:10 ip-172-31-29-159 systemd[1]: Started Snap Daemon.
Oct 22 10:41:11 ip-172-31-29-159 systemd[1]: Reloading.
Oct 22 10:41:11 ip-172-31-29-159 systemd[1]: Reloading.
Oct 22 10:41:11 ip-172-31-29-159 systemd[1]: Mounting Mount unit for core18, revision 1997...
Oct 22 10:41:11 ip-172-31-29-159 systemd[1]: Mounted Mount unit for core18, revision 1997.
Oct 22 10:41:11 ip-172-31-29-159 systemd[1]: Reloading.
Oct 22 10:41:11 ip-172-31-29-159 systemd[1]: Reloading.
Oct 22 10:41:11 ip-172-31-29-159 systemd[1]: Mounting Mount unit for amazon-ssm-agent, revision 3552...
Oct 22 10:41:11 ip-172-31-29-159 systemd[1]: Mounted Mount unit for amazon-ssm-agent, revision 3552.
Oct 22 10:41:11 ip-172-31-29-159 kernel: [   24.733816] audit: type=1400 audit(1634899271.928:21): apparmor="STATUS" operation="profile_load" profile="unconfined" name="snap.amazon-ssm-agent.amazon-ssm-agent" pid=2103 comm="apparmor_parser"
Oct 22 10:41:11 ip-172-31-29-159 kernel: [   24.733821] audit: type=1400 audit(1634899271.928:22): apparmor="STATUS" operation="profile_load" profile="unconfined" name="snap.amazon-ssm-agent.ssm-cli" pid=2104 comm="apparmor_parser"
Oct 22 10:41:11 ip-172-31-29-159 kernel: [   24.740816] audit: type=1400 audit(1634899271.936:23): apparmor="STATUS" operation="profile_load" profile="unconfined" name="snap-update-ns.amazon-ssm-agent" pid=2102 comm="apparmor_parser"
Oct 22 10:41:11 ip-172-31-29-159 systemd[1]: Reloading.
Oct 22 10:41:12 ip-172-31-29-159 systemd[1]: Reloading.
Oct 22 10:41:12 ip-172-31-29-159 systemd[1]: Started Service for snap application amazon-ssm-agent.amazon-ssm-agent.
Oct 22 10:41:13 ip-172-31-29-159 amazon-ssm-agent.amazon-ssm-agent[2160]: Error occurred fetching the seelog config file path:  open /etc/amazon/ssm/seelog.xml: no such file or directory
Oct 22 10:41:13 ip-172-31-29-159 amazon-ssm-agent.amazon-ssm-agent[2160]: Initializing new seelog logger
Oct 22 10:41:13 ip-172-31-29-159 amazon-ssm-agent.amazon-ssm-agent[2160]: New Seelog Logger Creation Complete
Oct 22 10:41:13 ip-172-31-29-159 amazon-ssm-agent.amazon-ssm-agent[2160]: 2021-10-22 10:41:13 WARN Error adding the directory '/etc/amazon/ssm' to watcher: no such file or directory
Oct 22 10:41:13 ip-172-31-29-159 amazon-ssm-agent.amazon-ssm-agent[2160]: 2021-10-22 10:41:13 INFO [amazon-ssm-agent] amazon-ssm-agent - v3.0.529.0
Oct 22 10:41:13 ip-172-31-29-159 amazon-ssm-agent.amazon-ssm-agent[2160]: 2021-10-22 10:41:13 INFO [amazon-ssm-agent] OS: linux, Arch: amd64
Oct 22 10:41:13 ip-172-31-29-159 systemd[1]: Started Wait until snapd is fully seeded.
Oct 22 10:41:13 ip-172-31-29-159 systemd[1]: Starting Apply the settings specified in cloud-config...
Oct 22 10:41:14 ip-172-31-29-159 amazon-ssm-agent.amazon-ssm-agent[2160]: 2021-10-22 10:41:14 INFO [amazon-ssm-agent] [LongRunningWorkerContainer] [WorkerProvider] Worker ssm-agent-worker is not running, starting worker process
Oct 22 10:41:14 ip-172-31-29-159 amazon-ssm-agent.amazon-ssm-agent[2160]: 2021-10-22 10:41:14 INFO [amazon-ssm-agent] [LongRunningWorkerContainer] [WorkerProvider] Worker ssm-agent-worker (pid:2260) started
Oct 22 10:41:14 ip-172-31-29-159 amazon-ssm-agent.amazon-ssm-agent[2160]: 2021-10-22 10:41:14 INFO [amazon-ssm-agent] [LongRunningWorkerContainer] Monitor long running worker health every 60 seconds
Oct 22 10:41:14 ip-172-31-29-159 cloud-init[2221]: Cloud-init v. 21.1-19-gbad84ad4-0ubuntu1~18.04.1 running 'modules:config' at Fri, 22 Oct 2021 10:41:14 +0000. Up 26.26 seconds.
Oct 22 10:41:14 ip-172-31-29-159 systemd[1]: Started Apply the settings specified in cloud-config.
Oct 22 10:41:14 ip-172-31-29-159 systemd[1]: Starting EC2 instance hibernation setup agent...
Oct 22 10:41:15 ip-172-31-29-159 /hibinit-agent: Instance Launch has not enabled Hibernation Configured Flag. hibinit-agent exiting!!
Oct 22 10:41:15 ip-172-31-29-159 hibinit-agent[2275]: Instance Launch has not enabled Hibernation Configured Flag. hibinit-agent exiting!!
Oct 22 10:41:15 ip-172-31-29-159 systemd[1]: Started EC2 instance hibernation setup agent.
Oct 22 10:41:15 ip-172-31-29-159 systemd[1]: Reached target Multi-User System.
Oct 22 10:41:15 ip-172-31-29-159 systemd[1]: Reached target Graphical Interface.
Oct 22 10:41:15 ip-172-31-29-159 systemd[1]: Starting Execute cloud user/final scripts...
Oct 22 10:41:15 ip-172-31-29-159 systemd[1]: Starting Update UTMP about System Runlevel Changes...
Oct 22 10:41:15 ip-172-31-29-159 systemd[1]: Started Update UTMP about System Runlevel Changes.
Oct 22 10:41:15 ip-172-31-29-159 ec2: 
Oct 22 10:41:15 ip-172-31-29-159 ec2: #############################################################
Oct 22 10:41:15 ip-172-31-29-159 ec2: -----BEGIN SSH HOST KEY FINGERPRINTS-----
Oct 22 10:41:15 ip-172-31-29-159 ec2: 1024 SHA256:PGy5nUpg7H2IuvKPXm4/28YY05Yn1GWSsUMBIPBFadY root@ip-172-31-29-159 (DSA)
Oct 22 10:41:15 ip-172-31-29-159 ec2: 256 SHA256:9GM9HMAEyxUcsry7WzpFcoLw15mqgjWEtUIsmbay2Tk root@ip-172-31-29-159 (ECDSA)
Oct 22 10:41:15 ip-172-31-29-159 ec2: 256 SHA256:LjbBlaAg0VdaxkHZ2Thbj0dMCVOkMJ2C+QAnDbFk7dE root@ip-172-31-29-159 (ED25519)
Oct 22 10:41:15 ip-172-31-29-159 ec2: 2048 SHA256:A3+1iLbauNY855B81rJ2NhY1kJ9J4TsUiWhfTcKTabw root@ip-172-31-29-159 (RSA)
Oct 22 10:41:15 ip-172-31-29-159 ec2: -----END SSH HOST KEY FINGERPRINTS-----
Oct 22 10:41:15 ip-172-31-29-159 ec2: #############################################################
Oct 22 10:41:15 ip-172-31-29-159 cloud-init[2293]: Cloud-init v. 21.1-19-gbad84ad4-0ubuntu1~18.04.1 running 'modules:final' at Fri, 22 Oct 2021 10:41:15 +0000. Up 27.49 seconds.
Oct 22 10:41:15 ip-172-31-29-159 cloud-init[2293]: Cloud-init v. 21.1-19-gbad84ad4-0ubuntu1~18.04.1 finished at Fri, 22 Oct 2021 10:41:15 +0000. Datasource DataSourceEc2Local.  Up 27.77 seconds
Oct 22 10:41:15 ip-172-31-29-159 systemd[1]: Started Execute cloud user/final scripts.
Oct 22 10:41:15 ip-172-31-29-159 systemd[1]: Reached target Cloud-init target.
Oct 22 10:41:15 ip-172-31-29-159 systemd[1]: Startup finished in 5.821s (kernel) + 22.028s (userspace) = 27.849s.
Oct 22 10:41:30 ip-172-31-29-159 systemd-timesyncd[643]: Synchronized to time server 91.189.89.198:123 (ntp.ubuntu.com).
Oct 22 10:49:41 ip-172-31-29-159 systemd[1]: Created slice User Slice of ubuntu.
Oct 22 10:49:41 ip-172-31-29-159 systemd[1]: Starting User Manager for UID 1000...
Oct 22 10:49:41 ip-172-31-29-159 systemd[1]: Started Session 1 of user ubuntu.
Oct 22 10:49:41 ip-172-31-29-159 systemd[2408]: Listening on REST API socket for snapd user session agent.
Oct 22 10:49:41 ip-172-31-29-159 systemd[2408]: Listening on GnuPG network certificate management daemon.
Oct 22 10:49:41 ip-172-31-29-159 systemd[2408]: Reached target Paths.
Oct 22 10:49:41 ip-172-31-29-159 systemd[2408]: Reached target Timers.
Oct 22 10:49:41 ip-172-31-29-159 systemd[2408]: Listening on GnuPG cryptographic agent and passphrase cache (access for web browsers).
Oct 22 10:49:41 ip-172-31-29-159 systemd[2408]: Listening on GnuPG cryptographic agent (ssh-agent emulation).
Oct 22 10:49:41 ip-172-31-29-159 systemd[2408]: Listening on GnuPG cryptographic agent and passphrase cache.
Oct 22 10:49:41 ip-172-31-29-159 systemd[2408]: Listening on GnuPG cryptographic agent and passphrase cache (restricted).
Oct 22 10:49:41 ip-172-31-29-159 systemd[2408]: Reached target Sockets.
Oct 22 10:49:41 ip-172-31-29-159 systemd[2408]: Reached target Basic System.
Oct 22 10:49:41 ip-172-31-29-159 systemd[2408]: Reached target Default.
Oct 22 10:49:41 ip-172-31-29-159 systemd[2408]: Startup finished in 114ms.
Oct 22 10:49:41 ip-172-31-29-159 systemd[1]: Started User Manager for UID 1000.
Oct 22 10:49:43 ip-172-31-29-159 systemd[1]: Started Session 3 of user ubuntu.
Oct 22 10:56:10 ip-172-31-29-159 systemd[1]: Starting Cleanup of Temporary Directories...
Oct 22 10:56:10 ip-172-31-29-159 systemd[1]: Started Cleanup of Temporary Directories.
Oct 22 11:05:38 ip-172-31-29-159 kernel: [ 1490.976177] SGI XFS with ACLs, security attributes, realtime, no debug enabled
Oct 22 11:10:58 ip-172-31-29-159 systemd-timesyncd[643]: Network configuration changed, trying to establish connection.
Oct 22 11:10:58 ip-172-31-29-159 systemd-networkd[823]: eth0: Configured
Oct 22 11:10:59 ip-172-31-29-159 systemd-timesyncd[643]: Synchronized to time server 91.189.89.198:123 (ntp.ubuntu.com).
Oct 22 11:17:01 ip-172-31-29-159 CRON[11597]: (root) CMD (   cd / && run-parts --report /etc/cron.hourly)
Oct 22 11:36:48 ip-172-31-29-159 systemd[1]: Stopping Authorization Manager...
Oct 22 11:36:48 ip-172-31-29-159 systemd[1]: Stopping ACPI event daemon...
Oct 22 11:37:29 ip-172-31-29-159 keyboard-setup.sh[549]: cannot open file /run/tmpkbd.1f9MVw
Oct 22 11:37:29 ip-172-31-29-159 systemd[1]: Started Uncomplicated firewall.
Oct 22 11:37:29 ip-172-31-29-159 systemd[1]: Started LVM2 metadata daemon.
Oct 22 11:37:29 ip-172-31-29-159 systemd-modules-load[580]: Inserted module 'iscsi_tcp'
Oct 22 11:37:29 ip-172-31-29-159 systemd[1]: Starting Flush Journal to Persistent Storage...
Oct 22 11:37:29 ip-172-31-29-159 systemd[1]: Starting Load/Save Random Seed...
Oct 22 11:37:29 ip-172-31-29-159 systemd[1]: Starting Create Static Device Nodes in /dev...
Oct 22 11:37:29 ip-172-31-29-159 systemd[1]: Started Monitoring of LVM2 mirrors, snapshots etc. using dmeventd or progress polling.
Oct 22 11:37:29 ip-172-31-29-159 systemd[1]: Started Load/Save Random Seed.
Oct 22 11:37:29 ip-172-31-29-159 systemd[1]: Started Create Static Device Nodes in /dev.
Oct 22 11:37:29 ip-172-31-29-159 systemd[1]: Starting udev Kernel Device Manager...
Oct 22 11:37:29 ip-172-31-29-159 systemd-modules-load[580]: Inserted module 'ib_iser'
Oct 22 11:37:29 ip-172-31-29-159 systemd[1]: Started Load Kernel Modules.
Oct 22 11:37:29 ip-172-31-29-159 systemd[1]: Starting Apply Kernel Variables...
Oct 22 11:37:29 ip-172-31-29-159 systemd[1]: Mounting FUSE Control File System...
Oct 22 11:37:29 ip-172-31-29-159 systemd[1]: Mounting Kernel Configuration File System...
Oct 22 11:37:29 ip-172-31-29-159 systemd[1]: Started udev Coldplug all Devices.
Oct 22 11:37:29 ip-172-31-29-159 systemd[1]: Mounted FUSE Control File System.
Oct 22 11:37:29 ip-172-31-29-159 systemd[1]: Mounted Kernel Configuration File System.
Oct 22 11:37:29 ip-172-31-29-159 systemd[1]: Started Apply Kernel Variables.
Oct 22 11:37:29 ip-172-31-29-159 systemd[1]: Started udev Kernel Device Manager.
