Oct 25 04:54:05 ip-172-31-19-109 keyboard-setup.sh[458]: cannot open file /run/tmpkbd.1f9MVw
Oct 25 04:54:05 ip-172-31-19-109 systemd[1]: Starting Flush Journal to Persistent Storage...
Oct 25 04:54:05 ip-172-31-19-109 systemd[1]: Started Create Static Device Nodes in /dev.
Oct 25 04:54:05 ip-172-31-19-109 systemd[1]: Started LVM2 metadata daemon.
Oct 25 04:54:05 ip-172-31-19-109 systemd[1]: Starting udev Kernel Device Manager...
Oct 25 04:54:05 ip-172-31-19-109 systemd[1]: Started Monitoring of LVM2 mirrors, snapshots etc. using dmeventd or progress polling.
Oct 25 04:54:05 ip-172-31-19-109 systemd-modules-load[470]: Inserted module 'iscsi_tcp'
Oct 25 04:54:05 ip-172-31-19-109 systemd[1]: Started udev Coldplug all Devices.
Oct 25 04:54:05 ip-172-31-19-109 systemd[1]: Started Flush Journal to Persistent Storage.
Oct 25 04:54:05 ip-172-31-19-109 systemd[1]: Started udev Kernel Device Manager.
Oct 25 04:54:05 ip-172-31-19-109 systemd-modules-load[470]: Inserted module 'ib_iser'
Oct 25 04:54:05 ip-172-31-19-109 systemd[1]: Started Load Kernel Modules.
Oct 25 04:54:05 ip-172-31-19-109 systemd[1]: Starting Apply Kernel Variables...
Oct 25 04:54:05 ip-172-31-19-109 systemd[1]: Mounting FUSE Control File System...
Oct 25 04:54:05 ip-172-31-19-109 systemd[1]: Mounting Kernel Configuration File System...
Oct 25 04:54:05 ip-172-31-19-109 systemd[1]: Mounted FUSE Control File System.
Oct 25 04:54:05 ip-172-31-19-109 systemd[1]: Mounted Kernel Configuration File System.
Oct 25 04:54:05 ip-172-31-19-109 systemd[1]: Started Apply Kernel Variables.
Oct 25 04:54:05 ip-172-31-19-109 systemd[1]: Found device /dev/ttyS0.
Oct 25 04:54:05 ip-172-31-19-109 systemd-udevd[534]: link_config: autonegotiation is unset or enabled, the speed and duplex are not writable.
Oct 25 04:54:05 ip-172-31-19-109 systemd[1]: Listening on Load/Save RF Kill Switch Status /dev/rfkill Watch.
Oct 25 04:54:05 ip-172-31-19-109 systemd-udevd[519]: link_config: autonegotiation is unset or enabled, the speed and duplex are not writable.
Oct 25 04:54:05 ip-172-31-19-109 systemd[1]: Started Set the console keyboard layout.
Oct 25 04:54:05 ip-172-31-19-109 systemd[1]: Reached target Local File Systems (Pre).
Oct 25 04:54:05 ip-172-31-19-109 systemd[1]: Reached target Local File Systems.
Oct 25 04:54:05 ip-172-31-19-109 systemd[1]: Starting Set console font and keymap...
Oct 25 04:54:05 ip-172-31-19-109 systemd[1]: Starting Create Volatile Files and Directories...
Oct 25 04:54:05 ip-172-31-19-109 systemd[1]: Starting AppArmor initialization...
Oct 25 04:54:05 ip-172-31-19-109 systemd[1]: Starting Tell Plymouth To Write Out Runtime Data...
Oct 25 04:54:05 ip-172-31-19-109 systemd[1]: Starting Commit a transient machine-id on disk...
Oct 25 04:54:05 ip-172-31-19-109 systemd[1]: Starting ebtables ruleset management...
Oct 25 04:54:05 ip-172-31-19-109 systemd[1]: Started Dispatch Password Requests to Console Directory Watch.
Oct 25 04:54:05 ip-172-31-19-109 systemd[1]: Reached target Local Encrypted Volumes.
Oct 25 04:54:05 ip-172-31-19-109 systemd[1]: Started Set console font and keymap.
Oct 25 04:54:05 ip-172-31-19-109 systemd[1]: Started Create Volatile Files and Directories.
Oct 25 04:54:05 ip-172-31-19-109 systemd[1]: Starting Update UTMP about System Boot/Shutdown...
Oct 25 04:54:05 ip-172-31-19-109 systemd[1]: Starting Network Time Synchronization...
Oct 25 04:54:05 ip-172-31-19-109 systemd[1]: Started Commit a transient machine-id on disk.
Oct 25 04:54:05 ip-172-31-19-109 systemd[1]: Started Update UTMP about System Boot/Shutdown.
Oct 25 04:54:05 ip-172-31-19-109 systemd[1]: Started Tell Plymouth To Write Out Runtime Data.
Oct 25 04:54:05 ip-172-31-19-109 systemd[1]: Started ebtables ruleset management.
Oct 25 04:54:05 ip-172-31-19-109 apparmor[598]:  * Starting AppArmor profiles
Oct 25 04:54:05 ip-172-31-19-109 systemd[1]: Started Network Time Synchronization.
Oct 25 04:54:05 ip-172-31-19-109 systemd[1]: Reached target System Time Synchronized.
Oct 25 04:54:05 ip-172-31-19-109 apparmor[598]: Skipping profile in /etc/apparmor.d/disable: usr.sbin.rsyslogd
Oct 25 04:54:05 ip-172-31-19-109 apparmor[598]:    ...done.
Oct 25 04:54:05 ip-172-31-19-109 systemd[1]: Started AppArmor initialization.
Oct 25 04:54:05 ip-172-31-19-109 systemd[1]: Starting Load AppArmor profiles managed internally by snapd...
Oct 25 04:54:05 ip-172-31-19-109 systemd[1]: Starting Initial cloud-init job (pre-networking)...
Oct 25 04:54:05 ip-172-31-19-109 snapd-apparmor[729]: find: ‘/var/lib/snapd/apparmor/profiles/’: No such file or directory
Oct 25 04:54:05 ip-172-31-19-109 systemd[1]: Started Load AppArmor profiles managed internally by snapd.
Oct 25 04:54:05 ip-172-31-19-109 dhclient[792]: Internet Systems Consortium DHCP Client 4.3.5
Oct 25 04:54:05 ip-172-31-19-109 dhclient[792]: Copyright 2004-2016 Internet Systems Consortium.
Oct 25 04:54:05 ip-172-31-19-109 dhclient[792]: All rights reserved.
Oct 25 04:54:05 ip-172-31-19-109 dhclient[792]: For info, please visit https://www.isc.org/software/dhcp/
Oct 25 04:54:05 ip-172-31-19-109 dhclient[792]: 
Oct 25 04:54:05 ip-172-31-19-109 dhclient[792]: Listening on LPF/eth0/02:c0:f4:a1:12:61
Oct 25 04:54:05 ip-172-31-19-109 dhclient[792]: Sending on   LPF/eth0/02:c0:f4:a1:12:61
Oct 25 04:54:05 ip-172-31-19-109 dhclient[792]: Sending on   Socket/fallback
Oct 25 04:54:05 ip-172-31-19-109 dhclient[792]: DHCPDISCOVER on eth0 to 255.255.255.255 port 67 interval 3 (xid=0xe1609369)
Oct 25 04:54:05 ip-172-31-19-109 dhclient[792]: DHCPREQUEST of 172.31.19.109 on eth0 to 255.255.255.255 port 67 (xid=0x699360e1)
Oct 25 04:54:05 ip-172-31-19-109 dhclient[792]: DHCPOFFER of 172.31.19.109 from 172.31.16.1
Oct 25 04:54:05 ip-172-31-19-109 dhclient[792]: DHCPACK of 172.31.19.109 from 172.31.16.1
Oct 25 04:54:05 ip-172-31-19-109 dhclient[792]: bound to 172.31.19.109 -- renewal in 1411 seconds.
Oct 25 04:54:05 ip-172-31-19-109 cloud-init[734]: Cloud-init v. 21.1-19-gbad84ad4-0ubuntu1~18.04.1 running 'init-local' at Mon, 25 Oct 2021 04:54:00 +0000. Up 10.28 seconds.
Oct 25 04:54:05 ip-172-31-19-109 systemd[1]: Started Initial cloud-init job (pre-networking).
Oct 25 04:54:05 ip-172-31-19-109 systemd[1]: Reached target Network (Pre).
Oct 25 04:54:05 ip-172-31-19-109 systemd[1]: Starting Network Service...
Oct 25 04:54:05 ip-172-31-19-109 systemd-networkd[816]: Enumeration completed
Oct 25 04:54:05 ip-172-31-19-109 systemd[1]: Started Network Service.
Oct 25 04:54:05 ip-172-31-19-109 systemd-networkd[816]: eth0: Link UP
Oct 25 04:54:05 ip-172-31-19-109 systemd-networkd[816]: eth0: Gained carrier
Oct 25 04:54:05 ip-172-31-19-109 systemd-timesyncd[628]: Network configuration changed, trying to establish connection.
Oct 25 04:54:05 ip-172-31-19-109 systemd-networkd[816]: eth0: Link DOWN
Oct 25 04:54:05 ip-172-31-19-109 systemd-networkd[816]: eth0: Lost carrier
Oct 25 04:54:05 ip-172-31-19-109 systemd-networkd[816]: eth0: Removing non-existent address: fe80::c0:f4ff:fea1:1261/64 (valid forever), ignoring
Oct 25 04:54:05 ip-172-31-19-109 systemd-networkd[816]: eth0: IPv6 successfully enabled
Oct 25 04:54:05 ip-172-31-19-109 systemd-networkd[816]: lo: Link is not managed by us
Oct 25 04:54:05 ip-172-31-19-109 systemd[1]: Starting Wait for Network to be Configured...
Oct 25 04:54:05 ip-172-31-19-109 systemd-networkd[816]: eth0: Link UP
Oct 25 04:54:05 ip-172-31-19-109 systemd[1]: Starting Network Name Resolution...
Oct 25 04:54:05 ip-172-31-19-109 systemd-networkd-wait-online[845]: ignoring: lo
Oct 25 04:54:05 ip-172-31-19-109 systemd-networkd[816]: eth0: Gained carrier
Oct 25 04:54:05 ip-172-31-19-109 systemd-networkd-wait-online[845]: ignoring: lo
Oct 25 04:54:05 ip-172-31-19-109 systemd-networkd[816]: eth0: DHCPv4 address 172.31.19.109/20 via 172.31.16.1
Oct 25 04:54:05 ip-172-31-19-109 systemd-networkd[816]: Not connected to system bus, not setting hostname.
Oct 25 04:54:05 ip-172-31-19-109 systemd-networkd-wait-online[845]: ignoring: lo
Oct 25 04:54:05 ip-172-31-19-109 systemd-networkd-wait-online[845]: message repeated 2 times: [ ignoring: lo]
Oct 25 04:54:05 ip-172-31-19-109 systemd-timesyncd[628]: Network configuration changed, trying to establish connection.
Oct 25 04:54:05 ip-172-31-19-109 systemd-resolved[849]: Positive Trust Anchors:
Oct 25 04:54:05 ip-172-31-19-109 systemd-resolved[849]: . IN DS 19036 8 2 49aac11d7b6f6446702e54a1607371607a1a41855200fd2ce1cdde32f24e8fb5
Oct 25 04:54:05 ip-172-31-19-109 systemd-resolved[849]: . IN DS 20326 8 2 e06d44b80b8f1d39a95c0b0d7c65d08458e880409bbc683457104237c7f8ec8d
Oct 25 04:54:05 ip-172-31-19-109 systemd-resolved[849]: Negative trust anchors: 10.in-addr.arpa 16.172.in-addr.arpa 17.172.in-addr.arpa 18.172.in-addr.arpa 19.172.in-addr.arpa 20.172.in-addr.arpa 21.172.in-addr.arpa 22.172.in-addr.arpa 23.172.in-addr.arpa 24.172.in-addr.arpa 25.172.in-addr.arpa 26.172.in-addr.arpa 27.172.in-addr.arpa 28.172.in-addr.arpa 29.172.in-addr.arpa 30.172.in-addr.arpa 31.172.in-addr.arpa 168.192.in-addr.arpa d.f.ip6.arpa corp home internal intranet lan local private test
Oct 25 04:54:05 ip-172-31-19-109 systemd-resolved[849]: Using system hostname 'ip-172-31-19-109'.
Oct 25 04:54:05 ip-172-31-19-109 systemd[1]: Started Network Name Resolution.
Oct 25 04:54:05 ip-172-31-19-109 systemd[1]: Reached target Host and Network Name Lookups.
Oct 25 04:54:05 ip-172-31-19-109 systemd[1]: Reached target Network.
Oct 25 04:54:05 ip-172-31-19-109 systemd-networkd[816]: eth0: Gained IPv6LL
Oct 25 04:54:05 ip-172-31-19-109 systemd-networkd[816]: eth0: Configured
Oct 25 04:54:05 ip-172-31-19-109 systemd-networkd-wait-online[845]: ignoring: lo
Oct 25 04:54:05 ip-172-31-19-109 systemd-networkd-wait-online[845]: managing: eth0
Oct 25 04:54:05 ip-172-31-19-109 systemd-timesyncd[628]: Network configuration changed, trying to establish connection.
Oct 25 04:54:05 ip-172-31-19-109 systemd[1]: Started Wait for Network to be Configured.
Oct 25 04:54:05 ip-172-31-19-109 systemd[1]: Starting Initial cloud-init job (metadata service crawler)...
Oct 25 04:54:05 ip-172-31-19-109 cloud-init[869]: Cloud-init v. 21.1-19-gbad84ad4-0ubuntu1~18.04.1 running 'init' at Mon, 25 Oct 2021 04:54:03 +0000. Up 12.82 seconds.
Oct 25 04:54:05 ip-172-31-19-109 cloud-init[869]: ci-info: ++++++++++++++++++++++++++++++++++++++Net device info++++++++++++++++++++++++++++++++++++++
Oct 25 04:54:05 ip-172-31-19-109 cloud-init[869]: ci-info: +--------+------+----------------------------+---------------+--------+-------------------+
Oct 25 04:54:05 ip-172-31-19-109 cloud-init[869]: ci-info: | Device |  Up  |          Address           |      Mask     | Scope  |     Hw-Address    |
Oct 25 04:54:05 ip-172-31-19-109 cloud-init[869]: ci-info: +--------+------+----------------------------+---------------+--------+-------------------+
Oct 25 04:54:05 ip-172-31-19-109 cloud-init[869]: ci-info: |  eth0  | True |       172.31.19.109        | 255.255.240.0 | global | 02:c0:f4:a1:12:61 |
Oct 25 04:54:05 ip-172-31-19-109 cloud-init[869]: ci-info: |  eth0  | True | fe80::c0:f4ff:fea1:1261/64 |       .       |  link  | 02:c0:f4:a1:12:61 |
Oct 25 04:54:05 ip-172-31-19-109 cloud-init[869]: ci-info: |   lo   | True |         127.0.0.1          |   255.0.0.0   |  host  |         .         |
Oct 25 04:54:05 ip-172-31-19-109 cloud-init[869]: ci-info: |   lo   | True |          ::1/128           |       .       |  host  |         .         |
Oct 25 04:54:05 ip-172-31-19-109 cloud-init[869]: ci-info: +--------+------+----------------------------+---------------+--------+-------------------+
Oct 25 04:54:05 ip-172-31-19-109 cloud-init[869]: ci-info: ++++++++++++++++++++++++++++++Route IPv4 info++++++++++++++++++++++++++++++
Oct 25 04:54:05 ip-172-31-19-109 cloud-init[869]: ci-info: +-------+-------------+-------------+-----------------+-----------+-------+
Oct 25 04:54:05 ip-172-31-19-109 cloud-init[869]: ci-info: | Route | Destination |   Gateway   |     Genmask     | Interface | Flags |
Oct 25 04:54:05 ip-172-31-19-109 cloud-init[869]: ci-info: +-------+-------------+-------------+-----------------+-----------+-------+
Oct 25 04:54:05 ip-172-31-19-109 cloud-init[869]: ci-info: |   0   |   0.0.0.0   | 172.31.16.1 |     0.0.0.0     |    eth0   |   UG  |
Oct 25 04:54:05 ip-172-31-19-109 cloud-init[869]: ci-info: |   1   | 172.31.16.0 |   0.0.0.0   |  255.255.240.0  |    eth0   |   U   |
Oct 25 04:54:05 ip-172-31-19-109 cloud-init[869]: ci-info: |   2   | 172.31.16.1 |   0.0.0.0   | 255.255.255.255 |    eth0   |   UH  |
Oct 25 04:54:05 ip-172-31-19-109 cloud-init[869]: ci-info: +-------+-------------+-------------+-----------------+-----------+-------+
Oct 25 04:54:05 ip-172-31-19-109 cloud-init[869]: ci-info: +++++++++++++++++++Route IPv6 info+++++++++++++++++++
Oct 25 04:54:05 ip-172-31-19-109 cloud-init[869]: ci-info: +-------+-------------+---------+-----------+-------+
Oct 25 04:54:05 ip-172-31-19-109 cloud-init[869]: ci-info: | Route | Destination | Gateway | Interface | Flags |
Oct 25 04:54:05 ip-172-31-19-109 cloud-init[869]: ci-info: +-------+-------------+---------+-----------+-------+
Oct 25 04:54:05 ip-172-31-19-109 cloud-init[869]: ci-info: |   1   |  fe80::/64  |    ::   |    eth0   |   U   |
Oct 25 04:54:05 ip-172-31-19-109 cloud-init[869]: ci-info: |   3   |    local    |    ::   |    eth0   |   U   |
Oct 25 04:54:05 ip-172-31-19-109 cloud-init[869]: ci-info: |   4   |  multicast  |    ::   |    eth0   |   U   |
Oct 25 04:54:05 ip-172-31-19-109 cloud-init[869]: ci-info: +-------+-------------+---------+-----------+-------+
Oct 25 04:54:05 ip-172-31-19-109 cloud-init[869]: Generating public/private rsa key pair.
Oct 25 04:54:05 ip-172-31-19-109 cloud-init[869]: Your identification has been saved in /etc/ssh/ssh_host_rsa_key.
Oct 25 04:54:05 ip-172-31-19-109 cloud-init[869]: Your public key has been saved in /etc/ssh/ssh_host_rsa_key.pub.
Oct 25 04:54:05 ip-172-31-19-109 cloud-init[869]: The key fingerprint is:
Oct 25 04:54:05 ip-172-31-19-109 cloud-init[869]: SHA256:a1SkOqLyEmg4Y6/GCZ7aPGmz+VrElO+2+bD4edOSHuo root@ip-172-31-19-109
Oct 25 04:54:05 ip-172-31-19-109 cloud-init[869]: The key's randomart image is:
Oct 25 04:54:05 ip-172-31-19-109 cloud-init[869]: +---[RSA 2048]----+
Oct 25 04:54:05 ip-172-31-19-109 cloud-init[869]: |          .      |
Oct 25 04:54:05 ip-172-31-19-109 cloud-init[869]: |     .   o       |
Oct 25 04:54:05 ip-172-31-19-109 cloud-init[869]: |    o   . .      |
Oct 25 04:54:05 ip-172-31-19-109 cloud-init[869]: |   o . . .       |
Oct 25 04:54:05 ip-172-31-19-109 cloud-init[869]: |o   + + S        |
Oct 25 04:54:05 ip-172-31-19-109 cloud-init[869]: |Bo o o o .       |
Oct 25 04:54:05 ip-172-31-19-109 cloud-init[869]: |B+=.. + +o       |
Oct 25 04:54:05 ip-172-31-19-109 cloud-init[869]: |.@=+ o O=..      |
Oct 25 04:54:05 ip-172-31-19-109 cloud-init[869]: |++O*ooE+oo       |
Oct 25 04:54:05 ip-172-31-19-109 cloud-init[869]: +----[SHA256]-----+
Oct 25 04:54:05 ip-172-31-19-109 cloud-init[869]: Generating public/private dsa key pair.
Oct 25 04:54:05 ip-172-31-19-109 cloud-init[869]: Your identification has been saved in /etc/ssh/ssh_host_dsa_key.
Oct 25 04:54:05 ip-172-31-19-109 cloud-init[869]: Your public key has been saved in /etc/ssh/ssh_host_dsa_key.pub.
Oct 25 04:54:05 ip-172-31-19-109 cloud-init[869]: The key fingerprint is:
Oct 25 04:54:05 ip-172-31-19-109 cloud-init[869]: SHA256:nQgSgGJKeBVXAOdKMjymry1fnO56oc+0faBAje5cj5U root@ip-172-31-19-109
Oct 25 04:54:05 ip-172-31-19-109 cloud-init[869]: The key's randomart image is:
Oct 25 04:54:05 ip-172-31-19-109 cloud-init[869]: +---[DSA 1024]----+
Oct 25 04:54:05 ip-172-31-19-109 cloud-init[869]: |...o=o+o.        |
Oct 25 04:54:05 ip-172-31-19-109 cloud-init[869]: |++.  =           |
Oct 25 04:54:05 ip-172-31-19-109 cloud-init[869]: |=.*oo o          |
Oct 25 04:54:05 ip-172-31-19-109 cloud-init[869]: |.oo=.o . o .     |
Oct 25 04:54:05 ip-172-31-19-109 cloud-init[869]: |.o  .  .S o      |
Oct 25 04:54:05 ip-172-31-19-109 cloud-init[869]: | .o.o.E          |
Oct 25 04:54:05 ip-172-31-19-109 cloud-init[869]: | o.+=* .         |
Oct 25 04:54:05 ip-172-31-19-109 cloud-init[869]: |.o+=+o. .        |
Oct 25 04:54:05 ip-172-31-19-109 cloud-init[869]: |.o+=* ..         |
Oct 25 04:54:05 ip-172-31-19-109 cloud-init[869]: +----[SHA256]-----+
Oct 25 04:54:05 ip-172-31-19-109 cloud-init[869]: Generating public/private ecdsa key pair.
Oct 25 04:54:05 ip-172-31-19-109 cloud-init[869]: Your identification has been saved in /etc/ssh/ssh_host_ecdsa_key.
Oct 25 04:54:05 ip-172-31-19-109 cloud-init[869]: Your public key has been saved in /etc/ssh/ssh_host_ecdsa_key.pub.
Oct 25 04:54:05 ip-172-31-19-109 cloud-init[869]: The key fingerprint is:
Oct 25 04:54:05 ip-172-31-19-109 cloud-init[869]: SHA256:68v7xx+K/IGM5+3/Yc9+YDZ5xInU/vpwITPmTfq3vBc root@ip-172-31-19-109
Oct 25 04:54:05 ip-172-31-19-109 cloud-init[869]: The key's randomart image is:
Oct 25 04:54:05 ip-172-31-19-109 cloud-init[869]: +---[ECDSA 256]---+
Oct 25 04:54:05 ip-172-31-19-109 cloud-init[869]: |              .  |
Oct 25 04:54:05 ip-172-31-19-109 cloud-init[869]: |             . . |
Oct 25 04:54:05 ip-172-31-19-109 cloud-init[869]: |            . o..|
Oct 25 04:54:05 ip-172-31-19-109 cloud-init[869]: |             . oo|
Oct 25 04:54:05 ip-172-31-19-109 cloud-init[869]: |        S    = =.|
Oct 25 04:54:05 ip-172-31-19-109 cloud-init[869]: |         + .o &E+|
Oct 25 04:54:05 ip-172-31-19-109 cloud-init[869]: |        o +..=oOo|
Oct 25 04:54:05 ip-172-31-19-109 cloud-init[869]: |       o + ooo==*|
Oct 25 04:54:05 ip-172-31-19-109 cloud-init[869]: |        =+=+=ooO%|
Oct 25 04:54:05 ip-172-31-19-109 cloud-init[869]: +----[SHA256]-----+
Oct 25 04:54:05 ip-172-31-19-109 cloud-init[869]: Generating public/private ed25519 key pair.
Oct 25 04:54:05 ip-172-31-19-109 cloud-init[869]: Your identification has been saved in /etc/ssh/ssh_host_ed25519_key.
Oct 25 04:54:05 ip-172-31-19-109 cloud-init[869]: Your public key has been saved in /etc/ssh/ssh_host_ed25519_key.pub.
Oct 25 04:54:05 ip-172-31-19-109 cloud-init[869]: The key fingerprint is:
Oct 25 04:54:05 ip-172-31-19-109 cloud-init[869]: SHA256:LibH2rJkX+CBuSU5dqVkiM4qfM2M7Xs0qoGlefaQ+Hw root@ip-172-31-19-109
Oct 25 04:54:05 ip-172-31-19-109 cloud-init[869]: The key's randomart image is:
Oct 25 04:54:05 ip-172-31-19-109 cloud-init[869]: +--[ED25519 256]--+
Oct 25 04:54:05 ip-172-31-19-109 cloud-init[869]: |                 |
Oct 25 04:54:05 ip-172-31-19-109 cloud-init[869]: |   . .           |
Oct 25 04:54:05 ip-172-31-19-109 cloud-init[869]: |  . . o .        |
Oct 25 04:54:05 ip-172-31-19-109 cloud-init[869]: | o   * o         |
Oct 25 04:54:05 ip-172-31-19-109 cloud-init[869]: |  o.B * S        |
Oct 25 04:54:05 ip-172-31-19-109 cloud-init[869]: |..*.BO *         |
Oct 25 04:54:05 ip-172-31-19-109 cloud-init[869]: |o* O==O +        |
Oct 25 04:54:05 ip-172-31-19-109 cloud-init[869]: |. *o*E +         |
Oct 25 04:54:05 ip-172-31-19-109 systemd[1]: Started Initial cloud-init job (metadata service crawler).
Oct 25 04:54:05 ip-172-31-19-109 cloud-init[869]: |   +=*=          |
Oct 25 04:54:05 ip-172-31-19-109 cloud-init[869]: +----[SHA256]-----+
Oct 25 04:54:05 ip-172-31-19-109 systemd[1]: Reached target Network is Online.
Oct 25 04:54:05 ip-172-31-19-109 systemd[1]: Starting Availability of block devices...
Oct 25 04:54:05 ip-172-31-19-109 systemd[1]: Reached target Remote File Systems (Pre).
Oct 25 04:54:05 ip-172-31-19-109 systemd[1]: Reached target Remote File Systems.
Oct 25 04:54:05 ip-172-31-19-109 systemd[1]: Reached target System Initialization.
Oct 25 04:54:05 ip-172-31-19-109 systemd[1]: Started Discard unused blocks once a week.
Oct 25 04:54:05 ip-172-31-19-109 systemd[1]: Starting LXD - unix socket.
Oct 25 04:54:05 ip-172-31-19-109 systemd[1]: Started Daily Cleanup of Temporary Directories.
Oct 25 04:54:05 ip-172-31-19-109 systemd[1]: Listening on ACPID Listen Socket.
Oct 25 04:54:05 ip-172-31-19-109 systemd[1]: Starting Socket activation for snappy daemon.
Oct 25 04:54:05 ip-172-31-19-109 systemd[1]: Started ACPI Events Check.
Oct 25 04:54:05 ip-172-31-19-109 systemd[1]: Reached target Paths.
Oct 25 04:54:05 ip-172-31-19-109 systemd[1]: Listening on D-Bus System Message Bus Socket.
Oct 25 04:54:05 ip-172-31-19-109 systemd[1]: Listening on Open-iSCSI iscsid Socket.
Oct 25 04:54:05 ip-172-31-19-109 systemd[1]: Started Daily apt download activities.
Oct 25 04:54:05 ip-172-31-19-109 systemd[1]: Started Daily apt upgrade and clean activities.
Oct 25 04:54:05 ip-172-31-19-109 systemd[1]: Listening on UUID daemon activation socket.
Oct 25 04:54:05 ip-172-31-19-109 systemd[1]: Started Message of the Day.
Oct 25 04:54:05 ip-172-31-19-109 systemd[1]: Reached target Timers.
Oct 25 04:54:05 ip-172-31-19-109 systemd[1]: Reached target Cloud-config availability.
Oct 25 04:54:05 ip-172-31-19-109 systemd[1]: Listening on LXD - unix socket.
Oct 25 04:54:05 ip-172-31-19-109 systemd[1]: Listening on Socket activation for snappy daemon.
Oct 25 04:54:05 ip-172-31-19-109 systemd[1]: Started Availability of block devices.
Oct 25 04:54:05 ip-172-31-19-109 systemd[1]: Reached target Sockets.
Oct 25 04:54:05 ip-172-31-19-109 systemd[1]: Reached target Basic System.
Oct 25 04:54:05 ip-172-31-19-109 systemd[1]: Started D-Bus System Message Bus.
Oct 25 04:54:05 ip-172-31-19-109 dbus-daemon[989]: [system] AppArmor D-Bus mediation is enabled
Oct 25 04:54:05 ip-172-31-19-109 dbus-daemon[989]: [system] Activating via systemd: service name='org.freedesktop.hostname1' unit='dbus-org.freedesktop.hostname1.service' requested by ':1.2' (uid=100 pid=816 comm="/lib/systemd/systemd-networkd " label="unconfined")
Oct 25 04:54:05 ip-172-31-19-109 systemd[1]: Starting System Logging Service...
Oct 25 04:54:05 ip-172-31-19-109 systemd[1]: Starting LSB: Record successful boot for GRUB...
Oct 25 04:54:05 ip-172-31-19-109 systemd[1]: Starting Pollinate to seed the pseudo random number generator...
Oct 25 04:54:05 ip-172-31-19-109 systemd[1]: Started FUSE filesystem for LXC.
Oct 25 04:54:05 ip-172-31-19-109 systemd[1]: Started ACPI event daemon.
Oct 25 04:54:05 ip-172-31-19-109 systemd[1]: Starting LXD - container startup/shutdown...
Oct 25 04:54:05 ip-172-31-19-109 systemd[1]: Started Regular background program processing daemon.
Oct 25 04:54:05 ip-172-31-19-109 systemd[1]: Starting Login Service...
Oct 25 04:54:05 ip-172-31-19-109 acpid: starting up with netlink and the input layer
Oct 25 04:54:05 ip-172-31-19-109 acpid: 2 rules loaded
Oct 25 04:54:05 ip-172-31-19-109 acpid: waiting for events: event logging is off
Oct 25 04:54:05 ip-172-31-19-109 systemd[1]: Started irqbalance daemon.
Oct 25 04:54:05 ip-172-31-19-109 systemd[1]: Starting LSB: automatic crash report generation...
Oct 25 04:54:05 ip-172-31-19-109 systemd[1]: Started Deferred execution scheduler.
Oct 25 04:54:05 ip-172-31-19-109 cron[1063]: (CRON) INFO (pidfile fd = 3)
Oct 25 04:54:05 ip-172-31-19-109 systemd[1]: Starting Dispatcher daemon for systemd-networkd...
Oct 25 04:54:05 ip-172-31-19-109 lxcfs[1040]: mount namespace: 5
Oct 25 04:54:05 ip-172-31-19-109 lxcfs[1040]: hierarchies:
Oct 25 04:54:05 ip-172-31-19-109 lxcfs[1040]:   0: fd:   6: devices
Oct 25 04:54:05 ip-172-31-19-109 lxcfs[1040]:   1: fd:   7: memory
Oct 25 04:54:05 ip-172-31-19-109 lxcfs[1040]:   2: fd:   8: rdma
Oct 25 04:54:05 ip-172-31-19-109 lxcfs[1040]:   3: fd:   9: freezer
Oct 25 04:54:05 ip-172-31-19-109 lxcfs[1040]:   4: fd:  10: blkio
Oct 25 04:54:05 ip-172-31-19-109 lxcfs[1040]:   5: fd:  11: hugetlb
Oct 25 04:54:05 ip-172-31-19-109 lxcfs[1040]:   6: fd:  12: cpuset
Oct 25 04:54:05 ip-172-31-19-109 lxcfs[1040]:   7: fd:  13: cpu,cpuacct
Oct 25 04:54:05 ip-172-31-19-109 lxcfs[1040]:   8: fd:  14: perf_event
Oct 25 04:54:05 ip-172-31-19-109 lxcfs[1040]:   9: fd:  15: pids
Oct 25 04:54:05 ip-172-31-19-109 lxcfs[1040]:  10: fd:  16: net_cls,net_prio
Oct 25 04:54:05 ip-172-31-19-109 lxcfs[1040]:  11: fd:  17: name=systemd
Oct 25 04:54:05 ip-172-31-19-109 lxcfs[1040]:  12: fd:  18: unified
Oct 25 04:54:05 ip-172-31-19-109 cron[1063]: (CRON) INFO (Running @reboot jobs)
Oct 25 04:54:05 ip-172-31-19-109 systemd[1]: Starting Accounts Service...
Oct 25 04:54:05 ip-172-31-19-109 systemd[1]: Starting Permit User Sessions...
Oct 25 04:54:05 ip-172-31-19-109 systemd[1]: Starting Snap Daemon...
Oct 25 04:54:05 ip-172-31-19-109 systemd[1]: Started Permit User Sessions.
Oct 25 04:54:05 ip-172-31-19-109 grub-common[1026]:  * Recording successful boot for GRUB
Oct 25 04:54:05 ip-172-31-19-109 systemd[1]: Started Login Service.
Oct 25 04:54:05 ip-172-31-19-109 apport[1076]:  * Starting automatic crash report generation: apport
Oct 25 04:54:05 ip-172-31-19-109 systemd[1]: Started Unattended Upgrades Shutdown.
Oct 25 04:54:05 ip-172-31-19-109 systemd[1]: Starting Hostname Service...
Oct 25 04:54:05 ip-172-31-19-109 systemd[1]: Starting Terminate Plymouth Boot Screen...
Oct 25 04:54:05 ip-172-31-19-109 systemd[1]: Starting Hold until boot process finishes up...
Oct 25 04:54:05 ip-172-31-19-109 systemd[1]: Started Hold until boot process finishes up.
Oct 25 04:54:05 ip-172-31-19-109 systemd[1]: Starting Set console scheme...
Oct 25 04:54:05 ip-172-31-19-109 pollinate[1034]: client sent challenge to [https://entropy.ubuntu.com/]
Oct 25 04:54:05 ip-172-31-19-109 systemd[1]: Started Serial Getty on ttyS0.
Oct 25 04:54:05 ip-172-31-19-109 apport[1076]:    ...done.
Oct 25 04:54:05 ip-172-31-19-109 systemd[1]: Started LSB: automatic crash report generation.
Oct 25 04:54:05 ip-172-31-19-109 dbus-daemon[989]: [system] Successfully activated service 'org.freedesktop.hostname1'
Oct 25 04:54:05 ip-172-31-19-109 systemd[1]: Started Terminate Plymouth Boot Screen.
Oct 25 04:54:05 ip-172-31-19-109 systemd[1]: Started Set console scheme.
Oct 25 04:54:05 ip-172-31-19-109 rsyslogd: imuxsock: Acquired UNIX socket '/run/systemd/journal/syslog' (fd 3) from systemd.  [v8.32.0]
Oct 25 04:54:05 ip-172-31-19-109 rsyslogd: rsyslogd's groupid changed to 106
Oct 25 04:54:05 ip-172-31-19-109 rsyslogd: rsyslogd's userid changed to 102
Oct 25 04:54:05 ip-172-31-19-109 rsyslogd:  [origin software="rsyslogd" swVersion="8.32.0" x-pid="1019" x-info="http://www.rsyslog.com"] start
Oct 25 04:54:05 ip-172-31-19-109 kernel: [    0.000000] Linux version 5.4.0-1045-aws (buildd@lgw01-amd64-003) (gcc version 7.5.0 (Ubuntu 7.5.0-3ubuntu1~18.04)) #47~18.04.1-Ubuntu SMP Tue Apr 13 15:58:14 UTC 2021 (Ubuntu 5.4.0-1045.47~18.04.1-aws 5.4.101)
Oct 25 04:54:05 ip-172-31-19-109 kernel: [    0.000000] Command line: BOOT_IMAGE=/boot/vmlinuz-5.4.0-1045-aws root=LABEL=cloudimg-rootfs ro console=tty1 console=ttyS0 nvme_core.io_timeout=4294967295
Oct 25 04:54:05 ip-172-31-19-109 kernel: [    0.000000] KERNEL supported cpus:
Oct 25 04:54:05 ip-172-31-19-109 kernel: [    0.000000]   Intel GenuineIntel
Oct 25 04:54:05 ip-172-31-19-109 kernel: [    0.000000]   AMD AuthenticAMD
Oct 25 04:54:05 ip-172-31-19-109 kernel: [    0.000000]   Hygon HygonGenuine
Oct 25 04:54:05 ip-172-31-19-109 kernel: [    0.000000]   Centaur CentaurHauls
Oct 25 04:54:05 ip-172-31-19-109 kernel: [    0.000000]   zhaoxin   Shanghai  
Oct 25 04:54:05 ip-172-31-19-109 kernel: [    0.000000] x86/fpu: Supporting XSAVE feature 0x001: 'x87 floating point registers'
Oct 25 04:54:05 ip-172-31-19-109 kernel: [    0.000000] x86/fpu: Supporting XSAVE feature 0x002: 'SSE registers'
Oct 25 04:54:05 ip-172-31-19-109 kernel: [    0.000000] x86/fpu: Supporting XSAVE feature 0x004: 'AVX registers'
Oct 25 04:54:05 ip-172-31-19-109 kernel: [    0.000000] x86/fpu: xstate_offset[2]:  576, xstate_sizes[2]:  256
Oct 25 04:54:05 ip-172-31-19-109 kernel: [    0.000000] x86/fpu: Enabled xstate features 0x7, context size is 832 bytes, using 'standard' format.
Oct 25 04:54:05 ip-172-31-19-109 kernel: [    0.000000] BIOS-provided physical RAM map:
Oct 25 04:54:05 ip-172-31-19-109 kernel: [    0.000000] BIOS-e820: [mem 0x0000000000000000-0x000000000009dfff] usable
Oct 25 04:54:05 ip-172-31-19-109 kernel: [    0.000000] BIOS-e820: [mem 0x000000000009e000-0x000000000009ffff] reserved
Oct 25 04:54:05 ip-172-31-19-109 kernel: [    0.000000] BIOS-e820: [mem 0x00000000000e0000-0x00000000000fffff] reserved
Oct 25 04:54:05 ip-172-31-19-109 kernel: [    0.000000] BIOS-e820: [mem 0x0000000000100000-0x00000000efffffff] usable
Oct 25 04:54:05 ip-172-31-19-109 kernel: [    0.000000] BIOS-e820: [mem 0x00000000fc000000-0x00000000ffffffff] reserved
Oct 25 04:54:05 ip-172-31-19-109 kernel: [    0.000000] BIOS-e820: [mem 0x0000000100000000-0x000000080fffffff] usable
Oct 25 04:54:05 ip-172-31-19-109 kernel: [    0.000000] NX (Execute Disable) protection: active
Oct 25 04:54:05 ip-172-31-19-109 kernel: [    0.000000] SMBIOS 2.7 present.
Oct 25 04:54:05 ip-172-31-19-109 kernel: [    0.000000] DMI: Xen HVM domU, BIOS 4.2.amazon 08/24/2006
Oct 25 04:54:05 ip-172-31-19-109 kernel: [    0.000000] Hypervisor detected: Xen HVM
Oct 25 04:54:05 ip-172-31-19-109 kernel: [    0.000000] Xen version 4.2.
Oct 25 04:54:05 ip-172-31-19-109 kernel: [    0.000000] Xen Platform PCI: I/O protocol version 1
Oct 25 04:54:05 ip-172-31-19-109 kernel: [    0.000000] Netfront and the Xen platform PCI driver have been compiled for this kernel: unplug emulated NICs.
Oct 25 04:54:05 ip-172-31-19-109 kernel: [    0.000000] Blkfront and the Xen platform PCI driver have been compiled for this kernel: unplug emulated disks.
Oct 25 04:54:05 ip-172-31-19-109 kernel: [    0.000000] You might have to change the root device
Oct 25 04:54:05 ip-172-31-19-109 kernel: [    0.000000] from /dev/hd[a-d] to /dev/xvd[a-d]
Oct 25 04:54:05 ip-172-31-19-109 kernel: [    0.000000] in your root= kernel command line option
Oct 25 04:54:05 ip-172-31-19-109 kernel: [    0.000003] HVMOP_pagetable_dying not supported
Oct 25 04:54:05 ip-172-31-19-109 kernel: [    0.015675] tsc: Fast TSC calibration using PIT
Oct 25 04:54:05 ip-172-31-19-109 kernel: [    0.015679] tsc: Detected 2299.900 MHz processor
Oct 25 04:54:05 ip-172-31-19-109 kernel: [    0.015679] tsc: Detected 2300.072 MHz TSC
Oct 25 04:54:05 ip-172-31-19-109 kernel: [    0.016697] e820: update [mem 0x00000000-0x00000fff] usable ==> reserved
Oct 25 04:54:05 ip-172-31-19-109 kernel: [    0.016699] e820: remove [mem 0x000a0000-0x000fffff] usable
Oct 25 04:54:05 ip-172-31-19-109 kernel: [    0.016703] last_pfn = 0x810000 max_arch_pfn = 0x400000000
Oct 25 04:54:05 ip-172-31-19-109 kernel: [    0.016729] MTRR default type: write-back
Oct 25 04:54:05 ip-172-31-19-109 kernel: [    0.016730] MTRR fixed ranges enabled:
Oct 25 04:54:05 ip-172-31-19-109 kernel: [    0.016731]   00000-9FFFF write-back
Oct 25 04:54:05 ip-172-31-19-109 kernel: [    0.016732]   A0000-BFFFF write-combining
Oct 25 04:54:05 ip-172-31-19-109 kernel: [    0.016733]   C0000-FFFFF write-back
Oct 25 04:54:05 ip-172-31-19-109 kernel: [    0.016733] MTRR variable ranges enabled:
Oct 25 04:54:05 ip-172-31-19-109 kernel: [    0.016735]   0 base 0000F0000000 mask 3FFFF8000000 uncachable
Oct 25 04:54:05 ip-172-31-19-109 kernel: [    0.016736]   1 base 0000F8000000 mask 3FFFFC000000 uncachable
Oct 25 04:54:05 ip-172-31-19-109 kernel: [    0.016737]   2 disabled
Oct 25 04:54:05 ip-172-31-19-109 kernel: [    0.016737]   3 disabled
Oct 25 04:54:05 ip-172-31-19-109 kernel: [    0.016737]   4 disabled
Oct 25 04:54:05 ip-172-31-19-109 kernel: [    0.016738]   5 disabled
Oct 25 04:54:05 ip-172-31-19-109 kernel: [    0.016738]   6 disabled
Oct 25 04:54:05 ip-172-31-19-109 kernel: [    0.016739]   7 disabled
Oct 25 04:54:05 ip-172-31-19-109 kernel: [    0.016749] x86/PAT: Configuration [0-7]: WB  WC  UC- UC  WB  WP  UC- WT  
Oct 25 04:54:05 ip-172-31-19-109 kernel: [    0.016757] last_pfn = 0xf0000 max_arch_pfn = 0x400000000
Oct 25 04:54:05 ip-172-31-19-109 kernel: [    0.023813] found SMP MP-table at [mem 0x000fbc50-0x000fbc5f]
Oct 25 04:54:05 ip-172-31-19-109 kernel: [    0.023899] check: Scanning 1 areas for low memory corruption
Oct 25 04:54:05 ip-172-31-19-109 kernel: [    0.023978] Using GB pages for direct mapping
Oct 25 04:54:05 ip-172-31-19-109 kernel: [    0.024126] RAMDISK: [mem 0x356c9000-0x36b5bfff]
Oct 25 04:54:05 ip-172-31-19-109 kernel: [    0.024202] ACPI: Early table checksum verification disabled
Oct 25 04:54:05 ip-172-31-19-109 kernel: [    0.024205] ACPI: RSDP 0x00000000000EA020 000024 (v02 Xen   )
Oct 25 04:54:05 ip-172-31-19-109 kernel: [    0.024209] ACPI: XSDT 0x00000000FC00E2A0 000054 (v01 Xen    HVM      00000000 HVML 00000000)
Oct 25 04:54:05 ip-172-31-19-109 kernel: [    0.024214] ACPI: FACP 0x00000000FC00DF60 0000F4 (v04 Xen    HVM      00000000 HVML 00000000)
Oct 25 04:54:05 ip-172-31-19-109 kernel: [    0.024219] ACPI: DSDT 0x00000000FC0021C0 00BD19 (v02 Xen    HVM      00000000 INTL 20090123)
Oct 25 04:54:05 ip-172-31-19-109 kernel: [    0.024222] ACPI: FACS 0x00000000FC002180 000040
Oct 25 04:54:05 ip-172-31-19-109 kernel: [    0.024224] ACPI: FACS 0x00000000FC002180 000040
Oct 25 04:54:05 ip-172-31-19-109 kernel: [    0.024226] ACPI: APIC 0x00000000FC00E060 0000D8 (v02 Xen    HVM      00000000 HVML 00000000)
Oct 25 04:54:05 ip-172-31-19-109 kernel: [    0.024229] ACPI: HPET 0x00000000FC00E1B0 000038 (v01 Xen    HVM      00000000 HVML 00000000)
Oct 25 04:54:05 ip-172-31-19-109 kernel: [    0.024232] ACPI: WAET 0x00000000FC00E1F0 000028 (v01 Xen    HVM      00000000 HVML 00000000)
Oct 25 04:54:05 ip-172-31-19-109 kernel: [    0.024234] ACPI: SSDT 0x00000000FC00E220 000031 (v02 Xen    HVM      00000000 INTL 20090123)
Oct 25 04:54:05 ip-172-31-19-109 kernel: [    0.024236] ACPI: SSDT 0x00000000FC00E260 000033 (v02 Xen    HVM      00000000 INTL 20090123)
Oct 25 04:54:05 ip-172-31-19-109 kernel: [    0.024244] ACPI: Local APIC address 0xfee00000
Oct 25 04:54:05 ip-172-31-19-109 kernel: [    0.026407] No NUMA configuration found
Oct 25 04:54:05 ip-172-31-19-109 kernel: [    0.026410] Faking a node at [mem 0x0000000000000000-0x000000080fffffff]
Oct 25 04:54:05 ip-172-31-19-109 kernel: [    0.026422] NODE_DATA(0) allocated [mem 0x80ffd5000-0x80fffffff]
Oct 25 04:54:05 ip-172-31-19-109 kernel: [    0.026707] Zone ranges:
Oct 25 04:54:05 ip-172-31-19-109 kernel: [    0.026708]   DMA      [mem 0x0000000000001000-0x0000000000ffffff]
Oct 25 04:54:05 ip-172-31-19-109 kernel: [    0.026709]   DMA32    [mem 0x0000000001000000-0x00000000ffffffff]
Oct 25 04:54:05 ip-172-31-19-109 kernel: [    0.026711]   Normal   [mem 0x0000000100000000-0x000000080fffffff]
Oct 25 04:54:05 ip-172-31-19-109 kernel: [    0.026712]   Device   empty
Oct 25 04:54:05 ip-172-31-19-109 kernel: [    0.026713] Movable zone start for each node
Oct 25 04:54:05 ip-172-31-19-109 kernel: [    0.026716] Early memory node ranges
Oct 25 04:54:05 ip-172-31-19-109 kernel: [    0.026717]   node   0: [mem 0x0000000000001000-0x000000000009dfff]
Oct 25 04:54:05 ip-172-31-19-109 kernel: [    0.026718]   node   0: [mem 0x0000000000100000-0x00000000efffffff]
Oct 25 04:54:05 ip-172-31-19-109 kernel: [    0.026720]   node   0: [mem 0x0000000100000000-0x000000080fffffff]
Oct 25 04:54:05 ip-172-31-19-109 kernel: [    0.026729] Zeroed struct page in unavailable ranges: 99 pages
Oct 25 04:54:05 ip-172-31-19-109 kernel: [    0.026730] Initmem setup node 0 [mem 0x0000000000001000-0x000000080fffffff]
Oct 25 04:54:05 ip-172-31-19-109 kernel: [    0.026731] On node 0 totalpages: 8388509
Oct 25 04:54:05 ip-172-31-19-109 kernel: [    0.026732]   DMA zone: 64 pages used for memmap
Oct 25 04:54:05 ip-172-31-19-109 kernel: [    0.026733]   DMA zone: 21 pages reserved
Oct 25 04:54:05 ip-172-31-19-109 kernel: [    0.026734]   DMA zone: 3997 pages, LIFO batch:0
Oct 25 04:54:05 ip-172-31-19-109 kernel: [    0.026853]   DMA32 zone: 15296 pages used for memmap
Oct 25 04:54:05 ip-172-31-19-109 kernel: [    0.026854]   DMA32 zone: 978944 pages, LIFO batch:63
Oct 25 04:54:05 ip-172-31-19-109 kernel: [    0.044173]   Normal zone: 115712 pages used for memmap
Oct 25 04:54:05 ip-172-31-19-109 kernel: [    0.044175]   Normal zone: 7405568 pages, LIFO batch:63
Oct 25 04:54:05 ip-172-31-19-109 kernel: [    0.174429] ACPI: PM-Timer IO Port: 0xb008
Oct 25 04:54:05 ip-172-31-19-109 kernel: [    0.174434] ACPI: Local APIC address 0xfee00000
Oct 25 04:54:05 ip-172-31-19-109 kernel: [    0.174493] IOAPIC[0]: apic_id 1, version 17, address 0xfec00000, GSI 0-47
Oct 25 04:54:05 ip-172-31-19-109 kernel: [    0.174497] ACPI: INT_SRC_OVR (bus 0 bus_irq 0 global_irq 2 dfl dfl)
Oct 25 04:54:05 ip-172-31-19-109 kernel: [    0.174499] ACPI: INT_SRC_OVR (bus 0 bus_irq 5 global_irq 5 low level)
Oct 25 04:54:05 ip-172-31-19-109 kernel: [    0.174500] ACPI: INT_SRC_OVR (bus 0 bus_irq 10 global_irq 10 low level)
Oct 25 04:54:05 ip-172-31-19-109 kernel: [    0.174501] ACPI: INT_SRC_OVR (bus 0 bus_irq 11 global_irq 11 low level)
Oct 25 04:54:05 ip-172-31-19-109 kernel: [    0.174502] ACPI: IRQ0 used by override.
Oct 25 04:54:05 ip-172-31-19-109 kernel: [    0.174503] ACPI: IRQ5 used by override.
Oct 25 04:54:05 ip-172-31-19-109 kernel: [    0.174503] ACPI: IRQ9 used by override.
Oct 25 04:54:05 ip-172-31-19-109 kernel: [    0.174504] ACPI: IRQ10 used by override.
Oct 25 04:54:05 ip-172-31-19-109 kernel: [    0.174504] ACPI: IRQ11 used by override.
Oct 25 04:54:05 ip-172-31-19-109 kernel: [    0.174506] Using ACPI (MADT) for SMP configuration information
Oct 25 04:54:05 ip-172-31-19-109 kernel: [    0.174508] ACPI: HPET id: 0x8086a201 base: 0xfed00000
Oct 25 04:54:05 ip-172-31-19-109 kernel: [    0.174513] TSC deadline timer available
Oct 25 04:54:05 ip-172-31-19-109 kernel: [    0.174520] smpboot: Allowing 15 CPUs, 7 hotplug CPUs
Oct 25 04:54:05 ip-172-31-19-109 kernel: [    0.174529] PM: Registered nosave memory: [mem 0x00000000-0x00000fff]
Oct 25 04:54:05 ip-172-31-19-109 kernel: [    0.174531] PM: Registered nosave memory: [mem 0x0009e000-0x0009ffff]
Oct 25 04:54:05 ip-172-31-19-109 kernel: [    0.174531] PM: Registered nosave memory: [mem 0x000a0000-0x000dffff]
Oct 25 04:54:05 ip-172-31-19-109 kernel: [    0.174532] PM: Registered nosave memory: [mem 0x000e0000-0x000fffff]
Oct 25 04:54:05 ip-172-31-19-109 kernel: [    0.174536] PM: Registered nosave memory: [mem 0xf0000000-0xfbffffff]
Oct 25 04:54:05 ip-172-31-19-109 kernel: [    0.174536] PM: Registered nosave memory: [mem 0xfc000000-0xffffffff]
Oct 25 04:54:05 ip-172-31-19-109 kernel: [    0.174538] [mem 0xf0000000-0xfbffffff] available for PCI devices
Oct 25 04:54:05 ip-172-31-19-109 kernel: [    0.174542] Booting paravirtualized kernel on Xen HVM
Oct 25 04:54:05 ip-172-31-19-109 kernel: [    0.174545] clocksource: refined-jiffies: mask: 0xffffffff max_cycles: 0xffffffff, max_idle_ns: 7645519600211568 ns
Oct 25 04:54:05 ip-172-31-19-109 kernel: [    0.174550] setup_percpu: NR_CPUS:8192 nr_cpumask_bits:15 nr_cpu_ids:15 nr_node_ids:1
Oct 25 04:54:05 ip-172-31-19-109 kernel: [    0.175823] percpu: Embedded 54 pages/cpu s184320 r8192 d28672 u262144
Oct 25 04:54:05 ip-172-31-19-109 systemd[1]: Started System Logging Service.
Oct 25 04:54:05 ip-172-31-19-109 kernel: [    0.175828] pcpu-alloc: s184320 r8192 d28672 u262144 alloc=1*2097152
Oct 25 04:54:05 ip-172-31-19-109 kernel: [    0.175829] pcpu-alloc: [0] 00 01 02 03 04 05 06 07 [0] 08 09 10 11 12 13 14 -- 
Oct 25 04:54:05 ip-172-31-19-109 kernel: [    0.175855] xen: PV spinlocks enabled
Oct 25 04:54:05 ip-172-31-19-109 kernel: [    0.175858] PV qspinlock hash table entries: 256 (order: 0, 4096 bytes, linear)
Oct 25 04:54:05 ip-172-31-19-109 kernel: [    0.175864] Built 1 zonelists, mobility grouping on.  Total pages: 8257416
Oct 25 04:54:05 ip-172-31-19-109 kernel: [    0.175865] Policy zone: Normal
Oct 25 04:54:05 ip-172-31-19-109 kernel: [    0.175867] Kernel command line: BOOT_IMAGE=/boot/vmlinuz-5.4.0-1045-aws root=LABEL=cloudimg-rootfs ro console=tty1 console=ttyS0 nvme_core.io_timeout=4294967295
Oct 25 04:54:05 ip-172-31-19-109 kernel: [    0.184522] Dentry cache hash table entries: 4194304 (order: 13, 33554432 bytes, linear)
Oct 25 04:54:05 ip-172-31-19-109 kernel: [    0.188848] Inode-cache hash table entries: 2097152 (order: 12, 16777216 bytes, linear)
Oct 25 04:54:05 ip-172-31-19-109 kernel: [    0.189040] mem auto-init: stack:off, heap alloc:on, heap free:off
Oct 25 04:54:05 ip-172-31-19-109 kernel: [    0.201444] Calgary: detecting Calgary via BIOS EBDA area
Oct 25 04:54:05 ip-172-31-19-109 kernel: [    0.201446] Calgary: Unable to locate Rio Grande table in EBDA - bailing!
Oct 25 04:54:05 ip-172-31-19-109 kernel: [    0.316699] Memory: 32857220K/33554036K available (14339K kernel code, 2313K rwdata, 4656K rodata, 2656K init, 5136K bss, 696816K reserved, 0K cma-reserved)
Oct 25 04:54:05 ip-172-31-19-109 kernel: [    0.316708] random: get_random_u64 called from __kmem_cache_create+0x41/0x550 with crng_init=0
Oct 25 04:54:05 ip-172-31-19-109 kernel: [    0.316892] SLUB: HWalign=64, Order=0-3, MinObjects=0, CPUs=15, Nodes=1
Oct 25 04:54:05 ip-172-31-19-109 kernel: [    0.316909] Kernel/User page tables isolation: enabled
Oct 25 04:54:05 ip-172-31-19-109 kernel: [    0.316927] ftrace: allocating 42787 entries in 168 pages
Oct 25 04:54:05 ip-172-31-19-109 kernel: [    0.333275] rcu: Hierarchical RCU implementation.
Oct 25 04:54:05 ip-172-31-19-109 kernel: [    0.333277] rcu: 	RCU restricting CPUs from NR_CPUS=8192 to nr_cpu_ids=15.
Oct 25 04:54:05 ip-172-31-19-109 kernel: [    0.333278] 	Tasks RCU enabled.
Oct 25 04:54:05 ip-172-31-19-109 kernel: [    0.333279] rcu: RCU calculated value of scheduler-enlistment delay is 25 jiffies.
Oct 25 04:54:05 ip-172-31-19-109 kernel: [    0.333280] rcu: Adjusting geometry for rcu_fanout_leaf=16, nr_cpu_ids=15
Oct 25 04:54:05 ip-172-31-19-109 kernel: [    0.335974] NR_IRQS: 524544, nr_irqs: 952, preallocated irqs: 16
Oct 25 04:54:05 ip-172-31-19-109 kernel: [    0.336011] xen:events: Using 2-level ABI
Oct 25 04:54:05 ip-172-31-19-109 kernel: [    0.336058] xen:events: Xen HVM callback vector for event delivery is enabled
Oct 25 04:54:05 ip-172-31-19-109 kernel: [    0.336223] random: crng done (trusting CPU's manufacturer)
Oct 25 04:54:05 ip-172-31-19-109 kernel: [    0.350033] Console: colour VGA+ 80x25
Oct 25 04:54:05 ip-172-31-19-109 kernel: [    0.500032] printk: console [tty1] enabled
Oct 25 04:54:05 ip-172-31-19-109 kernel: [    0.501030] Cannot get hvm parameter CONSOLE_EVTCHN (18): -22!
Oct 25 04:54:05 ip-172-31-19-109 kernel: [    1.107571] printk: console [ttyS0] enabled
Oct 25 04:54:05 ip-172-31-19-109 kernel: [    1.114064] ACPI: Core revision 20190816
Oct 25 04:54:05 ip-172-31-19-109 kernel: [    1.119784] clocksource: hpet: mask: 0xffffffff max_cycles: 0xffffffff, max_idle_ns: 30580167144 ns
Oct 25 04:54:05 ip-172-31-19-109 kernel: [    1.130056] APIC: Switch to symmetric I/O mode setup
Oct 25 04:54:05 ip-172-31-19-109 kernel: [    1.137008] x2apic: IRQ remapping doesn't support X2APIC mode
Oct 25 04:54:05 ip-172-31-19-109 kernel: [    1.144452] Switched APIC routing to physical flat.
Oct 25 04:54:05 ip-172-31-19-109 kernel: [    1.153123] ..TIMER: vector=0x30 apic1=0 pin1=2 apic2=0 pin2=0
Oct 25 04:54:05 ip-172-31-19-109 kernel: [    1.159878] clocksource: tsc-early: mask: 0xffffffffffffffff max_cycles: 0x2127794b7e4, max_idle_ns: 440795254733 ns
Oct 25 04:54:05 ip-172-31-19-109 kernel: [    1.171309] Calibrating delay loop (skipped), value calculated using timer frequency.. 4600.14 BogoMIPS (lpj=9200288)
Oct 25 04:54:05 ip-172-31-19-109 kernel: [    1.183308] pid_max: default: 32768 minimum: 301
Oct 25 04:54:05 ip-172-31-19-109 kernel: [    1.187372] LSM: Security Framework initializing
Oct 25 04:54:05 ip-172-31-19-109 kernel: [    1.195320] Yama: becoming mindful.
Oct 25 04:54:05 ip-172-31-19-109 kernel: [    1.199408] AppArmor: AppArmor initialized
Oct 25 04:54:05 ip-172-31-19-109 kernel: [    1.203452] Mount-cache hash table entries: 65536 (order: 7, 524288 bytes, linear)
Oct 25 04:54:05 ip-172-31-19-109 kernel: [    1.215407] Mountpoint-cache hash table entries: 65536 (order: 7, 524288 bytes, linear)
Oct 25 04:54:05 ip-172-31-19-109 kernel: [    1.223333] *** VALIDATE tmpfs ***
Oct 25 04:54:05 ip-172-31-19-109 kernel: [    1.227497] *** VALIDATE proc ***
Oct 25 04:54:05 ip-172-31-19-109 kernel: [    1.231387] *** VALIDATE cgroup1 ***
Oct 25 04:54:05 ip-172-31-19-109 kernel: [    1.239309] *** VALIDATE cgroup2 ***
Oct 25 04:54:05 ip-172-31-19-109 kernel: [    1.243432] Last level iTLB entries: 4KB 64, 2MB 8, 4MB 8
Oct 25 04:54:05 ip-172-31-19-109 kernel: [    1.247307] Last level dTLB entries: 4KB 64, 2MB 0, 4MB 0, 1GB 4
Oct 25 04:54:05 ip-172-31-19-109 kernel: [    1.255311] Spectre V1 : Mitigation: usercopy/swapgs barriers and __user pointer sanitization
Oct 25 04:54:05 ip-172-31-19-109 kernel: [    1.267307] Spectre V2 : Mitigation: Full generic retpoline
Oct 25 04:54:05 ip-172-31-19-109 kernel: [    1.271308] Spectre V2 : Spectre v2 / SpectreRSB mitigation: Filling RSB on context switch
Oct 25 04:54:05 ip-172-31-19-109 kernel: [    1.283307] Speculative Store Bypass: Vulnerable
Oct 25 04:54:05 ip-172-31-19-109 kernel: [    1.287313] MDS: Vulnerable: Clear CPU buffers attempted, no microcode
Oct 25 04:54:05 ip-172-31-19-109 kernel: [    1.295501] Freeing SMP alternatives memory: 40K
Oct 25 04:54:05 ip-172-31-19-109 kernel: [    1.305247] clocksource: xen: mask: 0xffffffffffffffff max_cycles: 0x1cd42e4dffb, max_idle_ns: 881590591483 ns
Oct 25 04:54:05 ip-172-31-19-109 kernel: [    1.315322] Xen: using vcpuop timer interface
Oct 25 04:54:05 ip-172-31-19-109 kernel: [    1.315328] installing Xen timer for CPU 0
Oct 25 04:54:05 ip-172-31-19-109 kernel: [    1.319386] smpboot: CPU0: Intel(R) Xeon(R) CPU E5-2686 v4 @ 2.30GHz (family: 0x6, model: 0x4f, stepping: 0x1)
Oct 25 04:54:05 ip-172-31-19-109 kernel: [    1.323354] cpu 0 spinlock event irq 53
Oct 25 04:54:05 ip-172-31-19-109 kernel: [    1.327522] Performance Events: unsupported p6 CPU model 79 no PMU driver, software events only.
Oct 25 04:54:05 ip-172-31-19-109 kernel: [    1.331359] rcu: Hierarchical SRCU implementation.
Oct 25 04:54:05 ip-172-31-19-109 kernel: [    1.336018] NMI watchdog: Perf NMI watchdog permanently disabled
Oct 25 04:54:05 ip-172-31-19-109 kernel: [    1.339590] smp: Bringing up secondary CPUs ...
Oct 25 04:54:05 ip-172-31-19-109 kernel: [    1.343471] installing Xen timer for CPU 1
Oct 25 04:54:05 ip-172-31-19-109 kernel: [    1.347403] x86: Booting SMP configuration:
Oct 25 04:54:05 ip-172-31-19-109 kernel: [    1.351316] .... node  #0, CPUs:        #1
Oct 25 04:54:05 ip-172-31-19-109 kernel: [    1.351888] cpu 1 spinlock event irq 59
Oct 25 04:54:05 ip-172-31-19-109 kernel: [    1.359448] installing Xen timer for CPU 2
Oct 25 04:54:05 ip-172-31-19-109 kernel: [    1.363398]   #2
Oct 25 04:54:05 ip-172-31-19-109 kernel: [    1.363976] cpu 2 spinlock event irq 65
Oct 25 04:54:05 ip-172-31-19-109 kernel: [    1.371458] installing Xen timer for CPU 3
Oct 25 04:54:05 ip-172-31-19-109 kernel: [    1.375399]   #3
Oct 25 04:54:05 ip-172-31-19-109 kernel: [    1.375972] cpu 3 spinlock event irq 71
Oct 25 04:54:05 ip-172-31-19-109 kernel: [    1.383469] installing Xen timer for CPU 4
Oct 25 04:54:05 ip-172-31-19-109 kernel: [    1.387385]   #4
Oct 25 04:54:05 ip-172-31-19-109 kernel: [    1.387977] cpu 4 spinlock event irq 77
Oct 25 04:54:05 ip-172-31-19-109 kernel: [    1.395455] installing Xen timer for CPU 5
Oct 25 04:54:05 ip-172-31-19-109 kernel: [    1.399392]   #5
Oct 25 04:54:05 ip-172-31-19-109 kernel: [    1.399997] cpu 5 spinlock event irq 83
Oct 25 04:54:05 ip-172-31-19-109 kernel: [    1.407456] installing Xen timer for CPU 6
Oct 25 04:54:05 ip-172-31-19-109 kernel: [    1.411399]   #6
Oct 25 04:54:05 ip-172-31-19-109 kernel: [    1.411991] cpu 6 spinlock event irq 89
Oct 25 04:54:05 ip-172-31-19-109 kernel: [    1.419456] installing Xen timer for CPU 7
Oct 25 04:54:05 ip-172-31-19-109 kernel: [    1.423417]   #7
Oct 25 04:54:05 ip-172-31-19-109 kernel: [    1.423991] cpu 7 spinlock event irq 95
Oct 25 04:54:05 ip-172-31-19-109 kernel: [    1.431413] smp: Brought up 1 node, 8 CPUs
Oct 25 04:54:05 ip-172-31-19-109 kernel: [    1.435313] smpboot: Max logical packages: 2
Oct 25 04:54:05 ip-172-31-19-109 kernel: [    1.439312] smpboot: Total of 8 processors activated (36801.15 BogoMIPS)
Oct 25 04:54:05 ip-172-31-19-109 kernel: [    1.445403] devtmpfs: initialized
Oct 25 04:54:05 ip-172-31-19-109 kernel: [    1.447365] x86/mm: Memory block size: 128MB
Oct 25 04:54:05 ip-172-31-19-109 kernel: [    1.456002] clocksource: jiffies: mask: 0xffffffff max_cycles: 0xffffffff, max_idle_ns: 7645041785100000 ns
Oct 25 04:54:05 ip-172-31-19-109 kernel: [    1.459407] futex hash table entries: 4096 (order: 6, 262144 bytes, linear)
Oct 25 04:54:05 ip-172-31-19-109 kernel: [    1.463435] pinctrl core: initialized pinctrl subsystem
Oct 25 04:54:05 ip-172-31-19-109 kernel: [    1.467460] PM: RTC time: 04:53:50, date: 2021-10-25
Oct 25 04:54:05 ip-172-31-19-109 kernel: [    1.471614] NET: Registered protocol family 16
Oct 25 04:54:05 ip-172-31-19-109 kernel: [    1.475563] audit: initializing netlink subsys (disabled)
Oct 25 04:54:05 ip-172-31-19-109 kernel: [    1.479341] audit: type=2000 audit(1635137630.891:1): state=initialized audit_enabled=0 res=1
Oct 25 04:54:05 ip-172-31-19-109 kernel: [    1.479486] EISA bus registered
Oct 25 04:54:05 ip-172-31-19-109 kernel: [    1.487326] cpuidle: using governor ladder
Oct 25 04:54:05 ip-172-31-19-109 kernel: [    1.491322] cpuidle: using governor menu
Oct 25 04:54:05 ip-172-31-19-109 kernel: [    1.495384] ACPI: bus type PCI registered
Oct 25 04:54:05 ip-172-31-19-109 kernel: [    1.499313] acpiphp: ACPI Hot Plug PCI Controller Driver version: 0.5
Oct 25 04:54:05 ip-172-31-19-109 kernel: [    1.504028] PCI: Using configuration type 1 for base access
Oct 25 04:54:05 ip-172-31-19-109 kernel: [    1.511484] HugeTLB registered 1.00 GiB page size, pre-allocated 0 pages
Oct 25 04:54:05 ip-172-31-19-109 kernel: [    1.515316] HugeTLB registered 2.00 MiB page size, pre-allocated 0 pages
Oct 25 04:54:05 ip-172-31-19-109 kernel: [    1.519451] ACPI: Added _OSI(Module Device)
Oct 25 04:54:05 ip-172-31-19-109 kernel: [    1.527316] ACPI: Added _OSI(Processor Device)
Oct 25 04:54:05 ip-172-31-19-109 kernel: [    1.535314] ACPI: Added _OSI(3.0 _SCP Extensions)
Oct 25 04:54:05 ip-172-31-19-109 kernel: [    1.543312] ACPI: Added _OSI(Processor Aggregator Device)
Oct 25 04:54:05 ip-172-31-19-109 kernel: [    1.551315] ACPI: Added _OSI(Linux-Dell-Video)
Oct 25 04:54:05 ip-172-31-19-109 kernel: [    1.559313] ACPI: Added _OSI(Linux-Lenovo-NV-HDMI-Audio)
Oct 25 04:54:05 ip-172-31-19-109 kernel: [    1.567313] ACPI: Added _OSI(Linux-HPI-Hybrid-Graphics)
Oct 25 04:54:05 ip-172-31-19-109 kernel: [    1.579570] ACPI: 3 ACPI AML tables successfully acquired and loaded
Oct 25 04:54:05 ip-172-31-19-109 kernel: [    1.588171] xen: --> pirq=16 -> irq=9 (gsi=9)
Oct 25 04:54:05 ip-172-31-19-109 kernel: [    1.589203] ACPI: Interpreter enabled
Oct 25 04:54:05 ip-172-31-19-109 kernel: [    1.595326] ACPI: (supports S0 S4 S5)
Oct 25 04:54:05 ip-172-31-19-109 kernel: [    1.599311] ACPI: Using IOAPIC for interrupt routing
Oct 25 04:54:05 ip-172-31-19-109 kernel: [    1.607348] PCI: Using host bridge windows from ACPI; if necessary, use "pci=nocrs" and report a bug
Oct 25 04:54:05 ip-172-31-19-109 kernel: [    1.619743] ACPI: Enabled 2 GPEs in block 00 to 0F
Oct 25 04:54:05 ip-172-31-19-109 kernel: [    1.671070] ACPI: PCI Root Bridge [PCI0] (domain 0000 [bus 00-ff])
Oct 25 04:54:05 ip-172-31-19-109 kernel: [    1.679322] acpi PNP0A03:00: _OSC: OS supports [ASPM ClockPM Segments MSI HPX-Type3]
Oct 25 04:54:05 ip-172-31-19-109 kernel: [    1.691332] acpi PNP0A03:00: fail to add MMCONFIG information, can't access extended PCI configuration space under this bridge.
Oct 25 04:54:05 ip-172-31-19-109 kernel: [    1.704624] acpiphp: Slot [0] registered
Oct 25 04:54:05 ip-172-31-19-109 kernel: [    1.713473] acpiphp: Slot [3] registered
Oct 25 04:54:05 ip-172-31-19-109 kernel: [    1.720019] acpiphp: Slot [4] registered
Oct 25 04:54:05 ip-172-31-19-109 kernel: [    1.728023] acpiphp: Slot [5] registered
Oct 25 04:54:05 ip-172-31-19-109 kernel: [    1.731972] acpiphp: Slot [6] registered
Oct 25 04:54:05 ip-172-31-19-109 kernel: [    1.740045] acpiphp: Slot [7] registered
Oct 25 04:54:05 ip-172-31-19-109 kernel: [    1.747965] acpiphp: Slot [8] registered
Oct 25 04:54:05 ip-172-31-19-109 kernel: [    1.751936] acpiphp: Slot [9] registered
Oct 25 04:54:05 ip-172-31-19-109 kernel: [    1.759990] acpiphp: Slot [10] registered
Oct 25 04:54:05 ip-172-31-19-109 kernel: [    1.763990] acpiphp: Slot [11] registered
Oct 25 04:54:05 ip-172-31-19-109 kernel: [    1.772026] acpiphp: Slot [12] registered
Oct 25 04:54:05 ip-172-31-19-109 kernel: [    1.779949] acpiphp: Slot [13] registered
Oct 25 04:54:05 ip-172-31-19-109 kernel: [    1.783917] acpiphp: Slot [14] registered
Oct 25 04:54:05 ip-172-31-19-109 kernel: [    1.791944] acpiphp: Slot [15] registered
Oct 25 04:54:05 ip-172-31-19-109 kernel: [    1.799957] acpiphp: Slot [16] registered
Oct 25 04:54:05 ip-172-31-19-109 kernel: [    1.803938] acpiphp: Slot [17] registered
Oct 25 04:54:05 ip-172-31-19-109 kernel: [    1.811971] acpiphp: Slot [18] registered
Oct 25 04:54:05 ip-172-31-19-109 kernel: [    1.815986] acpiphp: Slot [19] registered
Oct 25 04:54:05 ip-172-31-19-109 kernel: [    1.824010] acpiphp: Slot [20] registered
Oct 25 04:54:05 ip-172-31-19-109 kernel: [    1.828011] acpiphp: Slot [21] registered
Oct 25 04:54:05 ip-172-31-19-109 kernel: [    1.836010] acpiphp: Slot [22] registered
Oct 25 04:54:05 ip-172-31-19-109 kernel: [    1.843989] acpiphp: Slot [23] registered
Oct 25 04:54:05 ip-172-31-19-109 kernel: [    1.848022] acpiphp: Slot [24] registered
Oct 25 04:54:05 ip-172-31-19-109 kernel: [    1.856101] acpiphp: Slot [25] registered
Oct 25 04:54:05 ip-172-31-19-109 systemd[1]: Started Hostname Service.
Oct 25 04:54:05 ip-172-31-19-109 kernel: [    1.863964] acpiphp: Slot [26] registered
Oct 25 04:54:05 ip-172-31-19-109 kernel: [    1.867953] acpiphp: Slot [27] registered
Oct 25 04:54:05 ip-172-31-19-109 kernel: [    1.876035] acpiphp: Slot [28] registered
Oct 25 04:54:05 ip-172-31-19-109 kernel: [    1.884003] acpiphp: Slot [29] registered
Oct 25 04:54:05 ip-172-31-19-109 kernel: [    1.888020] acpiphp: Slot [30] registered
Oct 25 04:54:05 ip-172-31-19-109 kernel: [    1.896026] acpiphp: Slot [31] registered
Oct 25 04:54:05 ip-172-31-19-109 kernel: [    1.904093] PCI host bridge to bus 0000:00
Oct 25 04:54:05 ip-172-31-19-109 kernel: [    1.907315] pci_bus 0000:00: root bus resource [io  0x0000-0x0cf7 window]
Oct 25 04:54:05 ip-172-31-19-109 kernel: [    1.915315] pci_bus 0000:00: root bus resource [io  0x0d00-0xffff window]
Oct 25 04:54:05 ip-172-31-19-109 kernel: [    1.927315] pci_bus 0000:00: root bus resource [mem 0x000a0000-0x000bffff window]
Oct 25 04:54:05 ip-172-31-19-109 kernel: [    1.935314] pci_bus 0000:00: root bus resource [mem 0xf0000000-0xfbffffff window]
Oct 25 04:54:05 ip-172-31-19-109 kernel: [    1.947314] pci_bus 0000:00: root bus resource [bus 00-ff]
Oct 25 04:54:05 ip-172-31-19-109 kernel: [    1.955749] pci 0000:00:00.0: [8086:1237] type 00 class 0x060000
Oct 25 04:54:05 ip-172-31-19-109 kernel: [    1.967796] pci 0000:00:01.0: [8086:7000] type 00 class 0x060100
Oct 25 04:54:05 ip-172-31-19-109 kernel: [    1.981872] pci 0000:00:01.1: [8086:7010] type 00 class 0x010180
Oct 25 04:54:05 ip-172-31-19-109 kernel: [    1.994605] pci 0000:00:01.1: reg 0x20: [io  0xc100-0xc10f]
Oct 25 04:54:05 ip-172-31-19-109 kernel: [    2.004701] pci 0000:00:01.1: legacy IDE quirk: reg 0x10: [io  0x01f0-0x01f7]
Oct 25 04:54:05 ip-172-31-19-109 kernel: [    2.011315] pci 0000:00:01.1: legacy IDE quirk: reg 0x14: [io  0x03f6]
Oct 25 04:54:05 ip-172-31-19-109 kernel: [    2.023320] pci 0000:00:01.1: legacy IDE quirk: reg 0x18: [io  0x0170-0x0177]
Oct 25 04:54:05 ip-172-31-19-109 kernel: [    2.031315] pci 0000:00:01.1: legacy IDE quirk: reg 0x1c: [io  0x0376]
Oct 25 04:54:05 ip-172-31-19-109 kernel: [    2.040908] pci 0000:00:01.3: [8086:7113] type 00 class 0x068000
Oct 25 04:54:05 ip-172-31-19-109 kernel: [    2.051392] * Found PM-Timer Bug on the chipset. Due to workarounds for a bug,
Oct 25 04:54:05 ip-172-31-19-109 kernel: [    2.051392] * this clock source is slow. Consider trying other clock sources
Oct 25 04:54:05 ip-172-31-19-109 kernel: [    2.067320] pci 0000:00:01.3: acpi_pm_check_blacklist+0x0/0x40 took 15625 usecs
Oct 25 04:54:05 ip-172-31-19-109 kernel: [    2.078949] pci 0000:00:01.3: quirk: [io  0xb000-0xb03f] claimed by PIIX4 ACPI
Oct 25 04:54:05 ip-172-31-19-109 kernel: [    2.091801] pci 0000:00:01.3: quirk_piix4_acpi+0x0/0x160 took 11718 usecs
Oct 25 04:54:05 ip-172-31-19-109 kernel: [    2.101105] pci 0000:00:02.0: [1013:00b8] type 00 class 0x030000
Oct 25 04:54:05 ip-172-31-19-109 kernel: [    2.112211] pci 0000:00:02.0: reg 0x10: [mem 0xf0000000-0xf1ffffff pref]
Oct 25 04:54:05 ip-172-31-19-109 kernel: [    2.119823] pci 0000:00:02.0: reg 0x14: [mem 0xf3000000-0xf3000fff]
Oct 25 04:54:05 ip-172-31-19-109 kernel: [    2.131552] pci 0000:00:03.0: [5853:0001] type 00 class 0xff8000
Oct 25 04:54:05 ip-172-31-19-109 kernel: [    2.140412] pci 0000:00:03.0: reg 0x10: [io  0xc000-0xc0ff]
Oct 25 04:54:05 ip-172-31-19-109 kernel: [    2.147837] pci 0000:00:03.0: reg 0x14: [mem 0xf2000000-0xf2ffffff pref]
Oct 25 04:54:05 ip-172-31-19-109 kernel: [    2.165563] ACPI: PCI Interrupt Link [LNKA] (IRQs *5 10 11)
Oct 25 04:54:05 ip-172-31-19-109 kernel: [    2.171699] ACPI: PCI Interrupt Link [LNKB] (IRQs 5 *10 11)
Oct 25 04:54:05 ip-172-31-19-109 kernel: [    2.179654] ACPI: PCI Interrupt Link [LNKC] (IRQs 5 10 *11)
Oct 25 04:54:05 ip-172-31-19-109 kernel: [    2.187688] ACPI: PCI Interrupt Link [LNKD] (IRQs *5 10 11)
Oct 25 04:54:05 ip-172-31-19-109 kernel: [    2.226992] xen:balloon: Initialising balloon driver
Oct 25 04:54:05 ip-172-31-19-109 kernel: [    2.231377] iommu: Default domain type: Translated 
Oct 25 04:54:05 ip-172-31-19-109 kernel: [    2.239506] SCSI subsystem initialized
Oct 25 04:54:05 ip-172-31-19-109 kernel: [    2.243332] libata version 3.00 loaded.
Oct 25 04:54:05 ip-172-31-19-109 kernel: [    2.243394] pci 0000:00:02.0: vgaarb: setting as boot VGA device
Oct 25 04:54:05 ip-172-31-19-109 kernel: [    2.247305] pci 0000:00:02.0: vgaarb: VGA device added: decodes=io+mem,owns=io+mem,locks=none
Oct 25 04:54:05 ip-172-31-19-109 kernel: [    2.259315] pci 0000:00:02.0: vgaarb: bridge control possible
Oct 25 04:54:05 ip-172-31-19-109 kernel: [    2.267313] vgaarb: loaded
Oct 25 04:54:05 ip-172-31-19-109 kernel: [    2.271280] ACPI: bus type USB registered
Oct 25 04:54:05 ip-172-31-19-109 kernel: [    2.275338] usbcore: registered new interface driver usbfs
Oct 25 04:54:05 ip-172-31-19-109 kernel: [    2.283320] usbcore: registered new interface driver hub
Oct 25 04:54:05 ip-172-31-19-109 kernel: [    2.287335] usbcore: registered new device driver usb
Oct 25 04:54:05 ip-172-31-19-109 kernel: [    2.295356] pps_core: LinuxPPS API ver. 1 registered
Oct 25 04:54:05 ip-172-31-19-109 kernel: [    2.299312] pps_core: Software ver. 5.3.6 - Copyright 2005-2007 Rodolfo Giometti <giometti@linux.it>
Oct 25 04:54:05 ip-172-31-19-109 kernel: [    2.311320] PTP clock support registered
Oct 25 04:54:05 ip-172-31-19-109 kernel: [    2.315354] EDAC MC: Ver: 3.0.0
Oct 25 04:54:05 ip-172-31-19-109 kernel: [    2.324209] PCI: Using ACPI for IRQ routing
Oct 25 04:54:05 ip-172-31-19-109 kernel: [    2.327314] PCI: pci_cache_line_size set to 64 bytes
Oct 25 04:54:05 ip-172-31-19-109 kernel: [    2.328226] e820: reserve RAM buffer [mem 0x0009e000-0x0009ffff]
Oct 25 04:54:05 ip-172-31-19-109 kernel: [    2.328375] NetLabel: Initializing
Oct 25 04:54:05 ip-172-31-19-109 kernel: [    2.335313] NetLabel:  domain hash size = 128
Oct 25 04:54:05 ip-172-31-19-109 kernel: [    2.339312] NetLabel:  protocols = UNLABELED CIPSOv4 CALIPSO
Oct 25 04:54:05 ip-172-31-19-109 kernel: [    2.347347] NetLabel:  unlabeled traffic allowed by default
Oct 25 04:54:05 ip-172-31-19-109 kernel: [    2.351370] hpet: 3 channels of 0 reserved for per-cpu timers
Oct 25 04:54:05 ip-172-31-19-109 kernel: [    2.359320] hpet0: at MMIO 0xfed00000, IRQs 2, 8, 0
Oct 25 04:54:05 ip-172-31-19-109 kernel: [    2.367313] hpet0: 3 comparators, 64-bit 62.500000 MHz counter
Oct 25 04:54:05 ip-172-31-19-109 kernel: [    2.375312] clocksource: Switched to clocksource xen
Oct 25 04:54:05 ip-172-31-19-109 kernel: [    2.396507] *** VALIDATE bpf ***
Oct 25 04:54:05 ip-172-31-19-109 kernel: [    2.401253] VFS: Disk quotas dquot_6.6.0
Oct 25 04:54:05 ip-172-31-19-109 kernel: [    2.406487] VFS: Dquot-cache hash table entries: 512 (order 0, 4096 bytes)
Oct 25 04:54:05 ip-172-31-19-109 kernel: [    2.414855] *** VALIDATE ramfs ***
Oct 25 04:54:05 ip-172-31-19-109 kernel: [    2.419723] *** VALIDATE hugetlbfs ***
Oct 25 04:54:05 ip-172-31-19-109 kernel: [    2.424836] AppArmor: AppArmor Filesystem Enabled
Oct 25 04:54:05 ip-172-31-19-109 kernel: [    2.430774] pnp: PnP ACPI init
Oct 25 04:54:05 ip-172-31-19-109 kernel: [    2.435233] system 00:00: [mem 0x00000000-0x0009ffff] could not be reserved
Oct 25 04:54:05 ip-172-31-19-109 kernel: [    2.443053] system 00:00: Plug and Play ACPI device, IDs PNP0c02 (active)
Oct 25 04:54:05 ip-172-31-19-109 kernel: [    2.443175] system 00:01: [io  0x08a0-0x08a3] has been reserved
Oct 25 04:54:05 ip-172-31-19-109 kernel: [    2.449988] system 00:01: [io  0x0cc0-0x0ccf] has been reserved
Oct 25 04:54:05 ip-172-31-19-109 kernel: [    2.456966] system 00:01: [io  0x04d0-0x04d1] has been reserved
Oct 25 04:54:05 ip-172-31-19-109 kernel: [    2.464054] system 00:01: Plug and Play ACPI device, IDs PNP0c02 (active)
Oct 25 04:54:05 ip-172-31-19-109 kernel: [    2.464093] xen: --> pirq=17 -> irq=8 (gsi=8)
Oct 25 04:54:05 ip-172-31-19-109 kernel: [    2.464113] pnp 00:02: Plug and Play ACPI device, IDs PNP0b00 (active)
Oct 25 04:54:05 ip-172-31-19-109 kernel: [    2.464142] xen: --> pirq=18 -> irq=12 (gsi=12)
Oct 25 04:54:05 ip-172-31-19-109 kernel: [    2.464159] pnp 00:03: Plug and Play ACPI device, IDs PNP0f13 (active)
Oct 25 04:54:05 ip-172-31-19-109 kernel: [    2.464181] xen: --> pirq=19 -> irq=1 (gsi=1)
Oct 25 04:54:05 ip-172-31-19-109 kernel: [    2.464193] pnp 00:04: Plug and Play ACPI device, IDs PNP0303 PNP030b (active)
Oct 25 04:54:05 ip-172-31-19-109 kernel: [    2.464213] xen: --> pirq=20 -> irq=6 (gsi=6)
Oct 25 04:54:05 ip-172-31-19-109 kernel: [    2.464215] pnp 00:05: [dma 2]
Oct 25 04:54:05 ip-172-31-19-109 kernel: [    2.464229] pnp 00:05: Plug and Play ACPI device, IDs PNP0700 (active)
Oct 25 04:54:05 ip-172-31-19-109 kernel: [    2.464257] xen: --> pirq=21 -> irq=4 (gsi=4)
Oct 25 04:54:05 ip-172-31-19-109 kernel: [    2.464274] pnp 00:06: Plug and Play ACPI device, IDs PNP0501 (active)
Oct 25 04:54:05 ip-172-31-19-109 kernel: [    2.464320] system 00:07: [io  0x10c0-0x1141] has been reserved
Oct 25 04:54:05 ip-172-31-19-109 kernel: [    2.471308] system 00:07: [io  0xb044-0xb047] has been reserved
Oct 25 04:54:05 ip-172-31-19-109 kernel: [    2.478523] system 00:07: Plug and Play ACPI device, IDs PNP0c02 (active)
Oct 25 04:54:05 ip-172-31-19-109 kernel: [    2.510395] pnp: PnP ACPI: found 8 devices
Oct 25 04:54:05 ip-172-31-19-109 kernel: [    2.519349] thermal_sys: Registered thermal governor 'fair_share'
Oct 25 04:54:05 ip-172-31-19-109 kernel: [    2.519349] thermal_sys: Registered thermal governor 'bang_bang'
Oct 25 04:54:05 ip-172-31-19-109 kernel: [    2.526996] thermal_sys: Registered thermal governor 'step_wise'
Oct 25 04:54:05 ip-172-31-19-109 kernel: [    2.535474] thermal_sys: Registered thermal governor 'user_space'
Oct 25 04:54:05 ip-172-31-19-109 kernel: [    2.544419] thermal_sys: Registered thermal governor 'power_allocator'
Oct 25 04:54:05 ip-172-31-19-109 kernel: [    2.556249] clocksource: acpi_pm: mask: 0xffffff max_cycles: 0xffffff, max_idle_ns: 2085701024 ns
Oct 25 04:54:05 ip-172-31-19-109 kernel: [    2.574589] pci_bus 0000:00: resource 4 [io  0x0000-0x0cf7 window]
Oct 25 04:54:05 ip-172-31-19-109 kernel: [    2.581891] pci_bus 0000:00: resource 5 [io  0x0d00-0xffff window]
Oct 25 04:54:05 ip-172-31-19-109 kernel: [    2.589385] pci_bus 0000:00: resource 6 [mem 0x000a0000-0x000bffff window]
Oct 25 04:54:05 ip-172-31-19-109 kernel: [    2.597504] pci_bus 0000:00: resource 7 [mem 0xf0000000-0xfbffffff window]
Oct 25 04:54:05 ip-172-31-19-109 kernel: [    2.605982] NET: Registered protocol family 2
Oct 25 04:54:05 ip-172-31-19-109 kernel: [    2.612385] tcp_listen_portaddr_hash hash table entries: 16384 (order: 6, 262144 bytes, linear)
Oct 25 04:54:05 ip-172-31-19-109 kernel: [    2.624388] TCP established hash table entries: 262144 (order: 9, 2097152 bytes, linear)
Oct 25 04:54:05 ip-172-31-19-109 kernel: [    2.634914] TCP bind hash table entries: 65536 (order: 8, 1048576 bytes, linear)
Oct 25 04:54:05 ip-172-31-19-109 kernel: [    2.644442] TCP: Hash tables configured (established 262144 bind 65536)
Oct 25 04:54:05 ip-172-31-19-109 kernel: [    2.652337] UDP hash table entries: 16384 (order: 7, 524288 bytes, linear)
Oct 25 04:54:05 ip-172-31-19-109 kernel: [    2.660627] UDP-Lite hash table entries: 16384 (order: 7, 524288 bytes, linear)
Oct 25 04:54:05 ip-172-31-19-109 kernel: [    2.669380] NET: Registered protocol family 1
Oct 25 04:54:05 ip-172-31-19-109 kernel: [    2.674988] NET: Registered protocol family 44
Oct 25 04:54:05 ip-172-31-19-109 kernel: [    2.680934] pci 0000:00:01.0: PIIX3: Enabling Passive Release
Oct 25 04:54:05 ip-172-31-19-109 kernel: [    2.687783] pci 0000:00:00.0: Limiting direct PCI/PCI transfers
Oct 25 04:54:05 ip-172-31-19-109 kernel: [    2.694888] pci 0000:00:01.0: Activating ISA DMA hang workarounds
Oct 25 04:54:05 ip-172-31-19-109 kernel: [    2.702435] pci 0000:00:02.0: Video device with shadowed ROM at [mem 0x000c0000-0x000dffff]
Oct 25 04:54:05 ip-172-31-19-109 kernel: [    2.712093] PCI: CLS 0 bytes, default 64
Oct 25 04:54:05 ip-172-31-19-109 kernel: [    2.717187] Trying to unpack rootfs image as initramfs...
Oct 25 04:54:05 ip-172-31-19-109 kernel: [    3.028132] Freeing initrd memory: 21068K
Oct 25 04:54:05 ip-172-31-19-109 kernel: [    3.033457] PCI-DMA: Using software bounce buffering for IO (SWIOTLB)
Oct 25 04:54:05 ip-172-31-19-109 kernel: [    3.041311] software IO TLB: mapped [mem 0xec000000-0xf0000000] (64MB)
Oct 25 04:54:05 ip-172-31-19-109 kernel: [    3.049477] check: Scanning for low memory corruption every 60 seconds
Oct 25 04:54:05 ip-172-31-19-109 kernel: [    3.057855] Initialise system trusted keyrings
Oct 25 04:54:05 ip-172-31-19-109 kernel: [    3.063746] Key type blacklist registered
Oct 25 04:54:05 ip-172-31-19-109 kernel: [    3.069510] workingset: timestamp_bits=36 max_order=23 bucket_order=0
Oct 25 04:54:05 ip-172-31-19-109 kernel: [    3.078378] zbud: loaded
Oct 25 04:54:05 ip-172-31-19-109 kernel: [    3.082599] squashfs: version 4.0 (2009/01/31) Phillip Lougher
Oct 25 04:54:05 ip-172-31-19-109 kernel: [    3.089680] fuse: init (API version 7.31)
Oct 25 04:54:05 ip-172-31-19-109 kernel: [    3.095009] *** VALIDATE fuse ***
Oct 25 04:54:05 ip-172-31-19-109 kernel: [    3.099463] *** VALIDATE fuse ***
Oct 25 04:54:05 ip-172-31-19-109 kernel: [    3.104162] Platform Keyring initialized
Oct 25 04:54:05 ip-172-31-19-109 kernel: [    3.112934] Key type asymmetric registered
Oct 25 04:54:05 ip-172-31-19-109 kernel: [    3.118400] Asymmetric key parser 'x509' registered
Oct 25 04:54:05 ip-172-31-19-109 kernel: [    3.124267] Block layer SCSI generic (bsg) driver version 0.4 loaded (major 244)
Oct 25 04:54:05 ip-172-31-19-109 kernel: [    3.133066] io scheduler mq-deadline registered
Oct 25 04:54:05 ip-172-31-19-109 kernel: [    3.139187] shpchp: Standard Hot Plug PCI Controller Driver version: 0.4
Oct 25 04:54:05 ip-172-31-19-109 kernel: [    3.147436] intel_idle: Please enable MWAIT in BIOS SETUP
Oct 25 04:54:05 ip-172-31-19-109 kernel: [    3.147586] input: Power Button as /devices/LNXSYSTM:00/LNXPWRBN:00/input/input0
Oct 25 04:54:05 ip-172-31-19-109 kernel: [    3.156442] ACPI: Power Button [PWRF]
Oct 25 04:54:05 ip-172-31-19-109 kernel: [    3.161178] input: Sleep Button as /devices/LNXSYSTM:00/LNXSLPBN:00/input/input1
Oct 25 04:54:05 ip-172-31-19-109 kernel: [    3.170156] ACPI: Sleep Button [SLPF]
Oct 25 04:54:05 ip-172-31-19-109 kernel: [    3.179161] xen: --> pirq=22 -> irq=28 (gsi=28)
Oct 25 04:54:05 ip-172-31-19-109 kernel: [    3.179273] xen:grant_table: Grant tables using version 1 layout
Oct 25 04:54:05 ip-172-31-19-109 kernel: [    3.185459] Grant table initialized
Oct 25 04:54:05 ip-172-31-19-109 kernel: [    3.190059] Cannot get hvm parameter CONSOLE_EVTCHN (18): -22!
Oct 25 04:54:05 ip-172-31-19-109 kernel: [    3.196878] Serial: 8250/16550 driver, 4 ports, IRQ sharing enabled
Oct 25 04:54:05 ip-172-31-19-109 kernel: [    3.237864] 00:06: ttyS0 at I/O 0x3f8 (irq = 4, base_baud = 115200) is a 16550A
Oct 25 04:54:05 ip-172-31-19-109 kernel: [    3.245791] Linux agpgart interface v0.103
Oct 25 04:54:05 ip-172-31-19-109 kernel: [    3.255090] loop: module loaded
Oct 25 04:54:05 ip-172-31-19-109 kernel: [    3.260802] ata_piix 0000:00:01.1: version 2.13
Oct 25 04:54:05 ip-172-31-19-109 kernel: [    3.262193] scsi host0: ata_piix
Oct 25 04:54:05 ip-172-31-19-109 kernel: [    3.265783] scsi host1: ata_piix
Oct 25 04:54:05 ip-172-31-19-109 kernel: [    3.268633] blkfront: xvda: barrier or flush: disabled; persistent grants: disabled; indirect descriptors: enabled;
Oct 25 04:54:05 ip-172-31-19-109 kernel: [    3.269930] ata1: PATA max MWDMA2 cmd 0x1f0 ctl 0x3f6 bmdma 0xc100 irq 14
Oct 25 04:54:05 ip-172-31-19-109 kernel: [    3.289566] ata2: PATA max MWDMA2 cmd 0x170 ctl 0x376 bmdma 0xc108 irq 15
Oct 25 04:54:05 ip-172-31-19-109 kernel: [    3.297310] libphy: Fixed MDIO Bus: probed
Oct 25 04:54:05 ip-172-31-19-109 kernel: [    3.298163]  xvda: xvda1
Oct 25 04:54:05 ip-172-31-19-109 kernel: [    3.301661] tun: Universal TUN/TAP device driver, 1.6
Oct 25 04:54:05 ip-172-31-19-109 kernel: [    3.311415] PPP generic driver version 2.4.2
Oct 25 04:54:05 ip-172-31-19-109 kernel: [    3.317499] ehci_hcd: USB 2.0 'Enhanced' Host Controller (EHCI) Driver
Oct 25 04:54:05 ip-172-31-19-109 kernel: [    3.325695] ehci-pci: EHCI PCI platform driver
Oct 25 04:54:05 ip-172-31-19-109 kernel: [    3.331951] ehci-platform: EHCI generic platform driver
Oct 25 04:54:05 ip-172-31-19-109 kernel: [    3.338971] ohci_hcd: USB 1.1 'Open' Host Controller (OHCI) Driver
Oct 25 04:54:05 ip-172-31-19-109 kernel: [    3.346995] ohci-pci: OHCI PCI platform driver
Oct 25 04:54:05 ip-172-31-19-109 kernel: [    3.353304] ohci-platform: OHCI generic platform driver
Oct 25 04:54:05 ip-172-31-19-109 kernel: [    3.360131] uhci_hcd: USB Universal Host Controller Interface driver
Oct 25 04:54:05 ip-172-31-19-109 kernel: [    3.367984] i8042: PNP: PS/2 Controller [PNP0303:PS2K,PNP0f13:PS2M] at 0x60,0x64 irq 1,12
Oct 25 04:54:05 ip-172-31-19-109 kernel: [    3.381113] serio: i8042 KBD port at 0x60,0x64 irq 1
Oct 25 04:54:05 ip-172-31-19-109 kernel: [    3.387238] serio: i8042 AUX port at 0x60,0x64 irq 12
Oct 25 04:54:05 ip-172-31-19-109 kernel: [    3.393739] mousedev: PS/2 mouse device common for all mice
Oct 25 04:54:05 ip-172-31-19-109 kernel: [    3.400909] rtc_cmos 00:02: registered as rtc0
Oct 25 04:54:05 ip-172-31-19-109 kernel: [    3.401767] input: AT Translated Set 2 keyboard as /devices/platform/i8042/serio0/input/input2
Oct 25 04:54:05 ip-172-31-19-109 kernel: [    3.406415] rtc_cmos 00:02: alarms up to one day, 114 bytes nvram, hpet irqs
Oct 25 04:54:05 ip-172-31-19-109 kernel: [    3.424533] device-mapper: uevent: version 1.0.3
Oct 25 04:54:05 ip-172-31-19-109 kernel: [    3.430231] device-mapper: ioctl: 4.41.0-ioctl (2019-09-16) initialised: dm-devel@redhat.com
Oct 25 04:54:05 ip-172-31-19-109 kernel: [    3.440313] platform eisa.0: Probing EISA bus 0
Oct 25 04:54:05 ip-172-31-19-109 kernel: [    3.446021] platform eisa.0: EISA: Cannot allocate resource for mainboard
Oct 25 04:54:05 ip-172-31-19-109 kernel: [    3.454209] platform eisa.0: Cannot allocate resource for EISA slot 1
Oct 25 04:54:05 ip-172-31-19-109 kernel: [    3.462068] platform eisa.0: Cannot allocate resource for EISA slot 2
Oct 25 04:54:05 ip-172-31-19-109 kernel: [    3.469650] platform eisa.0: Cannot allocate resource for EISA slot 3
Oct 25 04:54:05 ip-172-31-19-109 kernel: [    3.477316] platform eisa.0: Cannot allocate resource for EISA slot 4
Oct 25 04:54:05 ip-172-31-19-109 kernel: [    3.485047] platform eisa.0: Cannot allocate resource for EISA slot 5
Oct 25 04:54:05 ip-172-31-19-109 kernel: [    3.490493] platform eisa.0: Cannot allocate resource for EISA slot 6
Oct 25 04:54:05 ip-172-31-19-109 kernel: [    3.498307] platform eisa.0: Cannot allocate resource for EISA slot 7
Oct 25 04:54:05 ip-172-31-19-109 kernel: [    3.506743] platform eisa.0: Cannot allocate resource for EISA slot 8
Oct 25 04:54:05 ip-172-31-19-109 kernel: [    3.514289] platform eisa.0: EISA: Detected 0 cards
Oct 25 04:54:05 ip-172-31-19-109 kernel: [    3.521189] intel_pstate: CPU model not supported
Oct 25 04:54:05 ip-172-31-19-109 kernel: [    3.527644] drop_monitor: Initializing network drop monitor service
Oct 25 04:54:05 ip-172-31-19-109 kernel: [    3.535580] NET: Registered protocol family 10
Oct 25 04:54:05 ip-172-31-19-109 kernel: [    3.545099] Segment Routing with IPv6
Oct 25 04:54:05 ip-172-31-19-109 kernel: [    3.550037] NET: Registered protocol family 17
Oct 25 04:54:05 ip-172-31-19-109 kernel: [    3.556069] Key type dns_resolver registered
Oct 25 04:54:05 ip-172-31-19-109 kernel: [    3.562271] RAS: Correctable Errors collector initialized.
Oct 25 04:54:05 ip-172-31-19-109 kernel: [    3.568850] IPI shorthand broadcast: enabled
Oct 25 04:54:05 ip-172-31-19-109 kernel: [    3.574417] sched_clock: Marking stable (2783278488, 791120183)->(3716577684, -142179013)
Oct 25 04:54:05 ip-172-31-19-109 kernel: [    3.584622] registered taskstats version 1
Oct 25 04:54:05 ip-172-31-19-109 kernel: [    3.590311] Loading compiled-in X.509 certificates
Oct 25 04:54:05 ip-172-31-19-109 kernel: [    3.597381] Loaded X.509 cert 'Build time autogenerated kernel key: 8286cd69e9f8b235cc87c05595d9618d16929256'
Oct 25 04:54:05 ip-172-31-19-109 kernel: [    3.609777] Loaded X.509 cert 'Canonical Ltd. Live Patch Signing: 14df34d1a87cf37625abec039ef2bf521249b969'
Oct 25 04:54:05 ip-172-31-19-109 kernel: [    3.621647] Loaded X.509 cert 'Canonical Ltd. Kernel Module Signing: 88f752e560a1e0737e31163a466ad7b70a850c19'
Oct 25 04:54:05 ip-172-31-19-109 kernel: [    3.633358] zswap: loaded using pool lzo/zbud
Oct 25 04:54:05 ip-172-31-19-109 kernel: [    3.639096] Key type ._fscrypt registered
Oct 25 04:54:05 ip-172-31-19-109 kernel: [    3.644628] Key type .fscrypt registered
Oct 25 04:54:05 ip-172-31-19-109 kernel: [    3.653663] Key type big_key registered
Oct 25 04:54:05 ip-172-31-19-109 systemd[1]: Created slice system-getty.slice.
Oct 25 04:54:05 ip-172-31-19-109 kernel: [    3.660203] Key type encrypted registered
Oct 25 04:54:05 ip-172-31-19-109 kernel: [    3.665291] AppArmor: AppArmor sha1 policy hashing enabled
Oct 25 04:54:05 ip-172-31-19-109 kernel: [    3.671791] ima: No TPM chip found, activating TPM-bypass!
Oct 25 04:54:05 ip-172-31-19-109 kernel: [    3.678540] ima: Allocated hash algorithm: sha1
Oct 25 04:54:05 ip-172-31-19-109 kernel: [    3.684151] ima: No architecture policies found
Oct 25 04:54:05 ip-172-31-19-109 kernel: [    3.689350] evm: Initialising EVM extended attributes:
Oct 25 04:54:05 ip-172-31-19-109 kernel: [    3.693677] evm: security.selinux
Oct 25 04:54:05 ip-172-31-19-109 kernel: [    3.698294] evm: security.SMACK64
Oct 25 04:54:05 ip-172-31-19-109 kernel: [    3.702723] evm: security.SMACK64EXEC
Oct 25 04:54:05 ip-172-31-19-109 kernel: [    3.707181] evm: security.SMACK64TRANSMUTE
Oct 25 04:54:05 ip-172-31-19-109 kernel: [    3.712539] evm: security.SMACK64MMAP
Oct 25 04:54:05 ip-172-31-19-109 kernel: [    3.717179] evm: security.apparmor
Oct 25 04:54:05 ip-172-31-19-109 kernel: [    3.721457] evm: security.ima
Oct 25 04:54:05 ip-172-31-19-109 kernel: [    3.725505] evm: security.capability
Oct 25 04:54:05 ip-172-31-19-109 kernel: [    3.729964] evm: HMAC attrs: 0x1
Oct 25 04:54:05 ip-172-31-19-109 kernel: [    3.734916] xenbus_probe_frontend: Device with no driver: device/vif/0
Oct 25 04:54:05 ip-172-31-19-109 kernel: [    3.742242] PM:   Magic number: 9:664:869
Oct 25 04:54:05 ip-172-31-19-109 kernel: [    3.747133] acpi device:e2: hash matches
Oct 25 04:54:05 ip-172-31-19-109 kernel: [    3.752133] rtc_cmos 00:02: setting system clock to 2021-10-25T04:53:53 UTC (1635137633)
Oct 25 04:54:05 ip-172-31-19-109 kernel: [    3.764552] Freeing unused decrypted memory: 2036K
Oct 25 04:54:05 ip-172-31-19-109 kernel: [    3.771107] Freeing unused kernel image memory: 2656K
Oct 25 04:54:05 ip-172-31-19-109 kernel: [    3.799403] Write protecting the kernel read-only data: 22528k
Oct 25 04:54:05 ip-172-31-19-109 kernel: [    3.807031] Freeing unused kernel image memory: 2008K
Oct 25 04:54:05 ip-172-31-19-109 kernel: [    3.813834] Freeing unused kernel image memory: 1488K
Oct 25 04:54:05 ip-172-31-19-109 kernel: [    3.829065] x86/mm: Checked W+X mappings: passed, no W+X pages found.
Oct 25 04:54:05 ip-172-31-19-109 kernel: [    3.836952] x86/mm: Checking user space page tables
Oct 25 04:54:05 ip-172-31-19-109 kernel: [    3.852059] x86/mm: Checked W+X mappings: passed, no W+X pages found.
Oct 25 04:54:05 ip-172-31-19-109 kernel: [    3.859819] Run /init as init process
Oct 25 04:54:05 ip-172-31-19-109 kernel: [    3.966861] cryptd: max_cpu_qlen set to 1000
Oct 25 04:54:05 ip-172-31-19-109 kernel: [    3.977597] AVX2 version of gcm_enc/dec engaged.
Oct 25 04:54:05 ip-172-31-19-109 kernel: [    3.984919] AES CTR mode by8 optimization enabled
Oct 25 04:54:05 ip-172-31-19-109 kernel: [    3.992524] xen_netfront: Initialising Xen virtual ethernet driver
Oct 25 04:54:05 ip-172-31-19-109 kernel: [    4.067407] tsc: Refined TSC clocksource calibration: 2300.001 MHz
Oct 25 04:54:05 ip-172-31-19-109 kernel: [    4.074133] clocksource: tsc: mask: 0xffffffffffffffff max_cycles: 0x212735f0517, max_idle_ns: 440795237604 ns
Oct 25 04:54:05 ip-172-31-19-109 kernel: [    5.755376] raid6: avx2x4   gen() 23685 MB/s
Oct 25 04:54:05 ip-172-31-19-109 kernel: [    5.807378] raid6: avx2x4   xor() 13813 MB/s
Oct 25 04:54:05 ip-172-31-19-109 kernel: [    5.859379] raid6: avx2x2   gen() 20731 MB/s
Oct 25 04:54:05 ip-172-31-19-109 kernel: [    5.907379] raid6: avx2x2   xor() 12240 MB/s
Oct 25 04:54:05 ip-172-31-19-109 kernel: [    5.955377] raid6: avx2x1   gen() 17572 MB/s
Oct 25 04:54:05 ip-172-31-19-109 kernel: [    6.007376] raid6: avx2x1   xor() 11709 MB/s
Oct 25 04:54:05 ip-172-31-19-109 kernel: [    6.055378] raid6: sse2x4   gen() 12845 MB/s
Oct 25 04:54:05 ip-172-31-19-109 kernel: [    6.103393] raid6: sse2x4   xor()  8163 MB/s
Oct 25 04:54:05 ip-172-31-19-109 kernel: [    6.151378] raid6: sse2x2   gen() 11050 MB/s
Oct 25 04:54:05 ip-172-31-19-109 kernel: [    6.199377] raid6: sse2x2   xor()  6962 MB/s
Oct 25 04:54:05 ip-172-31-19-109 kernel: [    6.247378] raid6: sse2x1   gen()  9140 MB/s
Oct 25 04:54:05 ip-172-31-19-109 kernel: [    6.299374] raid6: sse2x1   xor()  6395 MB/s
Oct 25 04:54:05 ip-172-31-19-109 kernel: [    6.303231] raid6: using algorithm avx2x4 gen() 23685 MB/s
Oct 25 04:54:05 ip-172-31-19-109 kernel: [    6.307710] raid6: .... xor() 13813 MB/s, rmw enabled
Oct 25 04:54:05 ip-172-31-19-109 kernel: [    6.312045] raid6: using avx2x2 recovery algorithm
Oct 25 04:54:05 ip-172-31-19-109 kernel: [    6.317466] xor: automatically using best checksumming function   avx       
Oct 25 04:54:05 ip-172-31-19-109 kernel: [    6.324171] async_tx: api initialized (async)
Oct 25 04:54:05 ip-172-31-19-109 kernel: [    6.383442] Btrfs loaded, crc32c=crc32c-intel
Oct 25 04:54:05 ip-172-31-19-109 kernel: [    6.457744] EXT4-fs (xvda1): mounted filesystem with ordered data mode. Opts: (null)
Oct 25 04:54:05 ip-172-31-19-109 kernel: [    7.229589] systemd[1]: systemd 237 running in system mode. (+PAM +AUDIT +SELINUX +IMA +APPARMOR +SMACK +SYSVINIT +UTMP +LIBCRYPTSETUP +GCRYPT +GNUTLS +ACL +XZ +LZ4 +SECCOMP +BLKID +ELFUTILS +KMOD -IDN2 +IDN -PCRE2 default-hierarchy=hybrid)
Oct 25 04:54:05 ip-172-31-19-109 kernel: [    7.246246] systemd[1]: Detected virtualization xen.
Oct 25 04:54:05 ip-172-31-19-109 kernel: [    7.250778] systemd[1]: Detected architecture x86-64.
Oct 25 04:54:05 ip-172-31-19-109 kernel: [    7.284843] systemd[1]: Set hostname to <ubuntu>.
Oct 25 04:54:05 ip-172-31-19-109 kernel: [    7.325191] systemd[1]: Initializing machine ID from random generator.
Oct 25 04:54:05 ip-172-31-19-109 kernel: [    7.330551] systemd[1]: Installed transient /etc/machine-id file.
Oct 25 04:54:05 ip-172-31-19-109 kernel: [    7.786706] systemd[1]: Started Forward Password Requests to Wall Directory Watch.
Oct 25 04:54:05 ip-172-31-19-109 kernel: [    7.797233] systemd[1]: Set up automount Arbitrary Executable File Formats File System Automount Point.
Oct 25 04:54:05 ip-172-31-19-109 kernel: [    7.810078] systemd[1]: Reached target Swap.
Oct 25 04:54:05 ip-172-31-19-109 kernel: [    7.816556] systemd[1]: Reached target User and Group Name Lookups.
Oct 25 04:54:05 ip-172-31-19-109 kernel: [    7.917114] EXT4-fs (xvda1): re-mounted. Opts: discard
Oct 25 04:54:05 ip-172-31-19-109 kernel: [    7.979773] Loading iSCSI transport class v2.0-870.
Oct 25 04:54:05 ip-172-31-19-109 kernel: [    8.001155] systemd-journald[469]: Received request to flush runtime journal from PID 1
Oct 25 04:54:05 ip-172-31-19-109 kernel: [    8.031985] iscsi: registered transport (tcp)
Oct 25 04:54:05 ip-172-31-19-109 kernel: [    8.104818] iscsi: registered transport (iser)
Oct 25 04:54:05 ip-172-31-19-109 kernel: [    8.981021] audit: type=1400 audit(1635137638.724:2): apparmor="STATUS" operation="profile_load" profile="unconfined" name="/usr/bin/lxc-start" pid=721 comm="apparmor_parser"
Oct 25 04:54:05 ip-172-31-19-109 kernel: [    9.055495] audit: type=1400 audit(1635137638.800:3): apparmor="STATUS" operation="profile_load" profile="unconfined" name="/usr/bin/man" pid=728 comm="apparmor_parser"
Oct 25 04:54:05 ip-172-31-19-109 kernel: [    9.055846] audit: type=1400 audit(1635137638.800:4): apparmor="STATUS" operation="profile_load" profile="unconfined" name="man_filter" pid=728 comm="apparmor_parser"
Oct 25 04:54:05 ip-172-31-19-109 kernel: [    9.056225] audit: type=1400 audit(1635137638.800:5): apparmor="STATUS" operation="profile_load" profile="unconfined" name="man_groff" pid=728 comm="apparmor_parser"
Oct 25 04:54:05 ip-172-31-19-109 kernel: [    9.075580] audit: type=1400 audit(1635137638.820:6): apparmor="STATUS" operation="profile_load" profile="unconfined" name="/usr/sbin/tcpdump" pid=723 comm="apparmor_parser"
Oct 25 04:54:05 ip-172-31-19-109 kernel: [    9.145921] audit: type=1400 audit(1635137638.888:7): apparmor="STATUS" operation="profile_load" profile="unconfined" name="/sbin/dhclient" pid=727 comm="apparmor_parser"
Oct 25 04:54:05 ip-172-31-19-109 kernel: [    9.146377] audit: type=1400 audit(1635137638.888:8): apparmor="STATUS" operation="profile_load" profile="unconfined" name="/usr/lib/NetworkManager/nm-dhcp-client.action" pid=727 comm="apparmor_parser"
Oct 25 04:54:05 ip-172-31-19-109 kernel: [    9.146787] audit: type=1400 audit(1635137638.888:9): apparmor="STATUS" operation="profile_load" profile="unconfined" name="/usr/lib/NetworkManager/nm-dhcp-helper" pid=727 comm="apparmor_parser"
Oct 25 04:54:05 ip-172-31-19-109 kernel: [    9.147185] audit: type=1400 audit(1635137638.888:10): apparmor="STATUS" operation="profile_load" profile="unconfined" name="/usr/lib/connman/scripts/dhclient-script" pid=727 comm="apparmor_parser"
Oct 25 04:54:05 ip-172-31-19-109 kernel: [    9.203577] audit: type=1400 audit(1635137638.948:11): apparmor="STATUS" operation="profile_load" profile="unconfined" name="/usr/lib/snapd/snap-confine" pid=722 comm="apparmor_parser"
Oct 25 04:54:05 ip-172-31-19-109 kernel: [   14.246535] EXT4-fs (xvda1): resizing filesystem from 2096891 to 33554171 blocks
Oct 25 04:54:05 ip-172-31-19-109 kernel: [   15.083384] EXT4-fs (xvda1): resized filesystem to 33554171
Oct 25 04:54:05 ip-172-31-19-109 kernel: [   16.027187] new mount options do not match the existing superblock, will be ignored
Oct 25 04:54:05 ip-172-31-19-109 systemd[1]: Started Getty on tty1.
Oct 25 04:54:05 ip-172-31-19-109 systemd[1]: Reached target Login Prompts.
Oct 25 04:54:05 ip-172-31-19-109 dbus-daemon[989]: [system] Activating via systemd: service name='org.freedesktop.PolicyKit1' unit='polkit.service' requested by ':1.5' (uid=0 pid=1095 comm="/usr/lib/accountsservice/accounts-daemon " label="unconfined")
Oct 25 04:54:05 ip-172-31-19-109 systemd[1]: Starting Authorization Manager...
Oct 25 04:54:05 ip-172-31-19-109 grub-common[1026]:    ...done.
Oct 25 04:54:05 ip-172-31-19-109 systemd[1]: Started LSB: Record successful boot for GRUB.
Oct 25 04:54:05 ip-172-31-19-109 polkitd[1206]: started daemon version 0.105 using authority implementation `local' version `0.105'
Oct 25 04:54:05 ip-172-31-19-109 dbus-daemon[989]: [system] Successfully activated service 'org.freedesktop.PolicyKit1'
Oct 25 04:54:05 ip-172-31-19-109 systemd[1]: Started Authorization Manager.
Oct 25 04:54:05 ip-172-31-19-109 accounts-daemon[1095]: started daemon version 0.6.45
Oct 25 04:54:05 ip-172-31-19-109 systemd[1]: Started Accounts Service.
Oct 25 04:54:05 ip-172-31-19-109 networkd-dispatcher[1091]: No valid path found for iwconfig
Oct 25 04:54:05 ip-172-31-19-109 networkd-dispatcher[1091]: No valid path found for iw
Oct 25 04:54:05 ip-172-31-19-109 systemd[1]: Started Dispatcher daemon for systemd-networkd.
Oct 25 04:54:06 ip-172-31-19-109 snapd[1101]: AppArmor status: apparmor is enabled and all features are available
Oct 25 04:54:06 ip-172-31-19-109 snapd[1101]: daemon.go:347: started snapd/2.48.3+18.04 (series 16; classic) ubuntu/18.04 (amd64) linux/5.4.0-1045-aws.
Oct 25 04:54:06 ip-172-31-19-109 systemd[1]: Started LXD - container startup/shutdown.
Oct 25 04:54:06 ip-172-31-19-109 snapd[1101]: daemon.go:440: adjusting startup timeout by 30s (pessimistic estimate of 30s plus 5s per snap)
Oct 25 04:54:06 ip-172-31-19-109 snapd[1101]: helpers.go:105: error trying to compare the snap system key: system-key missing on disk
Oct 25 04:54:06 ip-172-31-19-109 systemd[1]: Started Snap Daemon.
Oct 25 04:54:06 ip-172-31-19-109 systemd[1]: Starting Wait until snapd is fully seeded...
Oct 25 04:54:06 ip-172-31-19-109 pollinate[1034]: client verified challenge/response with [https://entropy.ubuntu.com/]
Oct 25 04:54:06 ip-172-31-19-109 pollinate[1034]: client hashed response from [https://entropy.ubuntu.com/]
Oct 25 04:54:06 ip-172-31-19-109 pollinate[1034]: client successfully seeded [/dev/urandom]
Oct 25 04:54:06 ip-172-31-19-109 systemd[1]: Started Pollinate to seed the pseudo random number generator.
Oct 25 04:54:06 ip-172-31-19-109 systemd[1]: Starting OpenBSD Secure Shell server...
Oct 25 04:54:07 ip-172-31-19-109 systemd[1]: Started OpenBSD Secure Shell server.
Oct 25 04:54:10 ip-172-31-19-109 systemd[1]: Reloading.
Oct 25 04:54:10 ip-172-31-19-109 systemd[1]: Reloading.
Oct 25 04:54:10 ip-172-31-19-109 systemd[1]: Mounting Mount unit for snapd, revision 11588...
Oct 25 04:54:10 ip-172-31-19-109 systemd[1]: Mounted Mount unit for snapd, revision 11588.
Oct 25 04:54:11 ip-172-31-19-109 kernel: [   21.386332] kauditd_printk_skb: 5 callbacks suppressed
Oct 25 04:54:11 ip-172-31-19-109 kernel: [   21.386334] audit: type=1400 audit(1635137651.128:17): apparmor="STATUS" operation="profile_load" profile="unconfined" name="/snap/snapd/11588/usr/lib/snapd/snap-confine" pid=1729 comm="apparmor_parser"
Oct 25 04:54:11 ip-172-31-19-109 kernel: [   21.386553] audit: type=1400 audit(1635137651.128:18): apparmor="STATUS" operation="profile_load" profile="unconfined" name="/snap/snapd/11588/usr/lib/snapd/snap-confine//mount-namespace-capture-helper" pid=1729 comm="apparmor_parser"
Oct 25 04:54:11 ip-172-31-19-109 snapd[1101]: daemon.go:589: gracefully waiting for running hooks
Oct 25 04:54:11 ip-172-31-19-109 snapd[1101]: daemon.go:591: done waiting for running hooks
Oct 25 04:54:13 ip-172-31-19-109 systemd[1]: snapd.service: Service hold-off time over, scheduling restart.
Oct 25 04:54:13 ip-172-31-19-109 systemd[1]: snapd.service: Scheduled restart job, restart counter is at 1.
Oct 25 04:54:13 ip-172-31-19-109 systemd[1]: Stopped Snap Daemon.
Oct 25 04:54:13 ip-172-31-19-109 systemd[1]: Starting Snap Daemon...
Oct 25 04:54:13 ip-172-31-19-109 snapd[1767]: AppArmor status: apparmor is enabled and all features are available
Oct 25 04:54:13 ip-172-31-19-109 snapd[1767]: AppArmor status: apparmor is enabled and all features are available
Oct 25 04:54:13 ip-172-31-19-109 snapd[1767]: patch.go:64: Patching system state level 6 to sublevel 1...
Oct 25 04:54:13 ip-172-31-19-109 snapd[1767]: patch.go:64: Patching system state level 6 to sublevel 2...
Oct 25 04:54:13 ip-172-31-19-109 snapd[1767]: patch.go:64: Patching system state level 6 to sublevel 3...
Oct 25 04:54:13 ip-172-31-19-109 snapd[1767]: daemon.go:347: started snapd/2.49.2 (series 16; classic) ubuntu/18.04 (amd64) linux/5.4.0-1045-aws.
Oct 25 04:54:13 ip-172-31-19-109 snapd[1767]: daemon.go:440: adjusting startup timeout by 35s (pessimistic estimate of 30s plus 5s per snap)
Oct 25 04:54:13 ip-172-31-19-109 kernel: [   24.040889] audit: type=1400 audit(1635137653.784:19): apparmor="STATUS" operation="profile_replace" profile="unconfined" name="/snap/snapd/11588/usr/lib/snapd/snap-confine" pid=1838 comm="apparmor_parser"
Oct 25 04:54:13 ip-172-31-19-109 kernel: [   24.067434] audit: type=1400 audit(1635137653.812:20): apparmor="STATUS" operation="profile_replace" profile="unconfined" name="/snap/snapd/11588/usr/lib/snapd/snap-confine//mount-namespace-capture-helper" pid=1838 comm="apparmor_parser"
Oct 25 04:54:13 ip-172-31-19-109 systemd[1]: Started Snap Daemon.
Oct 25 04:54:14 ip-172-31-19-109 systemd[1]: Reloading.
Oct 25 04:54:14 ip-172-31-19-109 systemd[1]: Reloading.
Oct 25 04:54:14 ip-172-31-19-109 systemd[1]: Mounting Mount unit for core18, revision 1997...
Oct 25 04:54:14 ip-172-31-19-109 systemd[1]: Mounted Mount unit for core18, revision 1997.
Oct 25 04:54:15 ip-172-31-19-109 systemd[1]: Reloading.
Oct 25 04:54:15 ip-172-31-19-109 systemd[1]: Reloading.
Oct 25 04:54:15 ip-172-31-19-109 systemd[1]: Mounting Mount unit for amazon-ssm-agent, revision 3552...
Oct 25 04:54:15 ip-172-31-19-109 systemd[1]: Mounted Mount unit for amazon-ssm-agent, revision 3552.
Oct 25 04:54:15 ip-172-31-19-109 kernel: [   25.833953] audit: type=1400 audit(1635137655.576:21): apparmor="STATUS" operation="profile_load" profile="unconfined" name="snap.amazon-ssm-agent.amazon-ssm-agent" pid=2144 comm="apparmor_parser"
Oct 25 04:54:15 ip-172-31-19-109 kernel: [   25.833984] audit: type=1400 audit(1635137655.576:22): apparmor="STATUS" operation="profile_load" profile="unconfined" name="snap.amazon-ssm-agent.ssm-cli" pid=2145 comm="apparmor_parser"
Oct 25 04:54:15 ip-172-31-19-109 kernel: [   25.840988] audit: type=1400 audit(1635137655.584:23): apparmor="STATUS" operation="profile_load" profile="unconfined" name="snap-update-ns.amazon-ssm-agent" pid=2143 comm="apparmor_parser"
Oct 25 04:54:15 ip-172-31-19-109 systemd[1]: Reloading.
Oct 25 04:54:15 ip-172-31-19-109 systemd[1]: Reloading.
Oct 25 04:54:16 ip-172-31-19-109 systemd[1]: Started Service for snap application amazon-ssm-agent.amazon-ssm-agent.
Oct 25 04:54:17 ip-172-31-19-109 amazon-ssm-agent.amazon-ssm-agent[2208]: Error occurred fetching the seelog config file path:  open /etc/amazon/ssm/seelog.xml: no such file or directory
Oct 25 04:54:17 ip-172-31-19-109 amazon-ssm-agent.amazon-ssm-agent[2208]: Initializing new seelog logger
Oct 25 04:54:17 ip-172-31-19-109 amazon-ssm-agent.amazon-ssm-agent[2208]: New Seelog Logger Creation Complete
Oct 25 04:54:17 ip-172-31-19-109 amazon-ssm-agent.amazon-ssm-agent[2208]: 2021-10-25 04:54:17 WARN Error adding the directory '/etc/amazon/ssm' to watcher: no such file or directory
Oct 25 04:54:17 ip-172-31-19-109 amazon-ssm-agent.amazon-ssm-agent[2208]: 2021-10-25 04:54:17 INFO [amazon-ssm-agent] amazon-ssm-agent - v3.0.529.0
Oct 25 04:54:17 ip-172-31-19-109 amazon-ssm-agent.amazon-ssm-agent[2208]: 2021-10-25 04:54:17 INFO [amazon-ssm-agent] OS: linux, Arch: amd64
Oct 25 04:54:18 ip-172-31-19-109 amazon-ssm-agent.amazon-ssm-agent[2208]: 2021-10-25 04:54:18 INFO [amazon-ssm-agent] [LongRunningWorkerContainer] [WorkerProvider] Worker ssm-agent-worker is not running, starting worker process
Oct 25 04:54:18 ip-172-31-19-109 amazon-ssm-agent.amazon-ssm-agent[2208]: 2021-10-25 04:54:18 INFO [amazon-ssm-agent] [LongRunningWorkerContainer] [WorkerProvider] Worker ssm-agent-worker (pid:2268) started
Oct 25 04:54:18 ip-172-31-19-109 amazon-ssm-agent.amazon-ssm-agent[2208]: 2021-10-25 04:54:18 INFO [amazon-ssm-agent] [LongRunningWorkerContainer] Monitor long running worker health every 60 seconds
Oct 25 04:54:18 ip-172-31-19-109 systemd[1]: Started Wait until snapd is fully seeded.
Oct 25 04:54:18 ip-172-31-19-109 systemd[1]: Starting Apply the settings specified in cloud-config...
Oct 25 04:54:20 ip-172-31-19-109 cloud-init[2274]: Cloud-init v. 21.1-19-gbad84ad4-0ubuntu1~18.04.1 running 'modules:config' at Mon, 25 Oct 2021 04:54:19 +0000. Up 28.72 seconds.
Oct 25 04:54:20 ip-172-31-19-109 systemd[1]: Started Apply the settings specified in cloud-config.
Oct 25 04:54:20 ip-172-31-19-109 systemd[1]: Starting EC2 instance hibernation setup agent...
Oct 25 04:54:20 ip-172-31-19-109 /hibinit-agent: Instance Launch has not enabled Hibernation Configured Flag. hibinit-agent exiting!!
Oct 25 04:54:20 ip-172-31-19-109 hibinit-agent[2329]: Instance Launch has not enabled Hibernation Configured Flag. hibinit-agent exiting!!
Oct 25 04:54:20 ip-172-31-19-109 systemd[1]: Started EC2 instance hibernation setup agent.
Oct 25 04:54:20 ip-172-31-19-109 systemd[1]: Reached target Multi-User System.
Oct 25 04:54:20 ip-172-31-19-109 systemd[1]: Reached target Graphical Interface.
Oct 25 04:54:20 ip-172-31-19-109 systemd[1]: Starting Update UTMP about System Runlevel Changes...
Oct 25 04:54:20 ip-172-31-19-109 systemd[1]: Starting Execute cloud user/final scripts...
Oct 25 04:54:20 ip-172-31-19-109 systemd[1]: Started Update UTMP about System Runlevel Changes.
Oct 25 04:54:20 ip-172-31-19-109 ec2: 
Oct 25 04:54:20 ip-172-31-19-109 ec2: #############################################################
Oct 25 04:54:20 ip-172-31-19-109 ec2: -----BEGIN SSH HOST KEY FINGERPRINTS-----
Oct 25 04:54:20 ip-172-31-19-109 ec2: 1024 SHA256:nQgSgGJKeBVXAOdKMjymry1fnO56oc+0faBAje5cj5U root@ip-172-31-19-109 (DSA)
Oct 25 04:54:20 ip-172-31-19-109 ec2: 256 SHA256:68v7xx+K/IGM5+3/Yc9+YDZ5xInU/vpwITPmTfq3vBc root@ip-172-31-19-109 (ECDSA)
Oct 25 04:54:20 ip-172-31-19-109 ec2: 256 SHA256:LibH2rJkX+CBuSU5dqVkiM4qfM2M7Xs0qoGlefaQ+Hw root@ip-172-31-19-109 (ED25519)
Oct 25 04:54:20 ip-172-31-19-109 ec2: 2048 SHA256:a1SkOqLyEmg4Y6/GCZ7aPGmz+VrElO+2+bD4edOSHuo root@ip-172-31-19-109 (RSA)
Oct 25 04:54:20 ip-172-31-19-109 ec2: -----END SSH HOST KEY FINGERPRINTS-----
Oct 25 04:54:20 ip-172-31-19-109 ec2: #############################################################
Oct 25 04:54:20 ip-172-31-19-109 cloud-init[2347]: Cloud-init v. 21.1-19-gbad84ad4-0ubuntu1~18.04.1 running 'modules:final' at Mon, 25 Oct 2021 04:54:20 +0000. Up 30.19 seconds.
Oct 25 04:54:20 ip-172-31-19-109 cloud-init[2347]: Cloud-init v. 21.1-19-gbad84ad4-0ubuntu1~18.04.1 finished at Mon, 25 Oct 2021 04:54:20 +0000. Datasource DataSourceEc2Local.  Up 30.37 seconds
Oct 25 04:54:20 ip-172-31-19-109 systemd[1]: Started Execute cloud user/final scripts.
Oct 25 04:54:20 ip-172-31-19-109 systemd[1]: Reached target Cloud-init target.
Oct 25 04:54:20 ip-172-31-19-109 systemd[1]: Startup finished in 6.244s (kernel) + 24.204s (userspace) = 30.449s.
Oct 25 04:54:33 ip-172-31-19-109 systemd-timesyncd[628]: Synchronized to time server 91.189.89.198:123 (ntp.ubuntu.com).
Oct 25 04:57:55 ip-172-31-19-109 systemd[1]: Created slice User Slice of ubuntu.
Oct 25 04:57:55 ip-172-31-19-109 systemd[1]: Starting User Manager for UID 1000...
Oct 25 04:57:55 ip-172-31-19-109 systemd[1]: Started Session 1 of user ubuntu.
Oct 25 04:57:55 ip-172-31-19-109 systemd[2433]: Reached target Timers.
Oct 25 04:57:55 ip-172-31-19-109 systemd[2433]: Listening on GnuPG network certificate management daemon.
Oct 25 04:57:55 ip-172-31-19-109 systemd[2433]: Listening on GnuPG cryptographic agent and passphrase cache (access for web browsers).
Oct 25 04:57:55 ip-172-31-19-109 systemd[2433]: Listening on GnuPG cryptographic agent and passphrase cache (restricted).
Oct 25 04:57:55 ip-172-31-19-109 systemd[2433]: Reached target Paths.
Oct 25 04:57:55 ip-172-31-19-109 systemd[2433]: Listening on GnuPG cryptographic agent (ssh-agent emulation).
Oct 25 04:57:55 ip-172-31-19-109 systemd[2433]: Listening on GnuPG cryptographic agent and passphrase cache.
Oct 25 04:57:55 ip-172-31-19-109 systemd[2433]: Listening on REST API socket for snapd user session agent.
Oct 25 04:57:55 ip-172-31-19-109 systemd[2433]: Reached target Sockets.
Oct 25 04:57:55 ip-172-31-19-109 systemd[2433]: Reached target Basic System.
Oct 25 04:57:55 ip-172-31-19-109 systemd[2433]: Reached target Default.
Oct 25 04:57:55 ip-172-31-19-109 systemd[2433]: Startup finished in 135ms.
Oct 25 04:57:55 ip-172-31-19-109 systemd[1]: Started User Manager for UID 1000.
Oct 25 04:57:57 ip-172-31-19-109 systemd[1]: Started Session 3 of user ubuntu.
Oct 25 05:09:13 ip-172-31-19-109 systemd[1]: Starting Cleanup of Temporary Directories...
Oct 25 05:09:13 ip-172-31-19-109 systemd[1]: Started Cleanup of Temporary Directories.
Oct 25 05:11:56 ip-172-31-19-109 kernel: [ 1086.679014] SGI XFS with ACLs, security attributes, realtime, no debug enabled
Oct 25 05:12:46 ip-172-31-19-109 systemd[1]: Stopped target Cloud-init target.
Oct 25 05:12:46 ip-172-31-19-109 systemd[1]: Stopped Execute cloud user/final scripts.
Oct 25 05:12:46 ip-172-31-19-109 systemd[1]: Stopping Session 1 of user ubuntu.
Oct 25 05:12:46 ip-172-31-19-109 systemd[1]: Stopping User Manager for UID 1000...
Oct 25 05:12:46 ip-172-31-19-109 systemd[1]: Stopped Apply the settings specified in cloud-config.
Oct 25 05:12:46 ip-172-31-19-109 systemd[1]: Stopped target Network is Online.
Oct 25 05:12:46 ip-172-31-19-109 systemd[1]: Stopping Authorization Manager...
Oct 25 05:12:46 ip-172-31-19-109 systemd[1]: Stopped target Graphical Interface.
Oct 25 05:12:46 ip-172-31-19-109 systemd[1]: Stopped target Multi-User System.
Oct 25 05:12:46 ip-172-31-19-109 systemd[1]: Stopping Service for snap application amazon-ssm-agent.amazon-ssm-agent...
Oct 25 05:12:46 ip-172-31-19-109 amazon-ssm-agent.amazon-ssm-agent[2208]: 2021-10-25 05:12:46 INFO [amazon-ssm-agent] Got signal:terminated value:0x56336f44c6e0
Oct 25 05:12:46 ip-172-31-19-109 amazon-ssm-agent.amazon-ssm-agent[2208]: 2021-10-25 05:12:46 INFO [amazon-ssm-agent] Stopping Core Agent
Oct 25 05:12:46 ip-172-31-19-109 amazon-ssm-agent.amazon-ssm-agent[2208]: 2021-10-25 05:12:46 INFO [amazon-ssm-agent] [LongRunningWorkerContainer] Receiving stop signal, stop worker monitor
Oct 25 05:12:46 ip-172-31-19-109 systemd[1]: Stopping Dispatcher daemon for systemd-networkd...
Oct 25 05:12:46 ip-172-31-19-109 systemd[1]: Stopped Wait until snapd is fully seeded.
Oct 25 05:12:46 ip-172-31-19-109 systemd[1]: Stopping LXD - container startup/shutdown...
Oct 25 05:12:46 ip-172-31-19-109 systemd[1]: Stopping Regular background program processing daemon...
Oct 25 05:12:46 ip-172-31-19-109 systemd[1]: Stopping Snap Daemon...
Oct 25 05:12:46 ip-172-31-19-109 snapd[1767]: main.go:155: Exiting on terminated signal.
Oct 25 05:13:27 ip-172-31-19-109 systemd-modules-load[546]: Inserted module 'iscsi_tcp'
