Oct 22 05:28:24 ip-172-31-16-92 keyboard-setup.sh[459]: cannot open file /run/tmpkbd.1f9MVw
Oct 22 05:28:24 ip-172-31-16-92 systemd[1]: Mounted Huge Pages File System.
Oct 22 05:28:24 ip-172-31-16-92 kernel: [    0.000000] Linux version 5.4.0-1045-aws (buildd@lgw01-amd64-003) (gcc version 7.5.0 (Ubuntu 7.5.0-3ubuntu1~18.04)) #47~18.04.1-Ubuntu SMP Tue Apr 13 15:58:14 UTC 2021 (Ubuntu 5.4.0-1045.47~18.04.1-aws 5.4.101)
Oct 22 05:28:24 ip-172-31-16-92 kernel: [    0.000000] Command line: BOOT_IMAGE=/boot/vmlinuz-5.4.0-1045-aws root=LABEL=cloudimg-rootfs ro console=tty1 console=ttyS0 nvme_core.io_timeout=4294967295
Oct 22 05:28:24 ip-172-31-16-92 kernel: [    0.000000] KERNEL supported cpus:
Oct 22 05:28:24 ip-172-31-16-92 kernel: [    0.000000]   Intel GenuineIntel
Oct 22 05:28:24 ip-172-31-16-92 systemd[1]: Starting Create Static Device Nodes in /dev...
Oct 22 05:28:24 ip-172-31-16-92 kernel: [    0.000000]   AMD AuthenticAMD
Oct 22 05:28:24 ip-172-31-16-92 kernel: [    0.000000]   Hygon HygonGenuine
Oct 22 05:28:24 ip-172-31-16-92 kernel: [    0.000000]   Centaur CentaurHauls
Oct 22 05:28:24 ip-172-31-16-92 systemd[1]: Starting Load/Save Random Seed...
Oct 22 05:28:24 ip-172-31-16-92 kernel: [    0.000000]   zhaoxin   Shanghai  
Oct 22 05:28:24 ip-172-31-16-92 kernel: [    0.000000] x86/fpu: Supporting XSAVE feature 0x001: 'x87 floating point registers'
Oct 22 05:28:24 ip-172-31-16-92 kernel: [    0.000000] x86/fpu: Supporting XSAVE feature 0x002: 'SSE registers'
Oct 22 05:28:24 ip-172-31-16-92 kernel: [    0.000000] x86/fpu: Supporting XSAVE feature 0x004: 'AVX registers'
Oct 22 05:28:24 ip-172-31-16-92 systemd[1]: Starting Flush Journal to Persistent Storage...
Oct 22 05:28:24 ip-172-31-16-92 kernel: [    0.000000] x86/fpu: xstate_offset[2]:  576, xstate_sizes[2]:  256
Oct 22 05:28:24 ip-172-31-16-92 kernel: [    0.000000] x86/fpu: Enabled xstate features 0x7, context size is 832 bytes, using 'standard' format.
Oct 22 05:28:24 ip-172-31-16-92 kernel: [    0.000000] BIOS-provided physical RAM map:
Oct 22 05:28:24 ip-172-31-16-92 systemd[1]: Started Load/Save Random Seed.
Oct 22 05:28:24 ip-172-31-16-92 kernel: [    0.000000] BIOS-e820: [mem 0x0000000000000000-0x000000000009dfff] usable
Oct 22 05:28:24 ip-172-31-16-92 kernel: [    0.000000] BIOS-e820: [mem 0x000000000009e000-0x000000000009ffff] reserved
Oct 22 05:28:24 ip-172-31-16-92 kernel: [    0.000000] BIOS-e820: [mem 0x00000000000e0000-0x00000000000fffff] reserved
Oct 22 05:28:24 ip-172-31-16-92 systemd[1]: Started Create Static Device Nodes in /dev.
Oct 22 05:28:24 ip-172-31-16-92 kernel: [    0.000000] BIOS-e820: [mem 0x0000000000100000-0x00000000efffffff] usable
Oct 22 05:28:24 ip-172-31-16-92 kernel: [    0.000000] BIOS-e820: [mem 0x00000000fc000000-0x00000000ffffffff] reserved
Oct 22 05:28:24 ip-172-31-16-92 systemd[1]: Starting udev Kernel Device Manager...
Oct 22 05:28:24 ip-172-31-16-92 kernel: [    0.000000] BIOS-e820: [mem 0x0000000100000000-0x000000080fffffff] usable
Oct 22 05:28:24 ip-172-31-16-92 kernel: [    0.000000] NX (Execute Disable) protection: active
Oct 22 05:28:24 ip-172-31-16-92 kernel: [    0.000000] SMBIOS 2.7 present.
Oct 22 05:28:24 ip-172-31-16-92 systemd[1]: Started LVM2 metadata daemon.
Oct 22 05:28:24 ip-172-31-16-92 kernel: [    0.000000] DMI: Xen HVM domU, BIOS 4.2.amazon 08/24/2006
Oct 22 05:28:24 ip-172-31-16-92 kernel: [    0.000000] Hypervisor detected: Xen HVM
Oct 22 05:28:24 ip-172-31-16-92 systemd[1]: Started Monitoring of LVM2 mirrors, snapshots etc. using dmeventd or progress polling.
Oct 22 05:28:24 ip-172-31-16-92 kernel: [    0.000000] Xen version 4.2.
Oct 22 05:28:24 ip-172-31-16-92 kernel: [    0.000000] Xen Platform PCI: I/O protocol version 1
Oct 22 05:28:24 ip-172-31-16-92 kernel: [    0.000000] Netfront and the Xen platform PCI driver have been compiled for this kernel: unplug emulated NICs.
Oct 22 05:28:24 ip-172-31-16-92 systemd[1]: Started Flush Journal to Persistent Storage.
Oct 22 05:28:24 ip-172-31-16-92 kernel: [    0.000000] Blkfront and the Xen platform PCI driver have been compiled for this kernel: unplug emulated disks.
Oct 22 05:28:24 ip-172-31-16-92 kernel: [    0.000000] You might have to change the root device
Oct 22 05:28:24 ip-172-31-16-92 kernel: [    0.000000] from /dev/hd[a-d] to /dev/xvd[a-d]
Oct 22 05:28:24 ip-172-31-16-92 kernel: [    0.000000] in your root= kernel command line option
Oct 22 05:28:24 ip-172-31-16-92 systemd[1]: Started udev Coldplug all Devices.
Oct 22 05:28:24 ip-172-31-16-92 kernel: [    0.000003] HVMOP_pagetable_dying not supported
Oct 22 05:28:24 ip-172-31-16-92 kernel: [    0.015675] tsc: Fast TSC calibration using PIT
Oct 22 05:28:24 ip-172-31-16-92 kernel: [    0.015676] tsc: Detected 2399.981 MHz processor
Oct 22 05:28:24 ip-172-31-16-92 systemd-modules-load[469]: Inserted module 'iscsi_tcp'
Oct 22 05:28:24 ip-172-31-16-92 kernel: [    0.015677] tsc: Detected 2400.102 MHz TSC
Oct 22 05:28:24 ip-172-31-16-92 kernel: [    0.016690] e820: update [mem 0x00000000-0x00000fff] usable ==> reserved
Oct 22 05:28:24 ip-172-31-16-92 systemd[1]: Started udev Kernel Device Manager.
Oct 22 05:28:24 ip-172-31-16-92 kernel: [    0.016692] e820: remove [mem 0x000a0000-0x000fffff] usable
Oct 22 05:28:24 ip-172-31-16-92 kernel: [    0.016695] last_pfn = 0x810000 max_arch_pfn = 0x400000000
Oct 22 05:28:24 ip-172-31-16-92 kernel: [    0.016719] MTRR default type: write-back
Oct 22 05:28:24 ip-172-31-16-92 kernel: [    0.016720] MTRR fixed ranges enabled:
Oct 22 05:28:24 ip-172-31-16-92 kernel: [    0.016721]   00000-9FFFF write-back
Oct 22 05:28:24 ip-172-31-16-92 kernel: [    0.016722]   A0000-BFFFF write-combining
Oct 22 05:28:24 ip-172-31-16-92 kernel: [    0.016723]   C0000-FFFFF write-back
Oct 22 05:28:24 ip-172-31-16-92 systemd-modules-load[469]: Inserted module 'ib_iser'
Oct 22 05:28:24 ip-172-31-16-92 kernel: [    0.016723] MTRR variable ranges enabled:
Oct 22 05:28:24 ip-172-31-16-92 kernel: [    0.016725]   0 base 0000F0000000 mask 3FFFF8000000 uncachable
Oct 22 05:28:24 ip-172-31-16-92 systemd[1]: Started Load Kernel Modules.
Oct 22 05:28:24 ip-172-31-16-92 systemd[1]: Mounting Kernel Configuration File System...
Oct 22 05:28:24 ip-172-31-16-92 systemd[1]: Starting Apply Kernel Variables...
Oct 22 05:28:24 ip-172-31-16-92 systemd[1]: Mounting FUSE Control File System...
Oct 22 05:28:24 ip-172-31-16-92 kernel: [    0.016726]   1 base 0000F8000000 mask 3FFFFC000000 uncachable
Oct 22 05:28:24 ip-172-31-16-92 systemd[1]: Mounted Kernel Configuration File System.
Oct 22 05:28:24 ip-172-31-16-92 kernel: [    0.016726]   2 disabled
Oct 22 05:28:24 ip-172-31-16-92 kernel: [    0.016726]   3 disabled
Oct 22 05:28:24 ip-172-31-16-92 systemd[1]: Mounted FUSE Control File System.
Oct 22 05:28:24 ip-172-31-16-92 kernel: [    0.016727]   4 disabled
Oct 22 05:28:24 ip-172-31-16-92 kernel: [    0.016727]   5 disabled
Oct 22 05:28:24 ip-172-31-16-92 kernel: [    0.016728]   6 disabled
Oct 22 05:28:24 ip-172-31-16-92 systemd[1]: Found device /dev/ttyS0.
Oct 22 05:28:24 ip-172-31-16-92 kernel: [    0.016728]   7 disabled
Oct 22 05:28:24 ip-172-31-16-92 kernel: [    0.016736] x86/PAT: Configuration [0-7]: WB  WC  UC- UC  WB  WP  UC- WT  
Oct 22 05:28:24 ip-172-31-16-92 kernel: [    0.016743] last_pfn = 0xf0000 max_arch_pfn = 0x400000000
Oct 22 05:28:24 ip-172-31-16-92 systemd[1]: Started Apply Kernel Variables.
Oct 22 05:28:24 ip-172-31-16-92 kernel: [    0.023767] found SMP MP-table at [mem 0x000fbc50-0x000fbc5f]
Oct 22 05:28:24 ip-172-31-16-92 kernel: [    0.023823] check: Scanning 1 areas for low memory corruption
Oct 22 05:28:24 ip-172-31-16-92 kernel: [    0.023897] Using GB pages for direct mapping
Oct 22 05:28:24 ip-172-31-16-92 kernel: [    0.024078] RAMDISK: [mem 0x356c9000-0x36b5bfff]
Oct 22 05:28:24 ip-172-31-16-92 kernel: [    0.024139] ACPI: Early table checksum verification disabled
Oct 22 05:28:24 ip-172-31-16-92 kernel: [    0.024142] ACPI: RSDP 0x00000000000EA020 000024 (v02 Xen   )
Oct 22 05:28:24 ip-172-31-16-92 kernel: [    0.024145] ACPI: XSDT 0x00000000FC00E2A0 000054 (v01 Xen    HVM      00000000 HVML 00000000)
Oct 22 05:28:24 ip-172-31-16-92 kernel: [    0.024150] ACPI: FACP 0x00000000FC00DF60 0000F4 (v04 Xen    HVM      00000000 HVML 00000000)
Oct 22 05:28:24 ip-172-31-16-92 kernel: [    0.024155] ACPI: DSDT 0x00000000FC0021C0 00BD19 (v02 Xen    HVM      00000000 INTL 20090123)
Oct 22 05:28:24 ip-172-31-16-92 kernel: [    0.024158] ACPI: FACS 0x00000000FC002180 000040
Oct 22 05:28:24 ip-172-31-16-92 kernel: [    0.024160] ACPI: FACS 0x00000000FC002180 000040
Oct 22 05:28:24 ip-172-31-16-92 kernel: [    0.024162] ACPI: APIC 0x00000000FC00E060 0000D8 (v02 Xen    HVM      00000000 HVML 00000000)
Oct 22 05:28:24 ip-172-31-16-92 kernel: [    0.024164] ACPI: HPET 0x00000000FC00E1B0 000038 (v01 Xen    HVM      00000000 HVML 00000000)
Oct 22 05:28:24 ip-172-31-16-92 kernel: [    0.024167] ACPI: WAET 0x00000000FC00E1F0 000028 (v01 Xen    HVM      00000000 HVML 00000000)
Oct 22 05:28:24 ip-172-31-16-92 kernel: [    0.024169] ACPI: SSDT 0x00000000FC00E220 000031 (v02 Xen    HVM      00000000 INTL 20090123)
Oct 22 05:28:24 ip-172-31-16-92 kernel: [    0.024172] ACPI: SSDT 0x00000000FC00E260 000033 (v02 Xen    HVM      00000000 INTL 20090123)
Oct 22 05:28:24 ip-172-31-16-92 kernel: [    0.024178] ACPI: Local APIC address 0xfee00000
Oct 22 05:28:24 ip-172-31-16-92 kernel: [    0.025938] No NUMA configuration found
Oct 22 05:28:24 ip-172-31-16-92 kernel: [    0.025940] Faking a node at [mem 0x0000000000000000-0x000000080fffffff]
Oct 22 05:28:24 ip-172-31-16-92 kernel: [    0.025949] NODE_DATA(0) allocated [mem 0x80ffd5000-0x80fffffff]
Oct 22 05:28:24 ip-172-31-16-92 kernel: [    0.026195] Zone ranges:
Oct 22 05:28:24 ip-172-31-16-92 kernel: [    0.026196]   DMA      [mem 0x0000000000001000-0x0000000000ffffff]
Oct 22 05:28:24 ip-172-31-16-92 kernel: [    0.026198]   DMA32    [mem 0x0000000001000000-0x00000000ffffffff]
Oct 22 05:28:24 ip-172-31-16-92 kernel: [    0.026199]   Normal   [mem 0x0000000100000000-0x000000080fffffff]
Oct 22 05:28:24 ip-172-31-16-92 kernel: [    0.026200]   Device   empty
Oct 22 05:28:24 ip-172-31-16-92 kernel: [    0.026201] Movable zone start for each node
Oct 22 05:28:24 ip-172-31-16-92 kernel: [    0.026204] Early memory node ranges
Oct 22 05:28:24 ip-172-31-16-92 kernel: [    0.026205]   node   0: [mem 0x0000000000001000-0x000000000009dfff]
Oct 22 05:28:24 ip-172-31-16-92 kernel: [    0.026207]   node   0: [mem 0x0000000000100000-0x00000000efffffff]
Oct 22 05:28:24 ip-172-31-16-92 kernel: [    0.026208]   node   0: [mem 0x0000000100000000-0x000000080fffffff]
Oct 22 05:28:24 ip-172-31-16-92 kernel: [    0.026214] Zeroed struct page in unavailable ranges: 99 pages
Oct 22 05:28:24 ip-172-31-16-92 kernel: [    0.026215] Initmem setup node 0 [mem 0x0000000000001000-0x000000080fffffff]
Oct 22 05:28:24 ip-172-31-16-92 kernel: [    0.026217] On node 0 totalpages: 8388509
Oct 22 05:28:24 ip-172-31-16-92 kernel: [    0.026217]   DMA zone: 64 pages used for memmap
Oct 22 05:28:24 ip-172-31-16-92 kernel: [    0.026218]   DMA zone: 21 pages reserved
Oct 22 05:28:24 ip-172-31-16-92 systemd-udevd[533]: link_config: autonegotiation is unset or enabled, the speed and duplex are not writable.
Oct 22 05:28:24 ip-172-31-16-92 kernel: [    0.026219]   DMA zone: 3997 pages, LIFO batch:0
Oct 22 05:28:24 ip-172-31-16-92 kernel: [    0.026325]   DMA32 zone: 15296 pages used for memmap
Oct 22 05:28:24 ip-172-31-16-92 systemd[1]: Listening on Load/Save RF Kill Switch Status /dev/rfkill Watch.
Oct 22 05:28:24 ip-172-31-16-92 kernel: [    0.026326]   DMA32 zone: 978944 pages, LIFO batch:63
Oct 22 05:28:24 ip-172-31-16-92 systemd-udevd[516]: link_config: autonegotiation is unset or enabled, the speed and duplex are not writable.
Oct 22 05:28:24 ip-172-31-16-92 systemd[1]: Started Set the console keyboard layout.
Oct 22 05:28:24 ip-172-31-16-92 systemd[1]: Reached target Local File Systems (Pre).
Oct 22 05:28:24 ip-172-31-16-92 systemd[1]: Reached target Local File Systems.
Oct 22 05:28:24 ip-172-31-16-92 kernel: [    0.042340]   Normal zone: 115712 pages used for memmap
Oct 22 05:28:24 ip-172-31-16-92 systemd[1]: Starting Set console font and keymap...
Oct 22 05:28:24 ip-172-31-16-92 kernel: [    0.042342]   Normal zone: 7405568 pages, LIFO batch:63
Oct 22 05:28:24 ip-172-31-16-92 systemd[1]: Starting Tell Plymouth To Write Out Runtime Data...
Oct 22 05:28:24 ip-172-31-16-92 kernel: [    0.151690] ACPI: PM-Timer IO Port: 0xb008
Oct 22 05:28:24 ip-172-31-16-92 kernel: [    0.151694] ACPI: Local APIC address 0xfee00000
Oct 22 05:28:24 ip-172-31-16-92 systemd[1]: Starting Commit a transient machine-id on disk...
Oct 22 05:28:24 ip-172-31-16-92 kernel: [    0.151756] IOAPIC[0]: apic_id 1, version 17, address 0xfec00000, GSI 0-47
Oct 22 05:28:24 ip-172-31-16-92 kernel: [    0.151760] ACPI: INT_SRC_OVR (bus 0 bus_irq 0 global_irq 2 dfl dfl)
Oct 22 05:28:24 ip-172-31-16-92 kernel: [    0.151762] ACPI: INT_SRC_OVR (bus 0 bus_irq 5 global_irq 5 low level)
Oct 22 05:28:24 ip-172-31-16-92 kernel: [    0.151763] ACPI: INT_SRC_OVR (bus 0 bus_irq 10 global_irq 10 low level)
Oct 22 05:28:24 ip-172-31-16-92 systemd[1]: Starting ebtables ruleset management...
Oct 22 05:28:24 ip-172-31-16-92 systemd[1]: Starting Create Volatile Files and Directories...
Oct 22 05:28:24 ip-172-31-16-92 kernel: [    0.151764] ACPI: INT_SRC_OVR (bus 0 bus_irq 11 global_irq 11 low level)
Oct 22 05:28:24 ip-172-31-16-92 systemd[1]: Starting AppArmor initialization...
Oct 22 05:28:24 ip-172-31-16-92 systemd[1]: Started Dispatch Password Requests to Console Directory Watch.
Oct 22 05:28:24 ip-172-31-16-92 systemd[1]: Reached target Local Encrypted Volumes.
Oct 22 05:28:24 ip-172-31-16-92 kernel: [    0.151766] ACPI: IRQ0 used by override.
Oct 22 05:28:24 ip-172-31-16-92 kernel: [    0.151767] ACPI: IRQ5 used by override.
Oct 22 05:28:24 ip-172-31-16-92 kernel: [    0.151767] ACPI: IRQ9 used by override.
Oct 22 05:28:24 ip-172-31-16-92 kernel: [    0.151768] ACPI: IRQ10 used by override.
Oct 22 05:28:24 ip-172-31-16-92 kernel: [    0.151768] ACPI: IRQ11 used by override.
Oct 22 05:28:24 ip-172-31-16-92 kernel: [    0.151770] Using ACPI (MADT) for SMP configuration information
Oct 22 05:28:24 ip-172-31-16-92 kernel: [    0.151772] ACPI: HPET id: 0x8086a201 base: 0xfed00000
Oct 22 05:28:24 ip-172-31-16-92 kernel: [    0.151776] TSC deadline timer available
Oct 22 05:28:24 ip-172-31-16-92 kernel: [    0.151782] smpboot: Allowing 15 CPUs, 7 hotplug CPUs
Oct 22 05:28:24 ip-172-31-16-92 kernel: [    0.151793] PM: Registered nosave memory: [mem 0x00000000-0x00000fff]
Oct 22 05:28:24 ip-172-31-16-92 kernel: [    0.151794] PM: Registered nosave memory: [mem 0x0009e000-0x0009ffff]
Oct 22 05:28:24 ip-172-31-16-92 kernel: [    0.151795] PM: Registered nosave memory: [mem 0x000a0000-0x000dffff]
Oct 22 05:28:24 ip-172-31-16-92 kernel: [    0.151796] PM: Registered nosave memory: [mem 0x000e0000-0x000fffff]
Oct 22 05:28:24 ip-172-31-16-92 kernel: [    0.151797] PM: Registered nosave memory: [mem 0xf0000000-0xfbffffff]
Oct 22 05:28:24 ip-172-31-16-92 kernel: [    0.151798] PM: Registered nosave memory: [mem 0xfc000000-0xffffffff]
Oct 22 05:28:24 ip-172-31-16-92 systemd[1]: Started Set console font and keymap.
Oct 22 05:28:24 ip-172-31-16-92 systemd[1]: Started Commit a transient machine-id on disk.
Oct 22 05:28:24 ip-172-31-16-92 systemd[1]: Started Create Volatile Files and Directories.
Oct 22 05:28:24 ip-172-31-16-92 kernel: [    0.151800] [mem 0xf0000000-0xfbffffff] available for PCI devices
Oct 22 05:28:24 ip-172-31-16-92 systemd[1]: Starting Network Time Synchronization...
Oct 22 05:28:24 ip-172-31-16-92 kernel: [    0.151802] Booting paravirtualized kernel on Xen HVM
Oct 22 05:28:24 ip-172-31-16-92 systemd[1]: Starting Update UTMP about System Boot/Shutdown...
Oct 22 05:28:24 ip-172-31-16-92 kernel: [    0.151805] clocksource: refined-jiffies: mask: 0xffffffff max_cycles: 0xffffffff, max_idle_ns: 7645519600211568 ns
Oct 22 05:28:24 ip-172-31-16-92 kernel: [    0.151810] setup_percpu: NR_CPUS:8192 nr_cpumask_bits:15 nr_cpu_ids:15 nr_node_ids:1
Oct 22 05:28:24 ip-172-31-16-92 kernel: [    0.152564] percpu: Embedded 54 pages/cpu s184320 r8192 d28672 u262144
Oct 22 05:28:24 ip-172-31-16-92 systemd[1]: Started Tell Plymouth To Write Out Runtime Data.
Oct 22 05:28:24 ip-172-31-16-92 systemd[1]: Started Update UTMP about System Boot/Shutdown.
Oct 22 05:28:24 ip-172-31-16-92 apparmor[626]:  * Starting AppArmor profiles
Oct 22 05:28:24 ip-172-31-16-92 systemd[1]: Started ebtables ruleset management.
Oct 22 05:28:24 ip-172-31-16-92 systemd[1]: Started Network Time Synchronization.
Oct 22 05:28:24 ip-172-31-16-92 systemd[1]: Reached target System Time Synchronized.
Oct 22 05:28:24 ip-172-31-16-92 kernel: [    0.152569] pcpu-alloc: s184320 r8192 d28672 u262144 alloc=1*2097152
Oct 22 05:28:24 ip-172-31-16-92 apparmor[626]: Skipping profile in /etc/apparmor.d/disable: usr.sbin.rsyslogd
Oct 22 05:28:24 ip-172-31-16-92 kernel: [    0.152570] pcpu-alloc: [0] 00 01 02 03 04 05 06 07 [0] 08 09 10 11 12 13 14 -- 
Oct 22 05:28:24 ip-172-31-16-92 kernel: [    0.152597] xen: PV spinlocks enabled
Oct 22 05:28:24 ip-172-31-16-92 kernel: [    0.152600] PV qspinlock hash table entries: 256 (order: 0, 4096 bytes, linear)
Oct 22 05:28:24 ip-172-31-16-92 kernel: [    0.152606] Built 1 zonelists, mobility grouping on.  Total pages: 8257416
Oct 22 05:28:24 ip-172-31-16-92 apparmor[626]:    ...done.
Oct 22 05:28:24 ip-172-31-16-92 kernel: [    0.152607] Policy zone: Normal
Oct 22 05:28:24 ip-172-31-16-92 kernel: [    0.152609] Kernel command line: BOOT_IMAGE=/boot/vmlinuz-5.4.0-1045-aws root=LABEL=cloudimg-rootfs ro console=tty1 console=ttyS0 nvme_core.io_timeout=4294967295
Oct 22 05:28:24 ip-172-31-16-92 systemd[1]: Started AppArmor initialization.
Oct 22 05:28:24 ip-172-31-16-92 systemd[1]: Starting Load AppArmor profiles managed internally by snapd...
Oct 22 05:28:24 ip-172-31-16-92 systemd[1]: Starting Initial cloud-init job (pre-networking)...
Oct 22 05:28:24 ip-172-31-16-92 snapd-apparmor[759]: find: ‘/var/lib/snapd/apparmor/profiles/’: No such file or directory
Oct 22 05:28:24 ip-172-31-16-92 systemd[1]: Started Load AppArmor profiles managed internally by snapd.
Oct 22 05:28:24 ip-172-31-16-92 kernel: [    0.157363] Dentry cache hash table entries: 4194304 (order: 13, 33554432 bytes, linear)
Oct 22 05:28:24 ip-172-31-16-92 kernel: [    0.159786] Inode-cache hash table entries: 2097152 (order: 12, 16777216 bytes, linear)
Oct 22 05:28:24 ip-172-31-16-92 kernel: [    0.159926] mem auto-init: stack:off, heap alloc:on, heap free:off
Oct 22 05:28:24 ip-172-31-16-92 kernel: [    0.169398] Calgary: detecting Calgary via BIOS EBDA area
Oct 22 05:28:24 ip-172-31-16-92 kernel: [    0.169400] Calgary: Unable to locate Rio Grande table in EBDA - bailing!
Oct 22 05:28:24 ip-172-31-16-92 dhclient[828]: Internet Systems Consortium DHCP Client 4.3.5
Oct 22 05:28:24 ip-172-31-16-92 kernel: [    0.263442] Memory: 32857220K/33554036K available (14339K kernel code, 2313K rwdata, 4656K rodata, 2656K init, 5136K bss, 696816K reserved, 0K cma-reserved)
Oct 22 05:28:24 ip-172-31-16-92 kernel: [    0.263453] random: get_random_u64 called from __kmem_cache_create+0x41/0x550 with crng_init=0
Oct 22 05:28:24 ip-172-31-16-92 kernel: [    0.263632] SLUB: HWalign=64, Order=0-3, MinObjects=0, CPUs=15, Nodes=1
Oct 22 05:28:24 ip-172-31-16-92 kernel: [    0.263649] Kernel/User page tables isolation: enabled
Oct 22 05:28:24 ip-172-31-16-92 kernel: [    0.263668] ftrace: allocating 42787 entries in 168 pages
Oct 22 05:28:24 ip-172-31-16-92 kernel: [    0.280495] rcu: Hierarchical RCU implementation.
Oct 22 05:28:24 ip-172-31-16-92 kernel: [    0.280497] rcu: 	RCU restricting CPUs from NR_CPUS=8192 to nr_cpu_ids=15.
Oct 22 05:28:24 ip-172-31-16-92 kernel: [    0.280499] 	Tasks RCU enabled.
Oct 22 05:28:24 ip-172-31-16-92 kernel: [    0.280500] rcu: RCU calculated value of scheduler-enlistment delay is 25 jiffies.
Oct 22 05:28:24 ip-172-31-16-92 kernel: [    0.280501] rcu: Adjusting geometry for rcu_fanout_leaf=16, nr_cpu_ids=15
Oct 22 05:28:24 ip-172-31-16-92 dhclient[828]: Copyright 2004-2016 Internet Systems Consortium.
Oct 22 05:28:24 ip-172-31-16-92 dhclient[828]: All rights reserved.
Oct 22 05:28:24 ip-172-31-16-92 kernel: [    0.283184] NR_IRQS: 524544, nr_irqs: 952, preallocated irqs: 16
Oct 22 05:28:24 ip-172-31-16-92 dhclient[828]: For info, please visit https://www.isc.org/software/dhcp/
Oct 22 05:28:24 ip-172-31-16-92 kernel: [    0.283219] xen:events: Using 2-level ABI
Oct 22 05:28:24 ip-172-31-16-92 kernel: [    0.283269] xen:events: Xen HVM callback vector for event delivery is enabled
Oct 22 05:28:24 ip-172-31-16-92 dhclient[828]: 
Oct 22 05:28:24 ip-172-31-16-92 kernel: [    0.283437] random: crng done (trusting CPU's manufacturer)
Oct 22 05:28:24 ip-172-31-16-92 kernel: [    0.295397] Console: colour VGA+ 80x25
Oct 22 05:28:24 ip-172-31-16-92 kernel: [    0.436809] printk: console [tty1] enabled
Oct 22 05:28:24 ip-172-31-16-92 kernel: [    0.437988] Cannot get hvm parameter CONSOLE_EVTCHN (18): -22!
Oct 22 05:28:24 ip-172-31-16-92 dhclient[828]: Listening on LPF/eth0/02:0e:ae:6e:23:f9
Oct 22 05:28:24 ip-172-31-16-92 kernel: [    0.762535] printk: console [ttyS0] enabled
Oct 22 05:28:24 ip-172-31-16-92 kernel: [    0.765381] ACPI: Core revision 20190816
Oct 22 05:28:24 ip-172-31-16-92 kernel: [    0.769066] clocksource: hpet: mask: 0xffffffff max_cycles: 0xffffffff, max_idle_ns: 30580167144 ns
Oct 22 05:28:24 ip-172-31-16-92 kernel: [    0.774579] APIC: Switch to symmetric I/O mode setup
Oct 22 05:28:24 ip-172-31-16-92 dhclient[828]: Sending on   LPF/eth0/02:0e:ae:6e:23:f9
Oct 22 05:28:24 ip-172-31-16-92 kernel: [    0.778920] x2apic: IRQ remapping doesn't support X2APIC mode
Oct 22 05:28:24 ip-172-31-16-92 kernel: [    0.783690] Switched APIC routing to physical flat.
Oct 22 05:28:24 ip-172-31-16-92 dhclient[828]: Sending on   Socket/fallback
Oct 22 05:28:24 ip-172-31-16-92 kernel: [    0.789638] ..TIMER: vector=0x30 apic1=0 pin1=2 apic2=0 pin2=0
Oct 22 05:28:24 ip-172-31-16-92 dhclient[828]: DHCPDISCOVER on eth0 to 255.255.255.255 port 67 interval 3 (xid=0xf167ec67)
Oct 22 05:28:24 ip-172-31-16-92 kernel: [    0.793678] clocksource: tsc-early: mask: 0xffffffffffffffff max_cycles: 0x22989799d2b, max_idle_ns: 440795214892 ns
Oct 22 05:28:24 ip-172-31-16-92 dhclient[828]: DHCPREQUEST of 172.31.16.92 on eth0 to 255.255.255.255 port 67 (xid=0x67ec67f1)
Oct 22 05:28:24 ip-172-31-16-92 dhclient[828]: DHCPOFFER of 172.31.16.92 from 172.31.16.1
Oct 22 05:28:24 ip-172-31-16-92 dhclient[828]: DHCPACK of 172.31.16.92 from 172.31.16.1
Oct 22 05:28:24 ip-172-31-16-92 kernel: [    0.800605] Calibrating delay loop (skipped), value calculated using timer frequency.. 4800.20 BogoMIPS (lpj=9600408)
Oct 22 05:28:24 ip-172-31-16-92 kernel: [    0.808602] pid_max: default: 32768 minimum: 301
Oct 22 05:28:24 ip-172-31-16-92 kernel: [    0.812647] LSM: Security Framework initializing
Oct 22 05:28:24 ip-172-31-16-92 kernel: [    0.816613] Yama: becoming mindful.
Oct 22 05:28:24 ip-172-31-16-92 kernel: [    0.820685] AppArmor: AppArmor initialized
Oct 22 05:28:24 ip-172-31-16-92 dhclient[828]: bound to 172.31.16.92 -- renewal in 1651 seconds.
Oct 22 05:28:24 ip-172-31-16-92 cloud-init[767]: Cloud-init v. 21.1-19-gbad84ad4-0ubuntu1~18.04.1 running 'init-local' at Fri, 22 Oct 2021 05:28:19 +0000. Up 9.24 seconds.
Oct 22 05:28:24 ip-172-31-16-92 systemd[1]: Started Initial cloud-init job (pre-networking).
Oct 22 05:28:24 ip-172-31-16-92 systemd[1]: Reached target Network (Pre).
Oct 22 05:28:24 ip-172-31-16-92 systemd[1]: Starting Network Service...
Oct 22 05:28:24 ip-172-31-16-92 kernel: [    0.823767] Mount-cache hash table entries: 65536 (order: 7, 524288 bytes, linear)
Oct 22 05:28:24 ip-172-31-16-92 systemd-networkd[852]: Enumeration completed
Oct 22 05:28:24 ip-172-31-16-92 kernel: [    0.828688] Mountpoint-cache hash table entries: 65536 (order: 7, 524288 bytes, linear)
Oct 22 05:28:24 ip-172-31-16-92 systemd[1]: Started Network Service.
Oct 22 05:28:24 ip-172-31-16-92 kernel: [    0.832618] *** VALIDATE tmpfs ***
Oct 22 05:28:24 ip-172-31-16-92 kernel: [    0.836776] *** VALIDATE proc ***
Oct 22 05:28:24 ip-172-31-16-92 systemd-networkd[852]: eth0: Link UP
Oct 22 05:28:24 ip-172-31-16-92 kernel: [    0.840673] *** VALIDATE cgroup1 ***
Oct 22 05:28:24 ip-172-31-16-92 kernel: [    0.843622] *** VALIDATE cgroup2 ***
Oct 22 05:28:24 ip-172-31-16-92 kernel: [    0.844718] Last level iTLB entries: 4KB 1024, 2MB 1024, 4MB 1024
Oct 22 05:28:24 ip-172-31-16-92 kernel: [    0.848602] Last level dTLB entries: 4KB 1024, 2MB 1024, 4MB 1024, 1GB 4
Oct 22 05:28:24 ip-172-31-16-92 kernel: [    0.852604] Spectre V1 : Mitigation: usercopy/swapgs barriers and __user pointer sanitization
Oct 22 05:28:24 ip-172-31-16-92 kernel: [    0.860602] Spectre V2 : Mitigation: Full generic retpoline
Oct 22 05:28:24 ip-172-31-16-92 kernel: [    0.864601] Spectre V2 : Spectre v2 / SpectreRSB mitigation: Filling RSB on context switch
Oct 22 05:28:24 ip-172-31-16-92 kernel: [    0.868601] Speculative Store Bypass: Vulnerable
Oct 22 05:28:24 ip-172-31-16-92 kernel: [    0.872604] MDS: Vulnerable: Clear CPU buffers attempted, no microcode
Oct 22 05:28:24 ip-172-31-16-92 kernel: [    0.876799] Freeing SMP alternatives memory: 40K
Oct 22 05:28:24 ip-172-31-16-92 kernel: [    0.882712] clocksource: xen: mask: 0xffffffffffffffff max_cycles: 0x1cd42e4dffb, max_idle_ns: 881590591483 ns
Oct 22 05:28:24 ip-172-31-16-92 kernel: [    0.888609] Xen: using vcpuop timer interface
Oct 22 05:28:24 ip-172-31-16-92 kernel: [    0.888616] installing Xen timer for CPU 0
Oct 22 05:28:24 ip-172-31-16-92 systemd-networkd[852]: eth0: Gained carrier
Oct 22 05:28:24 ip-172-31-16-92 kernel: [    0.891707] smpboot: CPU0: Intel(R) Xeon(R) CPU E5-2676 v3 @ 2.40GHz (family: 0x6, model: 0x3f, stepping: 0x2)
Oct 22 05:28:24 ip-172-31-16-92 kernel: [    0.892641] cpu 0 spinlock event irq 53
Oct 22 05:28:24 ip-172-31-16-92 systemd-timesyncd[653]: Network configuration changed, trying to establish connection.
Oct 22 05:28:24 ip-172-31-16-92 systemd-networkd[852]: eth0: Link DOWN
Oct 22 05:28:24 ip-172-31-16-92 systemd-networkd[852]: eth0: Lost carrier
Oct 22 05:28:24 ip-172-31-16-92 kernel: [    0.895681] Performance Events: unsupported p6 CPU model 63 no PMU driver, software events only.
Oct 22 05:28:24 ip-172-31-16-92 systemd-networkd[852]: eth0: Removing non-existent address: fe80::e:aeff:fe6e:23f9/64 (valid forever), ignoring
Oct 22 05:28:24 ip-172-31-16-92 kernel: [    0.896639] rcu: Hierarchical SRCU implementation.
Oct 22 05:28:24 ip-172-31-16-92 systemd-networkd[852]: eth0: IPv6 successfully enabled
Oct 22 05:28:24 ip-172-31-16-92 kernel: [    0.901052] NMI watchdog: Perf NMI watchdog permanently disabled
Oct 22 05:28:24 ip-172-31-16-92 systemd-networkd[852]: lo: Link is not managed by us
Oct 22 05:28:24 ip-172-31-16-92 systemd[1]: Starting Wait for Network to be Configured...
Oct 22 05:28:24 ip-172-31-16-92 systemd-networkd[852]: eth0: Link UP
Oct 22 05:28:24 ip-172-31-16-92 kernel: [    0.904600] smp: Bringing up secondary CPUs ...
Oct 22 05:28:24 ip-172-31-16-92 systemd[1]: Starting Network Name Resolution...
Oct 22 05:28:24 ip-172-31-16-92 systemd-networkd[852]: eth0: Gained carrier
Oct 22 05:28:24 ip-172-31-16-92 systemd-networkd[852]: eth0: DHCPv4 address 172.31.16.92/20 via 172.31.16.1
Oct 22 05:28:24 ip-172-31-16-92 systemd-networkd[852]: Not connected to system bus, not setting hostname.
Oct 22 05:28:24 ip-172-31-16-92 kernel: [    0.904713] installing Xen timer for CPU 1
Oct 22 05:28:24 ip-172-31-16-92 systemd-timesyncd[653]: Network configuration changed, trying to establish connection.
Oct 22 05:28:24 ip-172-31-16-92 kernel: [    0.907846] x86: Booting SMP configuration:
Oct 22 05:28:24 ip-172-31-16-92 kernel: [    0.908607] .... node  #0, CPUs:        #1
Oct 22 05:28:24 ip-172-31-16-92 systemd-resolved[884]: Positive Trust Anchors:
Oct 22 05:28:24 ip-172-31-16-92 kernel: [    0.909103] cpu 1 spinlock event irq 59
Oct 22 05:28:24 ip-172-31-16-92 kernel: [    0.912692] installing Xen timer for CPU 2
Oct 22 05:28:24 ip-172-31-16-92 kernel: [    0.916667]   #2
Oct 22 05:28:24 ip-172-31-16-92 systemd-resolved[884]: . IN DS 19036 8 2 49aac11d7b6f6446702e54a1607371607a1a41855200fd2ce1cdde32f24e8fb5
Oct 22 05:28:24 ip-172-31-16-92 systemd-resolved[884]: . IN DS 20326 8 2 e06d44b80b8f1d39a95c0b0d7c65d08458e880409bbc683457104237c7f8ec8d
Oct 22 05:28:24 ip-172-31-16-92 systemd-resolved[884]: Negative trust anchors: 10.in-addr.arpa 16.172.in-addr.arpa 17.172.in-addr.arpa 18.172.in-addr.arpa 19.172.in-addr.arpa 20.172.in-addr.arpa 21.172.in-addr.arpa 22.172.in-addr.arpa 23.172.in-addr.arpa 24.172.in-addr.arpa 25.172.in-addr.arpa 26.172.in-addr.arpa 27.172.in-addr.arpa 28.172.in-addr.arpa 29.172.in-addr.arpa 30.172.in-addr.arpa 31.172.in-addr.arpa 168.192.in-addr.arpa d.f.ip6.arpa corp home internal intranet lan local private test
Oct 22 05:28:24 ip-172-31-16-92 systemd-resolved[884]: Using system hostname 'ip-172-31-16-92'.
Oct 22 05:28:24 ip-172-31-16-92 systemd[1]: Started Network Name Resolution.
Oct 22 05:28:24 ip-172-31-16-92 systemd[1]: Reached target Host and Network Name Lookups.
Oct 22 05:28:24 ip-172-31-16-92 systemd[1]: Reached target Network.
Oct 22 05:28:24 ip-172-31-16-92 systemd-networkd[852]: eth0: Gained IPv6LL
Oct 22 05:28:24 ip-172-31-16-92 systemd-networkd[852]: eth0: Configured
Oct 22 05:28:24 ip-172-31-16-92 systemd-timesyncd[653]: Network configuration changed, trying to establish connection.
Oct 22 05:28:24 ip-172-31-16-92 systemd-networkd-wait-online[880]: managing: eth0
Oct 22 05:28:24 ip-172-31-16-92 systemd-networkd-wait-online[880]: ignoring: lo
Oct 22 05:28:24 ip-172-31-16-92 systemd[1]: Started Wait for Network to be Configured.
Oct 22 05:28:24 ip-172-31-16-92 systemd[1]: Starting Initial cloud-init job (metadata service crawler)...
Oct 22 05:28:24 ip-172-31-16-92 cloud-init[905]: Cloud-init v. 21.1-19-gbad84ad4-0ubuntu1~18.04.1 running 'init' at Fri, 22 Oct 2021 05:28:22 +0000. Up 12.26 seconds.
Oct 22 05:28:24 ip-172-31-16-92 cloud-init[905]: ci-info: +++++++++++++++++++++++++++++++++++++Net device info++++++++++++++++++++++++++++++++++++++
Oct 22 05:28:24 ip-172-31-16-92 cloud-init[905]: ci-info: +--------+------+---------------------------+---------------+--------+-------------------+
Oct 22 05:28:24 ip-172-31-16-92 cloud-init[905]: ci-info: | Device |  Up  |          Address          |      Mask     | Scope  |     Hw-Address    |
Oct 22 05:28:24 ip-172-31-16-92 cloud-init[905]: ci-info: +--------+------+---------------------------+---------------+--------+-------------------+
Oct 22 05:28:24 ip-172-31-16-92 cloud-init[905]: ci-info: |  eth0  | True |        172.31.16.92       | 255.255.240.0 | global | 02:0e:ae:6e:23:f9 |
Oct 22 05:28:24 ip-172-31-16-92 cloud-init[905]: ci-info: |  eth0  | True | fe80::e:aeff:fe6e:23f9/64 |       .       |  link  | 02:0e:ae:6e:23:f9 |
Oct 22 05:28:24 ip-172-31-16-92 cloud-init[905]: ci-info: |   lo   | True |         127.0.0.1         |   255.0.0.0   |  host  |         .         |
Oct 22 05:28:24 ip-172-31-16-92 cloud-init[905]: ci-info: |   lo   | True |          ::1/128          |       .       |  host  |         .         |
Oct 22 05:28:24 ip-172-31-16-92 cloud-init[905]: ci-info: +--------+------+---------------------------+---------------+--------+-------------------+
Oct 22 05:28:24 ip-172-31-16-92 cloud-init[905]: ci-info: ++++++++++++++++++++++++++++++Route IPv4 info++++++++++++++++++++++++++++++
Oct 22 05:28:24 ip-172-31-16-92 cloud-init[905]: ci-info: +-------+-------------+-------------+-----------------+-----------+-------+
Oct 22 05:28:24 ip-172-31-16-92 cloud-init[905]: ci-info: | Route | Destination |   Gateway   |     Genmask     | Interface | Flags |
Oct 22 05:28:24 ip-172-31-16-92 cloud-init[905]: ci-info: +-------+-------------+-------------+-----------------+-----------+-------+
Oct 22 05:28:24 ip-172-31-16-92 cloud-init[905]: ci-info: |   0   |   0.0.0.0   | 172.31.16.1 |     0.0.0.0     |    eth0   |   UG  |
Oct 22 05:28:24 ip-172-31-16-92 kernel: [    0.917186] cpu 2 spinlock event irq 65
Oct 22 05:28:24 ip-172-31-16-92 kernel: [    0.920708] installing Xen timer for CPU 3
Oct 22 05:28:24 ip-172-31-16-92 kernel: [    0.924670]   #3
Oct 22 05:28:24 ip-172-31-16-92 kernel: [    0.925157] cpu 3 spinlock event irq 71
Oct 22 05:28:24 ip-172-31-16-92 kernel: [    0.928719] installing Xen timer for CPU 4
Oct 22 05:28:24 ip-172-31-16-92 kernel: [    0.932672]   #4
Oct 22 05:28:24 ip-172-31-16-92 kernel: [    0.933163] cpu 4 spinlock event irq 77
Oct 22 05:28:24 ip-172-31-16-92 kernel: [    0.936700] installing Xen timer for CPU 5
Oct 22 05:28:24 ip-172-31-16-92 kernel: [    0.940667]   #5
Oct 22 05:28:24 ip-172-31-16-92 kernel: [    0.941206] cpu 5 spinlock event irq 83
Oct 22 05:28:24 ip-172-31-16-92 kernel: [    0.944713] installing Xen timer for CPU 6
Oct 22 05:28:24 ip-172-31-16-92 kernel: [    0.948675]   #6
Oct 22 05:28:24 ip-172-31-16-92 kernel: [    0.949158] cpu 6 spinlock event irq 89
Oct 22 05:28:24 ip-172-31-16-92 kernel: [    0.952709] installing Xen timer for CPU 7
Oct 22 05:28:24 ip-172-31-16-92 kernel: [    0.956676]   #7
Oct 22 05:28:24 ip-172-31-16-92 kernel: [    0.957179] cpu 7 spinlock event irq 95
Oct 22 05:28:24 ip-172-31-16-92 kernel: [    0.960713] smp: Brought up 1 node, 8 CPUs
Oct 22 05:28:24 ip-172-31-16-92 kernel: [    0.964609] smpboot: Max logical packages: 2
Oct 22 05:28:24 ip-172-31-16-92 kernel: [    0.967768] smpboot: Total of 8 processors activated (38401.63 BogoMIPS)
Oct 22 05:28:24 ip-172-31-16-92 kernel: [    0.969861] devtmpfs: initialized
Oct 22 05:28:24 ip-172-31-16-92 kernel: [    0.972660] x86/mm: Memory block size: 128MB
Oct 22 05:28:24 ip-172-31-16-92 kernel: [    0.979635] clocksource: jiffies: mask: 0xffffffff max_cycles: 0xffffffff, max_idle_ns: 7645041785100000 ns
Oct 22 05:28:24 ip-172-31-16-92 kernel: [    0.980661] futex hash table entries: 4096 (order: 6, 262144 bytes, linear)
Oct 22 05:28:24 ip-172-31-16-92 kernel: [    0.984702] pinctrl core: initialized pinctrl subsystem
Oct 22 05:28:24 ip-172-31-16-92 kernel: [    0.988600] PM: RTC time: 05:28:10, date: 2021-10-22
Oct 22 05:28:24 ip-172-31-16-92 kernel: [    0.988886] NET: Registered protocol family 16
Oct 22 05:28:24 ip-172-31-16-92 kernel: [    0.992323] audit: initializing netlink subsys (disabled)
Oct 22 05:28:24 ip-172-31-16-92 kernel: [    0.992634] audit: type=2000 audit(1634880490.671:1): state=initialized audit_enabled=0 res=1
Oct 22 05:28:24 ip-172-31-16-92 kernel: [    0.992747] EISA bus registered
Oct 22 05:28:24 ip-172-31-16-92 kernel: [    0.999555] cpuidle: using governor ladder
Oct 22 05:28:24 ip-172-31-16-92 kernel: [    1.000609] cpuidle: using governor menu
Oct 22 05:28:24 ip-172-31-16-92 kernel: [    1.003495] ACPI: bus type PCI registered
Oct 22 05:28:24 ip-172-31-16-92 kernel: [    1.004606] acpiphp: ACPI Hot Plug PCI Controller Driver version: 0.5
Oct 22 05:28:24 ip-172-31-16-92 kernel: [    1.008933] PCI: Using configuration type 1 for base access
Oct 22 05:28:24 ip-172-31-16-92 kernel: [    1.016658] HugeTLB registered 1.00 GiB page size, pre-allocated 0 pages
Oct 22 05:28:24 ip-172-31-16-92 kernel: [    1.020607] HugeTLB registered 2.00 MiB page size, pre-allocated 0 pages
Oct 22 05:28:24 ip-172-31-16-92 kernel: [    1.024691] ACPI: Added _OSI(Module Device)
Oct 22 05:28:24 ip-172-31-16-92 kernel: [    1.028607] ACPI: Added _OSI(Processor Device)
Oct 22 05:28:24 ip-172-31-16-92 kernel: [    1.031935] ACPI: Added _OSI(3.0 _SCP Extensions)
Oct 22 05:28:24 ip-172-31-16-92 kernel: [    1.032606] ACPI: Added _OSI(Processor Aggregator Device)
Oct 22 05:28:24 ip-172-31-16-92 kernel: [    1.036214] ACPI: Added _OSI(Linux-Dell-Video)
Oct 22 05:28:24 ip-172-31-16-92 kernel: [    1.036607] ACPI: Added _OSI(Linux-Lenovo-NV-HDMI-Audio)
Oct 22 05:28:24 ip-172-31-16-92 kernel: [    1.040233] ACPI: Added _OSI(Linux-HPI-Hybrid-Graphics)
Oct 22 05:28:24 ip-172-31-16-92 kernel: [    1.044790] ACPI: 3 ACPI AML tables successfully acquired and loaded
Oct 22 05:28:24 ip-172-31-16-92 kernel: [    1.049233] xen: --> pirq=16 -> irq=9 (gsi=9)
Oct 22 05:28:24 ip-172-31-16-92 kernel: [    1.050251] ACPI: Interpreter enabled
Oct 22 05:28:24 ip-172-31-16-92 kernel: [    1.052618] ACPI: (supports S0 S4 S5)
Oct 22 05:28:24 ip-172-31-16-92 kernel: [    1.055472] ACPI: Using IOAPIC for interrupt routing
Oct 22 05:28:24 ip-172-31-16-92 kernel: [    1.056632] PCI: Using host bridge windows from ACPI; if necessary, use "pci=nocrs" and report a bug
Oct 22 05:28:24 ip-172-31-16-92 cloud-init[905]: ci-info: |   1   | 172.31.16.0 |   0.0.0.0   |  255.255.240.0  |    eth0   |   U   |
Oct 22 05:28:24 ip-172-31-16-92 kernel: [    1.060922] ACPI: Enabled 2 GPEs in block 00 to 0F
Oct 22 05:28:24 ip-172-31-16-92 kernel: [    1.096884] ACPI: PCI Root Bridge [PCI0] (domain 0000 [bus 00-ff])
Oct 22 05:28:24 ip-172-31-16-92 kernel: [    1.100614] acpi PNP0A03:00: _OSC: OS supports [ASPM ClockPM Segments MSI HPX-Type3]
Oct 22 05:28:24 ip-172-31-16-92 kernel: [    1.104619] acpi PNP0A03:00: fail to add MMCONFIG information, can't access extended PCI configuration space under this bridge.
Oct 22 05:28:24 ip-172-31-16-92 cloud-init[905]: ci-info: |   2   | 172.31.16.1 |   0.0.0.0   | 255.255.255.255 |    eth0   |   UH  |
Oct 22 05:28:24 ip-172-31-16-92 cloud-init[905]: ci-info: +-------+-------------+-------------+-----------------+-----------+-------+
Oct 22 05:28:24 ip-172-31-16-92 cloud-init[905]: ci-info: +++++++++++++++++++Route IPv6 info+++++++++++++++++++
Oct 22 05:28:24 ip-172-31-16-92 cloud-init[905]: ci-info: +-------+-------------+---------+-----------+-------+
Oct 22 05:28:24 ip-172-31-16-92 cloud-init[905]: ci-info: | Route | Destination | Gateway | Interface | Flags |
Oct 22 05:28:24 ip-172-31-16-92 cloud-init[905]: ci-info: +-------+-------------+---------+-----------+-------+
Oct 22 05:28:24 ip-172-31-16-92 cloud-init[905]: ci-info: |   1   |  fe80::/64  |    ::   |    eth0   |   U   |
Oct 22 05:28:24 ip-172-31-16-92 cloud-init[905]: ci-info: |   3   |    local    |    ::   |    eth0   |   U   |
Oct 22 05:28:24 ip-172-31-16-92 cloud-init[905]: ci-info: |   4   |  multicast  |    ::   |    eth0   |   U   |
Oct 22 05:28:24 ip-172-31-16-92 kernel: [    1.109708] acpiphp: Slot [0] registered
Oct 22 05:28:24 ip-172-31-16-92 cloud-init[905]: ci-info: +-------+-------------+---------+-----------+-------+
Oct 22 05:28:24 ip-172-31-16-92 kernel: [    1.113601] acpiphp: Slot [3] registered
Oct 22 05:28:24 ip-172-31-16-92 kernel: [    1.116931] acpiphp: Slot [4] registered
Oct 22 05:28:24 ip-172-31-16-92 kernel: [    1.120178] acpiphp: Slot [5] registered
Oct 22 05:28:24 ip-172-31-16-92 kernel: [    1.120923] acpiphp: Slot [6] registered
Oct 22 05:28:24 ip-172-31-16-92 kernel: [    1.124286] acpiphp: Slot [7] registered
Oct 22 05:28:24 ip-172-31-16-92 kernel: [    1.124918] acpiphp: Slot [8] registered
Oct 22 05:28:24 ip-172-31-16-92 kernel: [    1.128158] acpiphp: Slot [9] registered
Oct 22 05:28:24 ip-172-31-16-92 kernel: [    1.128915] acpiphp: Slot [10] registered
Oct 22 05:28:24 ip-172-31-16-92 kernel: [    1.132250] acpiphp: Slot [11] registered
Oct 22 05:28:24 ip-172-31-16-92 kernel: [    1.132964] acpiphp: Slot [12] registered
Oct 22 05:28:24 ip-172-31-16-92 kernel: [    1.136208] acpiphp: Slot [13] registered
Oct 22 05:28:24 ip-172-31-16-92 kernel: [    1.136934] acpiphp: Slot [14] registered
Oct 22 05:28:24 ip-172-31-16-92 kernel: [    1.140598] acpiphp: Slot [15] registered
Oct 22 05:28:24 ip-172-31-16-92 kernel: [    1.140921] acpiphp: Slot [16] registered
Oct 22 05:28:24 ip-172-31-16-92 kernel: [    1.144169] acpiphp: Slot [17] registered
Oct 22 05:28:24 ip-172-31-16-92 kernel: [    1.144959] acpiphp: Slot [18] registered
Oct 22 05:28:24 ip-172-31-16-92 kernel: [    1.148218] acpiphp: Slot [19] registered
Oct 22 05:28:24 ip-172-31-16-92 kernel: [    1.148949] acpiphp: Slot [20] registered
Oct 22 05:28:24 ip-172-31-16-92 kernel: [    1.152280] acpiphp: Slot [21] registered
Oct 22 05:28:24 ip-172-31-16-92 kernel: [    1.153016] acpiphp: Slot [22] registered
Oct 22 05:28:24 ip-172-31-16-92 kernel: [    1.156467] acpiphp: Slot [23] registered
Oct 22 05:28:24 ip-172-31-16-92 kernel: [    1.156936] acpiphp: Slot [24] registered
Oct 22 05:28:24 ip-172-31-16-92 kernel: [    1.159633] acpiphp: Slot [25] registered
Oct 22 05:28:24 ip-172-31-16-92 kernel: [    1.161111] acpiphp: Slot [26] registered
Oct 22 05:28:24 ip-172-31-16-92 kernel: [    1.164945] acpiphp: Slot [27] registered
Oct 22 05:28:24 ip-172-31-16-92 kernel: [    1.168475] acpiphp: Slot [28] registered
Oct 22 05:28:24 ip-172-31-16-92 kernel: [    1.168938] acpiphp: Slot [29] registered
Oct 22 05:28:24 ip-172-31-16-92 kernel: [    1.172184] acpiphp: Slot [30] registered
Oct 22 05:28:24 ip-172-31-16-92 kernel: [    1.172942] acpiphp: Slot [31] registered
Oct 22 05:28:24 ip-172-31-16-92 kernel: [    1.176348] PCI host bridge to bus 0000:00
Oct 22 05:28:24 ip-172-31-16-92 kernel: [    1.176616] pci_bus 0000:00: root bus resource [io  0x0000-0x0cf7 window]
Oct 22 05:28:24 ip-172-31-16-92 kernel: [    1.180401] pci_bus 0000:00: root bus resource [io  0x0d00-0xffff window]
Oct 22 05:28:24 ip-172-31-16-92 kernel: [    1.180606] pci_bus 0000:00: root bus resource [mem 0x000a0000-0x000bffff window]
Oct 22 05:28:24 ip-172-31-16-92 kernel: [    1.184606] pci_bus 0000:00: root bus resource [mem 0xf0000000-0xfbffffff window]
Oct 22 05:28:24 ip-172-31-16-92 kernel: [    1.188605] pci_bus 0000:00: root bus resource [bus 00-ff]
Oct 22 05:28:24 ip-172-31-16-92 kernel: [    1.192600] pci 0000:00:00.0: [8086:1237] type 00 class 0x060000
Oct 22 05:28:24 ip-172-31-16-92 kernel: [    1.194833] pci 0000:00:01.0: [8086:7000] type 00 class 0x060100
Oct 22 05:28:24 ip-172-31-16-92 kernel: [    1.199816] pci 0000:00:01.1: [8086:7010] type 00 class 0x010180
Oct 22 05:28:24 ip-172-31-16-92 kernel: [    1.201993] pci 0000:00:01.1: reg 0x20: [io  0xc100-0xc10f]
Oct 22 05:28:24 ip-172-31-16-92 kernel: [    1.205235] pci 0000:00:01.1: legacy IDE quirk: reg 0x10: [io  0x01f0-0x01f7]
Oct 22 05:28:24 ip-172-31-16-92 kernel: [    1.208607] pci 0000:00:01.1: legacy IDE quirk: reg 0x14: [io  0x03f6]
Oct 22 05:28:24 ip-172-31-16-92 kernel: [    1.212608] pci 0000:00:01.1: legacy IDE quirk: reg 0x18: [io  0x0170-0x0177]
Oct 22 05:28:24 ip-172-31-16-92 kernel: [    1.216607] pci 0000:00:01.1: legacy IDE quirk: reg 0x1c: [io  0x0376]
Oct 22 05:28:24 ip-172-31-16-92 kernel: [    1.221426] pci 0000:00:01.3: [8086:7113] type 00 class 0x068000
Oct 22 05:28:24 ip-172-31-16-92 kernel: [    1.224650] * Found PM-Timer Bug on the chipset. Due to workarounds for a bug,
Oct 22 05:28:24 ip-172-31-16-92 kernel: [    1.224650] * this clock source is slow. Consider trying other clock sources
Oct 22 05:28:24 ip-172-31-16-92 kernel: [    1.230060] pci 0000:00:01.3: quirk: [io  0xb000-0xb03f] claimed by PIIX4 ACPI
Oct 22 05:28:24 ip-172-31-16-92 cloud-init[905]: Generating public/private rsa key pair.
Oct 22 05:28:24 ip-172-31-16-92 cloud-init[905]: Your identification has been saved in /etc/ssh/ssh_host_rsa_key.
Oct 22 05:28:24 ip-172-31-16-92 kernel: [    1.234023] pci 0000:00:02.0: [1013:00b8] type 00 class 0x030000
Oct 22 05:28:24 ip-172-31-16-92 kernel: [    1.237034] pci 0000:00:02.0: reg 0x10: [mem 0xf0000000-0xf1ffffff pref]
Oct 22 05:28:24 ip-172-31-16-92 kernel: [    1.240844] pci 0000:00:02.0: reg 0x14: [mem 0xf3000000-0xf3000fff]
Oct 22 05:28:24 ip-172-31-16-92 cloud-init[905]: Your public key has been saved in /etc/ssh/ssh_host_rsa_key.pub.
Oct 22 05:28:24 ip-172-31-16-92 cloud-init[905]: The key fingerprint is:
Oct 22 05:28:24 ip-172-31-16-92 kernel: [    1.246886] pci 0000:00:03.0: [5853:0001] type 00 class 0xff8000
Oct 22 05:28:24 ip-172-31-16-92 cloud-init[905]: SHA256:7C7VY5QVyBgwBzC31vRjCdYtBLdZGlDQjtNnLG6UNEA root@ip-172-31-16-92
Oct 22 05:28:24 ip-172-31-16-92 kernel: [    1.249202] pci 0000:00:03.0: reg 0x10: [io  0xc000-0xc0ff]
Oct 22 05:28:24 ip-172-31-16-92 cloud-init[905]: The key's randomart image is:
Oct 22 05:28:24 ip-172-31-16-92 kernel: [    1.252988] pci 0000:00:03.0: reg 0x14: [mem 0xf2000000-0xf2ffffff pref]
Oct 22 05:28:24 ip-172-31-16-92 kernel: [    1.265359] ACPI: PCI Interrupt Link [LNKA] (IRQs *5 10 11)
Oct 22 05:28:24 ip-172-31-16-92 kernel: [    1.268812] ACPI: PCI Interrupt Link [LNKB] (IRQs 5 *10 11)
Oct 22 05:28:24 ip-172-31-16-92 cloud-init[905]: +---[RSA 2048]----+
Oct 22 05:28:24 ip-172-31-16-92 kernel: [    1.272810] ACPI: PCI Interrupt Link [LNKC] (IRQs 5 10 *11)
Oct 22 05:28:24 ip-172-31-16-92 kernel: [    1.276819] ACPI: PCI Interrupt Link [LNKD] (IRQs *5 10 11)
Oct 22 05:28:24 ip-172-31-16-92 cloud-init[905]: |    o.=+E&=oo.   |
Oct 22 05:28:24 ip-172-31-16-92 kernel: [    1.303551] xen:balloon: Initialising balloon driver
Oct 22 05:28:24 ip-172-31-16-92 kernel: [    1.304647] iommu: Default domain type: Translated 
Oct 22 05:28:24 ip-172-31-16-92 kernel: [    1.308227] SCSI subsystem initialized
Oct 22 05:28:24 ip-172-31-16-92 cloud-init[905]: |     o B.+OBo    |
Oct 22 05:28:24 ip-172-31-16-92 kernel: [    1.308623] libata version 3.00 loaded.
Oct 22 05:28:24 ip-172-31-16-92 kernel: [    1.308646] pci 0000:00:02.0: vgaarb: setting as boot VGA device
Oct 22 05:28:24 ip-172-31-16-92 cloud-init[905]: |      o .=OB     |
Oct 22 05:28:24 ip-172-31-16-92 kernel: [    1.312316] pci 0000:00:02.0: vgaarb: VGA device added: decodes=io+mem,owns=io+mem,locks=none
Oct 22 05:28:24 ip-172-31-16-92 kernel: [    1.312606] pci 0000:00:02.0: vgaarb: bridge control possible
Oct 22 05:28:24 ip-172-31-16-92 kernel: [    1.316605] vgaarb: loaded
Oct 22 05:28:24 ip-172-31-16-92 cloud-init[905]: |     . .o.O.+    |
Oct 22 05:28:24 ip-172-31-16-92 kernel: [    1.318984] ACPI: bus type USB registered
Oct 22 05:28:24 ip-172-31-16-92 kernel: [    1.320634] usbcore: registered new interface driver usbfs
Oct 22 05:28:24 ip-172-31-16-92 kernel: [    1.324354] usbcore: registered new interface driver hub
Oct 22 05:28:24 ip-172-31-16-92 cloud-init[905]: |        S* +     |
Oct 22 05:28:24 ip-172-31-16-92 kernel: [    1.324620] usbcore: registered new device driver usb
Oct 22 05:28:24 ip-172-31-16-92 kernel: [    1.328266] pps_core: LinuxPPS API ver. 1 registered
Oct 22 05:28:24 ip-172-31-16-92 kernel: [    1.328606] pps_core: Software ver. 5.3.6 - Copyright 2005-2007 Rodolfo Giometti <giometti@linux.it>
Oct 22 05:28:24 ip-172-31-16-92 cloud-init[905]: |       .. *      |
Oct 22 05:28:24 ip-172-31-16-92 kernel: [    1.332609] PTP clock support registered
Oct 22 05:28:24 ip-172-31-16-92 kernel: [    1.335583] EDAC MC: Ver: 3.0.0
Oct 22 05:28:24 ip-172-31-16-92 kernel: [    1.337041] PCI: Using ACPI for IRQ routing
Oct 22 05:28:24 ip-172-31-16-92 cloud-init[905]: |       ..o .     |
Oct 22 05:28:24 ip-172-31-16-92 kernel: [    1.340608] PCI: pci_cache_line_size set to 64 bytes
Oct 22 05:28:24 ip-172-31-16-92 kernel: [    1.341049] e820: reserve RAM buffer [mem 0x0009e000-0x0009ffff]
Oct 22 05:28:24 ip-172-31-16-92 kernel: [    1.341172] NetLabel: Initializing
Oct 22 05:28:24 ip-172-31-16-92 cloud-init[905]: |      ..         |
Oct 22 05:28:24 ip-172-31-16-92 kernel: [    1.344606] NetLabel:  domain hash size = 128
Oct 22 05:28:24 ip-172-31-16-92 kernel: [    1.348605] NetLabel:  protocols = UNLABELED CIPSOv4 CALIPSO
Oct 22 05:28:24 ip-172-31-16-92 kernel: [    1.352624] NetLabel:  unlabeled traffic allowed by default
Oct 22 05:28:24 ip-172-31-16-92 cloud-init[905]: |       ..        |
Oct 22 05:28:24 ip-172-31-16-92 kernel: [    1.356663] hpet: 3 channels of 0 reserved for per-cpu timers
Oct 22 05:28:24 ip-172-31-16-92 kernel: [    1.360613] hpet0: at MMIO 0xfed00000, IRQs 2, 8, 0
Oct 22 05:28:24 ip-172-31-16-92 kernel: [    1.364600] hpet0: 3 comparators, 64-bit 62.500000 MHz counter
Oct 22 05:28:24 ip-172-31-16-92 cloud-init[905]: +----[SHA256]-----+
Oct 22 05:28:24 ip-172-31-16-92 kernel: [    1.367727] clocksource: Switched to clocksource xen
Oct 22 05:28:24 ip-172-31-16-92 kernel: [    1.382211] *** VALIDATE bpf ***
Oct 22 05:28:24 ip-172-31-16-92 kernel: [    1.385785] VFS: Disk quotas dquot_6.6.0
Oct 22 05:28:24 ip-172-31-16-92 kernel: [    1.389374] VFS: Dquot-cache hash table entries: 512 (order 0, 4096 bytes)
Oct 22 05:28:24 ip-172-31-16-92 kernel: [    1.393976] *** VALIDATE ramfs ***
Oct 22 05:28:24 ip-172-31-16-92 kernel: [    1.396910] *** VALIDATE hugetlbfs ***
Oct 22 05:28:24 ip-172-31-16-92 kernel: [    1.399841] AppArmor: AppArmor Filesystem Enabled
Oct 22 05:28:24 ip-172-31-16-92 kernel: [    1.403108] pnp: PnP ACPI init
Oct 22 05:28:24 ip-172-31-16-92 cloud-init[905]: Generating public/private dsa key pair.
Oct 22 05:28:24 ip-172-31-16-92 kernel: [    1.405634] system 00:00: [mem 0x00000000-0x0009ffff] could not be reserved
Oct 22 05:28:24 ip-172-31-16-92 kernel: [    1.410203] system 00:00: Plug and Play ACPI device, IDs PNP0c02 (active)
Oct 22 05:28:24 ip-172-31-16-92 kernel: [    1.410303] system 00:01: [io  0x08a0-0x08a3] has been reserved
Oct 22 05:28:24 ip-172-31-16-92 kernel: [    1.414256] system 00:01: [io  0x0cc0-0x0ccf] has been reserved
Oct 22 05:28:24 ip-172-31-16-92 cloud-init[905]: Your identification has been saved in /etc/ssh/ssh_host_dsa_key.
Oct 22 05:28:24 ip-172-31-16-92 cloud-init[905]: Your public key has been saved in /etc/ssh/ssh_host_dsa_key.pub.
Oct 22 05:28:24 ip-172-31-16-92 cloud-init[905]: The key fingerprint is:
Oct 22 05:28:24 ip-172-31-16-92 kernel: [    1.418187] system 00:01: [io  0x04d0-0x04d1] has been reserved
Oct 22 05:28:24 ip-172-31-16-92 cloud-init[905]: SHA256:cuPTlvGrZA4trLpirZvzDUU0DaL6WeQv0/jqi8rfYGo root@ip-172-31-16-92
Oct 22 05:28:24 ip-172-31-16-92 kernel: [    1.422045] system 00:01: Plug and Play ACPI device, IDs PNP0c02 (active)
Oct 22 05:28:24 ip-172-31-16-92 cloud-init[905]: The key's randomart image is:
Oct 22 05:28:24 ip-172-31-16-92 cloud-init[905]: +---[DSA 1024]----+
Oct 22 05:28:24 ip-172-31-16-92 cloud-init[905]: |    . +o         |
Oct 22 05:28:24 ip-172-31-16-92 cloud-init[905]: |   . o ..        |
Oct 22 05:28:24 ip-172-31-16-92 kernel: [    1.422077] xen: --> pirq=17 -> irq=8 (gsi=8)
Oct 22 05:28:24 ip-172-31-16-92 cloud-init[905]: |  . . .          |
Oct 22 05:28:24 ip-172-31-16-92 kernel: [    1.422092] pnp 00:02: Plug and Play ACPI device, IDs PNP0b00 (active)
Oct 22 05:28:24 ip-172-31-16-92 kernel: [    1.422115] xen: --> pirq=18 -> irq=12 (gsi=12)
Oct 22 05:28:24 ip-172-31-16-92 kernel: [    1.422130] pnp 00:03: Plug and Play ACPI device, IDs PNP0f13 (active)
Oct 22 05:28:24 ip-172-31-16-92 cloud-init[905]: | . o .           |
Oct 22 05:28:24 ip-172-31-16-92 kernel: [    1.422149] xen: --> pirq=19 -> irq=1 (gsi=1)
Oct 22 05:28:24 ip-172-31-16-92 cloud-init[905]: |.   o o S .      |
Oct 22 05:28:24 ip-172-31-16-92 cloud-init[905]: | . o = = + +     |
Oct 22 05:28:24 ip-172-31-16-92 cloud-init[905]: |  o+= o * B .    |
Oct 22 05:28:24 ip-172-31-16-92 cloud-init[905]: |.E*o+* . O   .   |
Oct 22 05:28:24 ip-172-31-16-92 kernel: [    1.422160] pnp 00:04: Plug and Play ACPI device, IDs PNP0303 PNP030b (active)
Oct 22 05:28:24 ip-172-31-16-92 kernel: [    1.422178] xen: --> pirq=20 -> irq=6 (gsi=6)
Oct 22 05:28:24 ip-172-31-16-92 kernel: [    1.422180] pnp 00:05: [dma 2]
Oct 22 05:28:24 ip-172-31-16-92 kernel: [    1.422192] pnp 00:05: Plug and Play ACPI device, IDs PNP0700 (active)
Oct 22 05:28:24 ip-172-31-16-92 kernel: [    1.422216] xen: --> pirq=21 -> irq=4 (gsi=4)
Oct 22 05:28:24 ip-172-31-16-92 kernel: [    1.422227] pnp 00:06: Plug and Play ACPI device, IDs PNP0501 (active)
Oct 22 05:28:24 ip-172-31-16-92 kernel: [    1.422267] system 00:07: [io  0x10c0-0x1141] has been reserved
Oct 22 05:28:24 ip-172-31-16-92 kernel: [    1.425994] system 00:07: [io  0xb044-0xb047] has been reserved
Oct 22 05:28:24 ip-172-31-16-92 kernel: [    1.429884] system 00:07: Plug and Play ACPI device, IDs PNP0c02 (active)
Oct 22 05:28:24 ip-172-31-16-92 kernel: [    1.450047] pnp: PnP ACPI: found 8 devices
Oct 22 05:28:24 ip-172-31-16-92 kernel: [    1.455949] thermal_sys: Registered thermal governor 'fair_share'
Oct 22 05:28:24 ip-172-31-16-92 kernel: [    1.455950] thermal_sys: Registered thermal governor 'bang_bang'
Oct 22 05:28:24 ip-172-31-16-92 cloud-init[905]: |o=*OB*+   o..    |
Oct 22 05:28:24 ip-172-31-16-92 kernel: [    1.460113] thermal_sys: Registered thermal governor 'step_wise'
Oct 22 05:28:24 ip-172-31-16-92 kernel: [    1.464268] thermal_sys: Registered thermal governor 'user_space'
Oct 22 05:28:24 ip-172-31-16-92 cloud-init[905]: +----[SHA256]-----+
Oct 22 05:28:24 ip-172-31-16-92 cloud-init[905]: Generating public/private ecdsa key pair.
Oct 22 05:28:24 ip-172-31-16-92 cloud-init[905]: Your identification has been saved in /etc/ssh/ssh_host_ecdsa_key.
Oct 22 05:28:24 ip-172-31-16-92 kernel: [    1.468367] thermal_sys: Registered thermal governor 'power_allocator'
Oct 22 05:28:24 ip-172-31-16-92 cloud-init[905]: Your public key has been saved in /etc/ssh/ssh_host_ecdsa_key.pub.
Oct 22 05:28:24 ip-172-31-16-92 cloud-init[905]: The key fingerprint is:
Oct 22 05:28:24 ip-172-31-16-92 kernel: [    1.476925] clocksource: acpi_pm: mask: 0xffffff max_cycles: 0xffffff, max_idle_ns: 2085701024 ns
Oct 22 05:28:24 ip-172-31-16-92 cloud-init[905]: SHA256:Ho0BIjEEt1tD150bq5p6HIFAUOK2dLktGztS+O5Vgjo root@ip-172-31-16-92
Oct 22 05:28:24 ip-172-31-16-92 kernel: [    1.487299] pci_bus 0000:00: resource 4 [io  0x0000-0x0cf7 window]
Oct 22 05:28:24 ip-172-31-16-92 cloud-init[905]: The key's randomart image is:
Oct 22 05:28:24 ip-172-31-16-92 kernel: [    1.491365] pci_bus 0000:00: resource 5 [io  0x0d00-0xffff window]
Oct 22 05:28:24 ip-172-31-16-92 kernel: [    1.495791] pci_bus 0000:00: resource 6 [mem 0x000a0000-0x000bffff window]
Oct 22 05:28:24 ip-172-31-16-92 cloud-init[905]: +---[ECDSA 256]---+
Oct 22 05:28:24 ip-172-31-16-92 kernel: [    1.499806] pci_bus 0000:00: resource 7 [mem 0xf0000000-0xfbffffff window]
Oct 22 05:28:24 ip-172-31-16-92 kernel: [    1.505037] NET: Registered protocol family 2
Oct 22 05:28:24 ip-172-31-16-92 kernel: [    1.508037] tcp_listen_portaddr_hash hash table entries: 16384 (order: 6, 262144 bytes, linear)
Oct 22 05:28:24 ip-172-31-16-92 cloud-init[905]: |+*O.o o. . .     |
Oct 22 05:28:24 ip-172-31-16-92 kernel: [    1.514674] TCP established hash table entries: 262144 (order: 9, 2097152 bytes, linear)
Oct 22 05:28:24 ip-172-31-16-92 kernel: [    1.520774] TCP bind hash table entries: 65536 (order: 8, 1048576 bytes, linear)
Oct 22 05:28:24 ip-172-31-16-92 cloud-init[905]: |.o.=.o .. +      |
Oct 22 05:28:24 ip-172-31-16-92 kernel: [    1.527609] TCP: Hash tables configured (established 262144 bind 65536)
Oct 22 05:28:24 ip-172-31-16-92 cloud-init[905]: | +.+o.  .  +     |
Oct 22 05:28:24 ip-172-31-16-92 cloud-init[905]: |o +o=..  +o      |
Oct 22 05:28:24 ip-172-31-16-92 cloud-init[905]: | o.* o oS..      |
Oct 22 05:28:24 ip-172-31-16-92 cloud-init[905]: |  + = +...       |
Oct 22 05:28:24 ip-172-31-16-92 cloud-init[905]: | E = o +.        |
Oct 22 05:28:24 ip-172-31-16-92 cloud-init[905]: |  + o =          |
Oct 22 05:28:24 ip-172-31-16-92 cloud-init[905]: |  .o.o           |
Oct 22 05:28:24 ip-172-31-16-92 cloud-init[905]: +----[SHA256]-----+
Oct 22 05:28:24 ip-172-31-16-92 cloud-init[905]: Generating public/private ed25519 key pair.
Oct 22 05:28:24 ip-172-31-16-92 cloud-init[905]: Your identification has been saved in /etc/ssh/ssh_host_ed25519_key.
Oct 22 05:28:24 ip-172-31-16-92 cloud-init[905]: Your public key has been saved in /etc/ssh/ssh_host_ed25519_key.pub.
Oct 22 05:28:24 ip-172-31-16-92 cloud-init[905]: The key fingerprint is:
Oct 22 05:28:24 ip-172-31-16-92 cloud-init[905]: SHA256:3d6nSDECsAc5gcYcUKEU5Cv+kGAZTMHedrSj+8LZTJw root@ip-172-31-16-92
Oct 22 05:28:24 ip-172-31-16-92 cloud-init[905]: The key's randomart image is:
Oct 22 05:28:24 ip-172-31-16-92 cloud-init[905]: +--[ED25519 256]--+
Oct 22 05:28:24 ip-172-31-16-92 kernel: [    1.532056] UDP hash table entries: 16384 (order: 7, 524288 bytes, linear)
Oct 22 05:28:24 ip-172-31-16-92 kernel: [    1.536639] UDP-Lite hash table entries: 16384 (order: 7, 524288 bytes, linear)
Oct 22 05:28:24 ip-172-31-16-92 kernel: [    1.542075] NET: Registered protocol family 1
Oct 22 05:28:24 ip-172-31-16-92 kernel: [    1.545467] NET: Registered protocol family 44
Oct 22 05:28:24 ip-172-31-16-92 kernel: [    1.548953] pci 0000:00:01.0: PIIX3: Enabling Passive Release
Oct 22 05:28:24 ip-172-31-16-92 kernel: [    1.552991] pci 0000:00:00.0: Limiting direct PCI/PCI transfers
Oct 22 05:28:24 ip-172-31-16-92 cloud-init[905]: |.+**+++o         |
Oct 22 05:28:24 ip-172-31-16-92 kernel: [    1.557068] pci 0000:00:01.0: Activating ISA DMA hang workarounds
Oct 22 05:28:24 ip-172-31-16-92 kernel: [    1.561670] pci 0000:00:02.0: Video device with shadowed ROM at [mem 0x000c0000-0x000dffff]
Oct 22 05:28:24 ip-172-31-16-92 kernel: [    1.567530] PCI: CLS 0 bytes, default 64
Oct 22 05:28:24 ip-172-31-16-92 cloud-init[905]: |o+ .=.o+         |
Oct 22 05:28:24 ip-172-31-16-92 kernel: [    1.570554] Trying to unpack rootfs image as initramfs...
Oct 22 05:28:24 ip-172-31-16-92 kernel: [    1.871942] Freeing initrd memory: 21068K
Oct 22 05:28:24 ip-172-31-16-92 cloud-init[905]: |.o+.. o.o        |
Oct 22 05:28:24 ip-172-31-16-92 kernel: [    1.875296] PCI-DMA: Using software bounce buffering for IO (SWIOTLB)
Oct 22 05:28:24 ip-172-31-16-92 kernel: [    1.879983] software IO TLB: mapped [mem 0xec000000-0xf0000000] (64MB)
Oct 22 05:28:24 ip-172-31-16-92 kernel: [    1.883961] check: Scanning for low memory corruption every 60 seconds
Oct 22 05:28:24 ip-172-31-16-92 cloud-init[905]: | .o+ + . o .     |
Oct 22 05:28:24 ip-172-31-16-92 kernel: [    1.888430] Initialise system trusted keyrings
Oct 22 05:28:24 ip-172-31-16-92 kernel: [    1.891734] Key type blacklist registered
Oct 22 05:28:24 ip-172-31-16-92 kernel: [    1.894844] workingset: timestamp_bits=36 max_order=23 bucket_order=0
Oct 22 05:28:24 ip-172-31-16-92 cloud-init[905]: |ooo + o S o +    |
Oct 22 05:28:24 ip-172-31-16-92 kernel: [    1.900442] zbud: loaded
Oct 22 05:28:24 ip-172-31-16-92 kernel: [    1.902995] squashfs: version 4.0 (2009/01/31) Phillip Lougher
Oct 22 05:28:24 ip-172-31-16-92 cloud-init[905]: |+... E     o +   |
Oct 22 05:28:24 ip-172-31-16-92 kernel: [    1.907181] fuse: init (API version 7.31)
Oct 22 05:28:24 ip-172-31-16-92 kernel: [    1.909702] *** VALIDATE fuse ***
Oct 22 05:28:24 ip-172-31-16-92 kernel: [    1.912119] *** VALIDATE fuse ***
Oct 22 05:28:24 ip-172-31-16-92 kernel: [    1.914604] Platform Keyring initialized
Oct 22 05:28:24 ip-172-31-16-92 cloud-init[905]: | +. *       o . .|
Oct 22 05:28:24 ip-172-31-16-92 kernel: [    1.921396] Key type asymmetric registered
Oct 22 05:28:24 ip-172-31-16-92 kernel: [    1.924663] Asymmetric key parser 'x509' registered
Oct 22 05:28:24 ip-172-31-16-92 cloud-init[905]: |  o= o     . . o |
Oct 22 05:28:24 ip-172-31-16-92 kernel: [    1.928599] Block layer SCSI generic (bsg) driver version 0.4 loaded (major 244)
Oct 22 05:28:24 ip-172-31-16-92 kernel: [    1.933224] io scheduler mq-deadline registered
Oct 22 05:28:24 ip-172-31-16-92 systemd[1]: Started Initial cloud-init job (metadata service crawler).
Oct 22 05:28:24 ip-172-31-16-92 kernel: [    1.937098] shpchp: Standard Hot Plug PCI Controller Driver version: 0.4
Oct 22 05:28:24 ip-172-31-16-92 kernel: [    1.941663] intel_idle: Please enable MWAIT in BIOS SETUP
Oct 22 05:28:24 ip-172-31-16-92 kernel: [    1.941786] input: Power Button as /devices/LNXSYSTM:00/LNXPWRBN:00/input/input0
Oct 22 05:28:24 ip-172-31-16-92 cloud-init[905]: |   .o.      . .  |
Oct 22 05:28:24 ip-172-31-16-92 kernel: [    1.947242] ACPI: Power Button [PWRF]
Oct 22 05:28:24 ip-172-31-16-92 kernel: [    1.950120] input: Sleep Button as /devices/LNXSYSTM:00/LNXSLPBN:00/input/input1
Oct 22 05:28:24 ip-172-31-16-92 kernel: [    1.955388] ACPI: Sleep Button [SLPF]
Oct 22 05:28:24 ip-172-31-16-92 cloud-init[905]: +----[SHA256]-----+
Oct 22 05:28:24 ip-172-31-16-92 kernel: [    1.961630] xen: --> pirq=22 -> irq=28 (gsi=28)
Oct 22 05:28:24 ip-172-31-16-92 kernel: [    1.961723] xen:grant_table: Grant tables using version 1 layout
Oct 22 05:28:24 ip-172-31-16-92 systemd[1]: Reached target System Initialization.
Oct 22 05:28:24 ip-172-31-16-92 kernel: [    1.965721] Grant table initialized
Oct 22 05:28:24 ip-172-31-16-92 kernel: [    1.968597] Cannot get hvm parameter CONSOLE_EVTCHN (18): -22!
Oct 22 05:28:24 ip-172-31-16-92 kernel: [    1.972820] Serial: 8250/16550 driver, 4 ports, IRQ sharing enabled
Oct 22 05:28:24 ip-172-31-16-92 systemd[1]: Starting Socket activation for snappy daemon.
Oct 22 05:28:24 ip-172-31-16-92 kernel: [    2.005545] 00:06: ttyS0 at I/O 0x3f8 (irq = 4, base_baud = 115200) is a 16550A
Oct 22 05:28:24 ip-172-31-16-92 systemd[1]: Started Discard unused blocks once a week.
Oct 22 05:28:24 ip-172-31-16-92 kernel: [    2.011564] Linux agpgart interface v0.103
Oct 22 05:28:24 ip-172-31-16-92 kernel: [    2.018136] loop: module loaded
Oct 22 05:28:24 ip-172-31-16-92 systemd[1]: Listening on D-Bus System Message Bus Socket.
Oct 22 05:28:24 ip-172-31-16-92 kernel: [    2.021586] ata_piix 0000:00:01.1: version 2.13
Oct 22 05:28:24 ip-172-31-16-92 kernel: [    2.022573] scsi host0: ata_piix
Oct 22 05:28:24 ip-172-31-16-92 kernel: [    2.026107] scsi host1: ata_piix
Oct 22 05:28:24 ip-172-31-16-92 systemd[1]: Listening on ACPID Listen Socket.
Oct 22 05:28:24 ip-172-31-16-92 kernel: [    2.026714] blkfront: xvda: barrier or flush: disabled; persistent grants: disabled; indirect descriptors: enabled;
Oct 22 05:28:24 ip-172-31-16-92 kernel: [    2.029180] ata1: PATA max MWDMA2 cmd 0x1f0 ctl 0x3f6 bmdma 0xc100 irq 14
Oct 22 05:28:24 ip-172-31-16-92 systemd[1]: Started Daily Cleanup of Temporary Directories.
Oct 22 05:28:24 ip-172-31-16-92 kernel: [    2.041106] ata2: PATA max MWDMA2 cmd 0x170 ctl 0x376 bmdma 0xc108 irq 15
Oct 22 05:28:24 ip-172-31-16-92 kernel: [    2.045957] libphy: Fixed MDIO Bus: probed
Oct 22 05:28:24 ip-172-31-16-92 systemd[1]: Started Message of the Day.
Oct 22 05:28:24 ip-172-31-16-92 kernel: [    2.046494]  xvda: xvda1
Oct 22 05:28:24 ip-172-31-16-92 kernel: [    2.049744] tun: Universal TUN/TAP device driver, 1.6
Oct 22 05:28:24 ip-172-31-16-92 kernel: [    2.056121] PPP generic driver version 2.4.2
Oct 22 05:28:24 ip-172-31-16-92 systemd[1]: Listening on UUID daemon activation socket.
Oct 22 05:28:24 ip-172-31-16-92 kernel: [    2.059395] ehci_hcd: USB 2.0 'Enhanced' Host Controller (EHCI) Driver
Oct 22 05:28:24 ip-172-31-16-92 kernel: [    2.064168] ehci-pci: EHCI PCI platform driver
Oct 22 05:28:24 ip-172-31-16-92 kernel: [    2.067647] ehci-platform: EHCI generic platform driver
Oct 22 05:28:24 ip-172-31-16-92 systemd[1]: Started Daily apt download activities.
Oct 22 05:28:24 ip-172-31-16-92 kernel: [    2.071361] ohci_hcd: USB 1.1 'Open' Host Controller (OHCI) Driver
Oct 22 05:28:24 ip-172-31-16-92 kernel: [    2.075711] ohci-pci: OHCI PCI platform driver
Oct 22 05:28:24 ip-172-31-16-92 systemd[1]: Started Daily apt upgrade and clean activities.
Oct 22 05:28:24 ip-172-31-16-92 kernel: [    2.079180] ohci-platform: OHCI generic platform driver
Oct 22 05:28:24 ip-172-31-16-92 kernel: [    2.082886] uhci_hcd: USB Universal Host Controller Interface driver
Oct 22 05:28:24 ip-172-31-16-92 systemd[1]: Listening on Open-iSCSI iscsid Socket.
Oct 22 05:28:24 ip-172-31-16-92 kernel: [    2.087358] i8042: PNP: PS/2 Controller [PNP0303:PS2K,PNP0f13:PS2M] at 0x60,0x64 irq 1,12
Oct 22 05:28:24 ip-172-31-16-92 systemd[1]: Starting LXD - unix socket.
Oct 22 05:28:24 ip-172-31-16-92 kernel: [    2.095568] serio: i8042 KBD port at 0x60,0x64 irq 1
Oct 22 05:28:24 ip-172-31-16-92 kernel: [    2.099262] serio: i8042 AUX port at 0x60,0x64 irq 12
Oct 22 05:28:24 ip-172-31-16-92 systemd[1]: Reached target Timers.
Oct 22 05:28:24 ip-172-31-16-92 kernel: [    2.103417] mousedev: PS/2 mouse device common for all mice
Oct 22 05:28:24 ip-172-31-16-92 kernel: [    2.108208] rtc_cmos 00:02: registered as rtc0
Oct 22 05:28:24 ip-172-31-16-92 systemd[1]: Started ACPI Events Check.
Oct 22 05:28:24 ip-172-31-16-92 kernel: [    2.111621] rtc_cmos 00:02: alarms up to one day, 114 bytes nvram, hpet irqs
Oct 22 05:28:24 ip-172-31-16-92 kernel: [    2.116688] device-mapper: uevent: version 1.0.3
Oct 22 05:28:24 ip-172-31-16-92 systemd[1]: Reached target Paths.
Oct 22 05:28:24 ip-172-31-16-92 kernel: [    2.120130] device-mapper: ioctl: 4.41.0-ioctl (2019-09-16) initialised: dm-devel@redhat.com
Oct 22 05:28:24 ip-172-31-16-92 kernel: [    2.120158] input: AT Translated Set 2 keyboard as /devices/platform/i8042/serio0/input/input2
Oct 22 05:28:24 ip-172-31-16-92 kernel: [    2.126381] platform eisa.0: Probing EISA bus 0
Oct 22 05:28:24 ip-172-31-16-92 kernel: [    2.134585] platform eisa.0: EISA: Cannot allocate resource for mainboard
Oct 22 05:28:24 ip-172-31-16-92 systemd[1]: Reached target Network is Online.
Oct 22 05:28:24 ip-172-31-16-92 kernel: [    2.138898] platform eisa.0: Cannot allocate resource for EISA slot 1
Oct 22 05:28:24 ip-172-31-16-92 kernel: [    2.143321] platform eisa.0: Cannot allocate resource for EISA slot 2
Oct 22 05:28:24 ip-172-31-16-92 systemd[1]: Starting Availability of block devices...
Oct 22 05:28:24 ip-172-31-16-92 kernel: [    2.148036] platform eisa.0: Cannot allocate resource for EISA slot 3
Oct 22 05:28:24 ip-172-31-16-92 systemd[1]: Reached target Remote File Systems (Pre).
Oct 22 05:28:24 ip-172-31-16-92 kernel: [    2.152361] platform eisa.0: Cannot allocate resource for EISA slot 4
Oct 22 05:28:24 ip-172-31-16-92 kernel: [    2.156775] platform eisa.0: Cannot allocate resource for EISA slot 5
Oct 22 05:28:24 ip-172-31-16-92 kernel: [    2.161175] platform eisa.0: Cannot allocate resource for EISA slot 6
Oct 22 05:28:24 ip-172-31-16-92 systemd[1]: Reached target Remote File Systems.
Oct 22 05:28:24 ip-172-31-16-92 kernel: [    2.164956] platform eisa.0: Cannot allocate resource for EISA slot 7
Oct 22 05:28:24 ip-172-31-16-92 kernel: [    2.169235] platform eisa.0: Cannot allocate resource for EISA slot 8
Oct 22 05:28:24 ip-172-31-16-92 kernel: [    2.173667] platform eisa.0: EISA: Detected 0 cards
Oct 22 05:28:24 ip-172-31-16-92 systemd[1]: Reached target Cloud-config availability.
Oct 22 05:28:24 ip-172-31-16-92 kernel: [    2.177326] intel_pstate: CPU model not supported
Oct 22 05:28:24 ip-172-31-16-92 systemd[1]: Listening on Socket activation for snappy daemon.
Oct 22 05:28:24 ip-172-31-16-92 kernel: [    2.180515] drop_monitor: Initializing network drop monitor service
Oct 22 05:28:24 ip-172-31-16-92 kernel: [    2.184931] NET: Registered protocol family 10
Oct 22 05:28:24 ip-172-31-16-92 kernel: [    2.192059] Segment Routing with IPv6
Oct 22 05:28:24 ip-172-31-16-92 kernel: [    2.195158] NET: Registered protocol family 17
Oct 22 05:28:24 ip-172-31-16-92 systemd[1]: Listening on LXD - unix socket.
Oct 22 05:28:24 ip-172-31-16-92 kernel: [    2.198529] Key type dns_resolver registered
Oct 22 05:28:24 ip-172-31-16-92 kernel: [    2.202187] RAS: Correctable Errors collector initialized.
Oct 22 05:28:24 ip-172-31-16-92 systemd[1]: Started Availability of block devices.
Oct 22 05:28:24 ip-172-31-16-92 kernel: [    2.206616] *** VALIDATE rdt ***
Oct 22 05:28:24 ip-172-31-16-92 kernel: [    2.209141] resctrl: L3 allocation detected
Oct 22 05:28:24 ip-172-31-16-92 systemd[1]: Reached target Sockets.
Oct 22 05:28:24 ip-172-31-16-92 kernel: [    2.212270] IPI shorthand broadcast: enabled
Oct 22 05:28:24 ip-172-31-16-92 kernel: [    2.215343] sched_clock: Marking stable (1726124774, 489201218)->(2401894547, -186568555)
Oct 22 05:28:24 ip-172-31-16-92 systemd[1]: Reached target Basic System.
Oct 22 05:28:24 ip-172-31-16-92 kernel: [    2.221294] registered taskstats version 1
Oct 22 05:28:24 ip-172-31-16-92 kernel: [    2.224269] Loading compiled-in X.509 certificates
Oct 22 05:28:24 ip-172-31-16-92 systemd[1]: Started irqbalance daemon.
Oct 22 05:28:24 ip-172-31-16-92 kernel: [    2.228498] Loaded X.509 cert 'Build time autogenerated kernel key: 8286cd69e9f8b235cc87c05595d9618d16929256'
Oct 22 05:28:24 ip-172-31-16-92 systemd[1]: Starting System Logging Service...
Oct 22 05:28:24 ip-172-31-16-92 kernel: [    2.235471] Loaded X.509 cert 'Canonical Ltd. Live Patch Signing: 14df34d1a87cf37625abec039ef2bf521249b969'
Oct 22 05:28:24 ip-172-31-16-92 kernel: [    2.241851] Loaded X.509 cert 'Canonical Ltd. Kernel Module Signing: 88f752e560a1e0737e31163a466ad7b70a850c19'
Oct 22 05:28:24 ip-172-31-16-92 systemd[1]: Started D-Bus System Message Bus.
Oct 22 05:28:24 ip-172-31-16-92 kernel: [    2.247993] zswap: loaded using pool lzo/zbud
Oct 22 05:28:24 ip-172-31-16-92 kernel: [    2.251373] Key type ._fscrypt registered
Oct 22 05:28:24 ip-172-31-16-92 kernel: [    2.254447] Key type .fscrypt registered
Oct 22 05:28:24 ip-172-31-16-92 kernel: [    2.260709] Key type big_key registered
Oct 22 05:28:24 ip-172-31-16-92 rsyslogd: imuxsock: Acquired UNIX socket '/run/systemd/journal/syslog' (fd 3) from systemd.  [v8.32.0]
Oct 22 05:28:24 ip-172-31-16-92 kernel: [    2.265935] Key type encrypted registered
Oct 22 05:28:24 ip-172-31-16-92 kernel: [    2.270348] AppArmor: AppArmor sha1 policy hashing enabled
Oct 22 05:28:24 ip-172-31-16-92 kernel: [    2.275691] ima: No TPM chip found, activating TPM-bypass!
Oct 22 05:28:24 ip-172-31-16-92 rsyslogd: rsyslogd's groupid changed to 106
Oct 22 05:28:24 ip-172-31-16-92 kernel: [    2.281135] ima: Allocated hash algorithm: sha1
Oct 22 05:28:24 ip-172-31-16-92 kernel: [    2.285975] ima: No architecture policies found
Oct 22 05:28:24 ip-172-31-16-92 rsyslogd: rsyslogd's userid changed to 102
Oct 22 05:28:24 ip-172-31-16-92 kernel: [    2.290771] evm: Initialising EVM extended attributes:
Oct 22 05:28:24 ip-172-31-16-92 kernel: [    2.294803] evm: security.selinux
Oct 22 05:28:24 ip-172-31-16-92 rsyslogd:  [origin software="rsyslogd" swVersion="8.32.0" x-pid="1016" x-info="http://www.rsyslog.com"] start
Oct 22 05:28:24 ip-172-31-16-92 kernel: [    2.297152] evm: security.SMACK64
Oct 22 05:28:24 ip-172-31-16-92 kernel: [    2.299771] evm: security.SMACK64EXEC
Oct 22 05:28:24 ip-172-31-16-92 dbus-daemon[1017]: [system] AppArmor D-Bus mediation is enabled
Oct 22 05:28:24 ip-172-31-16-92 kernel: [    2.302624] evm: security.SMACK64TRANSMUTE
Oct 22 05:28:24 ip-172-31-16-92 kernel: [    2.305380] evm: security.SMACK64MMAP
Oct 22 05:28:24 ip-172-31-16-92 kernel: [    2.308108] evm: security.apparmor
Oct 22 05:28:24 ip-172-31-16-92 kernel: [    2.310970] evm: security.ima
Oct 22 05:28:24 ip-172-31-16-92 kernel: [    2.313595] evm: security.capability
Oct 22 05:28:24 ip-172-31-16-92 kernel: [    2.316681] evm: HMAC attrs: 0x1
Oct 22 05:28:24 ip-172-31-16-92 kernel: [    2.319807] xenbus_probe_frontend: Device with no driver: device/vif/0
Oct 22 05:28:24 ip-172-31-16-92 kernel: [    2.324748] PM:   Magic number: 9:133:467
Oct 22 05:28:24 ip-172-31-16-92 kernel: [    2.328339] rtc_cmos 00:02: setting system clock to 2021-10-22T05:28:12 UTC (1634880492)
Oct 22 05:28:24 ip-172-31-16-92 kernel: [    2.338884] Freeing unused decrypted memory: 2036K
Oct 22 05:28:24 ip-172-31-16-92 kernel: [    2.343434] Freeing unused kernel image memory: 2656K
Oct 22 05:28:24 ip-172-31-16-92 kernel: [    2.368696] Write protecting the kernel read-only data: 22528k
Oct 22 05:28:24 ip-172-31-16-92 kernel: [    2.373623] Freeing unused kernel image memory: 2008K
Oct 22 05:28:24 ip-172-31-16-92 kernel: [    2.378028] Freeing unused kernel image memory: 1488K
Oct 22 05:28:24 ip-172-31-16-92 kernel: [    2.391753] x86/mm: Checked W+X mappings: passed, no W+X pages found.
Oct 22 05:28:24 ip-172-31-16-92 kernel: [    2.396274] x86/mm: Checking user space page tables
Oct 22 05:28:24 ip-172-31-16-92 kernel: [    2.409368] x86/mm: Checked W+X mappings: passed, no W+X pages found.
Oct 22 05:28:24 ip-172-31-16-92 kernel: [    2.414195] Run /init as init process
Oct 22 05:28:24 ip-172-31-16-92 kernel: [    2.512739] cryptd: max_cpu_qlen set to 1000
Oct 22 05:28:24 ip-172-31-16-92 kernel: [    2.521844] AVX2 version of gcm_enc/dec engaged.
Oct 22 05:28:24 ip-172-31-16-92 kernel: [    2.526921] AES CTR mode by8 optimization enabled
Oct 22 05:28:24 ip-172-31-16-92 kernel: [    2.531202] xen_netfront: Initialising Xen virtual ethernet driver
Oct 22 05:28:24 ip-172-31-16-92 kernel: [    2.912735] tsc: Refined TSC clocksource calibration: 2400.004 MHz
Oct 22 05:28:24 ip-172-31-16-92 kernel: [    2.916918] clocksource: tsc: mask: 0xffffffffffffffff max_cycles: 0x22983b44418, max_idle_ns: 440795259572 ns
Oct 22 05:28:24 ip-172-31-16-92 kernel: [    4.296684] raid6: avx2x4   gen() 23382 MB/s
Oct 22 05:28:24 ip-172-31-16-92 kernel: [    4.344662] raid6: avx2x4   xor() 14342 MB/s
Oct 22 05:28:24 ip-172-31-16-92 kernel: [    4.392666] raid6: avx2x2   gen() 20461 MB/s
Oct 22 05:28:24 ip-172-31-16-92 kernel: [    4.440665] raid6: avx2x2   xor() 12732 MB/s
Oct 22 05:28:24 ip-172-31-16-92 kernel: [    4.488665] raid6: avx2x1   gen() 17769 MB/s
Oct 22 05:28:24 ip-172-31-16-92 kernel: [    4.536665] raid6: avx2x1   xor() 12070 MB/s
Oct 22 05:28:24 ip-172-31-16-92 kernel: [    4.584665] raid6: sse2x4   gen() 13060 MB/s
Oct 22 05:28:24 ip-172-31-16-92 kernel: [    4.632669] raid6: sse2x4   xor()  8197 MB/s
Oct 22 05:28:24 ip-172-31-16-92 kernel: [    4.680670] raid6: sse2x2   gen() 10999 MB/s
Oct 22 05:28:24 ip-172-31-16-92 kernel: [    4.728665] raid6: sse2x2   xor()  7196 MB/s
Oct 22 05:28:24 ip-172-31-16-92 kernel: [    4.776665] raid6: sse2x1   gen()  9279 MB/s
Oct 22 05:28:24 ip-172-31-16-92 kernel: [    4.824662] raid6: sse2x1   xor()  6599 MB/s
Oct 22 05:28:24 ip-172-31-16-92 kernel: [    4.827865] raid6: using algorithm avx2x4 gen() 23382 MB/s
Oct 22 05:28:24 ip-172-31-16-92 kernel: [    4.831798] raid6: .... xor() 14342 MB/s, rmw enabled
Oct 22 05:28:24 ip-172-31-16-92 kernel: [    4.835459] raid6: using avx2x2 recovery algorithm
Oct 22 05:28:24 ip-172-31-16-92 kernel: [    4.839801] xor: automatically using best checksumming function   avx       
Oct 22 05:28:24 ip-172-31-16-92 kernel: [    4.845605] async_tx: api initialized (async)
Oct 22 05:28:24 ip-172-31-16-92 kernel: [    4.900758] Btrfs loaded, crc32c=crc32c-intel
Oct 22 05:28:24 ip-172-31-16-92 kernel: [    4.969053] EXT4-fs (xvda1): mounted filesystem with ordered data mode. Opts: (null)
Oct 22 05:28:24 ip-172-31-16-92 kernel: [    5.747079] systemd[1]: systemd 237 running in system mode. (+PAM +AUDIT +SELINUX +IMA +APPARMOR +SMACK +SYSVINIT +UTMP +LIBCRYPTSETUP +GCRYPT +GNUTLS +ACL +XZ +LZ4 +SECCOMP +BLKID +ELFUTILS +KMOD -IDN2 +IDN -PCRE2 default-hierarchy=hybrid)
Oct 22 05:28:24 ip-172-31-16-92 kernel: [    5.765066] systemd[1]: Detected virtualization xen.
Oct 22 05:28:24 ip-172-31-16-92 kernel: [    5.769973] systemd[1]: Detected architecture x86-64.
Oct 22 05:28:24 ip-172-31-16-92 kernel: [    5.802444] systemd[1]: Set hostname to <ubuntu>.
Oct 22 05:28:24 ip-172-31-16-92 kernel: [    5.841254] systemd[1]: Initializing machine ID from random generator.
Oct 22 05:28:24 ip-172-31-16-92 kernel: [    5.847304] systemd[1]: Installed transient /etc/machine-id file.
Oct 22 05:28:24 ip-172-31-16-92 kernel: [    6.314958] systemd[1]: Created slice User and Session Slice.
Oct 22 05:28:24 ip-172-31-16-92 kernel: [    6.324127] systemd[1]: Set up automount Arbitrary Executable File Formats File System Automount Point.
Oct 22 05:28:24 ip-172-31-16-92 kernel: [    6.337755] systemd[1]: Reached target User and Group Name Lookups.
Oct 22 05:28:24 ip-172-31-16-92 kernel: [    6.349038] systemd[1]: Created slice System Slice.
Oct 22 05:28:24 ip-172-31-16-92 kernel: [    6.408117] EXT4-fs (xvda1): re-mounted. Opts: discard
Oct 22 05:28:24 ip-172-31-16-92 kernel: [    6.513671] systemd-journald[466]: Received request to flush runtime journal from PID 1
Oct 22 05:28:24 ip-172-31-16-92 kernel: [    6.521391] Loading iSCSI transport class v2.0-870.
Oct 22 05:28:24 ip-172-31-16-92 kernel: [    6.587419] iscsi: registered transport (tcp)
Oct 22 05:28:24 ip-172-31-16-92 kernel: [    6.647337] iscsi: registered transport (iser)
Oct 22 05:28:24 ip-172-31-16-92 kernel: [    7.493563] audit: type=1400 audit(1634880497.664:2): apparmor="STATUS" operation="profile_load" profile="unconfined" name="/usr/bin/lxc-start" pid=752 comm="apparmor_parser"
Oct 22 05:28:24 ip-172-31-16-92 kernel: [    7.550232] audit: type=1400 audit(1634880497.720:3): apparmor="STATUS" operation="profile_load" profile="unconfined" name="/usr/bin/man" pid=751 comm="apparmor_parser"
Oct 22 05:28:24 ip-172-31-16-92 kernel: [    7.550528] audit: type=1400 audit(1634880497.720:4): apparmor="STATUS" operation="profile_load" profile="unconfined" name="man_filter" pid=751 comm="apparmor_parser"
Oct 22 05:28:24 ip-172-31-16-92 kernel: [    7.550884] audit: type=1400 audit(1634880497.720:5): apparmor="STATUS" operation="profile_load" profile="unconfined" name="man_groff" pid=751 comm="apparmor_parser"
Oct 22 05:28:24 ip-172-31-16-92 kernel: [    7.588834] audit: type=1400 audit(1634880497.760:6): apparmor="STATUS" operation="profile_load" profile="unconfined" name="/usr/sbin/tcpdump" pid=753 comm="apparmor_parser"
Oct 22 05:28:24 ip-172-31-16-92 kernel: [    7.659403] audit: type=1400 audit(1634880497.828:7): apparmor="STATUS" operation="profile_load" profile="unconfined" name="/sbin/dhclient" pid=755 comm="apparmor_parser"
Oct 22 05:28:24 ip-172-31-16-92 kernel: [    7.659818] audit: type=1400 audit(1634880497.828:8): apparmor="STATUS" operation="profile_load" profile="unconfined" name="/usr/lib/NetworkManager/nm-dhcp-client.action" pid=755 comm="apparmor_parser"
Oct 22 05:28:24 ip-172-31-16-92 kernel: [    7.660219] audit: type=1400 audit(1634880497.828:9): apparmor="STATUS" operation="profile_load" profile="unconfined" name="/usr/lib/NetworkManager/nm-dhcp-helper" pid=755 comm="apparmor_parser"
Oct 22 05:28:24 ip-172-31-16-92 kernel: [    7.660593] audit: type=1400 audit(1634880497.828:10): apparmor="STATUS" operation="profile_load" profile="unconfined" name="/usr/lib/connman/scripts/dhclient-script" pid=755 comm="apparmor_parser"
Oct 22 05:28:24 ip-172-31-16-92 kernel: [    7.736506] audit: type=1400 audit(1634880497.904:11): apparmor="STATUS" operation="profile_load" profile="unconfined" name="/usr/lib/snapd/snap-confine" pid=757 comm="apparmor_parser"
Oct 22 05:28:24 ip-172-31-16-92 kernel: [   13.274623] EXT4-fs (xvda1): resizing filesystem from 2096891 to 33554171 blocks
Oct 22 05:28:24 ip-172-31-16-92 kernel: [   14.038225] EXT4-fs (xvda1): resized filesystem to 33554171
Oct 22 05:28:24 ip-172-31-16-92 dbus-daemon[1017]: [system] Activating via systemd: service name='org.freedesktop.hostname1' unit='dbus-org.freedesktop.hostname1.service' requested by ':1.2' (uid=100 pid=852 comm="/lib/systemd/systemd-networkd " label="unconfined")
Oct 22 05:28:24 ip-172-31-16-92 systemd[1]: Starting LSB: automatic crash report generation...
Oct 22 05:28:24 ip-172-31-16-92 systemd[1]: Started Regular background program processing daemon.
Oct 22 05:28:24 ip-172-31-16-92 systemd[1]: Started ACPI event daemon.
Oct 22 05:28:24 ip-172-31-16-92 acpid: starting up with netlink and the input layer
Oct 22 05:28:24 ip-172-31-16-92 systemd[1]: Starting Dispatcher daemon for systemd-networkd...
Oct 22 05:28:24 ip-172-31-16-92 acpid: 2 rules loaded
Oct 22 05:28:24 ip-172-31-16-92 acpid: waiting for events: event logging is off
Oct 22 05:28:24 ip-172-31-16-92 systemd[1]: Started Deferred execution scheduler.
Oct 22 05:28:24 ip-172-31-16-92 cron[1043]: (CRON) INFO (pidfile fd = 3)
Oct 22 05:28:24 ip-172-31-16-92 systemd[1]: Starting Snap Daemon...
Oct 22 05:28:24 ip-172-31-16-92 systemd[1]: Starting LSB: Record successful boot for GRUB...
Oct 22 05:28:24 ip-172-31-16-92 systemd[1]: Starting Permit User Sessions...
Oct 22 05:28:24 ip-172-31-16-92 cron[1043]: (CRON) INFO (Running @reboot jobs)
Oct 22 05:28:24 ip-172-31-16-92 systemd[1]: Starting Accounts Service...
Oct 22 05:28:24 ip-172-31-16-92 systemd[1]: Started FUSE filesystem for LXC.
Oct 22 05:28:24 ip-172-31-16-92 systemd[1]: Starting LXD - container startup/shutdown...
Oct 22 05:28:24 ip-172-31-16-92 systemd[1]: Starting Pollinate to seed the pseudo random number generator...
Oct 22 05:28:24 ip-172-31-16-92 systemd[1]: Starting Login Service...
Oct 22 05:28:24 ip-172-31-16-92 systemd[1]: Started System Logging Service.
Oct 22 05:28:24 ip-172-31-16-92 systemd[1]: Started Permit User Sessions.
Oct 22 05:28:24 ip-172-31-16-92 grub-common[1071]:  * Recording successful boot for GRUB
Oct 22 05:28:24 ip-172-31-16-92 apport[1040]:  * Starting automatic crash report generation: apport
Oct 22 05:28:24 ip-172-31-16-92 systemd[1]: Starting Hostname Service...
Oct 22 05:28:24 ip-172-31-16-92 systemd[1]: Starting Terminate Plymouth Boot Screen...
Oct 22 05:28:24 ip-172-31-16-92 systemd[1]: Starting Hold until boot process finishes up...
Oct 22 05:28:25 ip-172-31-16-92 kernel: [   14.827863] new mount options do not match the existing superblock, will be ignored
Oct 22 05:28:25 ip-172-31-16-92 lxcfs[1079]: mount namespace: 5
Oct 22 05:28:25 ip-172-31-16-92 lxcfs[1079]: hierarchies:
Oct 22 05:28:25 ip-172-31-16-92 lxcfs[1079]:   0: fd:   6: devices
Oct 22 05:28:25 ip-172-31-16-92 lxcfs[1079]:   1: fd:   7: hugetlb
Oct 22 05:28:25 ip-172-31-16-92 lxcfs[1079]:   2: fd:   8: blkio
Oct 22 05:28:25 ip-172-31-16-92 lxcfs[1079]:   3: fd:   9: memory
Oct 22 05:28:25 ip-172-31-16-92 lxcfs[1079]:   4: fd:  10: cpu,cpuacct
Oct 22 05:28:25 ip-172-31-16-92 lxcfs[1079]:   5: fd:  11: net_cls,net_prio
Oct 22 05:28:25 ip-172-31-16-92 lxcfs[1079]:   6: fd:  12: freezer
Oct 22 05:28:25 ip-172-31-16-92 lxcfs[1079]:   7: fd:  13: rdma
Oct 22 05:28:25 ip-172-31-16-92 lxcfs[1079]:   8: fd:  14: perf_event
Oct 22 05:28:25 ip-172-31-16-92 lxcfs[1079]:   9: fd:  15: pids
Oct 22 05:28:25 ip-172-31-16-92 lxcfs[1079]:  10: fd:  16: cpuset
Oct 22 05:28:25 ip-172-31-16-92 lxcfs[1079]:  11: fd:  17: name=systemd
Oct 22 05:28:25 ip-172-31-16-92 lxcfs[1079]:  12: fd:  18: unified
Oct 22 05:28:25 ip-172-31-16-92 systemd[1]: Started Hold until boot process finishes up.
Oct 22 05:28:25 ip-172-31-16-92 systemd[1]: Started Login Service.
Oct 22 05:28:25 ip-172-31-16-92 apport[1040]:    ...done.
Oct 22 05:28:25 ip-172-31-16-92 systemd[1]: Started LSB: automatic crash report generation.
Oct 22 05:28:25 ip-172-31-16-92 systemd[1]: Started Terminate Plymouth Boot Screen.
Oct 22 05:28:25 ip-172-31-16-92 systemd[1]: Started Unattended Upgrades Shutdown.
Oct 22 05:28:25 ip-172-31-16-92 dbus-daemon[1017]: [system] Successfully activated service 'org.freedesktop.hostname1'
Oct 22 05:28:25 ip-172-31-16-92 systemd[1]: Starting Set console scheme...
Oct 22 05:28:25 ip-172-31-16-92 systemd[1]: Started Serial Getty on ttyS0.
Oct 22 05:28:25 ip-172-31-16-92 systemd[1]: Started Hostname Service.
Oct 22 05:28:25 ip-172-31-16-92 dbus-daemon[1017]: [system] Activating via systemd: service name='org.freedesktop.PolicyKit1' unit='polkit.service' requested by ':1.4' (uid=0 pid=1077 comm="/usr/lib/accountsservice/accounts-daemon " label="unconfined")
Oct 22 05:28:25 ip-172-31-16-92 systemd[1]: Starting Authorization Manager...
Oct 22 05:28:25 ip-172-31-16-92 grub-common[1071]:    ...done.
Oct 22 05:28:25 ip-172-31-16-92 systemd[1]: Started Set console scheme.
Oct 22 05:28:25 ip-172-31-16-92 systemd[1]: Started LSB: Record successful boot for GRUB.
Oct 22 05:28:25 ip-172-31-16-92 systemd[1]: Created slice system-getty.slice.
Oct 22 05:28:25 ip-172-31-16-92 systemd[1]: Started Getty on tty1.
Oct 22 05:28:25 ip-172-31-16-92 systemd[1]: Reached target Login Prompts.
Oct 22 05:28:25 ip-172-31-16-92 pollinate[1081]: client sent challenge to [https://entropy.ubuntu.com/]
Oct 22 05:28:25 ip-172-31-16-92 polkitd[1165]: started daemon version 0.105 using authority implementation `local' version `0.105'
Oct 22 05:28:25 ip-172-31-16-92 dbus-daemon[1017]: [system] Successfully activated service 'org.freedesktop.PolicyKit1'
Oct 22 05:28:25 ip-172-31-16-92 systemd[1]: Started Authorization Manager.
Oct 22 05:28:25 ip-172-31-16-92 accounts-daemon[1077]: started daemon version 0.6.45
Oct 22 05:28:25 ip-172-31-16-92 systemd[1]: Started Accounts Service.
Oct 22 05:28:25 ip-172-31-16-92 networkd-dispatcher[1056]: No valid path found for iwconfig
Oct 22 05:28:25 ip-172-31-16-92 networkd-dispatcher[1056]: No valid path found for iw
Oct 22 05:28:25 ip-172-31-16-92 systemd[1]: Started Dispatcher daemon for systemd-networkd.
Oct 22 05:28:25 ip-172-31-16-92 snapd[1064]: AppArmor status: apparmor is enabled and all features are available
Oct 22 05:28:25 ip-172-31-16-92 snapd[1064]: daemon.go:347: started snapd/2.48.3+18.04 (series 16; classic) ubuntu/18.04 (amd64) linux/5.4.0-1045-aws.
Oct 22 05:28:25 ip-172-31-16-92 snapd[1064]: daemon.go:440: adjusting startup timeout by 30s (pessimistic estimate of 30s plus 5s per snap)
Oct 22 05:28:25 ip-172-31-16-92 systemd[1]: Started LXD - container startup/shutdown.
Oct 22 05:28:25 ip-172-31-16-92 snapd[1064]: helpers.go:105: error trying to compare the snap system key: system-key missing on disk
Oct 22 05:28:25 ip-172-31-16-92 systemd[1]: Started Snap Daemon.
Oct 22 05:28:25 ip-172-31-16-92 systemd[1]: Starting Wait until snapd is fully seeded...
Oct 22 05:28:25 ip-172-31-16-92 pollinate[1081]: client verified challenge/response with [https://entropy.ubuntu.com/]
Oct 22 05:28:25 ip-172-31-16-92 pollinate[1081]: client hashed response from [https://entropy.ubuntu.com/]
Oct 22 05:28:25 ip-172-31-16-92 pollinate[1081]: client successfully seeded [/dev/urandom]
Oct 22 05:28:25 ip-172-31-16-92 systemd[1]: Started Pollinate to seed the pseudo random number generator.
Oct 22 05:28:25 ip-172-31-16-92 systemd[1]: Starting OpenBSD Secure Shell server...
Oct 22 05:28:26 ip-172-31-16-92 systemd[1]: Started OpenBSD Secure Shell server.
Oct 22 05:28:29 ip-172-31-16-92 systemd[1]: Reloading.
Oct 22 05:28:29 ip-172-31-16-92 systemd[1]: Reloading.
Oct 22 05:28:29 ip-172-31-16-92 systemd[1]: Mounting Mount unit for snapd, revision 11588...
Oct 22 05:28:29 ip-172-31-16-92 systemd[1]: Mounted Mount unit for snapd, revision 11588.
Oct 22 05:28:29 ip-172-31-16-92 kernel: [   19.755059] kauditd_printk_skb: 5 callbacks suppressed
Oct 22 05:28:29 ip-172-31-16-92 kernel: [   19.755061] audit: type=1400 audit(1634880509.924:17): apparmor="STATUS" operation="profile_load" profile="unconfined" name="/snap/snapd/11588/usr/lib/snapd/snap-confine" pid=1720 comm="apparmor_parser"
Oct 22 05:28:29 ip-172-31-16-92 kernel: [   19.755270] audit: type=1400 audit(1634880509.924:18): apparmor="STATUS" operation="profile_load" profile="unconfined" name="/snap/snapd/11588/usr/lib/snapd/snap-confine//mount-namespace-capture-helper" pid=1720 comm="apparmor_parser"
Oct 22 05:28:30 ip-172-31-16-92 snapd[1064]: daemon.go:589: gracefully waiting for running hooks
Oct 22 05:28:30 ip-172-31-16-92 snapd[1064]: daemon.go:591: done waiting for running hooks
Oct 22 05:28:32 ip-172-31-16-92 systemd[1]: snapd.service: Service hold-off time over, scheduling restart.
Oct 22 05:28:32 ip-172-31-16-92 systemd[1]: snapd.service: Scheduled restart job, restart counter is at 1.
Oct 22 05:28:32 ip-172-31-16-92 systemd[1]: Stopped Snap Daemon.
Oct 22 05:28:32 ip-172-31-16-92 systemd[1]: Starting Snap Daemon...
Oct 22 05:28:32 ip-172-31-16-92 snapd[1755]: AppArmor status: apparmor is enabled and all features are available
Oct 22 05:28:33 ip-172-31-16-92 snapd[1755]: AppArmor status: apparmor is enabled and all features are available
Oct 22 05:28:33 ip-172-31-16-92 snapd[1755]: patch.go:64: Patching system state level 6 to sublevel 1...
Oct 22 05:28:33 ip-172-31-16-92 snapd[1755]: patch.go:64: Patching system state level 6 to sublevel 2...
Oct 22 05:28:33 ip-172-31-16-92 snapd[1755]: patch.go:64: Patching system state level 6 to sublevel 3...
Oct 22 05:28:33 ip-172-31-16-92 snapd[1755]: daemon.go:347: started snapd/2.49.2 (series 16; classic) ubuntu/18.04 (amd64) linux/5.4.0-1045-aws.
Oct 22 05:28:33 ip-172-31-16-92 snapd[1755]: daemon.go:440: adjusting startup timeout by 35s (pessimistic estimate of 30s plus 5s per snap)
Oct 22 05:28:33 ip-172-31-16-92 kernel: [   23.158800] audit: type=1400 audit(1634880513.328:19): apparmor="STATUS" operation="profile_replace" profile="unconfined" name="/snap/snapd/11588/usr/lib/snapd/snap-confine" pid=1825 comm="apparmor_parser"
Oct 22 05:28:33 ip-172-31-16-92 kernel: [   23.172736] audit: type=1400 audit(1634880513.344:20): apparmor="STATUS" operation="profile_replace" profile="unconfined" name="/snap/snapd/11588/usr/lib/snapd/snap-confine//mount-namespace-capture-helper" pid=1825 comm="apparmor_parser"
Oct 22 05:28:33 ip-172-31-16-92 systemd[1]: Started Snap Daemon.
Oct 22 05:28:34 ip-172-31-16-92 systemd[1]: Reloading.
Oct 22 05:28:34 ip-172-31-16-92 systemd[1]: Reloading.
Oct 22 05:28:34 ip-172-31-16-92 systemd[1]: Mounting Mount unit for core18, revision 1997...
Oct 22 05:28:34 ip-172-31-16-92 systemd[1]: Mounted Mount unit for core18, revision 1997.
Oct 22 05:28:34 ip-172-31-16-92 systemd[1]: Reloading.
Oct 22 05:28:34 ip-172-31-16-92 systemd[1]: Reloading.
Oct 22 05:28:34 ip-172-31-16-92 systemd[1]: Mounting Mount unit for amazon-ssm-agent, revision 3552...
Oct 22 05:28:34 ip-172-31-16-92 systemd[1]: Mounted Mount unit for amazon-ssm-agent, revision 3552.
Oct 22 05:28:35 ip-172-31-16-92 kernel: [   24.858718] audit: type=1400 audit(1634880515.028:21): apparmor="STATUS" operation="profile_load" profile="unconfined" name="snap.amazon-ssm-agent.amazon-ssm-agent" pid=2141 comm="apparmor_parser"
Oct 22 05:28:35 ip-172-31-16-92 kernel: [   24.858764] audit: type=1400 audit(1634880515.028:22): apparmor="STATUS" operation="profile_load" profile="unconfined" name="snap.amazon-ssm-agent.ssm-cli" pid=2142 comm="apparmor_parser"
Oct 22 05:28:35 ip-172-31-16-92 kernel: [   24.865272] audit: type=1400 audit(1634880515.036:23): apparmor="STATUS" operation="profile_load" profile="unconfined" name="snap-update-ns.amazon-ssm-agent" pid=2140 comm="apparmor_parser"
Oct 22 05:28:35 ip-172-31-16-92 systemd[1]: Reloading.
Oct 22 05:28:35 ip-172-31-16-92 systemd[1]: Reloading.
Oct 22 05:28:35 ip-172-31-16-92 systemd[1]: Started Service for snap application amazon-ssm-agent.amazon-ssm-agent.
Oct 22 05:28:36 ip-172-31-16-92 amazon-ssm-agent.amazon-ssm-agent[2204]: Error occurred fetching the seelog config file path:  open /etc/amazon/ssm/seelog.xml: no such file or directory
Oct 22 05:28:36 ip-172-31-16-92 amazon-ssm-agent.amazon-ssm-agent[2204]: Initializing new seelog logger
Oct 22 05:28:36 ip-172-31-16-92 amazon-ssm-agent.amazon-ssm-agent[2204]: New Seelog Logger Creation Complete
Oct 22 05:28:36 ip-172-31-16-92 amazon-ssm-agent.amazon-ssm-agent[2204]: 2021-10-22 05:28:36 WARN Error adding the directory '/etc/amazon/ssm' to watcher: no such file or directory
Oct 22 05:28:36 ip-172-31-16-92 amazon-ssm-agent.amazon-ssm-agent[2204]: 2021-10-22 05:28:36 INFO [amazon-ssm-agent] amazon-ssm-agent - v3.0.529.0
Oct 22 05:28:36 ip-172-31-16-92 amazon-ssm-agent.amazon-ssm-agent[2204]: 2021-10-22 05:28:36 INFO [amazon-ssm-agent] OS: linux, Arch: amd64
Oct 22 05:28:36 ip-172-31-16-92 systemd[1]: Started Wait until snapd is fully seeded.
Oct 22 05:28:36 ip-172-31-16-92 systemd[1]: Starting Apply the settings specified in cloud-config...
Oct 22 05:28:37 ip-172-31-16-92 amazon-ssm-agent.amazon-ssm-agent[2204]: 2021-10-22 05:28:37 INFO [amazon-ssm-agent] [LongRunningWorkerContainer] [WorkerProvider] Worker ssm-agent-worker is not running, starting worker process
Oct 22 05:28:37 ip-172-31-16-92 amazon-ssm-agent.amazon-ssm-agent[2204]: 2021-10-22 05:28:37 INFO [amazon-ssm-agent] [LongRunningWorkerContainer] [WorkerProvider] Worker ssm-agent-worker (pid:2299) started
Oct 22 05:28:37 ip-172-31-16-92 amazon-ssm-agent.amazon-ssm-agent[2204]: 2021-10-22 05:28:37 INFO [amazon-ssm-agent] [LongRunningWorkerContainer] Monitor long running worker health every 60 seconds
Oct 22 05:28:38 ip-172-31-16-92 cloud-init[2259]: Cloud-init v. 21.1-19-gbad84ad4-0ubuntu1~18.04.1 running 'modules:config' at Fri, 22 Oct 2021 05:28:37 +0000. Up 26.57 seconds.
Oct 22 05:28:38 ip-172-31-16-92 systemd[1]: Started Apply the settings specified in cloud-config.
Oct 22 05:28:38 ip-172-31-16-92 systemd[1]: Starting EC2 instance hibernation setup agent...
Oct 22 05:28:38 ip-172-31-16-92 /hibinit-agent: Instance Launch has not enabled Hibernation Configured Flag. hibinit-agent exiting!!
Oct 22 05:28:38 ip-172-31-16-92 hibinit-agent[2314]: Instance Launch has not enabled Hibernation Configured Flag. hibinit-agent exiting!!
Oct 22 05:28:38 ip-172-31-16-92 systemd[1]: Started EC2 instance hibernation setup agent.
Oct 22 05:28:38 ip-172-31-16-92 systemd[1]: Reached target Multi-User System.
Oct 22 05:28:38 ip-172-31-16-92 systemd[1]: Reached target Graphical Interface.
Oct 22 05:28:38 ip-172-31-16-92 systemd[1]: Starting Update UTMP about System Runlevel Changes...
Oct 22 05:28:38 ip-172-31-16-92 systemd[1]: Starting Execute cloud user/final scripts...
Oct 22 05:28:38 ip-172-31-16-92 systemd[1]: Started Update UTMP about System Runlevel Changes.
Oct 22 05:28:38 ip-172-31-16-92 ec2: 
Oct 22 05:28:38 ip-172-31-16-92 ec2: #############################################################
Oct 22 05:28:38 ip-172-31-16-92 ec2: -----BEGIN SSH HOST KEY FINGERPRINTS-----
Oct 22 05:28:38 ip-172-31-16-92 ec2: 1024 SHA256:cuPTlvGrZA4trLpirZvzDUU0DaL6WeQv0/jqi8rfYGo root@ip-172-31-16-92 (DSA)
Oct 22 05:28:38 ip-172-31-16-92 ec2: 256 SHA256:Ho0BIjEEt1tD150bq5p6HIFAUOK2dLktGztS+O5Vgjo root@ip-172-31-16-92 (ECDSA)
Oct 22 05:28:38 ip-172-31-16-92 ec2: 256 SHA256:3d6nSDECsAc5gcYcUKEU5Cv+kGAZTMHedrSj+8LZTJw root@ip-172-31-16-92 (ED25519)
Oct 22 05:28:38 ip-172-31-16-92 ec2: 2048 SHA256:7C7VY5QVyBgwBzC31vRjCdYtBLdZGlDQjtNnLG6UNEA root@ip-172-31-16-92 (RSA)
Oct 22 05:28:38 ip-172-31-16-92 ec2: -----END SSH HOST KEY FINGERPRINTS-----
Oct 22 05:28:38 ip-172-31-16-92 ec2: #############################################################
Oct 22 05:28:38 ip-172-31-16-92 cloud-init[2340]: Cloud-init v. 21.1-19-gbad84ad4-0ubuntu1~18.04.1 running 'modules:final' at Fri, 22 Oct 2021 05:28:38 +0000. Up 27.86 seconds.
Oct 22 05:28:38 ip-172-31-16-92 cloud-init[2340]: Cloud-init v. 21.1-19-gbad84ad4-0ubuntu1~18.04.1 finished at Fri, 22 Oct 2021 05:28:38 +0000. Datasource DataSourceEc2Local.  Up 28.02 seconds
Oct 22 05:28:38 ip-172-31-16-92 systemd[1]: Started Execute cloud user/final scripts.
Oct 22 05:28:38 ip-172-31-16-92 systemd[1]: Reached target Cloud-init target.
Oct 22 05:28:38 ip-172-31-16-92 systemd[1]: Startup finished in 5.067s (kernel) + 23.048s (userspace) = 28.116s.
Oct 22 05:28:52 ip-172-31-16-92 systemd-timesyncd[653]: Synchronized to time server 91.189.94.4:123 (ntp.ubuntu.com).
Oct 22 05:43:33 ip-172-31-16-92 systemd[1]: Starting Cleanup of Temporary Directories...
Oct 22 05:43:33 ip-172-31-16-92 systemd[1]: Started Cleanup of Temporary Directories.
Oct 22 05:57:48 ip-172-31-16-92 systemd[1]: Stopped target Host and Network Name Lookups.
Oct 22 06:01:15 ip-172-31-16-92 systemd-modules-load[463]: Inserted module 'iscsi_tcp'
Oct 22 06:01:15 ip-172-31-16-92 kernel: [    0.000000] Linux version 5.4.0-1045-aws (buildd@lgw01-amd64-003) (gcc version 7.5.0 (Ubuntu 7.5.0-3ubuntu1~18.04)) #47~18.04.1-Ubuntu SMP Tue Apr 13 15:58:14 UTC 2021 (Ubuntu 5.4.0-1045.47~18.04.1-aws 5.4.101)
Oct 22 06:01:15 ip-172-31-16-92 keyboard-setup.sh[455]: cannot open file /run/tmpkbd.1f9MVw
Oct 22 06:01:15 ip-172-31-16-92 kernel: [    0.000000] Command line: BOOT_IMAGE=/boot/vmlinuz-5.4.0-1045-aws root=LABEL=cloudimg-rootfs ro console=tty1 console=ttyS0 nvme_core.io_timeout=4294967295
Oct 22 06:01:15 ip-172-31-16-92 systemd[1]: Starting Flush Journal to Persistent Storage...
Oct 22 06:01:15 ip-172-31-16-92 kernel: [    0.000000] KERNEL supported cpus:
Oct 22 06:01:15 ip-172-31-16-92 kernel: [    0.000000]   Intel GenuineIntel
Oct 22 06:01:15 ip-172-31-16-92 systemd[1]: Started Load/Save Random Seed.
Oct 22 06:01:15 ip-172-31-16-92 kernel: [    0.000000]   AMD AuthenticAMD
Oct 22 06:01:15 ip-172-31-16-92 kernel: [    0.000000]   Hygon HygonGenuine
Oct 22 06:01:15 ip-172-31-16-92 kernel: [    0.000000]   Centaur CentaurHauls
Oct 22 06:01:15 ip-172-31-16-92 kernel: [    0.000000]   zhaoxin   Shanghai  
Oct 22 06:01:15 ip-172-31-16-92 kernel: [    0.000000] x86/fpu: Supporting XSAVE feature 0x001: 'x87 floating point registers'
Oct 22 06:01:15 ip-172-31-16-92 systemd[1]: Started LVM2 metadata daemon.
Oct 22 06:01:15 ip-172-31-16-92 kernel: [    0.000000] x86/fpu: Supporting XSAVE feature 0x002: 'SSE registers'
Oct 22 06:01:15 ip-172-31-16-92 kernel: [    0.000000] x86/fpu: Supporting XSAVE feature 0x004: 'AVX registers'
Oct 22 06:01:15 ip-172-31-16-92 systemd[1]: Started Monitoring of LVM2 mirrors, snapshots etc. using dmeventd or progress polling.
Oct 22 06:01:15 ip-172-31-16-92 kernel: [    0.000000] x86/fpu: xstate_offset[2]:  576, xstate_sizes[2]:  256
Oct 22 06:01:15 ip-172-31-16-92 kernel: [    0.000000] x86/fpu: Enabled xstate features 0x7, context size is 832 bytes, using 'standard' format.
Oct 22 06:01:15 ip-172-31-16-92 kernel: [    0.000000] BIOS-provided physical RAM map:
Oct 22 06:01:15 ip-172-31-16-92 kernel: [    0.000000] BIOS-e820: [mem 0x0000000000000000-0x000000000009dfff] usable
Oct 22 06:01:15 ip-172-31-16-92 systemd-modules-load[463]: Inserted module 'ib_iser'
Oct 22 06:01:15 ip-172-31-16-92 kernel: [    0.000000] BIOS-e820: [mem 0x000000000009e000-0x000000000009ffff] reserved
Oct 22 06:01:15 ip-172-31-16-92 kernel: [    0.000000] BIOS-e820: [mem 0x00000000000e0000-0x00000000000fffff] reserved
Oct 22 06:01:15 ip-172-31-16-92 systemd[1]: Started Load Kernel Modules.
Oct 22 06:01:15 ip-172-31-16-92 kernel: [    0.000000] BIOS-e820: [mem 0x0000000000100000-0x00000000efffffff] usable
Oct 22 06:01:15 ip-172-31-16-92 kernel: [    0.000000] BIOS-e820: [mem 0x00000000fc000000-0x00000000ffffffff] reserved
Oct 22 06:01:15 ip-172-31-16-92 systemd[1]: Started udev Coldplug all Devices.
Oct 22 06:01:15 ip-172-31-16-92 kernel: [    0.000000] BIOS-e820: [mem 0x0000000100000000-0x000000080fffffff] usable
Oct 22 06:01:15 ip-172-31-16-92 kernel: [    0.000000] NX (Execute Disable) protection: active
Oct 22 06:01:15 ip-172-31-16-92 kernel: [    0.000000] SMBIOS 2.7 present.
Oct 22 06:01:15 ip-172-31-16-92 systemd[1]: Mounting Kernel Configuration File System...
Oct 22 06:01:15 ip-172-31-16-92 kernel: [    0.000000] DMI: Xen HVM domU, BIOS 4.2.amazon 08/24/2006
Oct 22 06:01:15 ip-172-31-16-92 kernel: [    0.000000] Hypervisor detected: Xen HVM
Oct 22 06:01:15 ip-172-31-16-92 systemd[1]: Mounting FUSE Control File System...
Oct 22 06:01:15 ip-172-31-16-92 kernel: [    0.000000] Xen version 4.2.
Oct 22 06:01:15 ip-172-31-16-92 kernel: [    0.000000] Xen Platform PCI: I/O protocol version 1
Oct 22 06:01:15 ip-172-31-16-92 systemd[1]: Starting Apply Kernel Variables...
Oct 22 06:01:15 ip-172-31-16-92 kernel: [    0.000000] Netfront and the Xen platform PCI driver have been compiled for this kernel: unplug emulated NICs.
Oct 22 06:01:15 ip-172-31-16-92 kernel: [    0.000000] Blkfront and the Xen platform PCI driver have been compiled for this kernel: unplug emulated disks.
Oct 22 06:01:15 ip-172-31-16-92 kernel: [    0.000000] You might have to change the root device
Oct 22 06:01:15 ip-172-31-16-92 systemd[1]: Mounted Kernel Configuration File System.
Oct 22 06:01:15 ip-172-31-16-92 kernel: [    0.000000] from /dev/hd[a-d] to /dev/xvd[a-d]
Oct 22 06:01:15 ip-172-31-16-92 systemd[1]: Mounted FUSE Control File System.
Oct 22 06:01:15 ip-172-31-16-92 kernel: [    0.000000] in your root= kernel command line option
Oct 22 06:01:15 ip-172-31-16-92 kernel: [    0.000002] HVMOP_pagetable_dying not supported
Oct 22 06:01:15 ip-172-31-16-92 kernel: [    0.015031] tsc: Fast TSC calibration using PIT
