Oct 23 14:00:51 ip-172-31-27-46 keyboard-setup.sh[455]: cannot open file /run/tmpkbd.1f9MVw
Oct 23 14:00:51 ip-172-31-27-46 systemd[1]: Mounted POSIX Message Queue File System.
Oct 23 14:00:51 ip-172-31-27-46 systemd[1]: Mounted Huge Pages File System.
Oct 23 14:00:51 ip-172-31-27-46 systemd[1]: Started Uncomplicated firewall.
Oct 23 14:00:51 ip-172-31-27-46 systemd[1]: Started Remount Root and Kernel File Systems.
Oct 23 14:00:51 ip-172-31-27-46 systemd-modules-load[454]: Inserted module 'iscsi_tcp'
Oct 23 14:00:51 ip-172-31-27-46 systemd[1]: Starting Load/Save Random Seed...
Oct 23 14:00:51 ip-172-31-27-46 systemd[1]: Starting Flush Journal to Persistent Storage...
Oct 23 14:00:51 ip-172-31-27-46 systemd[1]: Starting Create Static Device Nodes in /dev...
Oct 23 14:00:51 ip-172-31-27-46 systemd[1]: Started Load/Save Random Seed.
Oct 23 14:00:51 ip-172-31-27-46 systemd[1]: Started Create Static Device Nodes in /dev.
Oct 23 14:00:51 ip-172-31-27-46 kernel: [    0.000000] Linux version 5.4.0-1045-aws (buildd@lgw01-amd64-003) (gcc version 7.5.0 (Ubuntu 7.5.0-3ubuntu1~18.04)) #47~18.04.1-Ubuntu SMP Tue Apr 13 15:58:14 UTC 2021 (Ubuntu 5.4.0-1045.47~18.04.1-aws 5.4.101)
Oct 23 14:00:51 ip-172-31-27-46 systemd[1]: Starting udev Kernel Device Manager...
Oct 23 14:00:51 ip-172-31-27-46 kernel: [    0.000000] Command line: BOOT_IMAGE=/boot/vmlinuz-5.4.0-1045-aws root=LABEL=cloudimg-rootfs ro console=tty1 console=ttyS0 nvme_core.io_timeout=4294967295
Oct 23 14:00:51 ip-172-31-27-46 kernel: [    0.000000] KERNEL supported cpus:
Oct 23 14:00:51 ip-172-31-27-46 kernel: [    0.000000]   Intel GenuineIntel
Oct 23 14:00:51 ip-172-31-27-46 kernel: [    0.000000]   AMD AuthenticAMD
Oct 23 14:00:51 ip-172-31-27-46 systemd[1]: Started LVM2 metadata daemon.
Oct 23 14:00:51 ip-172-31-27-46 kernel: [    0.000000]   Hygon HygonGenuine
Oct 23 14:00:51 ip-172-31-27-46 systemd[1]: Started udev Coldplug all Devices.
Oct 23 14:00:51 ip-172-31-27-46 systemd[1]: Started Monitoring of LVM2 mirrors, snapshots etc. using dmeventd or progress polling.
Oct 23 14:00:51 ip-172-31-27-46 systemd-modules-load[454]: Inserted module 'ib_iser'
Oct 23 14:00:51 ip-172-31-27-46 systemd[1]: Started Load Kernel Modules.
Oct 23 14:00:51 ip-172-31-27-46 systemd[1]: Mounting FUSE Control File System...
Oct 23 14:00:51 ip-172-31-27-46 kernel: [    0.000000]   Centaur CentaurHauls
Oct 23 14:00:51 ip-172-31-27-46 systemd[1]: Starting Apply Kernel Variables...
Oct 23 14:00:51 ip-172-31-27-46 systemd[1]: Mounting Kernel Configuration File System...
Oct 23 14:00:51 ip-172-31-27-46 systemd[1]: Started Flush Journal to Persistent Storage.
Oct 23 14:00:51 ip-172-31-27-46 kernel: [    0.000000]   zhaoxin   Shanghai  
Oct 23 14:00:51 ip-172-31-27-46 kernel: [    0.000000] x86/fpu: Supporting XSAVE feature 0x001: 'x87 floating point registers'
Oct 23 14:00:51 ip-172-31-27-46 systemd[1]: Mounted FUSE Control File System.
Oct 23 14:00:51 ip-172-31-27-46 kernel: [    0.000000] x86/fpu: Supporting XSAVE feature 0x002: 'SSE registers'
Oct 23 14:00:51 ip-172-31-27-46 kernel: [    0.000000] x86/fpu: Supporting XSAVE feature 0x004: 'AVX registers'
Oct 23 14:00:51 ip-172-31-27-46 systemd[1]: Mounted Kernel Configuration File System.
Oct 23 14:00:51 ip-172-31-27-46 systemd[1]: Started Apply Kernel Variables.
Oct 23 14:00:51 ip-172-31-27-46 kernel: [    0.000000] x86/fpu: xstate_offset[2]:  576, xstate_sizes[2]:  256
Oct 23 14:00:51 ip-172-31-27-46 kernel: [    0.000000] x86/fpu: Enabled xstate features 0x7, context size is 832 bytes, using 'standard' format.
Oct 23 14:00:51 ip-172-31-27-46 kernel: [    0.000000] BIOS-provided physical RAM map:
Oct 23 14:00:51 ip-172-31-27-46 kernel: [    0.000000] BIOS-e820: [mem 0x0000000000000000-0x000000000009dfff] usable
Oct 23 14:00:51 ip-172-31-27-46 systemd[1]: Started udev Kernel Device Manager.
Oct 23 14:00:51 ip-172-31-27-46 kernel: [    0.000000] BIOS-e820: [mem 0x000000000009e000-0x000000000009ffff] reserved
Oct 23 14:00:51 ip-172-31-27-46 kernel: [    0.000000] BIOS-e820: [mem 0x00000000000e0000-0x00000000000fffff] reserved
Oct 23 14:00:51 ip-172-31-27-46 systemd[1]: Found device /dev/ttyS0.
Oct 23 14:00:51 ip-172-31-27-46 kernel: [    0.000000] BIOS-e820: [mem 0x0000000000100000-0x00000000efffffff] usable
Oct 23 14:00:51 ip-172-31-27-46 kernel: [    0.000000] BIOS-e820: [mem 0x00000000fc000000-0x00000000ffffffff] reserved
Oct 23 14:00:51 ip-172-31-27-46 kernel: [    0.000000] BIOS-e820: [mem 0x0000000100000000-0x000000080fffffff] usable
Oct 23 14:00:51 ip-172-31-27-46 systemd-udevd[535]: link_config: autonegotiation is unset or enabled, the speed and duplex are not writable.
Oct 23 14:00:51 ip-172-31-27-46 kernel: [    0.000000] NX (Execute Disable) protection: active
Oct 23 14:00:51 ip-172-31-27-46 kernel: [    0.000000] SMBIOS 2.7 present.
Oct 23 14:00:51 ip-172-31-27-46 systemd[1]: Listening on Load/Save RF Kill Switch Status /dev/rfkill Watch.
Oct 23 14:00:51 ip-172-31-27-46 kernel: [    0.000000] DMI: Xen HVM domU, BIOS 4.2.amazon 08/24/2006
Oct 23 14:00:51 ip-172-31-27-46 kernel: [    0.000000] Hypervisor detected: Xen HVM
Oct 23 14:00:51 ip-172-31-27-46 systemd-udevd[527]: link_config: autonegotiation is unset or enabled, the speed and duplex are not writable.
Oct 23 14:00:51 ip-172-31-27-46 kernel: [    0.000000] Xen version 4.2.
Oct 23 14:00:51 ip-172-31-27-46 kernel: [    0.000000] Xen Platform PCI: I/O protocol version 1
Oct 23 14:00:51 ip-172-31-27-46 kernel: [    0.000000] Netfront and the Xen platform PCI driver have been compiled for this kernel: unplug emulated NICs.
Oct 23 14:00:51 ip-172-31-27-46 systemd[1]: Started Set the console keyboard layout.
Oct 23 14:00:51 ip-172-31-27-46 kernel: [    0.000000] Blkfront and the Xen platform PCI driver have been compiled for this kernel: unplug emulated disks.
Oct 23 14:00:51 ip-172-31-27-46 kernel: [    0.000000] You might have to change the root device
Oct 23 14:00:51 ip-172-31-27-46 kernel: [    0.000000] from /dev/hd[a-d] to /dev/xvd[a-d]
Oct 23 14:00:51 ip-172-31-27-46 kernel: [    0.000000] in your root= kernel command line option
Oct 23 14:00:51 ip-172-31-27-46 kernel: [    0.000002] HVMOP_pagetable_dying not supported
Oct 23 14:00:51 ip-172-31-27-46 kernel: [    0.015031] tsc: Fast TSC calibration using PIT
Oct 23 14:00:51 ip-172-31-27-46 kernel: [    0.015032] tsc: Detected 2400.007 MHz processor
Oct 23 14:00:51 ip-172-31-27-46 kernel: [    0.015033] tsc: Detected 2400.054 MHz TSC
Oct 23 14:00:51 ip-172-31-27-46 kernel: [    0.016062] e820: update [mem 0x00000000-0x00000fff] usable ==> reserved
Oct 23 14:00:51 ip-172-31-27-46 kernel: [    0.016063] e820: remove [mem 0x000a0000-0x000fffff] usable
Oct 23 14:00:51 ip-172-31-27-46 kernel: [    0.016066] last_pfn = 0x810000 max_arch_pfn = 0x400000000
Oct 23 14:00:51 ip-172-31-27-46 kernel: [    0.016089] MTRR default type: write-back
Oct 23 14:00:51 ip-172-31-27-46 kernel: [    0.016090] MTRR fixed ranges enabled:
Oct 23 14:00:51 ip-172-31-27-46 kernel: [    0.016091]   00000-9FFFF write-back
Oct 23 14:00:51 ip-172-31-27-46 kernel: [    0.016092]   A0000-BFFFF write-combining
Oct 23 14:00:51 ip-172-31-27-46 kernel: [    0.016092]   C0000-FFFFF write-back
Oct 23 14:00:51 ip-172-31-27-46 kernel: [    0.016093] MTRR variable ranges enabled:
Oct 23 14:00:51 ip-172-31-27-46 kernel: [    0.016094]   0 base 0000F0000000 mask 3FFFF8000000 uncachable
Oct 23 14:00:51 ip-172-31-27-46 kernel: [    0.016095]   1 base 0000F8000000 mask 3FFFFC000000 uncachable
Oct 23 14:00:51 ip-172-31-27-46 kernel: [    0.016096]   2 disabled
Oct 23 14:00:51 ip-172-31-27-46 kernel: [    0.016096]   3 disabled
Oct 23 14:00:51 ip-172-31-27-46 kernel: [    0.016096]   4 disabled
Oct 23 14:00:51 ip-172-31-27-46 kernel: [    0.016097]   5 disabled
Oct 23 14:00:51 ip-172-31-27-46 kernel: [    0.016097]   6 disabled
Oct 23 14:00:51 ip-172-31-27-46 kernel: [    0.016097]   7 disabled
Oct 23 14:00:51 ip-172-31-27-46 kernel: [    0.016105] x86/PAT: Configuration [0-7]: WB  WC  UC- UC  WB  WP  UC- WT  
Oct 23 14:00:51 ip-172-31-27-46 kernel: [    0.016112] last_pfn = 0xf0000 max_arch_pfn = 0x400000000
Oct 23 14:00:51 ip-172-31-27-46 kernel: [    0.022701] found SMP MP-table at [mem 0x000fbc50-0x000fbc5f]
Oct 23 14:00:51 ip-172-31-27-46 kernel: [    0.022752] check: Scanning 1 areas for low memory corruption
Oct 23 14:00:51 ip-172-31-27-46 kernel: [    0.022844] Using GB pages for direct mapping
Oct 23 14:00:51 ip-172-31-27-46 kernel: [    0.023045] RAMDISK: [mem 0x356c9000-0x36b5bfff]
Oct 23 14:00:51 ip-172-31-27-46 kernel: [    0.023115] ACPI: Early table checksum verification disabled
Oct 23 14:00:51 ip-172-31-27-46 kernel: [    0.023120] ACPI: RSDP 0x00000000000EA020 000024 (v02 Xen   )
Oct 23 14:00:51 ip-172-31-27-46 kernel: [    0.023127] ACPI: XSDT 0x00000000FC00E2A0 000054 (v01 Xen    HVM      00000000 HVML 00000000)
Oct 23 14:00:51 ip-172-31-27-46 kernel: [    0.023136] ACPI: FACP 0x00000000FC00DF60 0000F4 (v04 Xen    HVM      00000000 HVML 00000000)
Oct 23 14:00:51 ip-172-31-27-46 kernel: [    0.023145] ACPI: DSDT 0x00000000FC0021C0 00BD19 (v02 Xen    HVM      00000000 INTL 20090123)
Oct 23 14:00:51 ip-172-31-27-46 kernel: [    0.023151] ACPI: FACS 0x00000000FC002180 000040
Oct 23 14:00:51 ip-172-31-27-46 kernel: [    0.023156] ACPI: FACS 0x00000000FC002180 000040
Oct 23 14:00:51 ip-172-31-27-46 kernel: [    0.023160] ACPI: APIC 0x00000000FC00E060 0000D8 (v02 Xen    HVM      00000000 HVML 00000000)
Oct 23 14:00:51 ip-172-31-27-46 kernel: [    0.023166] ACPI: HPET 0x00000000FC00E1B0 000038 (v01 Xen    HVM      00000000 HVML 00000000)
Oct 23 14:00:51 ip-172-31-27-46 kernel: [    0.023171] ACPI: WAET 0x00000000FC00E1F0 000028 (v01 Xen    HVM      00000000 HVML 00000000)
Oct 23 14:00:51 ip-172-31-27-46 kernel: [    0.023177] ACPI: SSDT 0x00000000FC00E220 000031 (v02 Xen    HVM      00000000 INTL 20090123)
Oct 23 14:00:51 ip-172-31-27-46 kernel: [    0.023182] ACPI: SSDT 0x00000000FC00E260 000033 (v02 Xen    HVM      00000000 INTL 20090123)
Oct 23 14:00:51 ip-172-31-27-46 kernel: [    0.023194] ACPI: Local APIC address 0xfee00000
Oct 23 14:00:51 ip-172-31-27-46 kernel: [    0.025059] No NUMA configuration found
Oct 23 14:00:51 ip-172-31-27-46 kernel: [    0.025060] Faking a node at [mem 0x0000000000000000-0x000000080fffffff]
Oct 23 14:00:51 ip-172-31-27-46 kernel: [    0.025068] NODE_DATA(0) allocated [mem 0x80ffd5000-0x80fffffff]
Oct 23 14:00:51 ip-172-31-27-46 kernel: [    0.025301] Zone ranges:
Oct 23 14:00:51 ip-172-31-27-46 kernel: [    0.025302]   DMA      [mem 0x0000000000001000-0x0000000000ffffff]
Oct 23 14:00:51 ip-172-31-27-46 kernel: [    0.025303]   DMA32    [mem 0x0000000001000000-0x00000000ffffffff]
Oct 23 14:00:51 ip-172-31-27-46 kernel: [    0.025304]   Normal   [mem 0x0000000100000000-0x000000080fffffff]
Oct 23 14:00:51 ip-172-31-27-46 kernel: [    0.025305]   Device   empty
Oct 23 14:00:51 ip-172-31-27-46 kernel: [    0.025306] Movable zone start for each node
Oct 23 14:00:51 ip-172-31-27-46 kernel: [    0.025309] Early memory node ranges
Oct 23 14:00:51 ip-172-31-27-46 kernel: [    0.025310]   node   0: [mem 0x0000000000001000-0x000000000009dfff]
Oct 23 14:00:51 ip-172-31-27-46 kernel: [    0.025312]   node   0: [mem 0x0000000000100000-0x00000000efffffff]
Oct 23 14:00:51 ip-172-31-27-46 kernel: [    0.025313]   node   0: [mem 0x0000000100000000-0x000000080fffffff]
Oct 23 14:00:51 ip-172-31-27-46 kernel: [    0.025318] Zeroed struct page in unavailable ranges: 99 pages
Oct 23 14:00:51 ip-172-31-27-46 kernel: [    0.025319] Initmem setup node 0 [mem 0x0000000000001000-0x000000080fffffff]
Oct 23 14:00:51 ip-172-31-27-46 kernel: [    0.025320] On node 0 totalpages: 8388509
Oct 23 14:00:51 ip-172-31-27-46 kernel: [    0.025321]   DMA zone: 64 pages used for memmap
Oct 23 14:00:51 ip-172-31-27-46 kernel: [    0.025322]   DMA zone: 21 pages reserved
Oct 23 14:00:51 ip-172-31-27-46 kernel: [    0.025322]   DMA zone: 3997 pages, LIFO batch:0
Oct 23 14:00:51 ip-172-31-27-46 kernel: [    0.025405]   DMA32 zone: 15296 pages used for memmap
Oct 23 14:00:51 ip-172-31-27-46 kernel: [    0.025405]   DMA32 zone: 978944 pages, LIFO batch:63
Oct 23 14:00:51 ip-172-31-27-46 kernel: [    0.038806]   Normal zone: 115712 pages used for memmap
Oct 23 14:00:51 ip-172-31-27-46 kernel: [    0.038808]   Normal zone: 7405568 pages, LIFO batch:63
Oct 23 14:00:51 ip-172-31-27-46 kernel: [    0.141099] ACPI: PM-Timer IO Port: 0xb008
Oct 23 14:00:51 ip-172-31-27-46 kernel: [    0.141103] ACPI: Local APIC address 0xfee00000
Oct 23 14:00:51 ip-172-31-27-46 kernel: [    0.141155] IOAPIC[0]: apic_id 1, version 17, address 0xfec00000, GSI 0-47
Oct 23 14:00:51 ip-172-31-27-46 kernel: [    0.141157] ACPI: INT_SRC_OVR (bus 0 bus_irq 0 global_irq 2 dfl dfl)
Oct 23 14:00:51 ip-172-31-27-46 kernel: [    0.141159] ACPI: INT_SRC_OVR (bus 0 bus_irq 5 global_irq 5 low level)
Oct 23 14:00:51 ip-172-31-27-46 kernel: [    0.141160] ACPI: INT_SRC_OVR (bus 0 bus_irq 10 global_irq 10 low level)
Oct 23 14:00:51 ip-172-31-27-46 kernel: [    0.141160] ACPI: INT_SRC_OVR (bus 0 bus_irq 11 global_irq 11 low level)
Oct 23 14:00:51 ip-172-31-27-46 kernel: [    0.141162] ACPI: IRQ0 used by override.
Oct 23 14:00:51 ip-172-31-27-46 kernel: [    0.141163] ACPI: IRQ5 used by override.
Oct 23 14:00:51 ip-172-31-27-46 kernel: [    0.141163] ACPI: IRQ9 used by override.
Oct 23 14:00:51 ip-172-31-27-46 kernel: [    0.141163] ACPI: IRQ10 used by override.
Oct 23 14:00:51 ip-172-31-27-46 kernel: [    0.141164] ACPI: IRQ11 used by override.
Oct 23 14:00:51 ip-172-31-27-46 kernel: [    0.141165] Using ACPI (MADT) for SMP configuration information
Oct 23 14:00:51 ip-172-31-27-46 kernel: [    0.141167] ACPI: HPET id: 0x8086a201 base: 0xfed00000
Oct 23 14:00:51 ip-172-31-27-46 kernel: [    0.141170] TSC deadline timer available
Oct 23 14:00:51 ip-172-31-27-46 kernel: [    0.141175] smpboot: Allowing 15 CPUs, 7 hotplug CPUs
Oct 23 14:00:51 ip-172-31-27-46 kernel: [    0.141184] PM: Registered nosave memory: [mem 0x00000000-0x00000fff]
Oct 23 14:00:51 ip-172-31-27-46 kernel: [    0.141185] PM: Registered nosave memory: [mem 0x0009e000-0x0009ffff]
Oct 23 14:00:51 ip-172-31-27-46 kernel: [    0.141186] PM: Registered nosave memory: [mem 0x000a0000-0x000dffff]
Oct 23 14:00:51 ip-172-31-27-46 kernel: [    0.141186] PM: Registered nosave memory: [mem 0x000e0000-0x000fffff]
Oct 23 14:00:51 ip-172-31-27-46 kernel: [    0.141187] PM: Registered nosave memory: [mem 0xf0000000-0xfbffffff]
Oct 23 14:00:51 ip-172-31-27-46 kernel: [    0.141188] PM: Registered nosave memory: [mem 0xfc000000-0xffffffff]
Oct 23 14:00:51 ip-172-31-27-46 kernel: [    0.141190] [mem 0xf0000000-0xfbffffff] available for PCI devices
Oct 23 14:00:51 ip-172-31-27-46 kernel: [    0.141191] Booting paravirtualized kernel on Xen HVM
Oct 23 14:00:51 ip-172-31-27-46 kernel: [    0.141194] clocksource: refined-jiffies: mask: 0xffffffff max_cycles: 0xffffffff, max_idle_ns: 7645519600211568 ns
Oct 23 14:00:51 ip-172-31-27-46 kernel: [    0.141198] setup_percpu: NR_CPUS:8192 nr_cpumask_bits:15 nr_cpu_ids:15 nr_node_ids:1
Oct 23 14:00:51 ip-172-31-27-46 kernel: [    0.141940] percpu: Embedded 54 pages/cpu s184320 r8192 d28672 u262144
Oct 23 14:00:51 ip-172-31-27-46 kernel: [    0.141945] pcpu-alloc: s184320 r8192 d28672 u262144 alloc=1*2097152
Oct 23 14:00:51 ip-172-31-27-46 kernel: [    0.141946] pcpu-alloc: [0] 00 01 02 03 04 05 06 07 [0] 08 09 10 11 12 13 14 -- 
Oct 23 14:00:51 ip-172-31-27-46 kernel: [    0.141970] xen: PV spinlocks enabled
Oct 23 14:00:51 ip-172-31-27-46 kernel: [    0.141973] PV qspinlock hash table entries: 256 (order: 0, 4096 bytes, linear)
Oct 23 14:00:51 ip-172-31-27-46 kernel: [    0.141977] Built 1 zonelists, mobility grouping on.  Total pages: 8257416
Oct 23 14:00:51 ip-172-31-27-46 kernel: [    0.141978] Policy zone: Normal
Oct 23 14:00:51 ip-172-31-27-46 kernel: [    0.141980] Kernel command line: BOOT_IMAGE=/boot/vmlinuz-5.4.0-1045-aws root=LABEL=cloudimg-rootfs ro console=tty1 console=ttyS0 nvme_core.io_timeout=4294967295
Oct 23 14:00:51 ip-172-31-27-46 kernel: [    0.146730] Dentry cache hash table entries: 4194304 (order: 13, 33554432 bytes, linear)
Oct 23 14:00:51 ip-172-31-27-46 kernel: [    0.149186] Inode-cache hash table entries: 2097152 (order: 12, 16777216 bytes, linear)
Oct 23 14:00:51 ip-172-31-27-46 kernel: [    0.149315] mem auto-init: stack:off, heap alloc:on, heap free:off
Oct 23 14:00:51 ip-172-31-27-46 kernel: [    0.158918] Calgary: detecting Calgary via BIOS EBDA area
Oct 23 14:00:51 ip-172-31-27-46 kernel: [    0.158920] Calgary: Unable to locate Rio Grande table in EBDA - bailing!
Oct 23 14:00:51 ip-172-31-27-46 kernel: [    0.241779] Memory: 32857220K/33554036K available (14339K kernel code, 2313K rwdata, 4656K rodata, 2656K init, 5136K bss, 696816K reserved, 0K cma-reserved)
Oct 23 14:00:51 ip-172-31-27-46 kernel: [    0.241787] random: get_random_u64 called from __kmem_cache_create+0x41/0x550 with crng_init=0
Oct 23 14:00:51 ip-172-31-27-46 kernel: [    0.241933] SLUB: HWalign=64, Order=0-3, MinObjects=0, CPUs=15, Nodes=1
Oct 23 14:00:51 ip-172-31-27-46 kernel: [    0.241946] Kernel/User page tables isolation: enabled
Oct 23 14:00:51 ip-172-31-27-46 kernel: [    0.241961] ftrace: allocating 42787 entries in 168 pages
Oct 23 14:00:51 ip-172-31-27-46 kernel: [    0.257945] rcu: Hierarchical RCU implementation.
Oct 23 14:00:51 ip-172-31-27-46 kernel: [    0.257947] rcu: 	RCU restricting CPUs from NR_CPUS=8192 to nr_cpu_ids=15.
Oct 23 14:00:51 ip-172-31-27-46 kernel: [    0.257948] 	Tasks RCU enabled.
Oct 23 14:00:51 ip-172-31-27-46 kernel: [    0.257949] rcu: RCU calculated value of scheduler-enlistment delay is 25 jiffies.
Oct 23 14:00:51 ip-172-31-27-46 kernel: [    0.257950] rcu: Adjusting geometry for rcu_fanout_leaf=16, nr_cpu_ids=15
Oct 23 14:00:51 ip-172-31-27-46 kernel: [    0.260490] NR_IRQS: 524544, nr_irqs: 952, preallocated irqs: 16
Oct 23 14:00:51 ip-172-31-27-46 kernel: [    0.260523] xen:events: Using 2-level ABI
Oct 23 14:00:51 ip-172-31-27-46 kernel: [    0.260569] xen:events: Xen HVM callback vector for event delivery is enabled
Oct 23 14:00:51 ip-172-31-27-46 kernel: [    0.260734] random: crng done (trusting CPU's manufacturer)
Oct 23 14:00:51 ip-172-31-27-46 kernel: [    0.274960] Console: colour VGA+ 80x25
Oct 23 14:00:51 ip-172-31-27-46 kernel: [    0.421811] printk: console [tty1] enabled
Oct 23 14:00:51 ip-172-31-27-46 kernel: [    0.422921] Cannot get hvm parameter CONSOLE_EVTCHN (18): -22!
Oct 23 14:00:51 ip-172-31-27-46 kernel: [    0.953753] printk: console [ttyS0] enabled
Oct 23 14:00:51 ip-172-31-27-46 kernel: [    0.958323] ACPI: Core revision 20190816
Oct 23 14:00:51 ip-172-31-27-46 kernel: [    0.962856] clocksource: hpet: mask: 0xffffffff max_cycles: 0xffffffff, max_idle_ns: 30580167144 ns
Oct 23 14:00:51 ip-172-31-27-46 kernel: [    0.971817] APIC: Switch to symmetric I/O mode setup
Oct 23 14:00:51 ip-172-31-27-46 kernel: [    0.977677] x2apic: IRQ remapping doesn't support X2APIC mode
Oct 23 14:00:51 ip-172-31-27-46 kernel: [    0.984156] Switched APIC routing to physical flat.
Oct 23 14:00:51 ip-172-31-27-46 kernel: [    0.991203] ..TIMER: vector=0x30 apic1=0 pin1=2 apic2=0 pin2=0
Oct 23 14:00:51 ip-172-31-27-46 kernel: [    0.997226] clocksource: tsc-early: mask: 0xffffffffffffffff max_cycles: 0x22986a9a023, max_idle_ns: 440795251913 ns
Oct 23 14:00:51 ip-172-31-27-46 kernel: [    1.007480] Calibrating delay loop (skipped), value calculated using timer frequency.. 4800.10 BogoMIPS (lpj=9600216)
Oct 23 14:00:51 ip-172-31-27-46 kernel: [    1.015479] pid_max: default: 32768 minimum: 301
Oct 23 14:00:51 ip-172-31-27-46 kernel: [    1.023518] LSM: Security Framework initializing
Oct 23 14:00:51 ip-172-31-27-46 kernel: [    1.027489] Yama: becoming mindful.
Oct 23 14:00:51 ip-172-31-27-46 kernel: [    1.031576] AppArmor: AppArmor initialized
Oct 23 14:00:51 ip-172-31-27-46 kernel: [    1.035571] Mount-cache hash table entries: 65536 (order: 7, 524288 bytes, linear)
Oct 23 14:00:51 ip-172-31-27-46 kernel: [    1.043545] Mountpoint-cache hash table entries: 65536 (order: 7, 524288 bytes, linear)
Oct 23 14:00:51 ip-172-31-27-46 kernel: [    1.051495] *** VALIDATE tmpfs ***
Oct 23 14:00:51 ip-172-31-27-46 kernel: [    1.055627] *** VALIDATE proc ***
Oct 23 14:00:51 ip-172-31-27-46 kernel: [    1.059539] *** VALIDATE cgroup1 ***
Oct 23 14:00:51 ip-172-31-27-46 kernel: [    1.063480] *** VALIDATE cgroup2 ***
Oct 23 14:00:51 ip-172-31-27-46 kernel: [    1.067579] Last level iTLB entries: 4KB 1024, 2MB 1024, 4MB 1024
Oct 23 14:00:51 ip-172-31-27-46 kernel: [    1.075479] Last level dTLB entries: 4KB 1024, 2MB 1024, 4MB 1024, 1GB 4
Oct 23 14:00:51 ip-172-31-27-46 kernel: [    1.079483] Spectre V1 : Mitigation: usercopy/swapgs barriers and __user pointer sanitization
Oct 23 14:00:51 ip-172-31-27-46 kernel: [    1.087479] Spectre V2 : Mitigation: Full generic retpoline
Oct 23 14:00:51 ip-172-31-27-46 kernel: [    1.091478] Spectre V2 : Spectre v2 / SpectreRSB mitigation: Filling RSB on context switch
Oct 23 14:00:51 ip-172-31-27-46 kernel: [    1.099479] Speculative Store Bypass: Vulnerable
Oct 23 14:00:51 ip-172-31-27-46 kernel: [    1.107481] MDS: Vulnerable: Clear CPU buffers attempted, no microcode
Oct 23 14:00:51 ip-172-31-27-46 kernel: [    1.111651] Freeing SMP alternatives memory: 40K
Oct 23 14:00:51 ip-172-31-27-46 kernel: [    1.120768] clocksource: xen: mask: 0xffffffffffffffff max_cycles: 0x1cd42e4dffb, max_idle_ns: 881590591483 ns
Oct 23 14:00:51 ip-172-31-27-46 kernel: [    1.127492] Xen: using vcpuop timer interface
Oct 23 14:00:51 ip-172-31-27-46 kernel: [    1.127498] installing Xen timer for CPU 0
Oct 23 14:00:51 ip-172-31-27-46 kernel: [    1.131537] smpboot: CPU0: Intel(R) Xeon(R) CPU E5-2676 v3 @ 2.40GHz (family: 0x6, model: 0x3f, stepping: 0x2)
Oct 23 14:00:51 ip-172-31-27-46 kernel: [    1.135516] cpu 0 spinlock event irq 53
Oct 23 14:00:51 ip-172-31-27-46 kernel: [    1.139612] Performance Events: unsupported p6 CPU model 63 no PMU driver, software events only.
Oct 23 14:00:51 ip-172-31-27-46 kernel: [    1.143527] rcu: Hierarchical SRCU implementation.
Oct 23 14:00:51 ip-172-31-27-46 kernel: [    1.148136] NMI watchdog: Perf NMI watchdog permanently disabled
Oct 23 14:00:51 ip-172-31-27-46 kernel: [    1.151668] smp: Bringing up secondary CPUs ...
Oct 23 14:00:51 ip-172-31-27-46 kernel: [    1.155602] installing Xen timer for CPU 1
Oct 23 14:00:51 ip-172-31-27-46 kernel: [    1.159555] x86: Booting SMP configuration:
Oct 23 14:00:51 ip-172-31-27-46 kernel: [    1.163486] .... node  #0, CPUs:        #1
Oct 23 14:00:51 ip-172-31-27-46 kernel: [    1.164021] cpu 1 spinlock event irq 59
Oct 23 14:00:51 ip-172-31-27-46 kernel: [    1.171578] installing Xen timer for CPU 2
Oct 23 14:00:51 ip-172-31-27-46 kernel: [    1.175548]   #2
Oct 23 14:00:51 ip-172-31-27-46 kernel: [    1.176070] cpu 2 spinlock event irq 65
Oct 23 14:00:51 ip-172-31-27-46 kernel: [    1.179567] installing Xen timer for CPU 3
Oct 23 14:00:51 ip-172-31-27-46 kernel: [    1.183552]   #3
Oct 23 14:00:51 ip-172-31-27-46 kernel: [    1.184095] cpu 3 spinlock event irq 71
Oct 23 14:00:51 ip-172-31-27-46 kernel: [    1.187594] installing Xen timer for CPU 4
Oct 23 14:00:51 ip-172-31-27-46 kernel: [    1.191550]   #4
Oct 23 14:00:51 ip-172-31-27-46 kernel: [    1.192067] cpu 4 spinlock event irq 77
Oct 23 14:00:51 ip-172-31-27-46 kernel: [    1.195572] installing Xen timer for CPU 5
Oct 23 14:00:51 ip-172-31-27-46 kernel: [    1.199542]   #5
Oct 23 14:00:51 ip-172-31-27-46 kernel: [    1.200060] cpu 5 spinlock event irq 83
Oct 23 14:00:51 ip-172-31-27-46 kernel: [    1.203575] installing Xen timer for CPU 6
Oct 23 14:00:51 ip-172-31-27-46 kernel: [    1.207546]   #6
Oct 23 14:00:51 ip-172-31-27-46 kernel: [    1.208063] cpu 6 spinlock event irq 89
Oct 23 14:00:51 ip-172-31-27-46 kernel: [    1.211575] installing Xen timer for CPU 7
Oct 23 14:00:51 ip-172-31-27-46 kernel: [    1.215546]   #7
Oct 23 14:00:51 ip-172-31-27-46 kernel: [    1.216064] cpu 7 spinlock event irq 95
Oct 23 14:00:51 ip-172-31-27-46 kernel: [    1.219591] smp: Brought up 1 node, 8 CPUs
Oct 23 14:00:51 ip-172-31-27-46 kernel: [    1.223485] smpboot: Max logical packages: 2
Oct 23 14:00:51 ip-172-31-27-46 kernel: [    1.227483] smpboot: Total of 8 processors activated (38400.86 BogoMIPS)
Oct 23 14:00:51 ip-172-31-27-46 kernel: [    1.232974] devtmpfs: initialized
Oct 23 14:00:51 ip-172-31-27-46 kernel: [    1.235525] x86/mm: Memory block size: 128MB
Oct 23 14:00:51 ip-172-31-27-46 kernel: [    1.243731] clocksource: jiffies: mask: 0xffffffff max_cycles: 0xffffffff, max_idle_ns: 7645041785100000 ns
Oct 23 14:00:51 ip-172-31-27-46 kernel: [    1.247547] futex hash table entries: 4096 (order: 6, 262144 bytes, linear)
Oct 23 14:00:51 ip-172-31-27-46 kernel: [    1.251553] pinctrl core: initialized pinctrl subsystem
Oct 23 14:00:51 ip-172-31-27-46 kernel: [    1.255604] PM: RTC time: 14:00:39, date: 2021-10-23
Oct 23 14:00:51 ip-172-31-27-46 kernel: [    1.259734] NET: Registered protocol family 16
Oct 23 14:00:51 ip-172-31-27-46 kernel: [    1.263703] audit: initializing netlink subsys (disabled)
Oct 23 14:00:51 ip-172-31-27-46 kernel: [    1.267494] audit: type=2000 audit(1634997638.972:1): state=initialized audit_enabled=0 res=1
Oct 23 14:00:51 ip-172-31-27-46 kernel: [    1.267607] EISA bus registered
Oct 23 14:00:51 ip-172-31-27-46 kernel: [    1.274290] cpuidle: using governor ladder
Oct 23 14:00:51 ip-172-31-27-46 kernel: [    1.275487] cpuidle: using governor menu
Oct 23 14:00:51 ip-172-31-27-46 kernel: [    1.278833] ACPI: bus type PCI registered
Oct 23 14:00:51 ip-172-31-27-46 kernel: [    1.279482] acpiphp: ACPI Hot Plug PCI Controller Driver version: 0.5
Oct 23 14:00:51 ip-172-31-27-46 kernel: [    1.283806] PCI: Using configuration type 1 for base access
Oct 23 14:00:51 ip-172-31-27-46 kernel: [    1.291516] HugeTLB registered 1.00 GiB page size, pre-allocated 0 pages
Oct 23 14:00:51 ip-172-31-27-46 kernel: [    1.295484] HugeTLB registered 2.00 MiB page size, pre-allocated 0 pages
Oct 23 14:00:51 ip-172-31-27-46 kernel: [    1.299543] ACPI: Added _OSI(Module Device)
Oct 23 14:00:51 ip-172-31-27-46 kernel: [    1.303483] ACPI: Added _OSI(Processor Device)
Oct 23 14:00:51 ip-172-31-27-46 kernel: [    1.307485] ACPI: Added _OSI(3.0 _SCP Extensions)
Oct 23 14:00:51 ip-172-31-27-46 kernel: [    1.311484] ACPI: Added _OSI(Processor Aggregator Device)
Oct 23 14:00:51 ip-172-31-27-46 kernel: [    1.315483] ACPI: Added _OSI(Linux-Dell-Video)
Oct 23 14:00:51 ip-172-31-27-46 kernel: [    1.319482] ACPI: Added _OSI(Linux-Lenovo-NV-HDMI-Audio)
Oct 23 14:00:51 ip-172-31-27-46 kernel: [    1.323482] ACPI: Added _OSI(Linux-HPI-Hybrid-Graphics)
Oct 23 14:00:51 ip-172-31-27-46 kernel: [    1.331644] ACPI: 3 ACPI AML tables successfully acquired and loaded
Oct 23 14:00:51 ip-172-31-27-46 kernel: [    1.336130] xen: --> pirq=16 -> irq=9 (gsi=9)
Oct 23 14:00:51 ip-172-31-27-46 kernel: [    1.337104] ACPI: Interpreter enabled
Oct 23 14:00:51 ip-172-31-27-46 kernel: [    1.339491] ACPI: (supports S0 S4 S5)
Oct 23 14:00:51 ip-172-31-27-46 kernel: [    1.343482] ACPI: Using IOAPIC for interrupt routing
Oct 23 14:00:51 ip-172-31-27-46 kernel: [    1.347499] PCI: Using host bridge windows from ACPI; if necessary, use "pci=nocrs" and report a bug
Oct 23 14:00:51 ip-172-31-27-46 kernel: [    1.351811] ACPI: Enabled 2 GPEs in block 00 to 0F
Oct 23 14:00:51 ip-172-31-27-46 kernel: [    1.391892] ACPI: PCI Root Bridge [PCI0] (domain 0000 [bus 00-ff])
Oct 23 14:00:51 ip-172-31-27-46 kernel: [    1.395491] acpi PNP0A03:00: _OSC: OS supports [ASPM ClockPM Segments MSI HPX-Type3]
Oct 23 14:00:51 ip-172-31-27-46 kernel: [    1.399504] acpi PNP0A03:00: fail to add MMCONFIG information, can't access extended PCI configuration space under this bridge.
Oct 23 14:00:51 ip-172-31-27-46 kernel: [    1.404629] acpiphp: Slot [0] registered
Oct 23 14:00:51 ip-172-31-27-46 kernel: [    1.408919] acpiphp: Slot [3] registered
Oct 23 14:00:51 ip-172-31-27-46 kernel: [    1.411951] acpiphp: Slot [4] registered
Oct 23 14:00:51 ip-172-31-27-46 kernel: [    1.415851] acpiphp: Slot [5] registered
Oct 23 14:00:51 ip-172-31-27-46 kernel: [    1.419477] acpiphp: Slot [6] registered
Oct 23 14:00:51 ip-172-31-27-46 kernel: [    1.419827] acpiphp: Slot [7] registered
Oct 23 14:00:51 ip-172-31-27-46 kernel: [    1.423269] acpiphp: Slot [8] registered
Oct 23 14:00:51 ip-172-31-27-46 kernel: [    1.423836] acpiphp: Slot [9] registered
Oct 23 14:00:51 ip-172-31-27-46 kernel: [    1.427263] acpiphp: Slot [10] registered
Oct 23 14:00:51 ip-172-31-27-46 kernel: [    1.427843] acpiphp: Slot [11] registered
Oct 23 14:00:51 ip-172-31-27-46 kernel: [    1.431397] acpiphp: Slot [12] registered
Oct 23 14:00:51 ip-172-31-27-46 kernel: [    1.431829] acpiphp: Slot [13] registered
Oct 23 14:00:51 ip-172-31-27-46 kernel: [    1.435382] acpiphp: Slot [14] registered
Oct 23 14:00:51 ip-172-31-27-46 kernel: [    1.435813] acpiphp: Slot [15] registered
Oct 23 14:00:51 ip-172-31-27-46 kernel: [    1.439423] acpiphp: Slot [16] registered
Oct 23 14:00:51 ip-172-31-27-46 kernel: [    1.439816] acpiphp: Slot [17] registered
Oct 23 14:00:51 ip-172-31-27-46 kernel: [    1.443362] acpiphp: Slot [18] registered
Oct 23 14:00:51 ip-172-31-27-46 kernel: [    1.443857] acpiphp: Slot [19] registered
Oct 23 14:00:51 ip-172-31-27-46 kernel: [    1.447477] acpiphp: Slot [20] registered
Oct 23 14:00:51 ip-172-31-27-46 kernel: [    1.447837] acpiphp: Slot [21] registered
Oct 23 14:00:51 ip-172-31-27-46 kernel: [    1.451448] acpiphp: Slot [22] registered
Oct 23 14:00:51 ip-172-31-27-46 kernel: [    1.451993] acpiphp: Slot [23] registered
Oct 23 14:00:51 ip-172-31-27-46 kernel: [    1.455965] acpiphp: Slot [24] registered
Oct 23 14:00:51 ip-172-31-27-46 kernel: [    1.459965] acpiphp: Slot [25] registered
Oct 23 14:00:51 ip-172-31-27-46 kernel: [    1.463945] acpiphp: Slot [26] registered
Oct 23 14:00:51 ip-172-31-27-46 kernel: [    1.467948] acpiphp: Slot [27] registered
Oct 23 14:00:51 ip-172-31-27-46 kernel: [    1.471959] acpiphp: Slot [28] registered
Oct 23 14:00:51 ip-172-31-27-46 kernel: [    1.475971] acpiphp: Slot [29] registered
Oct 23 14:00:51 ip-172-31-27-46 kernel: [    1.480099] acpiphp: Slot [30] registered
Oct 23 14:00:51 ip-172-31-27-46 kernel: [    1.483971] acpiphp: Slot [31] registered
Oct 23 14:00:51 ip-172-31-27-46 kernel: [    1.487990] PCI host bridge to bus 0000:00
Oct 23 14:00:51 ip-172-31-27-46 kernel: [    1.491484] pci_bus 0000:00: root bus resource [io  0x0000-0x0cf7 window]
Oct 23 14:00:51 ip-172-31-27-46 kernel: [    1.495485] pci_bus 0000:00: root bus resource [io  0x0d00-0xffff window]
Oct 23 14:00:51 ip-172-31-27-46 kernel: [    1.499485] pci_bus 0000:00: root bus resource [mem 0x000a0000-0x000bffff window]
Oct 23 14:00:51 ip-172-31-27-46 kernel: [    1.503486] pci_bus 0000:00: root bus resource [mem 0xf0000000-0xfbffffff window]
Oct 23 14:00:51 ip-172-31-27-46 kernel: [    1.507486] pci_bus 0000:00: root bus resource [bus 00-ff]
Oct 23 14:00:51 ip-172-31-27-46 systemd[1]: Started Dispatch Password Requests to Console Directory Watch.
Oct 23 14:00:51 ip-172-31-27-46 kernel: [    1.511734] pci 0000:00:00.0: [8086:1237] type 00 class 0x060000
Oct 23 14:00:51 ip-172-31-27-46 kernel: [    1.518822] pci 0000:00:01.0: [8086:7000] type 00 class 0x060100
Oct 23 14:00:51 ip-172-31-27-46 kernel: [    1.523973] pci 0000:00:01.1: [8086:7010] type 00 class 0x010180
Oct 23 14:00:51 ip-172-31-27-46 kernel: [    1.529775] pci 0000:00:01.1: reg 0x20: [io  0xc100-0xc10f]
Oct 23 14:00:51 ip-172-31-27-46 kernel: [    1.532452] pci 0000:00:01.1: legacy IDE quirk: reg 0x10: [io  0x01f0-0x01f7]
Oct 23 14:00:51 ip-172-31-27-46 kernel: [    1.535485] pci 0000:00:01.1: legacy IDE quirk: reg 0x14: [io  0x03f6]
Oct 23 14:00:51 ip-172-31-27-46 systemd[1]: Reached target Local Encrypted Volumes.
Oct 23 14:00:51 ip-172-31-27-46 kernel: [    1.539484] pci 0000:00:01.1: legacy IDE quirk: reg 0x18: [io  0x0170-0x0177]
Oct 23 14:00:51 ip-172-31-27-46 systemd[1]: Reached target Local File Systems (Pre).
Oct 23 14:00:51 ip-172-31-27-46 kernel: [    1.543484] pci 0000:00:01.1: legacy IDE quirk: reg 0x1c: [io  0x0376]
Oct 23 14:00:51 ip-172-31-27-46 kernel: [    1.548715] pci 0000:00:01.3: [8086:7113] type 00 class 0x068000
Oct 23 14:00:51 ip-172-31-27-46 kernel: [    1.551543] * Found PM-Timer Bug on the chipset. Due to workarounds for a bug,
Oct 23 14:00:51 ip-172-31-27-46 kernel: [    1.551543] * this clock source is slow. Consider trying other clock sources
Oct 23 14:00:51 ip-172-31-27-46 systemd[1]: Reached target Local File Systems.
Oct 23 14:00:51 ip-172-31-27-46 kernel: [    1.558042] pci 0000:00:01.3: quirk: [io  0xb000-0xb03f] claimed by PIIX4 ACPI
Oct 23 14:00:51 ip-172-31-27-46 kernel: [    1.561200] pci 0000:00:02.0: [1013:00b8] type 00 class 0x030000
Oct 23 14:00:51 ip-172-31-27-46 systemd[1]: Starting Set console font and keymap...
Oct 23 14:00:51 ip-172-31-27-46 kernel: [    1.564194] pci 0000:00:02.0: reg 0x10: [mem 0xf0000000-0xf1ffffff pref]
Oct 23 14:00:51 ip-172-31-27-46 systemd[1]: Starting Tell Plymouth To Write Out Runtime Data...
Oct 23 14:00:51 ip-172-31-27-46 kernel: [    1.567871] pci 0000:00:02.0: reg 0x14: [mem 0xf3000000-0xf3000fff]
Oct 23 14:00:51 ip-172-31-27-46 kernel: [    1.573910] pci 0000:00:03.0: [5853:0001] type 00 class 0xff8000
Oct 23 14:00:51 ip-172-31-27-46 kernel: [    1.576059] pci 0000:00:03.0: reg 0x10: [io  0xc000-0xc0ff]
Oct 23 14:00:51 ip-172-31-27-46 kernel: [    1.579787] pci 0000:00:03.0: reg 0x14: [mem 0xf2000000-0xf2ffffff pref]
Oct 23 14:00:51 ip-172-31-27-46 systemd[1]: Starting AppArmor initialization...
Oct 23 14:00:51 ip-172-31-27-46 kernel: [    1.591301] ACPI: PCI Interrupt Link [LNKA] (IRQs *5 10 11)
Oct 23 14:00:51 ip-172-31-27-46 systemd[1]: Starting Commit a transient machine-id on disk...
Oct 23 14:00:51 ip-172-31-27-46 kernel: [    1.591719] ACPI: PCI Interrupt Link [LNKB] (IRQs 5 *10 11)
Oct 23 14:00:51 ip-172-31-27-46 kernel: [    1.595696] ACPI: PCI Interrupt Link [LNKC] (IRQs 5 10 *11)
Oct 23 14:00:51 ip-172-31-27-46 kernel: [    1.599700] ACPI: PCI Interrupt Link [LNKD] (IRQs *5 10 11)
Oct 23 14:00:51 ip-172-31-27-46 systemd[1]: Starting ebtables ruleset management...
Oct 23 14:00:51 ip-172-31-27-46 kernel: [    1.626442] xen:balloon: Initialising balloon driver
Oct 23 14:00:51 ip-172-31-27-46 kernel: [    1.627531] iommu: Default domain type: Translated 
Oct 23 14:00:51 ip-172-31-27-46 kernel: [    1.631633] SCSI subsystem initialized
Oct 23 14:00:51 ip-172-31-27-46 systemd[1]: Starting Create Volatile Files and Directories...
Oct 23 14:00:51 ip-172-31-27-46 kernel: [    1.635503] libata version 3.00 loaded.
Oct 23 14:00:51 ip-172-31-27-46 systemd[1]: Started Set console font and keymap.
Oct 23 14:00:51 ip-172-31-27-46 kernel: [    1.635545] pci 0000:00:02.0: vgaarb: setting as boot VGA device
Oct 23 14:00:51 ip-172-31-27-46 kernel: [    1.639477] pci 0000:00:02.0: vgaarb: VGA device added: decodes=io+mem,owns=io+mem,locks=none
Oct 23 14:00:51 ip-172-31-27-46 kernel: [    1.639483] pci 0000:00:02.0: vgaarb: bridge control possible
Oct 23 14:00:51 ip-172-31-27-46 kernel: [    1.643483] vgaarb: loaded
Oct 23 14:00:51 ip-172-31-27-46 systemd[1]: Started Create Volatile Files and Directories.
Oct 23 14:00:51 ip-172-31-27-46 kernel: [    1.646742] ACPI: bus type USB registered
Oct 23 14:00:51 ip-172-31-27-46 kernel: [    1.647505] usbcore: registered new interface driver usbfs
Oct 23 14:00:51 ip-172-31-27-46 kernel: [    1.651497] usbcore: registered new interface driver hub
Oct 23 14:00:51 ip-172-31-27-46 systemd[1]: Starting Network Time Synchronization...
Oct 23 14:00:51 ip-172-31-27-46 kernel: [    1.655498] usbcore: registered new device driver usb
Oct 23 14:00:51 ip-172-31-27-46 kernel: [    1.659505] pps_core: LinuxPPS API ver. 1 registered
Oct 23 14:00:51 ip-172-31-27-46 systemd[1]: Starting Update UTMP about System Boot/Shutdown...
Oct 23 14:00:51 ip-172-31-27-46 kernel: [    1.663484] pps_core: Software ver. 5.3.6 - Copyright 2005-2007 Rodolfo Giometti <giometti@linux.it>
Oct 23 14:00:51 ip-172-31-27-46 kernel: [    1.667490] PTP clock support registered
Oct 23 14:00:51 ip-172-31-27-46 kernel: [    1.670743] EDAC MC: Ver: 3.0.0
Oct 23 14:00:51 ip-172-31-27-46 systemd[1]: Started Tell Plymouth To Write Out Runtime Data.
Oct 23 14:00:51 ip-172-31-27-46 kernel: [    1.671984] PCI: Using ACPI for IRQ routing
Oct 23 14:00:51 ip-172-31-27-46 systemd[1]: Started Commit a transient machine-id on disk.
Oct 23 14:00:51 ip-172-31-27-46 kernel: [    1.675483] PCI: pci_cache_line_size set to 64 bytes
Oct 23 14:00:51 ip-172-31-27-46 kernel: [    1.676001] e820: reserve RAM buffer [mem 0x0009e000-0x0009ffff]
Oct 23 14:00:51 ip-172-31-27-46 kernel: [    1.676098] NetLabel: Initializing
Oct 23 14:00:51 ip-172-31-27-46 systemd[1]: Started Update UTMP about System Boot/Shutdown.
Oct 23 14:00:51 ip-172-31-27-46 kernel: [    1.679042] NetLabel:  domain hash size = 128
Oct 23 14:00:51 ip-172-31-27-46 kernel: [    1.679483] NetLabel:  protocols = UNLABELED CIPSOv4 CALIPSO
Oct 23 14:00:51 ip-172-31-27-46 kernel: [    1.683499] NetLabel:  unlabeled traffic allowed by default
Oct 23 14:00:51 ip-172-31-27-46 systemd[1]: Started ebtables ruleset management.
Oct 23 14:00:51 ip-172-31-27-46 kernel: [    1.687532] hpet: 3 channels of 0 reserved for per-cpu timers
Oct 23 14:00:51 ip-172-31-27-46 apparmor[600]:  * Starting AppArmor profiles
Oct 23 14:00:51 ip-172-31-27-46 kernel: [    1.691491] hpet0: at MMIO 0xfed00000, IRQs 2, 8, 0
Oct 23 14:00:51 ip-172-31-27-46 kernel: [    1.695484] hpet0: 3 comparators, 64-bit 62.500000 MHz counter
Oct 23 14:00:51 ip-172-31-27-46 kernel: [    1.703571] clocksource: Switched to clocksource xen
Oct 23 14:00:51 ip-172-31-27-46 systemd[1]: Started Network Time Synchronization.
Oct 23 14:00:51 ip-172-31-27-46 kernel: [    1.721889] *** VALIDATE bpf ***
Oct 23 14:00:51 ip-172-31-27-46 kernel: [    1.725722] VFS: Disk quotas dquot_6.6.0
Oct 23 14:00:51 ip-172-31-27-46 kernel: [    1.729994] VFS: Dquot-cache hash table entries: 512 (order 0, 4096 bytes)
Oct 23 14:00:51 ip-172-31-27-46 systemd[1]: Reached target System Time Synchronized.
Oct 23 14:00:51 ip-172-31-27-46 kernel: [    1.736776] *** VALIDATE ramfs ***
Oct 23 14:00:51 ip-172-31-27-46 apparmor[600]: Skipping profile in /etc/apparmor.d/disable: usr.sbin.rsyslogd
Oct 23 14:00:51 ip-172-31-27-46 kernel: [    1.740761] *** VALIDATE hugetlbfs ***
Oct 23 14:00:51 ip-172-31-27-46 kernel: [    1.744925] AppArmor: AppArmor Filesystem Enabled
Oct 23 14:00:51 ip-172-31-27-46 kernel: [    1.749643] pnp: PnP ACPI init
Oct 23 14:00:51 ip-172-31-27-46 kernel: [    1.753176] system 00:00: [mem 0x00000000-0x0009ffff] could not be reserved
Oct 23 14:00:51 ip-172-31-27-46 apparmor[600]:    ...done.
Oct 23 14:00:51 ip-172-31-27-46 kernel: [    1.759642] system 00:00: Plug and Play ACPI device, IDs PNP0c02 (active)
Oct 23 14:00:51 ip-172-31-27-46 kernel: [    1.759711] system 00:01: [io  0x08a0-0x08a3] has been reserved
Oct 23 14:00:51 ip-172-31-27-46 kernel: [    1.765462] system 00:01: [io  0x0cc0-0x0ccf] has been reserved
Oct 23 14:00:51 ip-172-31-27-46 kernel: [    1.771310] system 00:01: [io  0x04d0-0x04d1] has been reserved
Oct 23 14:00:51 ip-172-31-27-46 kernel: [    1.777256] system 00:01: Plug and Play ACPI device, IDs PNP0c02 (active)
Oct 23 14:00:51 ip-172-31-27-46 kernel: [    1.777283] xen: --> pirq=17 -> irq=8 (gsi=8)
Oct 23 14:00:51 ip-172-31-27-46 kernel: [    1.777298] pnp 00:02: Plug and Play ACPI device, IDs PNP0b00 (active)
Oct 23 14:00:51 ip-172-31-27-46 kernel: [    1.777319] xen: --> pirq=18 -> irq=12 (gsi=12)
Oct 23 14:00:51 ip-172-31-27-46 kernel: [    1.777332] pnp 00:03: Plug and Play ACPI device, IDs PNP0f13 (active)
Oct 23 14:00:51 ip-172-31-27-46 kernel: [    1.777349] xen: --> pirq=19 -> irq=1 (gsi=1)
Oct 23 14:00:51 ip-172-31-27-46 kernel: [    1.777359] pnp 00:04: Plug and Play ACPI device, IDs PNP0303 PNP030b (active)
Oct 23 14:00:51 ip-172-31-27-46 kernel: [    1.777376] xen: --> pirq=20 -> irq=6 (gsi=6)
Oct 23 14:00:51 ip-172-31-27-46 kernel: [    1.777378] pnp 00:05: [dma 2]
Oct 23 14:00:51 ip-172-31-27-46 kernel: [    1.777389] pnp 00:05: Plug and Play ACPI device, IDs PNP0700 (active)
Oct 23 14:00:51 ip-172-31-27-46 kernel: [    1.777412] xen: --> pirq=21 -> irq=4 (gsi=4)
Oct 23 14:00:51 ip-172-31-27-46 kernel: [    1.777423] pnp 00:06: Plug and Play ACPI device, IDs PNP0501 (active)
Oct 23 14:00:51 ip-172-31-27-46 kernel: [    1.777462] system 00:07: [io  0x10c0-0x1141] has been reserved
Oct 23 14:00:51 ip-172-31-27-46 kernel: [    1.783151] system 00:07: [io  0xb044-0xb047] has been reserved
Oct 23 14:00:51 ip-172-31-27-46 kernel: [    1.788975] system 00:07: Plug and Play ACPI device, IDs PNP0c02 (active)
Oct 23 14:00:51 ip-172-31-27-46 kernel: [    1.812830] pnp: PnP ACPI: found 8 devices
Oct 23 14:00:51 ip-172-31-27-46 kernel: [    1.819063] thermal_sys: Registered thermal governor 'fair_share'
Oct 23 14:00:51 ip-172-31-27-46 kernel: [    1.819064] thermal_sys: Registered thermal governor 'bang_bang'
Oct 23 14:00:51 ip-172-31-27-46 kernel: [    1.823586] thermal_sys: Registered thermal governor 'step_wise'
Oct 23 14:00:51 ip-172-31-27-46 kernel: [    1.827990] thermal_sys: Registered thermal governor 'user_space'
Oct 23 14:00:51 ip-172-31-27-46 kernel: [    1.832565] thermal_sys: Registered thermal governor 'power_allocator'
Oct 23 14:00:51 ip-172-31-27-46 kernel: [    1.841543] clocksource: acpi_pm: mask: 0xffffff max_cycles: 0xffffff, max_idle_ns: 2085701024 ns
Oct 23 14:00:51 ip-172-31-27-46 kernel: [    1.852877] pci_bus 0000:00: resource 4 [io  0x0000-0x0cf7 window]
Oct 23 14:00:51 ip-172-31-27-46 kernel: [    1.857210] pci_bus 0000:00: resource 5 [io  0x0d00-0xffff window]
Oct 23 14:00:51 ip-172-31-27-46 kernel: [    1.861567] pci_bus 0000:00: resource 6 [mem 0x000a0000-0x000bffff window]
Oct 23 14:00:51 ip-172-31-27-46 kernel: [    1.866428] pci_bus 0000:00: resource 7 [mem 0xf0000000-0xfbffffff window]
Oct 23 14:00:51 ip-172-31-27-46 kernel: [    1.871487] NET: Registered protocol family 2
Oct 23 14:00:51 ip-172-31-27-46 kernel: [    1.875229] tcp_listen_portaddr_hash hash table entries: 16384 (order: 6, 262144 bytes, linear)
Oct 23 14:00:51 ip-172-31-27-46 kernel: [    1.882188] TCP established hash table entries: 262144 (order: 9, 2097152 bytes, linear)
Oct 23 14:00:51 ip-172-31-27-46 kernel: [    1.888840] TCP bind hash table entries: 65536 (order: 8, 1048576 bytes, linear)
Oct 23 14:00:51 ip-172-31-27-46 kernel: [    1.895584] TCP: Hash tables configured (established 262144 bind 65536)
Oct 23 14:00:51 ip-172-31-27-46 kernel: [    1.900376] UDP hash table entries: 16384 (order: 7, 524288 bytes, linear)
Oct 23 14:00:51 ip-172-31-27-46 kernel: [    1.905795] UDP-Lite hash table entries: 16384 (order: 7, 524288 bytes, linear)
Oct 23 14:00:51 ip-172-31-27-46 kernel: [    1.911602] NET: Registered protocol family 1
Oct 23 14:00:51 ip-172-31-27-46 kernel: [    1.914940] NET: Registered protocol family 44
Oct 23 14:00:51 ip-172-31-27-46 kernel: [    1.918349] pci 0000:00:01.0: PIIX3: Enabling Passive Release
Oct 23 14:00:51 ip-172-31-27-46 kernel: [    1.922511] pci 0000:00:00.0: Limiting direct PCI/PCI transfers
Oct 23 14:00:51 ip-172-31-27-46 kernel: [    1.926854] pci 0000:00:01.0: Activating ISA DMA hang workarounds
Oct 23 14:00:51 ip-172-31-27-46 kernel: [    1.932563] pci 0000:00:02.0: Video device with shadowed ROM at [mem 0x000c0000-0x000dffff]
Oct 23 14:00:51 ip-172-31-27-46 kernel: [    1.941028] PCI: CLS 0 bytes, default 64
Oct 23 14:00:51 ip-172-31-27-46 kernel: [    1.945352] Trying to unpack rootfs image as initramfs...
Oct 23 14:00:51 ip-172-31-27-46 kernel: [    2.239193] Freeing initrd memory: 21068K
Oct 23 14:00:51 ip-172-31-27-46 kernel: [    2.243838] PCI-DMA: Using software bounce buffering for IO (SWIOTLB)
Oct 23 14:00:51 ip-172-31-27-46 kernel: [    2.250168] software IO TLB: mapped [mem 0xec000000-0xf0000000] (64MB)
Oct 23 14:00:51 ip-172-31-27-46 kernel: [    2.256114] check: Scanning for low memory corruption every 60 seconds
Oct 23 14:00:51 ip-172-31-27-46 kernel: [    2.263109] Initialise system trusted keyrings
Oct 23 14:00:51 ip-172-31-27-46 kernel: [    2.267812] Key type blacklist registered
Oct 23 14:00:51 ip-172-31-27-46 kernel: [    2.272341] workingset: timestamp_bits=36 max_order=23 bucket_order=0
Oct 23 14:00:51 ip-172-31-27-46 kernel: [    2.278752] zbud: loaded
Oct 23 14:00:51 ip-172-31-27-46 kernel: [    2.281433] squashfs: version 4.0 (2009/01/31) Phillip Lougher
Oct 23 14:00:51 ip-172-31-27-46 kernel: [    2.285881] fuse: init (API version 7.31)
Oct 23 14:00:51 ip-172-31-27-46 kernel: [    2.289124] *** VALIDATE fuse ***
Oct 23 14:00:51 ip-172-31-27-46 kernel: [    2.292582] *** VALIDATE fuse ***
Oct 23 14:00:51 ip-172-31-27-46 kernel: [    2.296436] Platform Keyring initialized
Oct 23 14:00:51 ip-172-31-27-46 kernel: [    2.304079] Key type asymmetric registered
Oct 23 14:00:51 ip-172-31-27-46 kernel: [    2.308509] Asymmetric key parser 'x509' registered
Oct 23 14:00:51 ip-172-31-27-46 kernel: [    2.313512] Block layer SCSI generic (bsg) driver version 0.4 loaded (major 244)
Oct 23 14:00:51 ip-172-31-27-46 kernel: [    2.321234] io scheduler mq-deadline registered
Oct 23 14:00:51 ip-172-31-27-46 kernel: [    2.326323] shpchp: Standard Hot Plug PCI Controller Driver version: 0.4
Oct 23 14:00:51 ip-172-31-27-46 kernel: [    2.333218] intel_idle: Please enable MWAIT in BIOS SETUP
Oct 23 14:00:51 ip-172-31-27-46 kernel: [    2.333321] input: Power Button as /devices/LNXSYSTM:00/LNXPWRBN:00/input/input0
Oct 23 14:00:51 ip-172-31-27-46 kernel: [    2.341120] ACPI: Power Button [PWRF]
Oct 23 14:00:51 ip-172-31-27-46 kernel: [    2.345227] input: Sleep Button as /devices/LNXSYSTM:00/LNXSLPBN:00/input/input1
Oct 23 14:00:51 ip-172-31-27-46 kernel: [    2.352580] ACPI: Sleep Button [SLPF]
Oct 23 14:00:51 ip-172-31-27-46 kernel: [    2.359914] xen: --> pirq=22 -> irq=28 (gsi=28)
Oct 23 14:00:51 ip-172-31-27-46 kernel: [    2.360043] xen:grant_table: Grant tables using version 1 layout
Oct 23 14:00:51 ip-172-31-27-46 kernel: [    2.365864] Grant table initialized
Oct 23 14:00:51 ip-172-31-27-46 kernel: [    2.369718] Cannot get hvm parameter CONSOLE_EVTCHN (18): -22!
Oct 23 14:00:51 ip-172-31-27-46 kernel: [    2.375195] Serial: 8250/16550 driver, 4 ports, IRQ sharing enabled
Oct 23 14:00:51 ip-172-31-27-46 kernel: [    2.409079] 00:06: ttyS0 at I/O 0x3f8 (irq = 4, base_baud = 115200) is a 16550A
Oct 23 14:00:51 ip-172-31-27-46 kernel: [    2.415621] Linux agpgart interface v0.103
Oct 23 14:00:51 ip-172-31-27-46 kernel: [    2.422392] loop: module loaded
Oct 23 14:00:51 ip-172-31-27-46 kernel: [    2.425876] ata_piix 0000:00:01.1: version 2.13
Oct 23 14:00:51 ip-172-31-27-46 kernel: [    2.426783] scsi host0: ata_piix
Oct 23 14:00:51 ip-172-31-27-46 kernel: [    2.430312] scsi host1: ata_piix
Oct 23 14:00:51 ip-172-31-27-46 kernel: [    2.430437] blkfront: xvda: barrier or flush: disabled; persistent grants: disabled; indirect descriptors: enabled;
Oct 23 14:00:51 ip-172-31-27-46 systemd[1]: Started AppArmor initialization.
Oct 23 14:00:51 ip-172-31-27-46 kernel: [    2.434216] ata1: PATA max MWDMA2 cmd 0x1f0 ctl 0x3f6 bmdma 0xc100 irq 14
Oct 23 14:00:51 ip-172-31-27-46 kernel: [    2.451337] ata2: PATA max MWDMA2 cmd 0x170 ctl 0x376 bmdma 0xc108 irq 15
Oct 23 14:00:51 ip-172-31-27-46 kernel: [    2.457994] libphy: Fixed MDIO Bus: probed
Oct 23 14:00:51 ip-172-31-27-46 kernel: [    2.458658]  xvda: xvda1
Oct 23 14:00:51 ip-172-31-27-46 kernel: [    2.462228] tun: Universal TUN/TAP device driver, 1.6
Oct 23 14:00:51 ip-172-31-27-46 kernel: [    2.470628] PPP generic driver version 2.4.2
Oct 23 14:00:51 ip-172-31-27-46 systemd[1]: Starting Load AppArmor profiles managed internally by snapd...
Oct 23 14:00:51 ip-172-31-27-46 kernel: [    2.475231] ehci_hcd: USB 2.0 'Enhanced' Host Controller (EHCI) Driver
Oct 23 14:00:51 ip-172-31-27-46 kernel: [    2.481750] ehci-pci: EHCI PCI platform driver
Oct 23 14:00:51 ip-172-31-27-46 kernel: [    2.486849] ehci-platform: EHCI generic platform driver
Oct 23 14:00:51 ip-172-31-27-46 kernel: [    2.492094] ohci_hcd: USB 1.1 'Open' Host Controller (OHCI) Driver
Oct 23 14:00:51 ip-172-31-27-46 kernel: [    2.497854] ohci-pci: OHCI PCI platform driver
Oct 23 14:00:51 ip-172-31-27-46 kernel: [    2.503287] ohci-platform: OHCI generic platform driver
Oct 23 14:00:51 ip-172-31-27-46 kernel: [    2.509398] uhci_hcd: USB Universal Host Controller Interface driver
Oct 23 14:00:51 ip-172-31-27-46 kernel: [    2.515650] i8042: PNP: PS/2 Controller [PNP0303:PS2K,PNP0f13:PS2M] at 0x60,0x64 irq 1,12
Oct 23 14:00:51 ip-172-31-27-46 kernel: [    2.528867] serio: i8042 KBD port at 0x60,0x64 irq 1
Oct 23 14:00:51 ip-172-31-27-46 kernel: [    2.532917] serio: i8042 AUX port at 0x60,0x64 irq 12
Oct 23 14:00:51 ip-172-31-27-46 kernel: [    2.536866] mousedev: PS/2 mouse device common for all mice
Oct 23 14:00:51 ip-172-31-27-46 systemd[1]: Starting Initial cloud-init job (pre-networking)...
Oct 23 14:00:51 ip-172-31-27-46 kernel: [    2.541519] rtc_cmos 00:02: registered as rtc0
Oct 23 14:00:51 ip-172-31-27-46 kernel: [    2.545096] rtc_cmos 00:02: alarms up to one day, 114 bytes nvram, hpet irqs
Oct 23 14:00:51 ip-172-31-27-46 kernel: [    2.550020] device-mapper: uevent: version 1.0.3
Oct 23 14:00:51 ip-172-31-27-46 kernel: [    2.553665] device-mapper: ioctl: 4.41.0-ioctl (2019-09-16) initialised: dm-devel@redhat.com
Oct 23 14:00:51 ip-172-31-27-46 snapd-apparmor[737]: find: ‘/var/lib/snapd/apparmor/profiles/’: No such file or directory
Oct 23 14:00:51 ip-172-31-27-46 kernel: [    2.553751] input: AT Translated Set 2 keyboard as /devices/platform/i8042/serio0/input/input2
Oct 23 14:00:51 ip-172-31-27-46 kernel: [    2.559976] platform eisa.0: Probing EISA bus 0
Oct 23 14:00:51 ip-172-31-27-46 systemd[1]: Started Load AppArmor profiles managed internally by snapd.
Oct 23 14:00:51 ip-172-31-27-46 kernel: [    2.571235] platform eisa.0: EISA: Cannot allocate resource for mainboard
Oct 23 14:00:51 ip-172-31-27-46 kernel: [    2.577111] platform eisa.0: Cannot allocate resource for EISA slot 1
Oct 23 14:00:51 ip-172-31-27-46 kernel: [    2.582363] platform eisa.0: Cannot allocate resource for EISA slot 2
Oct 23 14:00:51 ip-172-31-27-46 dhclient[807]: Internet Systems Consortium DHCP Client 4.3.5
Oct 23 14:00:51 ip-172-31-27-46 kernel: [    2.586920] platform eisa.0: Cannot allocate resource for EISA slot 3
Oct 23 14:00:51 ip-172-31-27-46 kernel: [    2.591392] platform eisa.0: Cannot allocate resource for EISA slot 4
Oct 23 14:00:51 ip-172-31-27-46 dhclient[807]: Copyright 2004-2016 Internet Systems Consortium.
Oct 23 14:00:51 ip-172-31-27-46 kernel: [    2.595968] platform eisa.0: Cannot allocate resource for EISA slot 5
Oct 23 14:00:51 ip-172-31-27-46 kernel: [    2.600520] platform eisa.0: Cannot allocate resource for EISA slot 6
Oct 23 14:00:51 ip-172-31-27-46 kernel: [    2.605239] platform eisa.0: Cannot allocate resource for EISA slot 7
Oct 23 14:00:51 ip-172-31-27-46 dhclient[807]: All rights reserved.
Oct 23 14:00:51 ip-172-31-27-46 kernel: [    2.611523] platform eisa.0: Cannot allocate resource for EISA slot 8
Oct 23 14:00:51 ip-172-31-27-46 dhclient[807]: For info, please visit https://www.isc.org/software/dhcp/
Oct 23 14:00:51 ip-172-31-27-46 kernel: [    2.617795] platform eisa.0: EISA: Detected 0 cards
Oct 23 14:00:51 ip-172-31-27-46 kernel: [    2.622772] intel_pstate: CPU model not supported
Oct 23 14:00:51 ip-172-31-27-46 dhclient[807]: 
Oct 23 14:00:51 ip-172-31-27-46 kernel: [    2.626545] drop_monitor: Initializing network drop monitor service
Oct 23 14:00:51 ip-172-31-27-46 kernel: [    2.632311] NET: Registered protocol family 10
Oct 23 14:00:51 ip-172-31-27-46 kernel: [    2.640954] Segment Routing with IPv6
Oct 23 14:00:51 ip-172-31-27-46 dhclient[807]: Listening on LPF/eth0/02:a7:5f:b0:f1:11
Oct 23 14:00:51 ip-172-31-27-46 kernel: [    2.645154] NET: Registered protocol family 17
Oct 23 14:00:51 ip-172-31-27-46 kernel: [    2.649982] Key type dns_resolver registered
Oct 23 14:00:51 ip-172-31-27-46 kernel: [    2.655250] RAS: Correctable Errors collector initialized.
Oct 23 14:00:51 ip-172-31-27-46 kernel: [    2.661239] *** VALIDATE rdt ***
Oct 23 14:00:51 ip-172-31-27-46 dhclient[807]: Sending on   LPF/eth0/02:a7:5f:b0:f1:11
Oct 23 14:00:51 ip-172-31-27-46 kernel: [    2.665106] resctrl: L3 allocation detected
Oct 23 14:00:51 ip-172-31-27-46 kernel: [    2.670520] IPI shorthand broadcast: enabled
Oct 23 14:00:51 ip-172-31-27-46 dhclient[807]: Sending on   Socket/fallback
Oct 23 14:00:51 ip-172-31-27-46 kernel: [    2.675602] sched_clock: Marking stable (1964808065, 710779521)->(2949018932, -273431346)
Oct 23 14:00:51 ip-172-31-27-46 kernel: [    2.684641] registered taskstats version 1
Oct 23 14:00:51 ip-172-31-27-46 kernel: [    2.689719] Loading compiled-in X.509 certificates
Oct 23 14:00:51 ip-172-31-27-46 kernel: [    2.695879] Loaded X.509 cert 'Build time autogenerated kernel key: 8286cd69e9f8b235cc87c05595d9618d16929256'
Oct 23 14:00:51 ip-172-31-27-46 dhclient[807]: DHCPDISCOVER on eth0 to 255.255.255.255 port 67 interval 3 (xid=0x67aaa772)
Oct 23 14:00:51 ip-172-31-27-46 kernel: [    2.706330] Loaded X.509 cert 'Canonical Ltd. Live Patch Signing: 14df34d1a87cf37625abec039ef2bf521249b969'
Oct 23 14:00:51 ip-172-31-27-46 kernel: [    2.717298] Loaded X.509 cert 'Canonical Ltd. Kernel Module Signing: 88f752e560a1e0737e31163a466ad7b70a850c19'
Oct 23 14:00:51 ip-172-31-27-46 dhclient[807]: DHCPREQUEST of 172.31.27.46 on eth0 to 255.255.255.255 port 67 (xid=0x72a7aa67)
Oct 23 14:00:51 ip-172-31-27-46 kernel: [    2.727916] zswap: loaded using pool lzo/zbud
Oct 23 14:00:51 ip-172-31-27-46 kernel: [    2.732716] Key type ._fscrypt registered
Oct 23 14:00:51 ip-172-31-27-46 kernel: [    2.737015] Key type .fscrypt registered
Oct 23 14:00:51 ip-172-31-27-46 dhclient[807]: DHCPOFFER of 172.31.27.46 from 172.31.16.1
Oct 23 14:00:51 ip-172-31-27-46 kernel: [    2.744549] Key type big_key registered
Oct 23 14:00:51 ip-172-31-27-46 kernel: [    2.750243] Key type encrypted registered
Oct 23 14:00:51 ip-172-31-27-46 kernel: [    2.754953] AppArmor: AppArmor sha1 policy hashing enabled
Oct 23 14:00:51 ip-172-31-27-46 dhclient[807]: DHCPACK of 172.31.27.46 from 172.31.16.1
Oct 23 14:00:51 ip-172-31-27-46 kernel: [    2.760662] ima: No TPM chip found, activating TPM-bypass!
Oct 23 14:00:51 ip-172-31-27-46 kernel: [    2.765889] ima: Allocated hash algorithm: sha1
Oct 23 14:00:51 ip-172-31-27-46 kernel: [    2.769439] ima: No architecture policies found
Oct 23 14:00:51 ip-172-31-27-46 kernel: [    2.773526] evm: Initialising EVM extended attributes:
Oct 23 14:00:51 ip-172-31-27-46 kernel: [    2.778631] evm: security.selinux
Oct 23 14:00:51 ip-172-31-27-46 kernel: [    2.782464] evm: security.SMACK64
Oct 23 14:00:51 ip-172-31-27-46 kernel: [    2.786133] evm: security.SMACK64EXEC
Oct 23 14:00:51 ip-172-31-27-46 kernel: [    2.790092] evm: security.SMACK64TRANSMUTE
Oct 23 14:00:51 ip-172-31-27-46 kernel: [    2.794456] evm: security.SMACK64MMAP
Oct 23 14:00:51 ip-172-31-27-46 kernel: [    2.798394] evm: security.apparmor
Oct 23 14:00:51 ip-172-31-27-46 kernel: [    2.802148] evm: security.ima
Oct 23 14:00:51 ip-172-31-27-46 kernel: [    2.805705] evm: security.capability
Oct 23 14:00:51 ip-172-31-27-46 kernel: [    2.809606] evm: HMAC attrs: 0x1
Oct 23 14:00:51 ip-172-31-27-46 kernel: [    2.812902] xenbus_probe_frontend: Device with no driver: device/vif/0
Oct 23 14:00:51 ip-172-31-27-46 kernel: [    2.817690] PM:   Magic number: 9:200:31
Oct 23 14:00:51 ip-172-31-27-46 kernel: [    2.820922] memory memory200: hash matches
Oct 23 14:00:51 ip-172-31-27-46 kernel: [    2.824323] rtc_cmos 00:02: setting system clock to 2021-10-23T14:00:40 UTC (1634997640)
Oct 23 14:00:51 ip-172-31-27-46 kernel: [    2.832317] Freeing unused decrypted memory: 2036K
Oct 23 14:00:51 ip-172-31-27-46 kernel: [    2.836662] Freeing unused kernel image memory: 2656K
Oct 23 14:00:51 ip-172-31-27-46 kernel: [    2.855598] Write protecting the kernel read-only data: 22528k
Oct 23 14:00:51 ip-172-31-27-46 kernel: [    2.860705] Freeing unused kernel image memory: 2008K
Oct 23 14:00:51 ip-172-31-27-46 kernel: [    2.865116] Freeing unused kernel image memory: 1488K
Oct 23 14:00:51 ip-172-31-27-46 kernel: [    2.878248] x86/mm: Checked W+X mappings: passed, no W+X pages found.
Oct 23 14:00:51 ip-172-31-27-46 kernel: [    2.882994] x86/mm: Checking user space page tables
Oct 23 14:00:51 ip-172-31-27-46 kernel: [    2.895652] x86/mm: Checked W+X mappings: passed, no W+X pages found.
Oct 23 14:00:51 ip-172-31-27-46 kernel: [    2.900133] Run /init as init process
Oct 23 14:00:51 ip-172-31-27-46 kernel: [    3.007548] cryptd: max_cpu_qlen set to 1000
Oct 23 14:00:51 ip-172-31-27-46 kernel: [    3.015727] AVX2 version of gcm_enc/dec engaged.
Oct 23 14:00:51 ip-172-31-27-46 kernel: [    3.019570] AES CTR mode by8 optimization enabled
Oct 23 14:00:51 ip-172-31-27-46 dhclient[807]: bound to 172.31.27.46 -- renewal in 1383 seconds.
Oct 23 14:00:51 ip-172-31-27-46 cloud-init[744]: Cloud-init v. 21.1-19-gbad84ad4-0ubuntu1~18.04.1 running 'init-local' at Sat, 23 Oct 2021 14:00:47 +0000. Up 9.00 seconds.
Oct 23 14:00:51 ip-172-31-27-46 systemd[1]: Started Initial cloud-init job (pre-networking).
Oct 23 14:00:51 ip-172-31-27-46 systemd[1]: Reached target Network (Pre).
Oct 23 14:00:51 ip-172-31-27-46 kernel: [    3.023620] xen_netfront: Initialising Xen virtual ethernet driver
Oct 23 14:00:51 ip-172-31-27-46 systemd[1]: Starting Network Service...
Oct 23 14:00:51 ip-172-31-27-46 kernel: [    3.271587] tsc: Refined TSC clocksource calibration: 2400.000 MHz
Oct 23 14:00:51 ip-172-31-27-46 kernel: [    3.276111] clocksource: tsc: mask: 0xffffffffffffffff max_cycles: 0x22983777dd9, max_idle_ns: 440795300422 ns
Oct 23 14:00:51 ip-172-31-27-46 kernel: [    4.771564] raid6: avx2x4   gen() 23449 MB/s
Oct 23 14:00:51 ip-172-31-27-46 kernel: [    4.823565] raid6: avx2x4   xor() 15683 MB/s
Oct 23 14:00:51 ip-172-31-27-46 systemd-networkd[831]: Enumeration completed
Oct 23 14:00:51 ip-172-31-27-46 kernel: [    4.875567] raid6: avx2x2   gen() 21507 MB/s
Oct 23 14:00:51 ip-172-31-27-46 kernel: [    4.927566] raid6: avx2x2   xor() 13354 MB/s
Oct 23 14:00:51 ip-172-31-27-46 systemd[1]: Started Network Service.
Oct 23 14:00:51 ip-172-31-27-46 kernel: [    4.979568] raid6: avx2x1   gen() 18495 MB/s
Oct 23 14:00:51 ip-172-31-27-46 kernel: [    5.031545] raid6: avx2x1   xor() 12590 MB/s
Oct 23 14:00:51 ip-172-31-27-46 kernel: [    5.083567] raid6: sse2x4   gen() 13750 MB/s
Oct 23 14:00:51 ip-172-31-27-46 systemd-networkd[831]: eth0: Link UP
Oct 23 14:00:51 ip-172-31-27-46 kernel: [    5.135543] raid6: sse2x4   xor()  8622 MB/s
Oct 23 14:00:51 ip-172-31-27-46 kernel: [    5.187566] raid6: sse2x2   gen() 11494 MB/s
Oct 23 14:00:51 ip-172-31-27-46 kernel: [    5.239570] raid6: sse2x2   xor()  7518 MB/s
Oct 23 14:00:51 ip-172-31-27-46 systemd-networkd[831]: eth0: Gained carrier
Oct 23 14:00:51 ip-172-31-27-46 kernel: [    5.291572] raid6: sse2x1   gen()  9960 MB/s
Oct 23 14:00:51 ip-172-31-27-46 kernel: [    5.343550] raid6: sse2x1   xor()  6951 MB/s
Oct 23 14:00:51 ip-172-31-27-46 kernel: [    5.348152] raid6: using algorithm avx2x4 gen() 23449 MB/s
Oct 23 14:00:51 ip-172-31-27-46 systemd-timesyncd[639]: Network configuration changed, trying to establish connection.
Oct 23 14:00:51 ip-172-31-27-46 kernel: [    5.353619] raid6: .... xor() 15683 MB/s, rmw enabled
Oct 23 14:00:51 ip-172-31-27-46 kernel: [    5.358589] raid6: using avx2x2 recovery algorithm
Oct 23 14:00:51 ip-172-31-27-46 kernel: [    5.364719] xor: automatically using best checksumming function   avx       
Oct 23 14:00:51 ip-172-31-27-46 systemd-networkd[831]: eth0: Link DOWN
Oct 23 14:00:51 ip-172-31-27-46 kernel: [    5.372625] async_tx: api initialized (async)
Oct 23 14:00:51 ip-172-31-27-46 kernel: [    5.429069] Btrfs loaded, crc32c=crc32c-intel
Oct 23 14:00:51 ip-172-31-27-46 kernel: [    5.503508] EXT4-fs (xvda1): mounted filesystem with ordered data mode. Opts: (null)
Oct 23 14:00:51 ip-172-31-27-46 kernel: [    6.224623] systemd[1]: systemd 237 running in system mode. (+PAM +AUDIT +SELINUX +IMA +APPARMOR +SMACK +SYSVINIT +UTMP +LIBCRYPTSETUP +GCRYPT +GNUTLS +ACL +XZ +LZ4 +SECCOMP +BLKID +ELFUTILS +KMOD -IDN2 +IDN -PCRE2 default-hierarchy=hybrid)
Oct 23 14:00:51 ip-172-31-27-46 kernel: [    6.243934] systemd[1]: Detected virtualization xen.
Oct 23 14:00:51 ip-172-31-27-46 systemd-networkd[831]: eth0: Lost carrier
Oct 23 14:00:51 ip-172-31-27-46 kernel: [    6.248778] systemd[1]: Detected architecture x86-64.
Oct 23 14:00:51 ip-172-31-27-46 kernel: [    6.288244] systemd[1]: Set hostname to <ubuntu>.
Oct 23 14:00:51 ip-172-31-27-46 kernel: [    6.305233] systemd[1]: Initializing machine ID from random generator.
Oct 23 14:00:51 ip-172-31-27-46 systemd-networkd[831]: eth0: Removing non-existent address: fe80::a7:5fff:feb0:f111/64 (valid forever), ignoring
Oct 23 14:00:51 ip-172-31-27-46 kernel: [    6.312161] systemd[1]: Installed transient /etc/machine-id file.
Oct 23 14:00:51 ip-172-31-27-46 kernel: [    6.702306] systemd[1]: Reached target User and Group Name Lookups.
Oct 23 14:00:51 ip-172-31-27-46 systemd-networkd[831]: eth0: IPv6 successfully enabled
Oct 23 14:00:51 ip-172-31-27-46 kernel: [    6.710575] systemd[1]: Set up automount Arbitrary Executable File Formats File System Automount Point.
Oct 23 14:00:51 ip-172-31-27-46 kernel: [    6.724445] systemd[1]: Started Forward Password Requests to Wall Directory Watch.
Oct 23 14:00:51 ip-172-31-27-46 kernel: [    6.737246] systemd[1]: Reached target Swap.
Oct 23 14:00:51 ip-172-31-27-46 systemd[1]: Starting Wait for Network to be Configured...
Oct 23 14:00:51 ip-172-31-27-46 kernel: [    6.819253] Loading iSCSI transport class v2.0-870.
Oct 23 14:00:51 ip-172-31-27-46 kernel: [    6.865743] EXT4-fs (xvda1): re-mounted. Opts: discard
Oct 23 14:00:51 ip-172-31-27-46 kernel: [    6.883898] iscsi: registered transport (tcp)
Oct 23 14:00:51 ip-172-31-27-46 systemd-networkd[831]: lo: Link is not managed by us
Oct 23 14:00:51 ip-172-31-27-46 kernel: [    6.910872] systemd-journald[462]: Received request to flush runtime journal from PID 1
Oct 23 14:00:51 ip-172-31-27-46 kernel: [    6.956268] iscsi: registered transport (iser)
Oct 23 14:00:51 ip-172-31-27-46 kernel: [    7.810950] audit: type=1400 audit(1634997645.480:2): apparmor="STATUS" operation="profile_load" profile="unconfined" name="/usr/bin/lxc-start" pid=732 comm="apparmor_parser"
Oct 23 14:00:51 ip-172-31-27-46 systemd-networkd[831]: eth0: Link UP
Oct 23 14:00:51 ip-172-31-27-46 kernel: [    7.880553] audit: type=1400 audit(1634997645.552:3): apparmor="STATUS" operation="profile_load" profile="unconfined" name="/usr/bin/man" pid=735 comm="apparmor_parser"
Oct 23 14:00:51 ip-172-31-27-46 kernel: [    7.880876] audit: type=1400 audit(1634997645.552:4): apparmor="STATUS" operation="profile_load" profile="unconfined" name="man_filter" pid=735 comm="apparmor_parser"
Oct 23 14:00:51 ip-172-31-27-46 kernel: [    7.881234] audit: type=1400 audit(1634997645.552:5): apparmor="STATUS" operation="profile_load" profile="unconfined" name="man_groff" pid=735 comm="apparmor_parser"
Oct 23 14:00:51 ip-172-31-27-46 kernel: [    7.899069] audit: type=1400 audit(1634997645.568:6): apparmor="STATUS" operation="profile_load" profile="unconfined" name="/usr/sbin/tcpdump" pid=733 comm="apparmor_parser"
Oct 23 14:00:51 ip-172-31-27-46 systemd[1]: Starting Network Name Resolution...
Oct 23 14:00:51 ip-172-31-27-46 kernel: [    7.955433] audit: type=1400 audit(1634997645.624:7): apparmor="STATUS" operation="profile_load" profile="unconfined" name="/sbin/dhclient" pid=731 comm="apparmor_parser"
Oct 23 14:00:51 ip-172-31-27-46 kernel: [    7.955798] audit: type=1400 audit(1634997645.628:8): apparmor="STATUS" operation="profile_load" profile="unconfined" name="/usr/lib/NetworkManager/nm-dhcp-client.action" pid=731 comm="apparmor_parser"
Oct 23 14:00:51 ip-172-31-27-46 systemd-networkd-wait-online[857]: ignoring: lo
Oct 23 14:00:51 ip-172-31-27-46 systemd-resolved[863]: Positive Trust Anchors:
Oct 23 14:00:51 ip-172-31-27-46 kernel: [    7.956174] audit: type=1400 audit(1634997645.628:9): apparmor="STATUS" operation="profile_load" profile="unconfined" name="/usr/lib/NetworkManager/nm-dhcp-helper" pid=731 comm="apparmor_parser"
Oct 23 14:00:51 ip-172-31-27-46 systemd-resolved[863]: . IN DS 19036 8 2 49aac11d7b6f6446702e54a1607371607a1a41855200fd2ce1cdde32f24e8fb5
Oct 23 14:00:51 ip-172-31-27-46 kernel: [    7.956527] audit: type=1400 audit(1634997645.628:10): apparmor="STATUS" operation="profile_load" profile="unconfined" name="/usr/lib/connman/scripts/dhclient-script" pid=731 comm="apparmor_parser"
Oct 23 14:00:51 ip-172-31-27-46 kernel: [    8.033186] audit: type=1400 audit(1634997645.704:11): apparmor="STATUS" operation="profile_load" profile="unconfined" name="lxc-container-default" pid=729 comm="apparmor_parser"
Oct 23 14:00:51 ip-172-31-27-46 systemd-resolved[863]: . IN DS 20326 8 2 e06d44b80b8f1d39a95c0b0d7c65d08458e880409bbc683457104237c7f8ec8d
Oct 23 14:00:51 ip-172-31-27-46 kernel: [   12.544281] EXT4-fs (xvda1): resizing filesystem from 2096891 to 33554171 blocks
Oct 23 14:00:51 ip-172-31-27-46 kernel: [   13.320770] EXT4-fs (xvda1): resized filesystem to 33554171
Oct 23 14:00:51 ip-172-31-27-46 kernel: [   14.163771] new mount options do not match the existing superblock, will be ignored
Oct 23 14:00:51 ip-172-31-27-46 systemd-resolved[863]: Negative trust anchors: 10.in-addr.arpa 16.172.in-addr.arpa 17.172.in-addr.arpa 18.172.in-addr.arpa 19.172.in-addr.arpa 20.172.in-addr.arpa 21.172.in-addr.arpa 22.172.in-addr.arpa 23.172.in-addr.arpa 24.172.in-addr.arpa 25.172.in-addr.arpa 26.172.in-addr.arpa 27.172.in-addr.arpa 28.172.in-addr.arpa 29.172.in-addr.arpa 30.172.in-addr.arpa 31.172.in-addr.arpa 168.192.in-addr.arpa d.f.ip6.arpa corp home internal intranet lan local private test
Oct 23 14:00:51 ip-172-31-27-46 systemd-resolved[863]: Using system hostname 'ip-172-31-27-46'.
Oct 23 14:00:51 ip-172-31-27-46 systemd[1]: Started Network Name Resolution.
Oct 23 14:00:51 ip-172-31-27-46 systemd-networkd[831]: eth0: Gained carrier
Oct 23 14:00:51 ip-172-31-27-46 systemd[1]: Reached target Host and Network Name Lookups.
Oct 23 14:00:51 ip-172-31-27-46 systemd-networkd-wait-online[857]: ignoring: lo
Oct 23 14:00:51 ip-172-31-27-46 systemd[1]: Reached target Network.
Oct 23 14:00:51 ip-172-31-27-46 systemd-networkd[831]: eth0: DHCPv4 address 172.31.27.46/20 via 172.31.16.1
Oct 23 14:00:51 ip-172-31-27-46 systemd-networkd[831]: Not connected to system bus, not setting hostname.
Oct 23 14:00:51 ip-172-31-27-46 systemd-networkd-wait-online[857]: ignoring: lo
Oct 23 14:00:51 ip-172-31-27-46 systemd-networkd-wait-online[857]: ignoring: lo
Oct 23 14:00:51 ip-172-31-27-46 systemd-timesyncd[639]: Network configuration changed, trying to establish connection.
Oct 23 14:00:51 ip-172-31-27-46 systemd-networkd-wait-online[857]: ignoring: lo
Oct 23 14:00:51 ip-172-31-27-46 systemd-networkd[831]: eth0: Gained IPv6LL
Oct 23 14:00:51 ip-172-31-27-46 systemd-networkd[831]: eth0: Configured
Oct 23 14:00:51 ip-172-31-27-46 systemd-timesyncd[639]: Network configuration changed, trying to establish connection.
Oct 23 14:00:51 ip-172-31-27-46 systemd-networkd-wait-online[857]: ignoring: lo
Oct 23 14:00:51 ip-172-31-27-46 systemd-networkd-wait-online[857]: managing: eth0
Oct 23 14:00:51 ip-172-31-27-46 systemd[1]: Started Wait for Network to be Configured.
Oct 23 14:00:51 ip-172-31-27-46 systemd[1]: Starting Initial cloud-init job (metadata service crawler)...
Oct 23 14:00:51 ip-172-31-27-46 cloud-init[885]: Cloud-init v. 21.1-19-gbad84ad4-0ubuntu1~18.04.1 running 'init' at Sat, 23 Oct 2021 14:00:49 +0000. Up 11.29 seconds.
Oct 23 14:00:51 ip-172-31-27-46 cloud-init[885]: ci-info: ++++++++++++++++++++++++++++++++++++++Net device info++++++++++++++++++++++++++++++++++++++
Oct 23 14:00:51 ip-172-31-27-46 cloud-init[885]: ci-info: +--------+------+----------------------------+---------------+--------+-------------------+
Oct 23 14:00:51 ip-172-31-27-46 cloud-init[885]: ci-info: | Device |  Up  |          Address           |      Mask     | Scope  |     Hw-Address    |
Oct 23 14:00:51 ip-172-31-27-46 cloud-init[885]: ci-info: +--------+------+----------------------------+---------------+--------+-------------------+
Oct 23 14:00:51 ip-172-31-27-46 cloud-init[885]: ci-info: |  eth0  | True |        172.31.27.46        | 255.255.240.0 | global | 02:a7:5f:b0:f1:11 |
Oct 23 14:00:51 ip-172-31-27-46 cloud-init[885]: ci-info: |  eth0  | True | fe80::a7:5fff:feb0:f111/64 |       .       |  link  | 02:a7:5f:b0:f1:11 |
Oct 23 14:00:51 ip-172-31-27-46 cloud-init[885]: ci-info: |   lo   | True |         127.0.0.1          |   255.0.0.0   |  host  |         .         |
Oct 23 14:00:51 ip-172-31-27-46 cloud-init[885]: ci-info: |   lo   | True |          ::1/128           |       .       |  host  |         .         |
Oct 23 14:00:51 ip-172-31-27-46 cloud-init[885]: ci-info: +--------+------+----------------------------+---------------+--------+-------------------+
Oct 23 14:00:51 ip-172-31-27-46 cloud-init[885]: ci-info: ++++++++++++++++++++++++++++++Route IPv4 info++++++++++++++++++++++++++++++
Oct 23 14:00:51 ip-172-31-27-46 cloud-init[885]: ci-info: +-------+-------------+-------------+-----------------+-----------+-------+
Oct 23 14:00:51 ip-172-31-27-46 cloud-init[885]: ci-info: | Route | Destination |   Gateway   |     Genmask     | Interface | Flags |
Oct 23 14:00:51 ip-172-31-27-46 cloud-init[885]: ci-info: +-------+-------------+-------------+-----------------+-----------+-------+
Oct 23 14:00:51 ip-172-31-27-46 cloud-init[885]: ci-info: |   0   |   0.0.0.0   | 172.31.16.1 |     0.0.0.0     |    eth0   |   UG  |
Oct 23 14:00:51 ip-172-31-27-46 cloud-init[885]: ci-info: |   1   | 172.31.16.0 |   0.0.0.0   |  255.255.240.0  |    eth0   |   U   |
Oct 23 14:00:51 ip-172-31-27-46 cloud-init[885]: ci-info: |   2   | 172.31.16.1 |   0.0.0.0   | 255.255.255.255 |    eth0   |   UH  |
Oct 23 14:00:51 ip-172-31-27-46 cloud-init[885]: ci-info: +-------+-------------+-------------+-----------------+-----------+-------+
Oct 23 14:00:51 ip-172-31-27-46 cloud-init[885]: ci-info: +++++++++++++++++++Route IPv6 info+++++++++++++++++++
Oct 23 14:00:51 ip-172-31-27-46 cloud-init[885]: ci-info: +-------+-------------+---------+-----------+-------+
Oct 23 14:00:51 ip-172-31-27-46 cloud-init[885]: ci-info: | Route | Destination | Gateway | Interface | Flags |
Oct 23 14:00:51 ip-172-31-27-46 cloud-init[885]: ci-info: +-------+-------------+---------+-----------+-------+
Oct 23 14:00:51 ip-172-31-27-46 cloud-init[885]: ci-info: |   1   |  fe80::/64  |    ::   |    eth0   |   U   |
Oct 23 14:00:51 ip-172-31-27-46 cloud-init[885]: ci-info: |   3   |    local    |    ::   |    eth0   |   U   |
Oct 23 14:00:51 ip-172-31-27-46 cloud-init[885]: ci-info: |   4   |  multicast  |    ::   |    eth0   |   U   |
Oct 23 14:00:51 ip-172-31-27-46 cloud-init[885]: ci-info: +-------+-------------+---------+-----------+-------+
Oct 23 14:00:51 ip-172-31-27-46 cloud-init[885]: Generating public/private rsa key pair.
Oct 23 14:00:51 ip-172-31-27-46 cloud-init[885]: Your identification has been saved in /etc/ssh/ssh_host_rsa_key.
Oct 23 14:00:51 ip-172-31-27-46 cloud-init[885]: Your public key has been saved in /etc/ssh/ssh_host_rsa_key.pub.
Oct 23 14:00:51 ip-172-31-27-46 cloud-init[885]: The key fingerprint is:
Oct 23 14:00:51 ip-172-31-27-46 cloud-init[885]: SHA256:O7eiQ2D/g1MAovFd0qUrrEGh7oeJhl19MBx8zJRYEkI root@ip-172-31-27-46
Oct 23 14:00:51 ip-172-31-27-46 cloud-init[885]: The key's randomart image is:
Oct 23 14:00:51 ip-172-31-27-46 cloud-init[885]: +---[RSA 2048]----+
Oct 23 14:00:51 ip-172-31-27-46 cloud-init[885]: |  ..Eo+O+.       |
Oct 23 14:00:51 ip-172-31-27-46 cloud-init[885]: |....oo=+=        |
Oct 23 14:00:51 ip-172-31-27-46 cloud-init[885]: |.+.o +=.         |
Oct 23 14:00:51 ip-172-31-27-46 cloud-init[885]: |o...+..+         |
Oct 23 14:00:51 ip-172-31-27-46 cloud-init[885]: | ...+oo.S        |
Oct 23 14:00:51 ip-172-31-27-46 cloud-init[885]: |+.o+ .o...       |
Oct 23 14:00:51 ip-172-31-27-46 cloud-init[885]: |o=o. . +o .      |
Oct 23 14:00:51 ip-172-31-27-46 cloud-init[885]: |. .   + +o .     |
Oct 23 14:00:51 ip-172-31-27-46 cloud-init[885]: |      .+ o.      |
Oct 23 14:00:51 ip-172-31-27-46 cloud-init[885]: +----[SHA256]-----+
Oct 23 14:00:51 ip-172-31-27-46 cloud-init[885]: Generating public/private dsa key pair.
Oct 23 14:00:51 ip-172-31-27-46 cloud-init[885]: Your identification has been saved in /etc/ssh/ssh_host_dsa_key.
Oct 23 14:00:51 ip-172-31-27-46 cloud-init[885]: Your public key has been saved in /etc/ssh/ssh_host_dsa_key.pub.
Oct 23 14:00:51 ip-172-31-27-46 cloud-init[885]: The key fingerprint is:
Oct 23 14:00:51 ip-172-31-27-46 cloud-init[885]: SHA256:u/yj4N7Tr84wzB9lC75/8Sc+gDGfEpEYKIcxdu6bRFs root@ip-172-31-27-46
Oct 23 14:00:51 ip-172-31-27-46 cloud-init[885]: The key's randomart image is:
Oct 23 14:00:51 ip-172-31-27-46 cloud-init[885]: +---[DSA 1024]----+
Oct 23 14:00:51 ip-172-31-27-46 cloud-init[885]: |    +o...o .     |
Oct 23 14:00:51 ip-172-31-27-46 cloud-init[885]: |   .o+o . o      |
Oct 23 14:00:51 ip-172-31-27-46 cloud-init[885]: |     oo E  .     |
Oct 23 14:00:51 ip-172-31-27-46 cloud-init[885]: |     o o  +      |
Oct 23 14:00:51 ip-172-31-27-46 cloud-init[885]: |      + S .*o.   |
Oct 23 14:00:51 ip-172-31-27-46 cloud-init[885]: |     . = oo++..  |
Oct 23 14:00:51 ip-172-31-27-46 cloud-init[885]: |      + *.o... o |
Oct 23 14:00:51 ip-172-31-27-46 cloud-init[885]: |     . +.*oo  + o|
Oct 23 14:00:51 ip-172-31-27-46 cloud-init[885]: |     .o ==B=oo.o.|
Oct 23 14:00:51 ip-172-31-27-46 cloud-init[885]: +----[SHA256]-----+
Oct 23 14:00:51 ip-172-31-27-46 cloud-init[885]: Generating public/private ecdsa key pair.
Oct 23 14:00:51 ip-172-31-27-46 cloud-init[885]: Your identification has been saved in /etc/ssh/ssh_host_ecdsa_key.
Oct 23 14:00:51 ip-172-31-27-46 cloud-init[885]: Your public key has been saved in /etc/ssh/ssh_host_ecdsa_key.pub.
Oct 23 14:00:51 ip-172-31-27-46 cloud-init[885]: The key fingerprint is:
Oct 23 14:00:51 ip-172-31-27-46 cloud-init[885]: SHA256:qqlo00us3R/iV5JAZji2bnZIvhcT0G8JNegfdm/SFOA root@ip-172-31-27-46
Oct 23 14:00:51 ip-172-31-27-46 cloud-init[885]: The key's randomart image is:
Oct 23 14:00:51 ip-172-31-27-46 cloud-init[885]: +---[ECDSA 256]---+
Oct 23 14:00:51 ip-172-31-27-46 cloud-init[885]: |    o oo ..      |
Oct 23 14:00:51 ip-172-31-27-46 cloud-init[885]: |   = B  o  .     |
Oct 23 14:00:51 ip-172-31-27-46 cloud-init[885]: |  . O o .E  .    |
Oct 23 14:00:51 ip-172-31-27-46 cloud-init[885]: |   o + * . .     |
Oct 23 14:00:51 ip-172-31-27-46 cloud-init[885]: |  + . * S +      |
Oct 23 14:00:51 ip-172-31-27-46 cloud-init[885]: |  .* + = o +     |
Oct 23 14:00:51 ip-172-31-27-46 cloud-init[885]: |  +oo.+.o o      |
Oct 23 14:00:51 ip-172-31-27-46 cloud-init[885]: | ++oo+...        |
Oct 23 14:00:51 ip-172-31-27-46 cloud-init[885]: |o.o+=oo.         |
Oct 23 14:00:51 ip-172-31-27-46 cloud-init[885]: +----[SHA256]-----+
Oct 23 14:00:51 ip-172-31-27-46 cloud-init[885]: Generating public/private ed25519 key pair.
Oct 23 14:00:51 ip-172-31-27-46 cloud-init[885]: Your identification has been saved in /etc/ssh/ssh_host_ed25519_key.
Oct 23 14:00:51 ip-172-31-27-46 cloud-init[885]: Your public key has been saved in /etc/ssh/ssh_host_ed25519_key.pub.
Oct 23 14:00:51 ip-172-31-27-46 cloud-init[885]: The key fingerprint is:
Oct 23 14:00:51 ip-172-31-27-46 cloud-init[885]: SHA256:g3l81WVvhLs3xDu2TSnhi7iuuCWazA1YrCkFCrPjqOs root@ip-172-31-27-46
Oct 23 14:00:51 ip-172-31-27-46 cloud-init[885]: The key's randomart image is:
Oct 23 14:00:51 ip-172-31-27-46 cloud-init[885]: +--[ED25519 256]--+
Oct 23 14:00:51 ip-172-31-27-46 cloud-init[885]: |               .+|
Oct 23 14:00:51 ip-172-31-27-46 cloud-init[885]: |             ..+.|
Oct 23 14:00:51 ip-172-31-27-46 cloud-init[885]: |+           . o.o|
Oct 23 14:00:51 ip-172-31-27-46 cloud-init[885]: |o+.    +   . ..+ |
Oct 23 14:00:51 ip-172-31-27-46 cloud-init[885]: |+ .o  o S . . o.o|
Oct 23 14:00:51 ip-172-31-27-46 cloud-init[885]: |oo=    . o   o.*o|
Oct 23 14:00:51 ip-172-31-27-46 cloud-init[885]: |o= . . .  . . +o=|
Oct 23 14:00:51 ip-172-31-27-46 cloud-init[885]: |o o = +  . . . ..|
Oct 23 14:00:51 ip-172-31-27-46 systemd[1]: Started Initial cloud-init job (metadata service crawler).
Oct 23 14:00:51 ip-172-31-27-46 acpid: starting up with netlink and the input layer
Oct 23 14:00:51 ip-172-31-27-46 cloud-init[885]: |+E = +..oo.      |
Oct 23 14:00:51 ip-172-31-27-46 cloud-init[885]: +----[SHA256]-----+
Oct 23 14:00:51 ip-172-31-27-46 systemd[1]: Reached target System Initialization.
Oct 23 14:00:51 ip-172-31-27-46 acpid: 2 rules loaded
Oct 23 14:00:51 ip-172-31-27-46 systemd[1]: Started ACPI Events Check.
Oct 23 14:00:51 ip-172-31-27-46 acpid: waiting for events: event logging is off
Oct 23 14:00:51 ip-172-31-27-46 systemd[1]: Listening on D-Bus System Message Bus Socket.
Oct 23 14:00:51 ip-172-31-27-46 systemd[1]: Listening on ACPID Listen Socket.
Oct 23 14:00:51 ip-172-31-27-46 systemd[1]: Started Daily Cleanup of Temporary Directories.
Oct 23 14:00:51 ip-172-31-27-46 systemd[1]: Started Message of the Day.
Oct 23 14:00:51 ip-172-31-27-46 systemd[1]: Started Discard unused blocks once a week.
Oct 23 14:00:51 ip-172-31-27-46 systemd[1]: Starting LXD - unix socket.
Oct 23 14:00:51 ip-172-31-27-46 systemd[1]: Listening on Open-iSCSI iscsid Socket.
Oct 23 14:00:51 ip-172-31-27-46 systemd[1]: Reached target Paths.
Oct 23 14:00:51 ip-172-31-27-46 systemd[1]: Started Daily apt download activities.
Oct 23 14:00:51 ip-172-31-27-46 lxcfs[1085]: mount namespace: 5
Oct 23 14:00:51 ip-172-31-27-46 lxcfs[1085]: hierarchies:
Oct 23 14:00:51 ip-172-31-27-46 lxcfs[1085]:   0: fd:   6: cpuset
Oct 23 14:00:51 ip-172-31-27-46 lxcfs[1085]:   1: fd:   7: hugetlb
Oct 23 14:00:51 ip-172-31-27-46 lxcfs[1085]:   2: fd:   8: devices
Oct 23 14:00:51 ip-172-31-27-46 lxcfs[1085]:   3: fd:   9: memory
Oct 23 14:00:51 ip-172-31-27-46 lxcfs[1085]:   4: fd:  10: perf_event
Oct 23 14:00:51 ip-172-31-27-46 lxcfs[1085]:   5: fd:  11: freezer
Oct 23 14:00:51 ip-172-31-27-46 lxcfs[1085]:   6: fd:  12: cpu,cpuacct
Oct 23 14:00:51 ip-172-31-27-46 lxcfs[1085]:   7: fd:  13: rdma
Oct 23 14:00:51 ip-172-31-27-46 lxcfs[1085]:   8: fd:  14: blkio
Oct 23 14:00:51 ip-172-31-27-46 lxcfs[1085]:   9: fd:  15: pids
Oct 23 14:00:51 ip-172-31-27-46 lxcfs[1085]:  10: fd:  16: net_cls,net_prio
Oct 23 14:00:51 ip-172-31-27-46 lxcfs[1085]:  11: fd:  17: name=systemd
Oct 23 14:00:51 ip-172-31-27-46 lxcfs[1085]:  12: fd:  18: unified
Oct 23 14:00:51 ip-172-31-27-46 systemd[1]: Started Daily apt upgrade and clean activities.
Oct 23 14:00:51 ip-172-31-27-46 pollinate[1053]: client sent challenge to [https://entropy.ubuntu.com/]
Oct 23 14:00:51 ip-172-31-27-46 systemd[1]: Listening on UUID daemon activation socket.
Oct 23 14:00:51 ip-172-31-27-46 rsyslogd: imuxsock: Acquired UNIX socket '/run/systemd/journal/syslog' (fd 3) from systemd.  [v8.32.0]
Oct 23 14:00:51 ip-172-31-27-46 systemd[1]: Starting Socket activation for snappy daemon.
Oct 23 14:00:51 ip-172-31-27-46 rsyslogd: rsyslogd's groupid changed to 106
Oct 23 14:00:51 ip-172-31-27-46 systemd[1]: Reached target Timers.
Oct 23 14:00:51 ip-172-31-27-46 rsyslogd: rsyslogd's userid changed to 102
Oct 23 14:00:51 ip-172-31-27-46 systemd[1]: Reached target Cloud-config availability.
Oct 23 14:00:51 ip-172-31-27-46 rsyslogd:  [origin software="rsyslogd" swVersion="8.32.0" x-pid="1008" x-info="http://www.rsyslog.com"] start
Oct 23 14:00:51 ip-172-31-27-46 systemd[1]: Reached target Network is Online.
Oct 23 14:00:51 ip-172-31-27-46 systemd[1]: Starting Availability of block devices...
Oct 23 14:00:51 ip-172-31-27-46 systemd[1]: Reached target Remote File Systems (Pre).
Oct 23 14:00:51 ip-172-31-27-46 systemd[1]: Reached target Remote File Systems.
Oct 23 14:00:51 ip-172-31-27-46 systemd[1]: Listening on LXD - unix socket.
Oct 23 14:00:51 ip-172-31-27-46 systemd[1]: Listening on Socket activation for snappy daemon.
Oct 23 14:00:51 ip-172-31-27-46 systemd[1]: Started Availability of block devices.
Oct 23 14:00:51 ip-172-31-27-46 systemd[1]: Reached target Sockets.
Oct 23 14:00:51 ip-172-31-27-46 systemd[1]: Reached target Basic System.
Oct 23 14:00:51 ip-172-31-27-46 systemd[1]: Starting Login Service...
Oct 23 14:00:51 ip-172-31-27-46 systemd[1]: Starting System Logging Service...
Oct 23 14:00:51 ip-172-31-27-46 systemd[1]: Started Deferred execution scheduler.
Oct 23 14:00:51 ip-172-31-27-46 systemd[1]: Starting Accounts Service...
Oct 23 14:00:51 ip-172-31-27-46 systemd[1]: Starting Permit User Sessions...
Oct 23 14:00:51 ip-172-31-27-46 systemd[1]: Started irqbalance daemon.
Oct 23 14:00:51 ip-172-31-27-46 systemd[1]: Starting LSB: Record successful boot for GRUB...
Oct 23 14:00:51 ip-172-31-27-46 systemd[1]: Starting LXD - container startup/shutdown...
Oct 23 14:00:51 ip-172-31-27-46 systemd[1]: Starting Pollinate to seed the pseudo random number generator...
Oct 23 14:00:51 ip-172-31-27-46 systemd[1]: Starting Dispatcher daemon for systemd-networkd...
Oct 23 14:00:51 ip-172-31-27-46 systemd[1]: Started ACPI event daemon.
Oct 23 14:00:51 ip-172-31-27-46 systemd[1]: Started FUSE filesystem for LXC.
Oct 23 14:00:51 ip-172-31-27-46 systemd[1]: Started D-Bus System Message Bus.
Oct 23 14:00:51 ip-172-31-27-46 dbus-daemon[1091]: [system] AppArmor D-Bus mediation is enabled
Oct 23 14:00:51 ip-172-31-27-46 dbus-daemon[1091]: [system] Successfully activated service 'org.freedesktop.systemd1'
Oct 23 14:00:51 ip-172-31-27-46 dbus-daemon[1091]: [system] Activating via systemd: service name='org.freedesktop.hostname1' unit='dbus-org.freedesktop.hostname1.service' requested by ':1.1' (uid=100 pid=831 comm="/lib/systemd/systemd-networkd " label="unconfined")
Oct 23 14:00:51 ip-172-31-27-46 systemd[1]: Started Login Service.
Oct 23 14:00:51 ip-172-31-27-46 systemd[1]: Started Regular background program processing daemon.
Oct 23 14:00:51 ip-172-31-27-46 dbus-daemon[1091]: [system] Activating via systemd: service name='org.freedesktop.PolicyKit1' unit='polkit.service' requested by ':1.4' (uid=0 pid=1014 comm="/usr/lib/accountsservice/accounts-daemon " label="unconfined")
Oct 23 14:00:51 ip-172-31-27-46 systemd[1]: Starting LSB: automatic crash report generation...
Oct 23 14:00:51 ip-172-31-27-46 systemd[1]: Starting Snap Daemon...
Oct 23 14:00:51 ip-172-31-27-46 systemd[1]: Started Unattended Upgrades Shutdown.
Oct 23 14:00:51 ip-172-31-27-46 cron[1188]: (CRON) INFO (pidfile fd = 3)
Oct 23 14:00:51 ip-172-31-27-46 systemd[1]: Started System Logging Service.
Oct 23 14:00:51 ip-172-31-27-46 systemd[1]: Started Permit User Sessions.
Oct 23 14:00:51 ip-172-31-27-46 cron[1188]: (CRON) INFO (Running @reboot jobs)
Oct 23 14:00:51 ip-172-31-27-46 grub-common[1036]:  * Recording successful boot for GRUB
Oct 23 14:00:51 ip-172-31-27-46 apport[1196]:  * Starting automatic crash report generation: apport
Oct 23 14:00:51 ip-172-31-27-46 systemd[1]: Starting Authorization Manager...
Oct 23 14:00:51 ip-172-31-27-46 systemd[1]: Starting Hostname Service...
Oct 23 14:00:51 ip-172-31-27-46 systemd[1]: Starting Terminate Plymouth Boot Screen...
Oct 23 14:00:51 ip-172-31-27-46 systemd[1]: Starting Hold until boot process finishes up...
Oct 23 14:00:51 ip-172-31-27-46 systemd[1]: Started Hold until boot process finishes up.
Oct 23 14:00:51 ip-172-31-27-46 apport[1196]:    ...done.
Oct 23 14:00:51 ip-172-31-27-46 systemd[1]: Started LSB: automatic crash report generation.
Oct 23 14:00:51 ip-172-31-27-46 dbus-daemon[1091]: [system] Successfully activated service 'org.freedesktop.hostname1'
Oct 23 14:00:51 ip-172-31-27-46 systemd[1]: Started Terminate Plymouth Boot Screen.
Oct 23 14:00:51 ip-172-31-27-46 systemd[1]: Started Hostname Service.
Oct 23 14:00:51 ip-172-31-27-46 systemd[1]: Started Serial Getty on ttyS0.
Oct 23 14:00:51 ip-172-31-27-46 systemd[1]: Starting Set console scheme...
Oct 23 14:00:51 ip-172-31-27-46 systemd[1]: Started Set console scheme.
Oct 23 14:00:51 ip-172-31-27-46 systemd[1]: Created slice system-getty.slice.
Oct 23 14:00:51 ip-172-31-27-46 polkitd[1235]: started daemon version 0.105 using authority implementation `local' version `0.105'
Oct 23 14:00:51 ip-172-31-27-46 systemd[1]: Started Getty on tty1.
Oct 23 14:00:51 ip-172-31-27-46 dbus-daemon[1091]: [system] Successfully activated service 'org.freedesktop.PolicyKit1'
Oct 23 14:00:51 ip-172-31-27-46 accounts-daemon[1014]: started daemon version 0.6.45
Oct 23 14:00:51 ip-172-31-27-46 systemd[1]: Reached target Login Prompts.
Oct 23 14:00:51 ip-172-31-27-46 grub-common[1036]:    ...done.
Oct 23 14:00:51 ip-172-31-27-46 systemd[1]: Started LSB: Record successful boot for GRUB.
Oct 23 14:00:51 ip-172-31-27-46 systemd[1]: Started Authorization Manager.
Oct 23 14:00:51 ip-172-31-27-46 systemd[1]: Started Accounts Service.
Oct 23 14:00:51 ip-172-31-27-46 networkd-dispatcher[1061]: No valid path found for iwconfig
Oct 23 14:00:51 ip-172-31-27-46 networkd-dispatcher[1061]: No valid path found for iw
Oct 23 14:00:51 ip-172-31-27-46 systemd[1]: Started Dispatcher daemon for systemd-networkd.
Oct 23 14:00:52 ip-172-31-27-46 snapd[1199]: AppArmor status: apparmor is enabled and all features are available
Oct 23 14:00:52 ip-172-31-27-46 snapd[1199]: daemon.go:347: started snapd/2.48.3+18.04 (series 16; classic) ubuntu/18.04 (amd64) linux/5.4.0-1045-aws.
Oct 23 14:00:52 ip-172-31-27-46 systemd[1]: Started LXD - container startup/shutdown.
Oct 23 14:00:52 ip-172-31-27-46 snapd[1199]: daemon.go:440: adjusting startup timeout by 30s (pessimistic estimate of 30s plus 5s per snap)
Oct 23 14:00:52 ip-172-31-27-46 snapd[1199]: helpers.go:105: error trying to compare the snap system key: system-key missing on disk
Oct 23 14:00:52 ip-172-31-27-46 systemd[1]: Started Snap Daemon.
Oct 23 14:00:52 ip-172-31-27-46 systemd[1]: Starting Wait until snapd is fully seeded...
Oct 23 14:00:52 ip-172-31-27-46 pollinate[1053]: client verified challenge/response with [https://entropy.ubuntu.com/]
Oct 23 14:00:52 ip-172-31-27-46 pollinate[1053]: client hashed response from [https://entropy.ubuntu.com/]
Oct 23 14:00:52 ip-172-31-27-46 pollinate[1053]: client successfully seeded [/dev/urandom]
Oct 23 14:00:52 ip-172-31-27-46 systemd[1]: Started Pollinate to seed the pseudo random number generator.
Oct 23 14:00:52 ip-172-31-27-46 systemd[1]: Starting OpenBSD Secure Shell server...
Oct 23 14:00:53 ip-172-31-27-46 systemd[1]: Started OpenBSD Secure Shell server.
Oct 23 14:00:56 ip-172-31-27-46 systemd[1]: Reloading.
Oct 23 14:00:56 ip-172-31-27-46 systemd[1]: Reloading.
Oct 23 14:00:56 ip-172-31-27-46 systemd[1]: Mounting Mount unit for snapd, revision 11588...
Oct 23 14:00:56 ip-172-31-27-46 systemd[1]: Mounted Mount unit for snapd, revision 11588.
Oct 23 14:00:56 ip-172-31-27-46 kernel: [   19.291244] kauditd_printk_skb: 5 callbacks suppressed
Oct 23 14:00:56 ip-172-31-27-46 kernel: [   19.291246] audit: type=1400 audit(1634997656.960:17): apparmor="STATUS" operation="profile_load" profile="unconfined" name="/snap/snapd/11588/usr/lib/snapd/snap-confine" pid=1772 comm="apparmor_parser"
Oct 23 14:00:56 ip-172-31-27-46 kernel: [   19.291440] audit: type=1400 audit(1634997656.960:18): apparmor="STATUS" operation="profile_load" profile="unconfined" name="/snap/snapd/11588/usr/lib/snapd/snap-confine//mount-namespace-capture-helper" pid=1772 comm="apparmor_parser"
Oct 23 14:00:57 ip-172-31-27-46 snapd[1199]: daemon.go:589: gracefully waiting for running hooks
Oct 23 14:00:57 ip-172-31-27-46 snapd[1199]: daemon.go:591: done waiting for running hooks
Oct 23 14:00:59 ip-172-31-27-46 systemd[1]: snapd.service: Service hold-off time over, scheduling restart.
Oct 23 14:00:59 ip-172-31-27-46 systemd[1]: snapd.service: Scheduled restart job, restart counter is at 1.
Oct 23 14:00:59 ip-172-31-27-46 systemd[1]: Stopped Snap Daemon.
Oct 23 14:00:59 ip-172-31-27-46 systemd[1]: Starting Snap Daemon...
Oct 23 14:00:59 ip-172-31-27-46 snapd[1808]: AppArmor status: apparmor is enabled and all features are available
Oct 23 14:00:59 ip-172-31-27-46 snapd[1808]: AppArmor status: apparmor is enabled and all features are available
Oct 23 14:00:59 ip-172-31-27-46 snapd[1808]: patch.go:64: Patching system state level 6 to sublevel 1...
Oct 23 14:00:59 ip-172-31-27-46 snapd[1808]: patch.go:64: Patching system state level 6 to sublevel 2...
Oct 23 14:00:59 ip-172-31-27-46 snapd[1808]: patch.go:64: Patching system state level 6 to sublevel 3...
Oct 23 14:00:59 ip-172-31-27-46 snapd[1808]: daemon.go:347: started snapd/2.49.2 (series 16; classic) ubuntu/18.04 (amd64) linux/5.4.0-1045-aws.
Oct 23 14:01:00 ip-172-31-27-46 snapd[1808]: daemon.go:440: adjusting startup timeout by 35s (pessimistic estimate of 30s plus 5s per snap)
Oct 23 14:01:00 ip-172-31-27-46 kernel: [   22.436387] audit: type=1400 audit(1634997660.108:19): apparmor="STATUS" operation="profile_replace" profile="unconfined" name="/snap/snapd/11588/usr/lib/snapd/snap-confine" pid=1879 comm="apparmor_parser"
Oct 23 14:01:00 ip-172-31-27-46 kernel: [   22.463603] audit: type=1400 audit(1634997660.136:20): apparmor="STATUS" operation="profile_replace" profile="unconfined" name="/snap/snapd/11588/usr/lib/snapd/snap-confine//mount-namespace-capture-helper" pid=1879 comm="apparmor_parser"
Oct 23 14:01:00 ip-172-31-27-46 systemd[1]: Started Snap Daemon.
Oct 23 14:01:00 ip-172-31-27-46 systemd[1]: Reloading.
Oct 23 14:01:00 ip-172-31-27-46 systemd[1]: Reloading.
Oct 23 14:01:01 ip-172-31-27-46 systemd[1]: Mounting Mount unit for core18, revision 1997...
Oct 23 14:01:01 ip-172-31-27-46 systemd[1]: Mounted Mount unit for core18, revision 1997.
Oct 23 14:01:01 ip-172-31-27-46 systemd[1]: Reloading.
Oct 23 14:01:01 ip-172-31-27-46 systemd[1]: Reloading.
Oct 23 14:01:01 ip-172-31-27-46 systemd[1]: Mounting Mount unit for amazon-ssm-agent, revision 3552...
Oct 23 14:01:01 ip-172-31-27-46 systemd[1]: Mounted Mount unit for amazon-ssm-agent, revision 3552.
Oct 23 14:01:01 ip-172-31-27-46 kernel: [   24.107209] audit: type=1400 audit(1634997661.776:21): apparmor="STATUS" operation="profile_load" profile="unconfined" name="snap.amazon-ssm-agent.amazon-ssm-agent" pid=2183 comm="apparmor_parser"
Oct 23 14:01:01 ip-172-31-27-46 kernel: [   24.107267] audit: type=1400 audit(1634997661.776:22): apparmor="STATUS" operation="profile_load" profile="unconfined" name="snap.amazon-ssm-agent.ssm-cli" pid=2184 comm="apparmor_parser"
Oct 23 14:01:01 ip-172-31-27-46 kernel: [   24.113748] audit: type=1400 audit(1634997661.784:23): apparmor="STATUS" operation="profile_load" profile="unconfined" name="snap-update-ns.amazon-ssm-agent" pid=2182 comm="apparmor_parser"
Oct 23 14:01:01 ip-172-31-27-46 systemd[1]: Reloading.
Oct 23 14:01:02 ip-172-31-27-46 systemd[1]: Reloading.
Oct 23 14:01:02 ip-172-31-27-46 systemd[1]: Started Service for snap application amazon-ssm-agent.amazon-ssm-agent.
Oct 23 14:01:03 ip-172-31-27-46 amazon-ssm-agent.amazon-ssm-agent[2247]: Error occurred fetching the seelog config file path:  open /etc/amazon/ssm/seelog.xml: no such file or directory
Oct 23 14:01:03 ip-172-31-27-46 amazon-ssm-agent.amazon-ssm-agent[2247]: Initializing new seelog logger
Oct 23 14:01:03 ip-172-31-27-46 amazon-ssm-agent.amazon-ssm-agent[2247]: New Seelog Logger Creation Complete
Oct 23 14:01:03 ip-172-31-27-46 amazon-ssm-agent.amazon-ssm-agent[2247]: 2021-10-23 14:01:03 WARN Error adding the directory '/etc/amazon/ssm' to watcher: no such file or directory
Oct 23 14:01:03 ip-172-31-27-46 amazon-ssm-agent.amazon-ssm-agent[2247]: 2021-10-23 14:01:03 INFO [amazon-ssm-agent] amazon-ssm-agent - v3.0.529.0
Oct 23 14:01:03 ip-172-31-27-46 amazon-ssm-agent.amazon-ssm-agent[2247]: 2021-10-23 14:01:03 INFO [amazon-ssm-agent] OS: linux, Arch: amd64
Oct 23 14:01:03 ip-172-31-27-46 systemd[1]: Started Wait until snapd is fully seeded.
Oct 23 14:01:03 ip-172-31-27-46 systemd[1]: Starting Apply the settings specified in cloud-config...
Oct 23 14:01:04 ip-172-31-27-46 amazon-ssm-agent.amazon-ssm-agent[2247]: 2021-10-23 14:01:04 INFO [amazon-ssm-agent] [LongRunningWorkerContainer] [WorkerProvider] Worker ssm-agent-worker is not running, starting worker process
Oct 23 14:01:04 ip-172-31-27-46 amazon-ssm-agent.amazon-ssm-agent[2247]: 2021-10-23 14:01:04 INFO [amazon-ssm-agent] [LongRunningWorkerContainer] [WorkerProvider] Worker ssm-agent-worker (pid:2344) started
Oct 23 14:01:04 ip-172-31-27-46 amazon-ssm-agent.amazon-ssm-agent[2247]: 2021-10-23 14:01:04 INFO [amazon-ssm-agent] [LongRunningWorkerContainer] Monitor long running worker health every 60 seconds
Oct 23 14:01:04 ip-172-31-27-46 cloud-init[2303]: Cloud-init v. 21.1-19-gbad84ad4-0ubuntu1~18.04.1 running 'modules:config' at Sat, 23 Oct 2021 14:01:04 +0000. Up 25.62 seconds.
Oct 23 14:01:04 ip-172-31-27-46 systemd[1]: Started Apply the settings specified in cloud-config.
Oct 23 14:01:04 ip-172-31-27-46 systemd[1]: Starting EC2 instance hibernation setup agent...
Oct 23 14:01:04 ip-172-31-27-46 /hibinit-agent: Instance Launch has not enabled Hibernation Configured Flag. hibinit-agent exiting!!
Oct 23 14:01:04 ip-172-31-27-46 hibinit-agent[2359]: Instance Launch has not enabled Hibernation Configured Flag. hibinit-agent exiting!!
Oct 23 14:01:04 ip-172-31-27-46 systemd[1]: Started EC2 instance hibernation setup agent.
Oct 23 14:01:04 ip-172-31-27-46 systemd[1]: Reached target Multi-User System.
Oct 23 14:01:04 ip-172-31-27-46 systemd[1]: Reached target Graphical Interface.
Oct 23 14:01:04 ip-172-31-27-46 systemd[1]: Starting Execute cloud user/final scripts...
Oct 23 14:01:04 ip-172-31-27-46 systemd[1]: Starting Update UTMP about System Runlevel Changes...
Oct 23 14:01:04 ip-172-31-27-46 systemd[1]: Started Update UTMP about System Runlevel Changes.
Oct 23 14:01:05 ip-172-31-27-46 ec2: 
Oct 23 14:01:05 ip-172-31-27-46 ec2: #############################################################
Oct 23 14:01:05 ip-172-31-27-46 ec2: -----BEGIN SSH HOST KEY FINGERPRINTS-----
Oct 23 14:01:05 ip-172-31-27-46 ec2: 1024 SHA256:u/yj4N7Tr84wzB9lC75/8Sc+gDGfEpEYKIcxdu6bRFs root@ip-172-31-27-46 (DSA)
Oct 23 14:01:05 ip-172-31-27-46 ec2: 256 SHA256:qqlo00us3R/iV5JAZji2bnZIvhcT0G8JNegfdm/SFOA root@ip-172-31-27-46 (ECDSA)
Oct 23 14:01:05 ip-172-31-27-46 ec2: 256 SHA256:g3l81WVvhLs3xDu2TSnhi7iuuCWazA1YrCkFCrPjqOs root@ip-172-31-27-46 (ED25519)
Oct 23 14:01:05 ip-172-31-27-46 ec2: 2048 SHA256:O7eiQ2D/g1MAovFd0qUrrEGh7oeJhl19MBx8zJRYEkI root@ip-172-31-27-46 (RSA)
Oct 23 14:01:05 ip-172-31-27-46 ec2: -----END SSH HOST KEY FINGERPRINTS-----
Oct 23 14:01:05 ip-172-31-27-46 ec2: #############################################################
Oct 23 14:01:05 ip-172-31-27-46 cloud-init[2384]: Cloud-init v. 21.1-19-gbad84ad4-0ubuntu1~18.04.1 running 'modules:final' at Sat, 23 Oct 2021 14:01:05 +0000. Up 26.87 seconds.
Oct 23 14:01:05 ip-172-31-27-46 cloud-init[2384]: Cloud-init v. 21.1-19-gbad84ad4-0ubuntu1~18.04.1 finished at Sat, 23 Oct 2021 14:01:05 +0000. Datasource DataSourceEc2Local.  Up 27.03 seconds
Oct 23 14:01:05 ip-172-31-27-46 systemd[1]: Started Execute cloud user/final scripts.
Oct 23 14:01:05 ip-172-31-27-46 systemd[1]: Reached target Cloud-init target.
Oct 23 14:01:05 ip-172-31-27-46 systemd[1]: Startup finished in 5.355s (kernel) + 21.722s (userspace) = 27.078s.
Oct 23 14:01:19 ip-172-31-27-46 systemd-timesyncd[639]: Synchronized to time server 91.189.91.157:123 (ntp.ubuntu.com).
Oct 23 14:01:30 ip-172-31-27-46 systemd[1]: Created slice User Slice of ubuntu.
Oct 23 14:01:30 ip-172-31-27-46 systemd[1]: Starting User Manager for UID 1000...
Oct 23 14:01:30 ip-172-31-27-46 systemd[1]: Started Session 1 of user ubuntu.
Oct 23 14:01:30 ip-172-31-27-46 systemd[2493]: Listening on REST API socket for snapd user session agent.
Oct 23 14:01:30 ip-172-31-27-46 systemd[2493]: Reached target Timers.
Oct 23 14:01:30 ip-172-31-27-46 systemd[2493]: Listening on GnuPG cryptographic agent and passphrase cache.
Oct 23 14:01:30 ip-172-31-27-46 systemd[2493]: Reached target Paths.
Oct 23 14:01:30 ip-172-31-27-46 systemd[2493]: Listening on GnuPG cryptographic agent and passphrase cache (access for web browsers).
Oct 23 14:01:30 ip-172-31-27-46 systemd[2493]: Listening on GnuPG cryptographic agent and passphrase cache (restricted).
Oct 23 14:01:30 ip-172-31-27-46 systemd[2493]: Listening on GnuPG cryptographic agent (ssh-agent emulation).
Oct 23 14:01:30 ip-172-31-27-46 systemd[2493]: Listening on GnuPG network certificate management daemon.
Oct 23 14:01:30 ip-172-31-27-46 systemd[2493]: Reached target Sockets.
Oct 23 14:01:30 ip-172-31-27-46 systemd[2493]: Reached target Basic System.
Oct 23 14:01:30 ip-172-31-27-46 systemd[2493]: Reached target Default.
Oct 23 14:01:30 ip-172-31-27-46 systemd[2493]: Startup finished in 58ms.
Oct 23 14:01:30 ip-172-31-27-46 systemd[1]: Started User Manager for UID 1000.
Oct 23 14:01:33 ip-172-31-27-46 systemd[1]: Started Session 3 of user ubuntu.
Oct 23 14:16:00 ip-172-31-27-46 systemd[1]: Starting Cleanup of Temporary Directories...
Oct 23 14:16:00 ip-172-31-27-46 systemd[1]: Started Cleanup of Temporary Directories.
Oct 23 14:17:01 ip-172-31-27-46 CRON[2764]: (root) CMD (   cd / && run-parts --report /etc/cron.hourly)
Oct 23 14:30:48 ip-172-31-27-46 systemd-timesyncd[639]: Network configuration changed, trying to establish connection.
Oct 23 14:30:48 ip-172-31-27-46 systemd-networkd[831]: eth0: Configured
Oct 23 14:30:48 ip-172-31-27-46 systemd-timesyncd[639]: Synchronized to time server 91.189.91.157:123 (ntp.ubuntu.com).
Oct 23 14:47:38 ip-172-31-27-46 kernel: [ 2820.436920] SGI XFS with ACLs, security attributes, realtime, no debug enabled
Oct 23 14:47:43 ip-172-31-27-46 systemd[1]: Closed Load/Save RF Kill Switch Status /dev/rfkill Watch.
Oct 23 14:48:20 ip-172-31-27-46 systemd-modules-load[547]: Inserted module 'iscsi_tcp'
Oct 23 14:48:20 ip-172-31-27-46 kernel: [    0.000000] Linux version 5.6.0-rc2 (root@ip-172-31-25-170) (gcc version 7.4.0 (Ubuntu 7.4.0-1ubuntu1~18.04.1)) #1 SMP Tue Feb 25 18:54:05 UTC 2020
Oct 23 14:48:20 ip-172-31-27-46 keyboard-setup.sh[548]: cannot open file /run/tmpkbd.1f9MVw
Oct 23 14:48:20 ip-172-31-27-46 systemd[1]: Starting Flush Journal to Persistent Storage...
Oct 23 14:48:20 ip-172-31-27-46 systemd[1]: Started LVM2 metadata daemon.
Oct 23 14:48:20 ip-172-31-27-46 kernel: [    0.000000] Command line: BOOT_IMAGE=/boot/vmlinuz-5.6.0-rc2 root=UUID=db937f23-4ed7-4c4b-8058-b23a860fae08 ro console=tty1 console=ttyS0 nvme_core.io_timeout=4294967295
Oct 23 14:48:20 ip-172-31-27-46 kernel: [    0.000000] KERNEL supported cpus:
Oct 23 14:48:20 ip-172-31-27-46 systemd[1]: Started Create Static Device Nodes in /dev.
Oct 23 14:48:20 ip-172-31-27-46 kernel: [    0.000000]   Intel GenuineIntel
Oct 23 14:48:20 ip-172-31-27-46 systemd[1]: Starting udev Kernel Device Manager...
Oct 23 14:48:20 ip-172-31-27-46 kernel: [    0.000000]   AMD AuthenticAMD
Oct 23 14:48:20 ip-172-31-27-46 systemd[1]: Started Monitoring of LVM2 mirrors, snapshots etc. using dmeventd or progress polling.
Oct 23 14:48:20 ip-172-31-27-46 kernel: [    0.000000]   Hygon HygonGenuine
Oct 23 14:48:20 ip-172-31-27-46 kernel: [    0.000000]   Centaur CentaurHauls
Oct 23 14:48:20 ip-172-31-27-46 kernel: [    0.000000]   zhaoxin   Shanghai  
Oct 23 14:48:20 ip-172-31-27-46 systemd-modules-load[547]: Inserted module 'ib_iser'
Oct 23 14:48:20 ip-172-31-27-46 kernel: [    0.000000] x86/fpu: Supporting XSAVE feature 0x001: 'x87 floating point registers'
Oct 23 14:48:20 ip-172-31-27-46 kernel: [    0.000000] x86/fpu: Supporting XSAVE feature 0x002: 'SSE registers'
